###############################################################################
#
# IAR ELF Linker V8.32.1.169/W32 for ARM                  15/Apr/2019  22:14:29
# Copyright 2007-2018 IAR Systems AB.
#
#    Output file  =  
#        G:\test\robotpatrol\µ×°å¿ØÖÆ20190414\EWARM\YS-F4Pro\Exe\YS-F4Pro.out
#    Map file     =  
#        G:\test\robotpatrol\µ×°å¿ØÖÆ20190414\EWARM\YS-F4Pro\List\YS-F4Pro.map
#    Command line =  
#        -f C:\Users\micro\AppData\Local\Temp\EWDB53.tmp
#        (G:\test\robotpatrol\µ×°å¿ØÖÆ20190414\EWARM\YS-F4Pro\Obj\api_lib.o
#        G:\test\robotpatrol\µ×°å¿ØÖÆ20190414\EWARM\YS-F4Pro\Obj\api_msg.o
#        G:\test\robotpatrol\µ×°å¿ØÖÆ20190414\EWARM\YS-F4Pro\Obj\app_ethernet.o
#        G:\test\robotpatrol\µ×°å¿ØÖÆ20190414\EWARM\YS-F4Pro\Obj\autoip.o
#        G:\test\robotpatrol\µ×°å¿ØÖÆ20190414\EWARM\YS-F4Pro\Obj\bsp_CAN.o
#        G:\test\robotpatrol\µ×°å¿ØÖÆ20190414\EWARM\YS-F4Pro\Obj\bsp_debug_usart.o
#        G:\test\robotpatrol\µ×°å¿ØÖÆ20190414\EWARM\YS-F4Pro\Obj\bsp_GeneralTIM.o
#        G:\test\robotpatrol\µ×°å¿ØÖÆ20190414\EWARM\YS-F4Pro\Obj\bsp_io.o
#        G:\test\robotpatrol\µ×°å¿ØÖÆ20190414\EWARM\YS-F4Pro\Obj\bsp_key.o
#        G:\test\robotpatrol\µ×°å¿ØÖÆ20190414\EWARM\YS-F4Pro\Obj\bsp_MB_host.o
#        G:\test\robotpatrol\µ×°å¿ØÖÆ20190414\EWARM\YS-F4Pro\Obj\def.o
#        G:\test\robotpatrol\µ×°å¿ØÖÆ20190414\EWARM\YS-F4Pro\Obj\dhcp.o
#        G:\test\robotpatrol\µ×°å¿ØÖÆ20190414\EWARM\YS-F4Pro\Obj\dns.o
#        G:\test\robotpatrol\µ×°å¿ØÖÆ20190414\EWARM\YS-F4Pro\Obj\err.o
#        G:\test\robotpatrol\µ×°å¿ØÖÆ20190414\EWARM\YS-F4Pro\Obj\etharp.o
#        G:\test\robotpatrol\µ×°å¿ØÖÆ20190414\EWARM\YS-F4Pro\Obj\ethernet.o
#        G:\test\robotpatrol\µ×°å¿ØÖÆ20190414\EWARM\YS-F4Pro\Obj\ethernetif.o
#        G:\test\robotpatrol\µ×°å¿ØÖÆ20190414\EWARM\YS-F4Pro\Obj\icmp.o
#        G:\test\robotpatrol\µ×°å¿ØÖÆ20190414\EWARM\YS-F4Pro\Obj\igmp.o
#        G:\test\robotpatrol\µ×°å¿ØÖÆ20190414\EWARM\YS-F4Pro\Obj\inet_chksum.o
#        G:\test\robotpatrol\µ×°å¿ØÖÆ20190414\EWARM\YS-F4Pro\Obj\init.o
#        G:\test\robotpatrol\µ×°å¿ØÖÆ20190414\EWARM\YS-F4Pro\Obj\ip.o
#        G:\test\robotpatrol\µ×°å¿ØÖÆ20190414\EWARM\YS-F4Pro\Obj\ip4.o
#        G:\test\robotpatrol\µ×°å¿ØÖÆ20190414\EWARM\YS-F4Pro\Obj\ip4_addr.o
#        G:\test\robotpatrol\µ×°å¿ØÖÆ20190414\EWARM\YS-F4Pro\Obj\ip4_frag.o
#        G:\test\robotpatrol\µ×°å¿ØÖÆ20190414\EWARM\YS-F4Pro\Obj\main.o
#        G:\test\robotpatrol\µ×°å¿ØÖÆ20190414\EWARM\YS-F4Pro\Obj\mem.o
#        G:\test\robotpatrol\µ×°å¿ØÖÆ20190414\EWARM\YS-F4Pro\Obj\memp.o
#        G:\test\robotpatrol\µ×°å¿ØÖÆ20190414\EWARM\YS-F4Pro\Obj\netbuf.o
#        G:\test\robotpatrol\µ×°å¿ØÖÆ20190414\EWARM\YS-F4Pro\Obj\netdb.o
#        G:\test\robotpatrol\µ×°å¿ØÖÆ20190414\EWARM\YS-F4Pro\Obj\netif.o
#        G:\test\robotpatrol\µ×°å¿ØÖÆ20190414\EWARM\YS-F4Pro\Obj\netifapi.o
#        G:\test\robotpatrol\µ×°å¿ØÖÆ20190414\EWARM\YS-F4Pro\Obj\pbuf.o
#        G:\test\robotpatrol\µ×°å¿ØÖÆ20190414\EWARM\YS-F4Pro\Obj\raw.o
#        G:\test\robotpatrol\µ×°å¿ØÖÆ20190414\EWARM\YS-F4Pro\Obj\sockets.o
#        G:\test\robotpatrol\µ×°å¿ØÖÆ20190414\EWARM\YS-F4Pro\Obj\SPEED.o
#        G:\test\robotpatrol\µ×°å¿ØÖÆ20190414\EWARM\YS-F4Pro\Obj\startup_stm32f407xx.o
#        G:\test\robotpatrol\µ×°å¿ØÖÆ20190414\EWARM\YS-F4Pro\Obj\stats.o
#        G:\test\robotpatrol\µ×°å¿ØÖÆ20190414\EWARM\YS-F4Pro\Obj\stm32f4xx_assert.o
#        G:\test\robotpatrol\µ×°å¿ØÖÆ20190414\EWARM\YS-F4Pro\Obj\stm32f4xx_hal.o
#        G:\test\robotpatrol\µ×°å¿ØÖÆ20190414\EWARM\YS-F4Pro\Obj\stm32f4xx_hal_adc.o
#        G:\test\robotpatrol\µ×°å¿ØÖÆ20190414\EWARM\YS-F4Pro\Obj\stm32f4xx_hal_adc_ex.o
#        G:\test\robotpatrol\µ×°å¿ØÖÆ20190414\EWARM\YS-F4Pro\Obj\stm32f4xx_hal_can.o
#        G:\test\robotpatrol\µ×°å¿ØÖÆ20190414\EWARM\YS-F4Pro\Obj\stm32f4xx_hal_cec.o
#        G:\test\robotpatrol\µ×°å¿ØÖÆ20190414\EWARM\YS-F4Pro\Obj\stm32f4xx_hal_cortex.o
#        G:\test\robotpatrol\µ×°å¿ØÖÆ20190414\EWARM\YS-F4Pro\Obj\stm32f4xx_hal_crc.o
#        G:\test\robotpatrol\µ×°å¿ØÖÆ20190414\EWARM\YS-F4Pro\Obj\stm32f4xx_hal_cryp.o
#        G:\test\robotpatrol\µ×°å¿ØÖÆ20190414\EWARM\YS-F4Pro\Obj\stm32f4xx_hal_cryp_ex.o
#        G:\test\robotpatrol\µ×°å¿ØÖÆ20190414\EWARM\YS-F4Pro\Obj\stm32f4xx_hal_dac.o
#        G:\test\robotpatrol\µ×°å¿ØÖÆ20190414\EWARM\YS-F4Pro\Obj\stm32f4xx_hal_dac_ex.o
#        G:\test\robotpatrol\µ×°å¿ØÖÆ20190414\EWARM\YS-F4Pro\Obj\stm32f4xx_hal_dcmi.o
#        G:\test\robotpatrol\µ×°å¿ØÖÆ20190414\EWARM\YS-F4Pro\Obj\stm32f4xx_hal_dcmi_ex.o
#        G:\test\robotpatrol\µ×°å¿ØÖÆ20190414\EWARM\YS-F4Pro\Obj\stm32f4xx_hal_dfsdm.o
#        G:\test\robotpatrol\µ×°å¿ØÖÆ20190414\EWARM\YS-F4Pro\Obj\stm32f4xx_hal_dma.o
#        G:\test\robotpatrol\µ×°å¿ØÖÆ20190414\EWARM\YS-F4Pro\Obj\stm32f4xx_hal_dma2d.o
#        G:\test\robotpatrol\µ×°å¿ØÖÆ20190414\EWARM\YS-F4Pro\Obj\stm32f4xx_hal_dma_ex.o
#        G:\test\robotpatrol\µ×°å¿ØÖÆ20190414\EWARM\YS-F4Pro\Obj\stm32f4xx_hal_dsi.o
#        G:\test\robotpatrol\µ×°å¿ØÖÆ20190414\EWARM\YS-F4Pro\Obj\stm32f4xx_hal_eth.o
#        G:\test\robotpatrol\µ×°å¿ØÖÆ20190414\EWARM\YS-F4Pro\Obj\stm32f4xx_hal_flash.o
#        G:\test\robotpatrol\µ×°å¿ØÖÆ20190414\EWARM\YS-F4Pro\Obj\stm32f4xx_hal_flash_ex.o
#        G:\test\robotpatrol\µ×°å¿ØÖÆ20190414\EWARM\YS-F4Pro\Obj\stm32f4xx_hal_flash_ramfunc.o
#        G:\test\robotpatrol\µ×°å¿ØÖÆ20190414\EWARM\YS-F4Pro\Obj\stm32f4xx_hal_fmpi2c.o
#        G:\test\robotpatrol\µ×°å¿ØÖÆ20190414\EWARM\YS-F4Pro\Obj\stm32f4xx_hal_fmpi2c_ex.o
#        G:\test\robotpatrol\µ×°å¿ØÖÆ20190414\EWARM\YS-F4Pro\Obj\stm32f4xx_hal_gpio.o
#        G:\test\robotpatrol\µ×°å¿ØÖÆ20190414\EWARM\YS-F4Pro\Obj\stm32f4xx_hal_hash.o
#        G:\test\robotpatrol\µ×°å¿ØÖÆ20190414\EWARM\YS-F4Pro\Obj\stm32f4xx_hal_hash_ex.o
#        G:\test\robotpatrol\µ×°å¿ØÖÆ20190414\EWARM\YS-F4Pro\Obj\stm32f4xx_hal_hcd.o
#        G:\test\robotpatrol\µ×°å¿ØÖÆ20190414\EWARM\YS-F4Pro\Obj\stm32f4xx_hal_i2c.o
#        G:\test\robotpatrol\µ×°å¿ØÖÆ20190414\EWARM\YS-F4Pro\Obj\stm32f4xx_hal_i2c_ex.o
#        G:\test\robotpatrol\µ×°å¿ØÖÆ20190414\EWARM\YS-F4Pro\Obj\stm32f4xx_hal_i2s.o
#        G:\test\robotpatrol\µ×°å¿ØÖÆ20190414\EWARM\YS-F4Pro\Obj\stm32f4xx_hal_i2s_ex.o
#        G:\test\robotpatrol\µ×°å¿ØÖÆ20190414\EWARM\YS-F4Pro\Obj\stm32f4xx_hal_irda.o
#        G:\test\robotpatrol\µ×°å¿ØÖÆ20190414\EWARM\YS-F4Pro\Obj\stm32f4xx_hal_iwdg.o
#        G:\test\robotpatrol\µ×°å¿ØÖÆ20190414\EWARM\YS-F4Pro\Obj\stm32f4xx_hal_lptim.o
#        G:\test\robotpatrol\µ×°å¿ØÖÆ20190414\EWARM\YS-F4Pro\Obj\stm32f4xx_hal_ltdc.o
#        G:\test\robotpatrol\µ×°å¿ØÖÆ20190414\EWARM\YS-F4Pro\Obj\stm32f4xx_hal_ltdc_ex.o
#        G:\test\robotpatrol\µ×°å¿ØÖÆ20190414\EWARM\YS-F4Pro\Obj\stm32f4xx_hal_mmc.o
#        G:\test\robotpatrol\µ×°å¿ØÖÆ20190414\EWARM\YS-F4Pro\Obj\stm32f4xx_hal_msp.o
#        G:\test\robotpatrol\µ×°å¿ØÖÆ20190414\EWARM\YS-F4Pro\Obj\stm32f4xx_hal_nand.o
#        G:\test\robotpatrol\µ×°å¿ØÖÆ20190414\EWARM\YS-F4Pro\Obj\stm32f4xx_hal_nor.o
#        G:\test\robotpatrol\µ×°å¿ØÖÆ20190414\EWARM\YS-F4Pro\Obj\stm32f4xx_hal_pccard.o
#        G:\test\robotpatrol\µ×°å¿ØÖÆ20190414\EWARM\YS-F4Pro\Obj\stm32f4xx_hal_pcd.o
#        G:\test\robotpatrol\µ×°å¿ØÖÆ20190414\EWARM\YS-F4Pro\Obj\stm32f4xx_hal_pcd_ex.o
#        G:\test\robotpatrol\µ×°å¿ØÖÆ20190414\EWARM\YS-F4Pro\Obj\stm32f4xx_hal_pwr.o
#        G:\test\robotpatrol\µ×°å¿ØÖÆ20190414\EWARM\YS-F4Pro\Obj\stm32f4xx_hal_pwr_ex.o
#        G:\test\robotpatrol\µ×°å¿ØÖÆ20190414\EWARM\YS-F4Pro\Obj\stm32f4xx_hal_qspi.o
#        G:\test\robotpatrol\µ×°å¿ØÖÆ20190414\EWARM\YS-F4Pro\Obj\stm32f4xx_hal_rcc.o
#        G:\test\robotpatrol\µ×°å¿ØÖÆ20190414\EWARM\YS-F4Pro\Obj\stm32f4xx_hal_rcc_ex.o
#        G:\test\robotpatrol\µ×°å¿ØÖÆ20190414\EWARM\YS-F4Pro\Obj\stm32f4xx_hal_rng.o
#        G:\test\robotpatrol\µ×°å¿ØÖÆ20190414\EWARM\YS-F4Pro\Obj\stm32f4xx_hal_rtc.o
#        G:\test\robotpatrol\µ×°å¿ØÖÆ20190414\EWARM\YS-F4Pro\Obj\stm32f4xx_hal_rtc_ex.o
#        G:\test\robotpatrol\µ×°å¿ØÖÆ20190414\EWARM\YS-F4Pro\Obj\stm32f4xx_hal_sai.o
#        G:\test\robotpatrol\µ×°å¿ØÖÆ20190414\EWARM\YS-F4Pro\Obj\stm32f4xx_hal_sai_ex.o
#        G:\test\robotpatrol\µ×°å¿ØÖÆ20190414\EWARM\YS-F4Pro\Obj\stm32f4xx_hal_sd.o
#        G:\test\robotpatrol\µ×°å¿ØÖÆ20190414\EWARM\YS-F4Pro\Obj\stm32f4xx_hal_sdram.o
#        G:\test\robotpatrol\µ×°å¿ØÖÆ20190414\EWARM\YS-F4Pro\Obj\stm32f4xx_hal_smartcard.o
#        G:\test\robotpatrol\µ×°å¿ØÖÆ20190414\EWARM\YS-F4Pro\Obj\stm32f4xx_hal_spdifrx.o
#        G:\test\robotpatrol\µ×°å¿ØÖÆ20190414\EWARM\YS-F4Pro\Obj\stm32f4xx_hal_spi.o
#        G:\test\robotpatrol\µ×°å¿ØÖÆ20190414\EWARM\YS-F4Pro\Obj\stm32f4xx_hal_sram.o
#        G:\test\robotpatrol\µ×°å¿ØÖÆ20190414\EWARM\YS-F4Pro\Obj\stm32f4xx_hal_tim.o
#        G:\test\robotpatrol\µ×°å¿ØÖÆ20190414\EWARM\YS-F4Pro\Obj\stm32f4xx_hal_tim_ex.o
#        G:\test\robotpatrol\µ×°å¿ØÖÆ20190414\EWARM\YS-F4Pro\Obj\stm32f4xx_hal_uart.o
#        G:\test\robotpatrol\µ×°å¿ØÖÆ20190414\EWARM\YS-F4Pro\Obj\stm32f4xx_hal_usart.o
#        G:\test\robotpatrol\µ×°å¿ØÖÆ20190414\EWARM\YS-F4Pro\Obj\stm32f4xx_hal_wwdg.o
#        G:\test\robotpatrol\µ×°å¿ØÖÆ20190414\EWARM\YS-F4Pro\Obj\stm32f4xx_it.o
#        G:\test\robotpatrol\µ×°å¿ØÖÆ20190414\EWARM\YS-F4Pro\Obj\stm32f4xx_ll_adc.o
#        G:\test\robotpatrol\µ×°å¿ØÖÆ20190414\EWARM\YS-F4Pro\Obj\stm32f4xx_ll_crc.o
#        G:\test\robotpatrol\µ×°å¿ØÖÆ20190414\EWARM\YS-F4Pro\Obj\stm32f4xx_ll_dac.o
#        G:\test\robotpatrol\µ×°å¿ØÖÆ20190414\EWARM\YS-F4Pro\Obj\stm32f4xx_ll_dma.o
#        G:\test\robotpatrol\µ×°å¿ØÖÆ20190414\EWARM\YS-F4Pro\Obj\stm32f4xx_ll_dma2d.o
#        G:\test\robotpatrol\µ×°å¿ØÖÆ20190414\EWARM\YS-F4Pro\Obj\stm32f4xx_ll_exti.o
#        G:\test\robotpatrol\µ×°å¿ØÖÆ20190414\EWARM\YS-F4Pro\Obj\stm32f4xx_ll_fmc.o
#        G:\test\robotpatrol\µ×°å¿ØÖÆ20190414\EWARM\YS-F4Pro\Obj\stm32f4xx_ll_fsmc.o
#        G:\test\robotpatrol\µ×°å¿ØÖÆ20190414\EWARM\YS-F4Pro\Obj\stm32f4xx_ll_gpio.o
#        G:\test\robotpatrol\µ×°å¿ØÖÆ20190414\EWARM\YS-F4Pro\Obj\stm32f4xx_ll_i2c.o
#        G:\test\robotpatrol\µ×°å¿ØÖÆ20190414\EWARM\YS-F4Pro\Obj\stm32f4xx_ll_lptim.o
#        G:\test\robotpatrol\µ×°å¿ØÖÆ20190414\EWARM\YS-F4Pro\Obj\stm32f4xx_ll_pwr.o
#        G:\test\robotpatrol\µ×°å¿ØÖÆ20190414\EWARM\YS-F4Pro\Obj\stm32f4xx_ll_rcc.o
#        G:\test\robotpatrol\µ×°å¿ØÖÆ20190414\EWARM\YS-F4Pro\Obj\stm32f4xx_ll_rng.o
#        G:\test\robotpatrol\µ×°å¿ØÖÆ20190414\EWARM\YS-F4Pro\Obj\stm32f4xx_ll_rtc.o
#        G:\test\robotpatrol\µ×°å¿ØÖÆ20190414\EWARM\YS-F4Pro\Obj\stm32f4xx_ll_sdmmc.o
#        G:\test\robotpatrol\µ×°å¿ØÖÆ20190414\EWARM\YS-F4Pro\Obj\stm32f4xx_ll_spi.o
#        G:\test\robotpatrol\µ×°å¿ØÖÆ20190414\EWARM\YS-F4Pro\Obj\stm32f4xx_ll_tim.o
#        G:\test\robotpatrol\µ×°å¿ØÖÆ20190414\EWARM\YS-F4Pro\Obj\stm32f4xx_ll_usart.o
#        G:\test\robotpatrol\µ×°å¿ØÖÆ20190414\EWARM\YS-F4Pro\Obj\stm32f4xx_ll_usb.o
#        G:\test\robotpatrol\µ×°å¿ØÖÆ20190414\EWARM\YS-F4Pro\Obj\stm32f4xx_ll_utils.o
#        G:\test\robotpatrol\µ×°å¿ØÖÆ20190414\EWARM\YS-F4Pro\Obj\sys.o
#        G:\test\robotpatrol\µ×°å¿ØÖÆ20190414\EWARM\YS-F4Pro\Obj\system_stm32f4xx.o
#        G:\test\robotpatrol\µ×°å¿ØÖÆ20190414\EWARM\YS-F4Pro\Obj\tcp.o
#        G:\test\robotpatrol\µ×°å¿ØÖÆ20190414\EWARM\YS-F4Pro\Obj\tcp_in.o
#        G:\test\robotpatrol\µ×°å¿ØÖÆ20190414\EWARM\YS-F4Pro\Obj\tcp_out.o
#        G:\test\robotpatrol\µ×°å¿ØÖÆ20190414\EWARM\YS-F4Pro\Obj\tcpip.o
#        G:\test\robotpatrol\µ×°å¿ØÖÆ20190414\EWARM\YS-F4Pro\Obj\timeouts.o
#        G:\test\robotpatrol\µ×°å¿ØÖÆ20190414\EWARM\YS-F4Pro\Obj\udp.o
#        G:\test\robotpatrol\µ×°å¿ØÖÆ20190414\EWARM\YS-F4Pro\Obj\udp_echoclient.o
#        --redirect _Printf=_PrintfFull --redirect _Scanf=_ScanfFull
#        --no_out_extension -o
#        G:\test\robotpatrol\µ×°å¿ØÖÆ20190414\EWARM\YS-F4Pro\Exe\YS-F4Pro.out
#        --map
#        G:\test\robotpatrol\µ×°å¿ØÖÆ20190414\EWARM\YS-F4Pro\List\YS-F4Pro.map
#        --config
#        G:\test\robotpatrol\µ×°å¿ØÖÆ20190414\EWARM/stm32f407xx_flash.icf
#        --semihosting --entry __iar_program_start --vfe --text_out locale)
#
###############################################################################

*******************************************************************************
*** RUNTIME MODEL ATTRIBUTES
***

CppFlavor       = *
__SystemLibrary = DLib
__dlib_version  = 6


*******************************************************************************
*** HEAP SELECTION
***

The basic heap was selected because no calls to memory allocation
functions were found in the application outside of system library
functions, and there are calls to deallocation functions in the
application.


*******************************************************************************
*** PLACEMENT SUMMARY
***

"A0":  place at 0x800'0000 { ro section .intvec };
"P1":  place in [from 0x800'0000 to 0x80f'ffff] { ro };
define block CSTACK with size = 1K, alignment = 8 { };
define block HEAP with size = 512, alignment = 8 { };
"P2":  place in [from 0x2000'0000 to 0x2001'ffff] {
          rw, block CSTACK, block HEAP };
initialize by copy { rw };

  Section            Kind         Address    Size  Object
  -------            ----         -------    ----  ------
"A0":                                       0x188
  .intvec            ro code   0x800'0000   0x188  startup_stm32f407xx.o [1]
                             - 0x800'0188   0x188

"P1":                                      0xdc34
  .text              ro code   0x800'0188  0x119c  tcp_in.o [1]
  .text              ro code   0x800'1324   0x5e6  pbuf.o [1]
  .text              ro code   0x800'190a    0x7a  lz77_init_single.o [4]
  .text              ro code   0x800'1984    0xf6  ip4_addr.o [1]
  .text              ro code   0x800'1a7a    0x3a  zero_init3.o [4]
  .text              ro code   0x800'1ab4    0x2c  def.o [1]
  .text              ro code   0x800'1ae0   0xb14  tcp.o [1]
  .text              ro code   0x800'25f4    0xac  memp.o [1]
  .text              ro code   0x800'26a0   0x8ae  tcp_out.o [1]
  .text              ro code   0x800'2f4e    0x1e  xencoding_8859_1.o [2]
  .text              ro code   0x800'2f6c   0x160  timeouts.o [1]
  .text              ro code   0x800'30cc   0x2bc  mem.o [1]
  .text              ro code   0x800'3388    0xa6  ABImemcpy.o [4]
  .text              ro code   0x800'342e     0xa  xsprout.o [2]
  .text              ro code   0x800'3438    0x66  ABImemset.o [4]
  .text              ro code   0x800'34a0   0x390  ip4.o [1]
  .text              ro code   0x800'3830   0x54c  ethernetif.o [1]
  .text              ro code   0x800'3d7c   0x668  ip4_frag.o [1]
  .text              ro code   0x800'43e4   0x42c  udp.o [1]
  .text              ro code   0x800'4810   0x23c  icmp.o [1]
  .text              ro code   0x800'4a4c   0x268  stm32f4xx_hal_gpio.o [1]
  .text              ro code   0x800'4cb4   0x14a  stm32f4xx_hal_cortex.o [1]
  .text              ro code   0x800'4e00   0xd00  stm32f4xx_hal_eth.o [1]
  .text              ro code   0x800'5b00    0x28  printf.o [2]
  .text              ro code   0x800'5b28     0xc  stm32f4xx_hal.o [1]
  .text              ro code   0x800'5b34    0xa8  app_ethernet.o [1]
  .text              ro code   0x800'5bdc    0xc8  inet_chksum.o [1]
  .text              ro code   0x800'5ca4  0x1018  main.o [1]
  .text              ro code   0x800'6cbc   0x288  stm32f4xx_hal_rcc.o [1]
  .text              ro code   0x800'6f44    0x1e  stm32f4xx_hal.o [1]
  .text              ro code   0x800'6f62     0x2  stm32f4xx_hal_eth.o [1]
  .text              ro code   0x800'6f64     0x2  stm32f4xx_hal_eth.o [1]
  .text              ro code   0x800'6f68   0xf46  xprintffull.o [2]
  .text              ro code   0x800'7eb0    0x40  sprintf.o [2]
  .text              ro code   0x800'7ef0   0x1ae  netif.o [1]
  .text              ro code   0x800'80a0   0x374  stm32f4xx_hal_rcc.o [1]
  .text              ro code   0x800'8414    0x34  stm32f4xx_hal.o [1]
  .text              ro code   0x800'8448    0xe0  bsp_io.o [1]
  .text              ro code   0x800'8528   0x1ec  bsp_debug_usart.o [1]
  .text              ro code   0x800'8714    0xa0  bsp_GeneralTIM.o [1]
  .text              ro code   0x800'87b4   0x6f4  stm32f4xx_hal_tim.o [1]
  .text              ro code   0x800'8ea8    0x1c  init.o [1]
  .text              ro code   0x800'8ec4  0x1100  udp_echoclient.o [1]
  .text              ro code   0x800'9fc4   0x134  bsp_CAN.o [1]
  .text              ro code   0x800'a0f8   0x89e  stm32f4xx_hal_can.o [1]
  .text              ro code   0x800'a998    0x58  stm32f4xx_hal_tim_ex.o [1]
  .text              ro code   0x800'a9f0   0x7bc  stm32f4xx_hal_uart.o [1]
  .text              ro code   0x800'b1ac    0x28  stm32f4xx_hal.o [1]
  .text              ro code   0x800'b1d4    0x78  xlocale_c.o [2]
  .text              ro code   0x800'b24c    0x16  strchr.o [4]
  .text              ro code   0x800'b264    0x40  xfail_s.o [2]
  .text              ro code   0x800'b2a4    0x36  strlen.o [4]
  .text              ro code   0x800'b2dc    0x58  memchr.o [4]
  .text              ro code   0x800'b334     0xa  xmbcurmax.o [2]
  .text              ro code   0x800'b340   0x230  I64DivMod.o [4]
  .text              ro code   0x800'b570   0x1a2  DblMul.o [3]
  .text              ro code   0x800'b714    0x70  frexp.o [3]
  .text              ro code   0x800'b784    0x2e  DblCmpLe.o [3]
  .text              ro code   0x800'b7b4    0x2e  DblCmpGe.o [3]
  .text              ro code   0x800'b7e4   0x13a  ldexp.o [3]
  .text              ro code   0x800'b920    0x3a  DblToS32.o [3]
  .text              ro code   0x800'b95c    0x22  S32ToDbl.o [3]
  .text              ro code   0x800'b980    0xe2  DblSub.o [3]
  .text              ro code   0x800'ba64   0x246  DblDiv.o [3]
  .text              ro code   0x800'bcac    0x28  DblToU32.o [3]
  .text              ro code   0x800'bcd4    0x1a  U32ToDbl.o [3]
  .text              ro code   0x800'bcf0   0x904  etharp.o [1]
  .text              ro code   0x800'c5f4    0x6e  stm32f4xx_hal_msp.o [1]
  .text              ro code   0x800'c662     0x2  stm32f4xx_hal_tim.o [1]
  .text              ro code   0x800'c664     0x2  stm32f4xx_hal_tim.o [1]
  .text              ro code   0x800'c666     0x2  stm32f4xx_hal_tim_ex.o [1]
  .text              ro code   0x800'c668     0x2  stm32f4xx_hal_tim.o [1]
  .text              ro code   0x800'c66a     0x2  stm32f4xx_hal_tim_ex.o [1]
  .text              ro code   0x800'c66c    0xd4  SPEED.o [1]
  .text              ro code   0x800'c740     0x2  stm32f4xx_hal_can.o [1]
  .text              ro code   0x800'c742     0x2  stm32f4xx_hal_can.o [1]
  .text              ro code   0x800'c744    0x26  stm32f4xx_hal_dma.o [1]
  .text              ro code   0x800'c76a     0x2  stm32f4xx_hal_uart.o [1]
  .text              ro code   0x800'c76c     0x2  stm32f4xx_hal_uart.o [1]
  .text              ro code   0x800'c76e     0x6  abort.o [2]
  .text              ro code   0x800'c774     0x2  I64DivZer.o [4]
  .text              ro code   0x800'c778   0x16a  DblAdd.o [3]
  .text              ro code   0x800'c8e4   0x11e  ethernet.o [1]
  .text              ro code   0x800'ca04   0xb4c  dhcp.o [1]
  .text              ro code   0x800'd550    0x14  exit.o [5]
  .text              ro code   0x800'd564    0x68  memcmp.o [4]
  .text              ro code   0x800'd5cc    0xa4  rand.o [2]
  .text              ro code   0x800'd670    0xa6  stm32f4xx_it.o [1]
  .text              ro code   0x800'd718    0x10  stm32f4xx_hal.o [1]
  .text              ro code   0x800'd728    0x60  system_stm32f4xx.o [1]
  .rodata            const     0x800'd788    0x30  main.o [1]
  .rodata            const     0x800'd7b8    0x30  main.o [1]
  .rodata            const     0x800'd7e8    0x30  main.o [1]
  .rodata            const     0x800'd818    0x28  app_ethernet.o [1]
  .rodata            const     0x800'd840    0x28  app_ethernet.o [1]
  .rodata            const     0x800'd868    0x28  timeouts.o [1]
  .text              ro code   0x800'd890    0x28  data_init.o [4]
  .rodata            const     0x800'd8b8    0x24  memp.o [1]
  .text              ro code   0x800'd8dc    0x22  fpinit_M.o [3]
  .iar.init_table    const     0x800'd900    0x20  - Linker created -
  .text              ro code   0x800'd920    0x1e  cmain.o [4]
  .text              ro code   0x800'd93e     0x4  low_level_init.o [2]
  .text              ro code   0x800'd942     0x4  exit.o [2]
  .text              ro code   0x800'd948     0xa  cexit.o [4]
  .rodata            const     0x800'd954    0x1c  ethernetif.o [1]
  .rodata            const     0x800'd970    0x1c  main.o [1]
  .rodata            const     0x800'd98c    0x18  app_ethernet.o [1]
  .text              ro code   0x800'd9a4    0x16  xprout.o [2]
  .text              ro code   0x800'd9bc     0xc  putchar.o [2]
  .rodata            const     0x800'd9c8    0x14  main.o [1]
  .rodata            const     0x800'd9dc    0x14  stm32f4xx_hal_eth.o [1]
  .rodata            const     0x800'd9f0    0x10  ethernetif.o [1]
  .rodata            const     0x800'da00    0x10  ethernetif.o [1]
  .rodata            const     0x800'da10    0x10  main.o [1]
  .rodata            const     0x800'da20    0x10  system_stm32f4xx.o [1]
  .rodata            const     0x800'da30    0x10  tcp.o [1]
  .rodata            const     0x800'da40    0x10  tcp.o [1]
  .text              ro code   0x800'da50    0x10  startup_stm32f407xx.o [1]
  .rodata            const     0x800'da60     0xc  memp.o [1]
  .rodata            const     0x800'da6c     0xc  memp.o [1]
  .rodata            const     0x800'da78     0xc  memp.o [1]
  .rodata            const     0x800'da84     0xc  memp.o [1]
  .rodata            const     0x800'da90     0xc  memp.o [1]
  .rodata            const     0x800'da9c     0xc  memp.o [1]
  .rodata            const     0x800'daa8     0xc  memp.o [1]
  .rodata            const     0x800'dab4     0xc  memp.o [1]
  .rodata            const     0x800'dac0     0xc  memp.o [1]
  .rodata            const     0x800'dacc     0xc  udp_echoclient.o [1]
  .text              ro code   0x800'dad8     0xc  cstartup_M.o [4]
  .rodata            const     0x800'dae4     0x8  bsp_debug_usart.o [1]
  .rodata            const     0x800'daec     0x8  ethernet.o [1]
  .rodata            const     0x800'daf4     0x8  ethernet.o [1]
  .rodata            const     0x800'dafc     0x8  ethernetif.o [1]
  .rodata            const     0x800'db04     0x8  main.o [1]
  .rodata            const     0x800'db0c     0x8  system_stm32f4xx.o [1]
  .rodata            const     0x800'db14     0x8  tcp.o [1]
  .rodata            const     0x800'db1c     0x8  udp_echoclient.o [1]
  .rodata            const     0x800'db24     0x8  udp_echoclient.o [1]
  .rodata            const     0x800'db2c     0x6  xlocale_c.o [2]
  .rodata            const     0x800'db34     0x4  ip4_addr.o [1]
  .rodata            const     0x800'db38     0x4  ip4_addr.o [1]
  .text              ro code   0x800'db3c     0x4  startup_stm32f407xx.o [1]
  .text              ro code   0x800'db40     0x4  startup_stm32f407xx.o [1]
  .text              ro code   0x800'db44     0x4  startup_stm32f407xx.o [1]
  .text              ro code   0x800'db48     0x4  startup_stm32f407xx.o [1]
  .text              ro code   0x800'db4c     0x4  startup_stm32f407xx.o [1]
  .text              ro code   0x800'db50     0x4  startup_stm32f407xx.o [1]
  .text              ro code   0x800'db54     0x4  startup_stm32f407xx.o [1]
  .text              ro code   0x800'db58     0x4  startup_stm32f407xx.o [1]
  .text              ro code   0x800'db5c     0x4  startup_stm32f407xx.o [1]
  .text              ro code   0x800'db60     0x4  startup_stm32f407xx.o [1]
  .text              ro code   0x800'db64     0x4  startup_stm32f407xx.o [1]
  .text              ro code   0x800'db68     0x4  startup_stm32f407xx.o [1]
  .text              ro code   0x800'db6c     0x4  startup_stm32f407xx.o [1]
  .text              ro code   0x800'db70     0x4  startup_stm32f407xx.o [1]
  .text              ro code   0x800'db74     0x4  startup_stm32f407xx.o [1]
  .text              ro code   0x800'db78     0x4  startup_stm32f407xx.o [1]
  .text              ro code   0x800'db7c     0x4  startup_stm32f407xx.o [1]
  .text              ro code   0x800'db80     0x4  startup_stm32f407xx.o [1]
  .text              ro code   0x800'db84     0x4  startup_stm32f407xx.o [1]
  .text              ro code   0x800'db88     0x4  startup_stm32f407xx.o [1]
  .text              ro code   0x800'db8c     0x4  startup_stm32f407xx.o [1]
  .text              ro code   0x800'db90     0x4  startup_stm32f407xx.o [1]
  .text              ro code   0x800'db94     0x4  startup_stm32f407xx.o [1]
  .text              ro code   0x800'db98     0x4  startup_stm32f407xx.o [1]
  .text              ro code   0x800'db9c     0x4  startup_stm32f407xx.o [1]
  .text              ro code   0x800'dba0     0x4  startup_stm32f407xx.o [1]
  .text              ro code   0x800'dba4     0x4  startup_stm32f407xx.o [1]
  .text              ro code   0x800'dba8     0x4  startup_stm32f407xx.o [1]
  .text              ro code   0x800'dbac     0x4  startup_stm32f407xx.o [1]
  .text              ro code   0x800'dbb0     0x4  startup_stm32f407xx.o [1]
  .text              ro code   0x800'dbb4     0x4  startup_stm32f407xx.o [1]
  .text              ro code   0x800'dbb8     0x4  startup_stm32f407xx.o [1]
  .text              ro code   0x800'dbbc     0x4  startup_stm32f407xx.o [1]
  .text              ro code   0x800'dbc0     0x4  startup_stm32f407xx.o [1]
  .text              ro code   0x800'dbc4     0x4  startup_stm32f407xx.o [1]
  .text              ro code   0x800'dbc8     0x4  startup_stm32f407xx.o [1]
  .text              ro code   0x800'dbcc     0x4  startup_stm32f407xx.o [1]
  .text              ro code   0x800'dbd0     0x4  startup_stm32f407xx.o [1]
  .text              ro code   0x800'dbd4     0x4  startup_stm32f407xx.o [1]
  .text              ro code   0x800'dbd8     0x4  startup_stm32f407xx.o [1]
  .text              ro code   0x800'dbdc     0x4  startup_stm32f407xx.o [1]
  .text              ro code   0x800'dbe0     0x4  startup_stm32f407xx.o [1]
  .text              ro code   0x800'dbe4     0x4  startup_stm32f407xx.o [1]
  .text              ro code   0x800'dbe8     0x4  startup_stm32f407xx.o [1]
  .text              ro code   0x800'dbec     0x4  startup_stm32f407xx.o [1]
  .text              ro code   0x800'dbf0     0x4  startup_stm32f407xx.o [1]
  .text              ro code   0x800'dbf4     0x4  startup_stm32f407xx.o [1]
  .text              ro code   0x800'dbf8     0x4  startup_stm32f407xx.o [1]
  .text              ro code   0x800'dbfc     0x4  startup_stm32f407xx.o [1]
  .text              ro code   0x800'dc00     0x4  startup_stm32f407xx.o [1]
  .text              ro code   0x800'dc04     0x4  startup_stm32f407xx.o [1]
  .text              ro code   0x800'dc08     0x4  startup_stm32f407xx.o [1]
  .text              ro code   0x800'dc0c     0x4  startup_stm32f407xx.o [1]
  .text              ro code   0x800'dc10     0x4  startup_stm32f407xx.o [1]
  .text              ro code   0x800'dc14     0x4  startup_stm32f407xx.o [1]
  .text              ro code   0x800'dc18     0x4  startup_stm32f407xx.o [1]
  .text              ro code   0x800'dc1c     0x4  startup_stm32f407xx.o [1]
  .text              ro code   0x800'dc20     0x4  startup_stm32f407xx.o [1]
  .text              ro code   0x800'dc24     0x4  startup_stm32f407xx.o [1]
  .text              ro code   0x800'dc28     0x4  startup_stm32f407xx.o [1]
  .text              ro code   0x800'dc2c     0x4  startup_stm32f407xx.o [1]
  .text              ro code   0x800'dc30     0x4  startup_stm32f407xx.o [1]
  .text              ro code   0x800'dc34     0x4  startup_stm32f407xx.o [1]
  .text              ro code   0x800'dc38     0x4  startup_stm32f407xx.o [1]
  .text              ro code   0x800'dc3c     0x4  startup_stm32f407xx.o [1]
  .text              ro code   0x800'dc40     0x4  startup_stm32f407xx.o [1]
  .text              ro code   0x800'dc44     0x4  startup_stm32f407xx.o [1]
  .text              ro code   0x800'dc48     0x4  startup_stm32f407xx.o [1]
  .text              ro code   0x800'dc4c     0x4  startup_stm32f407xx.o [1]
  .rodata            const     0x800'dc50     0x0  zero_init3.o [4]
  .rodata            const     0x800'dc50     0x0  lz77_init_single.o [4]
  Initializer bytes  const     0x800'dc50   0x16c  <for P2-1>
                             - 0x800'ddbc  0xdc34

"P2", part 1 of 3:                          0x1ff
  P2-1                        0x2000'0000   0x1ff  <Init block>
    .data            inited   0x2000'0000     0x4  dhcp.o [1]
    .data            inited   0x2000'0004     0x4  system_stm32f4xx.o [1]
    .data            inited   0x2000'0008     0x4  tcp.o [1]
    .data            inited   0x2000'000c     0x8  udp_echoclient.o [1]
    .data            inited   0x2000'0014     0x8  udp_echoclient.o [1]
    .data            inited   0x2000'001c     0x8  udp_echoclient.o [1]
    .data            inited   0x2000'0024     0x8  udp_echoclient.o [1]
    .data            inited   0x2000'002c   0x100  udp_echoclient.o [1]
    .data            inited   0x2000'012c     0x8  rand.o [2]
    .data            inited   0x2000'0134    0x38  xlocale_c.o [2]
    .data            inited   0x2000'016c    0x48  xlocale_c.o [2]
    .data            inited   0x2000'01b4    0x48  xfiles.o [2]
    .data            inited   0x2000'01fc     0x2  udp.o [1]
    .data            inited   0x2000'01fe     0x1  udp_echoclient.o [1]
                            - 0x2000'01ff   0x1ff

"P2", part 2 of 3:                         0x7d54
  .bss               zero     0x2000'0200  0x2814  mem.o [1]
  .bss               zero     0x2000'2a14  0x17d0  ethernetif.o [1]
  .bss               zero     0x2000'41e4  0x17d0  ethernetif.o [1]
  .bss               zero     0x2000'59b4  0x1084  memp.o [1]
  .bss               zero     0x2000'6a38   0x5cc  memp.o [1]
  .bss               zero     0x2000'7004   0x16c  memp.o [1]
  .bss               zero     0x2000'7170   0x100  bsp_debug_usart.o [1]
  .bss               zero     0x2000'7270    0xf0  etharp.o [1]
  .bss               zero     0x2000'7360    0xc4  memp.o [1]
  .bss               zero     0x2000'7424    0xa4  memp.o [1]
  .bss               zero     0x2000'74c8    0xa4  memp.o [1]
  .bss               zero     0x2000'756c    0xa4  memp.o [1]
  .bss               zero     0x2000'7610    0x98  udp_echoclient.o [1]
  .bss               zero     0x2000'76a8    0x90  memp.o [1]
  .bss               zero     0x2000'7738    0x84  memp.o [1]
  .bss               zero     0x2000'77bc    0x84  rand.o [2]
  .bss               zero     0x2000'7840    0x80  ethernetif.o [1]
  .bss               zero     0x2000'78c0    0x80  ethernetif.o [1]
  .bss               zero     0x2000'7940    0x64  udp_echoclient.o [1]
  .bss               zero     0x2000'79a4    0x50  xfiles.o [2]
  .bss               zero     0x2000'79f4    0x48  ethernetif.o [1]
  .bss               zero     0x2000'7a3c    0x44  bsp_CAN.o [1]
  .bss               zero     0x2000'7a80    0x40  bsp_debug_usart.o [1]
  .bss               zero     0x2000'7ac0    0x40  bsp_debug_usart.o [1]
  .bss               zero     0x2000'7b00    0x3c  bsp_GeneralTIM.o [1]
  .bss               zero     0x2000'7b3c    0x3c  main.o [1]
  .bss               zero     0x2000'7b78    0x3c  main.o [1]
  .bss               zero     0x2000'7bb4    0x38  main.o [1]
  .bss               zero     0x2000'7bec    0x34  main.o [1]
  .bss               zero     0x2000'7c20    0x34  main.o [1]
  .bss               zero     0x2000'7c54    0x24  bsp_CAN.o [1]
  .bss               zero     0x2000'7c78    0x24  main.o [1]
  .bss               zero     0x2000'7c9c    0x24  main.o [1]
  .bss               zero     0x2000'7cc0    0x24  main.o [1]
  .bss               zero     0x2000'7ce4    0x24  main.o [1]
  .bss               zero     0x2000'7d08    0x24  main.o [1]
  .bss               zero     0x2000'7d2c    0x24  main.o [1]
  .bss               zero     0x2000'7d50    0x24  main.o [1]
  .bss               zero     0x2000'7d74    0x24  main.o [1]
  .bss               zero     0x2000'7d98    0x1c  bsp_CAN.o [1]
  .bss               zero     0x2000'7db4    0x18  ip.o [1]
  .bss               zero     0x2000'7dcc    0x10  ip4_addr.o [1]
  .bss               zero     0x2000'7ddc    0x10  tcp_in.o [1]
  .bss               zero     0x2000'7dec     0xc  main.o [1]
  .bss               zero     0x2000'7df8     0x8  main.o [1]
  .bss               zero     0x2000'7e00     0x4  dhcp.o [1]
  .bss               zero     0x2000'7e04     0x4  dhcp.o [1]
  .bss               zero     0x2000'7e08     0x4  ip4_frag.o [1]
  .bss               zero     0x2000'7e0c     0x4  main.o [1]
  .bss               zero     0x2000'7e10     0x4  main.o [1]
  .bss               zero     0x2000'7e14     0x4  main.o [1]
  .bss               zero     0x2000'7e18     0x4  main.o [1]
  .bss               zero     0x2000'7e1c     0x4  main.o [1]
  .bss               zero     0x2000'7e20     0x4  main.o [1]
  .bss               zero     0x2000'7e24     0x4  main.o [1]
  .bss               zero     0x2000'7e28     0x4  main.o [1]
  .bss               zero     0x2000'7e2c     0x4  main.o [1]
  .bss               zero     0x2000'7e30     0x4  main.o [1]
  .bss               zero     0x2000'7e34     0x4  main.o [1]
  .bss               zero     0x2000'7e38     0x4  main.o [1]
  .bss               zero     0x2000'7e3c     0x4  main.o [1]
  .bss               zero     0x2000'7e40     0x4  main.o [1]
  .bss               zero     0x2000'7e44     0x4  main.o [1]
  .bss               zero     0x2000'7e48     0x4  main.o [1]
  .bss               zero     0x2000'7e4c     0x4  mem.o [1]
  .bss               zero     0x2000'7e50     0x4  mem.o [1]
  .bss               zero     0x2000'7e54     0x4  mem.o [1]
  .bss               zero     0x2000'7e58     0x4  memp.o [1]
  .bss               zero     0x2000'7e5c     0x4  memp.o [1]
  .bss               zero     0x2000'7e60     0x4  memp.o [1]
  .bss               zero     0x2000'7e64     0x4  memp.o [1]
  .bss               zero     0x2000'7e68     0x4  memp.o [1]
  .bss               zero     0x2000'7e6c     0x4  memp.o [1]
  .bss               zero     0x2000'7e70     0x4  memp.o [1]
  .bss               zero     0x2000'7e74     0x4  memp.o [1]
  .bss               zero     0x2000'7e78     0x4  memp.o [1]
  .bss               zero     0x2000'7e7c     0x4  netif.o [1]
  .bss               zero     0x2000'7e80     0x4  netif.o [1]
  .bss               zero     0x2000'7e84     0x4  stm32f4xx_hal.o [1]
  .bss               zero     0x2000'7e88     0x4  tcp.o [1]
  .bss               zero     0x2000'7e8c     0x4  tcp.o [1]
  .bss               zero     0x2000'7e90     0x4  tcp.o [1]
  .bss               zero     0x2000'7e94     0x4  tcp.o [1]
  .bss               zero     0x2000'7e98     0x4  tcp.o [1]
  .bss               zero     0x2000'7e9c     0x4  tcp_in.o [1]
  .bss               zero     0x2000'7ea0     0x4  tcp_in.o [1]
  .bss               zero     0x2000'7ea4     0x4  tcp_in.o [1]
  .bss               zero     0x2000'7ea8     0x4  tcp_in.o [1]
  .bss               zero     0x2000'7eac     0x4  tcp_in.o [1]
  .bss               zero     0x2000'7eb0     0x4  tcp_in.o [1]
  .bss               zero     0x2000'7eb4     0x4  timeouts.o [1]
  .bss               zero     0x2000'7eb8     0x4  timeouts.o [1]
  .bss               zero     0x2000'7ebc     0x4  timeouts.o [1]
  .bss               zero     0x2000'7ec0     0x4  udp.o [1]
  .bss               zero     0x2000'7ec4     0x4  udp_echoclient.o [1]
  .bss               zero     0x2000'7ec8     0x4  udp_echoclient.o [1]
  .bss               zero     0x2000'7ecc     0x4  udp_echoclient.o [1]
  .bss               zero     0x2000'7ed0     0x4  udp_echoclient.o [1]
  .bss               zero     0x2000'7ed4     0x4  udp_echoclient.o [1]
  .bss               zero     0x2000'7ed8     0x4  udp_echoclient.o [1]
  .bss               zero     0x2000'7edc     0x4  udp_echoclient.o [1]
  .bss               zero     0x2000'7ee0     0x4  udp_echoclient.o [1]
  .bss               zero     0x2000'7ee4     0x4  udp_echoclient.o [1]
  .bss               zero     0x2000'7ee8     0x4  udp_echoclient.o [1]
  .bss               zero     0x2000'7eec     0x4  udp_echoclient.o [1]
  .bss               zero     0x2000'7ef0     0x4  udp_echoclient.o [1]
  .bss               zero     0x2000'7ef4     0x4  udp_echoclient.o [1]
  .bss               zero     0x2000'7ef8     0x4  udp_echoclient.o [1]
  .bss               zero     0x2000'7efc     0x4  udp_echoclient.o [1]
  .bss               zero     0x2000'7f00     0x4  udp_echoclient.o [1]
  .bss               zero     0x2000'7f04     0x4  xfail_s.o [2]
  .bss               zero     0x2000'7f08     0x2  bsp_debug_usart.o [1]
  .bss               zero     0x2000'7f0a     0x2  ip4.o [1]
  .bss               zero     0x2000'7f0c     0x2  ip4_frag.o [1]
  .bss               zero     0x2000'7f0e     0x2  main.o [1]
  .bss               zero     0x2000'7f10     0x2  tcp_in.o [1]
  .bss               zero     0x2000'7f12     0x2  tcp_in.o [1]
  .bss               zero     0x2000'7f14     0x2  tcp_in.o [1]
  .bss               zero     0x2000'7f16     0x2  tcp_in.o [1]
  .bss               zero     0x2000'7f18     0x2  tcp_in.o [1]
  .bss               zero     0x2000'7f1a     0x2  udp_echoclient.o [1]
  .bss               zero     0x2000'7f1c     0x2  udp_echoclient.o [1]
  .bss               zero     0x2000'7f1e     0x2  udp_echoclient.o [1]
  .bss               zero     0x2000'7f20     0x2  udp_echoclient.o [1]
  .bss               zero     0x2000'7f22     0x2  udp_echoclient.o [1]
  .bss               zero     0x2000'7f24     0x2  udp_echoclient.o [1]
  .bss               zero     0x2000'7f26     0x2  udp_echoclient.o [1]
  .bss               zero     0x2000'7f28     0x2  udp_echoclient.o [1]
  .bss               zero     0x2000'7f2a     0x1  bsp_debug_usart.o [1]
  .bss               zero     0x2000'7f2b     0x1  etharp.o [1]
  .bss               zero     0x2000'7f2c     0x1  main.o [1]
  .bss               zero     0x2000'7f2d     0x1  main.o [1]
  .bss               zero     0x2000'7f2e     0x1  netif.o [1]
  .bss               zero     0x2000'7f2f     0x1  tcp.o [1]
  .bss               zero     0x2000'7f30     0x1  tcp.o [1]
  .bss               zero     0x2000'7f31     0x1  tcp.o [1]
  .bss               zero     0x2000'7f32     0x1  tcp_in.o [1]
  .bss               zero     0x2000'7f33     0x1  tcp_in.o [1]
  .bss               zero     0x2000'7f34     0x1  udp_echoclient.o [1]
  .bss               zero     0x2000'7f35     0x1  udp_echoclient.o [1]
  .bss               zero     0x2000'7f36     0x1  udp_echoclient.o [1]
  .bss               zero     0x2000'7f37     0x1  udp_echoclient.o [1]
  .bss               zero     0x2000'7f38     0x1  udp_echoclient.o [1]
  .bss               zero     0x2000'7f39     0x1  udp_echoclient.o [1]
  .bss               zero     0x2000'7f3a     0x1  udp_echoclient.o [1]
  .bss               zero     0x2000'7f3b     0x1  udp_echoclient.o [1]
  .bss               zero     0x2000'7f3c     0x1  udp_echoclient.o [1]
  .bss               zero     0x2000'7f3d     0x1  udp_echoclient.o [1]
  .bss               zero     0x2000'7f3e     0x1  udp_echoclient.o [1]
  .bss               zero     0x2000'7f3f     0x1  udp_echoclient.o [1]
  .bss               zero     0x2000'7f40     0x1  udp_echoclient.o [1]
  .bss               zero     0x2000'7f41     0x1  udp_echoclient.o [1]
  .bss               zero     0x2000'7f42     0x1  udp_echoclient.o [1]
  .bss               zero     0x2000'7f43     0x1  udp_echoclient.o [1]
  .bss               zero     0x2000'7f44     0x1  udp_echoclient.o [1]
  .bss               zero     0x2000'7f45     0x1  udp_echoclient.o [1]
  .bss               zero     0x2000'7f46     0x1  udp_echoclient.o [1]
  .bss               zero     0x2000'7f47     0x1  udp_echoclient.o [1]
  .bss               zero     0x2000'7f48     0x1  udp_echoclient.o [1]
  .bss               zero     0x2000'7f49     0x1  udp_echoclient.o [1]
  .bss               zero     0x2000'7f4a     0x1  udp_echoclient.o [1]
  .bss               zero     0x2000'7f4b     0x1  udp_echoclient.o [1]
  .bss               zero     0x2000'7f4c     0x1  udp_echoclient.o [1]
  .bss               zero     0x2000'7f4d     0x1  udp_echoclient.o [1]
  .bss               zero     0x2000'7f4e     0x1  udp_echoclient.o [1]
  .bss               zero     0x2000'7f4f     0x1  udp_echoclient.o [1]
  .bss               zero     0x2000'7f50     0x1  udp_echoclient.o [1]
  .bss               zero     0x2000'7f51     0x1  udp_echoclient.o [1]
  .bss               zero     0x2000'7f52     0x1  udp_echoclient.o [1]
                            - 0x2000'7f53  0x7d53

"P2", part 3 of 3:                          0x400
  CSTACK                      0x2000'7f58   0x400  <Block>
    CSTACK           uninit   0x2000'7f58   0x400  <Block tail>
                            - 0x2000'8358   0x400

Unused ranges:

         From           To      Size
         ----           --      ----
   0x800'ddbc   0x80f'ffff  0xf'2244
  0x2000'01ff  0x2000'01ff       0x1
  0x2000'7f54  0x2000'7f57       0x4
  0x2000'8358  0x2001'ffff  0x1'7ca8


*******************************************************************************
*** INIT TABLE
***

          Address      Size
          -------      ----
Zero (__iar_zero_init3)
    1 destination range, total size 0x7d53:
          0x2000'0200  0x7d53

Copy/lz77 (__iar_lz77_init_single3)
    1 source range, total size 0x16c (71% of destination):
           0x800'dc50   0x16c
    1 destination range, total size 0x1ff:
          0x2000'0000   0x1ff



*******************************************************************************
*** MODULE SUMMARY
***

    Module                  ro code  ro data  rw data
    ------                  -------  -------  -------
command line/config:
    -------------------------------------------------
    Total:

G:\test\robotpatrol\µ×°å¿ØÖÆ20190414\EWARM\YS-F4Pro\Obj: [1]
    SPEED.o                     212
    app_ethernet.o              168      104
    bsp_CAN.o                   308               132
    bsp_GeneralTIM.o            160                60
    bsp_debug_usart.o           492        8      387
    bsp_io.o                    224
    def.o                        44
    dhcp.o                    2 892        2       12
    etharp.o                  2 308               241
    ethernet.o                  286       16
    ethernetif.o              1 356       68   12 520
    icmp.o                      572
    inet_chksum.o               200
    init.o                       28
    ip.o                                           24
    ip4.o                       912                 2
    ip4_addr.o                  246        8       16
    ip4_frag.o                1 640                 6
    main.o                    4 120      216      656
    mem.o                       700            10 272
    memp.o                      172      144    7 076
    netif.o                     430                 9
    pbuf.o                    1 510
    startup_stm32f407xx.o       684
    stm32f4xx_hal.o             150                 4
    stm32f4xx_hal_can.o       2 210
    stm32f4xx_hal_cortex.o      330
    stm32f4xx_hal_dma.o          38
    stm32f4xx_hal_eth.o       3 332       20
    stm32f4xx_hal_gpio.o        616
    stm32f4xx_hal_msp.o         110
    stm32f4xx_hal_rcc.o       1 532
    stm32f4xx_hal_tim.o       1 786
    stm32f4xx_hal_tim_ex.o       92
    stm32f4xx_hal_uart.o      1 984
    stm32f4xx_it.o              166
    system_stm32f4xx.o           96       27        4
    tcp.o                     2 836       43       27
    tcp_in.o                  4 508                52
    tcp_out.o                 2 222
    timeouts.o                  352       40       12
    udp.o                     1 068        2        6
    udp_echoclient.o          4 352      234      652
    -------------------------------------------------
    Total:                   47 444      932   32 170

dl7M_tlf.a: [2]
    abort.o                       6
    exit.o                        4
    low_level_init.o              4
    printf.o                     40
    putchar.o                    12
    rand.o                      164        6      140
    sprintf.o                    64
    xencoding_8859_1.o           30
    xfail_s.o                    64                 4
    xfiles.o                              51      152
    xlocale_c.o                 120       97      128
    xmbcurmax.o                  10
    xprintffull.o             3 910
    xprout.o                     22
    xsprout.o                    10
    -------------------------------------------------
    Total:                    4 460      154      424

m7M_tls.a: [3]
    DblAdd.o                    362
    DblCmpGe.o                   46
    DblCmpLe.o                   46
    DblDiv.o                    582
    DblMul.o                    418
    DblSub.o                    226
    DblToS32.o                   58
    DblToU32.o                   40
    S32ToDbl.o                   34
    U32ToDbl.o                   26
    fpinit_M.o                   34
    frexp.o                     112
    ldexp.o                     314
    -------------------------------------------------
    Total:                    2 298

rt7M_tl.a: [4]
    ABImemcpy.o                 166
    ABImemset.o                 102
    I64DivMod.o                 560
    I64DivZer.o                   2
    cexit.o                      10
    cmain.o                      30
    cstartup_M.o                 12
    data_init.o                  40
    lz77_init_single.o          122
    memchr.o                     88
    memcmp.o                    104
    strchr.o                     22
    strlen.o                     54
    zero_init3.o                 58
    -------------------------------------------------
    Total:                    1 370

shb_l.a: [5]
    exit.o                       20
    -------------------------------------------------
    Total:                       20

    Gaps                         48        6
    Linker created                        32    1 024
-----------------------------------------------------
    Grand Total:             55 640    1 124   33 618


*******************************************************************************
*** ENTRY LIST
***

Entry                       Address    Size  Type      Object
-----                       -------    ----  ----      ------
.iar.init_table$$Base    0x800'd900           --   Gb  - Linker created -
.iar.init_table$$Limit   0x800'd920           --   Gb  - Linker created -
?main                    0x800'd921          Code  Gb  cmain.o [4]
AHBPrescTable            0x800'da20    0x10  Data  Gb  system_stm32f4xx.o [1]
APBPrescTable            0x800'db0c     0x8  Data  Gb  system_stm32f4xx.o [1]
BASIC_TIM2_Init          0x800'68a5    0x62  Code  Gb  main.o [1]
BASIC_TIM3_Init          0x800'6909    0x62  Code  Gb  main.o [1]
BusFault_Handler         0x800'd677     0x2  Code  Gb  stm32f4xx_it.o [1]
CAN1_RX0_IRQHandler      0x800'd68f     0xa  Code  Gb  stm32f4xx_it.o [1]
CAN1_data               0x2000'7df8     0x8  Data  Gb  main.o [1]
CAN_Receive_IT           0x800'a7bf   0x1d8  Code  Lc  stm32f4xx_hal_can.o [1]
CAN_Transmit_IT          0x800'a765    0x5a  Code  Lc  stm32f4xx_hal_can.o [1]
CSTACK$$Base            0x2000'7f58           --   Gb  - Linker created -
CSTACK$$Limit           0x2000'8358           --   Gb  - Linker created -
CacheMore                0x800'b1d9    0x24  Code  Lc  xlocale_c.o [2]
DMARxDscrTab            0x2000'7840    0x80  Data  Gb  ethernetif.o [1]
DMATxDscrTab            0x2000'78c0    0x80  Data  Gb  ethernetif.o [1]
DebugMon_Handler         0x800'd67d     0x2  Code  Gb  stm32f4xx_it.o [1]
DestIPaddr              0x2000'7f00     0x4  Data  Gb  udp_echoclient.o [1]
ETH_DMAReceptionDisable
                         0x800'5a5d    0x12  Code  Lc  stm32f4xx_hal_eth.o [1]
ETH_DMAReceptionEnable   0x800'5a4b    0x12  Code  Lc  stm32f4xx_hal_eth.o [1]
ETH_DMATransmissionDisable
                         0x800'5a39    0x12  Code  Lc  stm32f4xx_hal_eth.o [1]
ETH_DMATransmissionEnable
                         0x800'5a27    0x12  Code  Lc  stm32f4xx_hal_eth.o [1]
ETH_Delay                0x800'5a9b    0x24  Code  Lc  stm32f4xx_hal_eth.o [1]
ETH_FlushTransmitFIFO    0x800'5a6f    0x2c  Code  Lc  stm32f4xx_hal_eth.o [1]
ETH_IRQHandler           0x800'd699     0xa  Code  Gb  stm32f4xx_it.o [1]
ETH_MACAddressConfig     0x800'595d    0x2a  Code  Lc  stm32f4xx_hal_eth.o [1]
ETH_MACDMAConfig         0x800'56fb   0x262  Code  Lc  stm32f4xx_hal_eth.o [1]
ETH_MACReceptionDisable
                         0x800'59ff    0x28  Code  Lc  stm32f4xx_hal_eth.o [1]
ETH_MACReceptionEnable   0x800'59d7    0x28  Code  Lc  stm32f4xx_hal_eth.o [1]
ETH_MACTransmissionDisable
                         0x800'59af    0x28  Code  Lc  stm32f4xx_hal_eth.o [1]
ETH_MACTransmissionEnable
                         0x800'5987    0x28  Code  Lc  stm32f4xx_hal_eth.o [1]
EXTI0_IRQHandler         0x800'd6e5     0xa  Code  Gb  stm32f4xx_it.o [1]
EXTI1_IRQHandler         0x800'd6ef     0xa  Code  Gb  stm32f4xx_it.o [1]
EXTI2_IRQHandler         0x800'd6f9     0xa  Code  Gb  stm32f4xx_it.o [1]
EXTI3_IRQHandler         0x800'd703     0xa  Code  Gb  stm32f4xx_it.o [1]
EXTI4_IRQHandler         0x800'd70d     0xa  Code  Gb  stm32f4xx_it.o [1]
EthHandle               0x2000'79f4    0x48  Data  Gb  ethernetif.o [1]
GENERAL_TIMx_Init        0x800'8715    0x5e  Code  Gb  bsp_GeneralTIM.o [1]
HAL_CAN_ConfigFilter     0x800'a29f   0x106  Code  Gb  stm32f4xx_hal_can.o [1]
HAL_CAN_IRQHandler       0x800'a4bb   0x292  Code  Gb  stm32f4xx_hal_can.o [1]
HAL_CAN_Init             0x800'a0f9   0x1a6  Code  Gb  stm32f4xx_hal_can.o [1]
HAL_CAN_MspInit          0x800'a041    0x96  Code  Gb  bsp_CAN.o [1]
HAL_CAN_Receive_IT       0x800'a3a9   0x112  Code  Gb  stm32f4xx_hal_can.o [1]
HAL_CAN_RxCpltCallback   0x800'5f09   0x990  Code  Gb  main.o [1]
HAL_DMA_Abort_IT         0x800'c745    0x26  Code  Gb  stm32f4xx_hal_dma.o [1]
HAL_Delay                0x800'6f45    0x1e  Code  Wk  stm32f4xx_hal.o [1]
HAL_ETH_ConfigMAC        0x800'55c9   0x132  Code  Gb  stm32f4xx_hal_eth.o [1]
HAL_ETH_DMARxDescListInit
                         0x800'50c7    0x7e  Code  Gb  stm32f4xx_hal_eth.o [1]
HAL_ETH_DMATxDescListInit
                         0x800'504b    0x7c  Code  Gb  stm32f4xx_hal_eth.o [1]
HAL_ETH_GetReceivedFrame
                         0x800'5273    0x9e  Code  Gb  stm32f4xx_hal_eth.o [1]
HAL_ETH_GetReceivedFrame_IT
                         0x800'5311    0xaa  Code  Gb  stm32f4xx_hal_eth.o [1]
HAL_ETH_IRQHandler       0x800'53bb    0x76  Code  Gb  stm32f4xx_hal_eth.o [1]
HAL_ETH_Init             0x800'4e01   0x24a  Code  Gb  stm32f4xx_hal_eth.o [1]
HAL_ETH_MspInit          0x800'3831   0x13e  Code  Gb  ethernetif.o [1]
HAL_ETH_ReadPHYRegister
                         0x800'5431    0x84  Code  Gb  stm32f4xx_hal_eth.o [1]
HAL_ETH_RxCpltCallback   0x800'6899     0xc  Code  Gb  main.o [1]
HAL_ETH_Start            0x800'5535    0x4a  Code  Gb  stm32f4xx_hal_eth.o [1]
HAL_ETH_Stop             0x800'557f    0x4a  Code  Gb  stm32f4xx_hal_eth.o [1]
HAL_ETH_TransmitFrame    0x800'5145   0x12e  Code  Gb  stm32f4xx_hal_eth.o [1]
HAL_ETH_WritePHYRegister
                         0x800'54b5    0x80  Code  Gb  stm32f4xx_hal_eth.o [1]
HAL_GPIO_EXTI_Callback   0x800'6bd5    0xb6  Code  Gb  main.o [1]
HAL_GPIO_EXTI_IRQHandler
                         0x800'4c59    0x1c  Code  Gb  stm32f4xx_hal_gpio.o [1]
HAL_GPIO_Init            0x800'4a4d   0x1dc  Code  Gb  stm32f4xx_hal_gpio.o [1]
HAL_GPIO_ReadPin         0x800'4c29    0x12  Code  Gb  stm32f4xx_hal_gpio.o [1]
HAL_GPIO_TogglePin       0x800'4c4f     0xa  Code  Gb  stm32f4xx_hal_gpio.o [1]
HAL_GPIO_WritePin        0x800'4c3b    0x14  Code  Gb  stm32f4xx_hal_gpio.o [1]
HAL_GetTick              0x800'5b29     0xc  Code  Wk  stm32f4xx_hal.o [1]
HAL_IO_Init              0x800'8449    0xe0  Code  Gb  bsp_io.o [1]
HAL_IncTick              0x800'd719    0x10  Code  Wk  stm32f4xx_hal.o [1]
HAL_Init                 0x800'8415    0x30  Code  Gb  stm32f4xx_hal.o [1]
HAL_InitTick             0x800'b1ad    0x28  Code  Wk  stm32f4xx_hal.o [1]
HAL_MspInit              0x800'c5f5    0x6e  Code  Gb  stm32f4xx_hal_msp.o [1]
HAL_NVIC_EnableIRQ       0x800'4da5     0xa  Code  Gb  stm32f4xx_hal_cortex.o [1]
HAL_NVIC_SetPriority     0x800'4d83    0x22  Code  Gb  stm32f4xx_hal_cortex.o [1]
HAL_NVIC_SetPriorityGrouping
                         0x800'4d7b     0x8  Code  Gb  stm32f4xx_hal_cortex.o [1]
HAL_RCC_ClockConfig      0x800'6cbd   0x182  Code  Gb  stm32f4xx_hal_rcc.o [1]
HAL_RCC_EnableCSS        0x800'6e3f     0x8  Code  Gb  stm32f4xx_hal_rcc.o [1]
HAL_RCC_GetHCLKFreq      0x800'6e47     0x6  Code  Gb  stm32f4xx_hal_rcc.o [1]
HAL_RCC_GetPCLK1Freq     0x800'6e4d    0x20  Code  Gb  stm32f4xx_hal_rcc.o [1]
HAL_RCC_GetPCLK2Freq     0x800'6e6d    0x20  Code  Gb  stm32f4xx_hal_rcc.o [1]
HAL_RCC_OscConfig        0x800'80a1   0x374  Code  Wk  stm32f4xx_hal_rcc.o [1]
HAL_SYSTICK_CLKSourceConfig
                         0x800'4db7    0x1c  Code  Gb  stm32f4xx_hal_cortex.o [1]
HAL_SYSTICK_Config       0x800'4daf     0x8  Code  Gb  stm32f4xx_hal_cortex.o [1]
HAL_SYSTICK_IRQHandler   0x800'4df5     0x8  Code  Gb  stm32f4xx_hal_cortex.o [1]
HAL_TIMEx_BreakCallback
                         0x800'c667     0x2  Code  Wk  stm32f4xx_hal_tim_ex.o [1]
HAL_TIMEx_CommutationCallback
                         0x800'c66b     0x2  Code  Wk  stm32f4xx_hal_tim_ex.o [1]
HAL_TIMEx_MasterConfigSynchronization
                         0x800'a999    0x58  Code  Gb  stm32f4xx_hal_tim_ex.o [1]
HAL_TIM_Base_Init        0x800'87b5    0x38  Code  Gb  stm32f4xx_hal_tim.o [1]
HAL_TIM_Base_Start       0x800'87ed    0x1c  Code  Gb  stm32f4xx_hal_tim.o [1]
HAL_TIM_Base_Start_IT    0x800'8809    0x1c  Code  Gb  stm32f4xx_hal_tim.o [1]
HAL_TIM_ConfigClockSource
                         0x800'8a49   0x118  Code  Gb  stm32f4xx_hal_tim.o [1]
HAL_TIM_IRQHandler       0x800'8875   0x176  Code  Gb  stm32f4xx_hal_tim.o [1]
HAL_TIM_OC_ConfigChannel
                         0x800'89eb    0x5e  Code  Gb  stm32f4xx_hal_tim.o [1]
HAL_TIM_OC_DelayElapsedCallback
                         0x800'6acd    0x24  Code  Gb  main.o [1]
HAL_TIM_OnePulse_Init    0x800'8825    0x50  Code  Gb  stm32f4xx_hal_tim.o [1]
HAL_TIM_OnePulse_MspInit
                         0x800'8773    0x34  Code  Gb  bsp_GeneralTIM.o [1]
HAL_TIM_PeriodElapsedCallback
                         0x800'698d   0x13c  Code  Gb  main.o [1]
HAL_UART_IRQHandler      0x800'aba3   0x134  Code  Gb  stm32f4xx_hal_uart.o [1]
HAL_UART_Init            0x800'a9f1    0x76  Code  Gb  stm32f4xx_hal_uart.o [1]
HAL_UART_MspInit         0x800'8529    0xd8  Code  Gb  bsp_debug_usart.o [1]
HAL_UART_Receive_IT      0x800'ab43    0x60  Code  Gb  stm32f4xx_hal_uart.o [1]
HAL_UART_RxCpltCallback
                         0x800'6b2d    0x64  Code  Gb  main.o [1]
HAL_UART_Transmit        0x800'aa67    0xdc  Code  Gb  stm32f4xx_hal_uart.o [1]
HardFault_Handler        0x800'd673     0x2  Code  Gb  stm32f4xx_it.o [1]
LSPEEDca                 0x800'c6cd    0x5e  Code  Gb  SPEED.o [1]
LSPPED                  0x2000'7f20     0x2  Data  Gb  udp_echoclient.o [1]
LoadInt                  0x800'712b    0x7a  Code  Lc  xprintffull.o [2]
MOTOR1                  0x2000'7c78    0x24  Data  Gb  main.o [1]
MOTOR2                  0x2000'7c9c    0x24  Data  Gb  main.o [1]
MOTOR3                  0x2000'7cc0    0x24  Data  Gb  main.o [1]
MOTOR4                  0x2000'7ce4    0x24  Data  Gb  main.o [1]
MOTOR5                  0x2000'7d08    0x24  Data  Gb  main.o [1]
MOTOR6                  0x2000'7d2c    0x24  Data  Gb  main.o [1]
MOTOR7                  0x2000'7d50    0x24  Data  Gb  main.o [1]
MOTOR8                  0x2000'7d74    0x24  Data  Gb  main.o [1]
MX_CAN_Init              0x800'9fc5    0x7c  Code  Gb  bsp_CAN.o [1]
MX_DEBUG_USART_Init      0x800'8601    0xc2  Code  Gb  bsp_debug_usart.o [1]
MemManage_Handler        0x800'd675     0x2  Code  Gb  stm32f4xx_it.o [1]
NMI_Handler              0x800'd671     0x2  Code  Gb  stm32f4xx_it.o [1]
NVIC_EnableIRQ           0x800'4cd9    0x14  Code  Lc  stm32f4xx_hal_cortex.o [1]
NVIC_EncodePriority      0x800'4d11    0x3c  Code  Lc  stm32f4xx_hal_cortex.o [1]
NVIC_GetPriorityGrouping
                         0x800'4ccf     0xa  Code  Lc  stm32f4xx_hal_cortex.o [1]
NVIC_SetPriority         0x800'4ced    0x24  Code  Lc  stm32f4xx_hal_cortex.o [1]
NVIC_SetPriorityGrouping
                         0x800'4cb5    0x1a  Code  Lc  stm32f4xx_hal_cortex.o [1]
NVIC_SystemReset         0x800'8ec5    0x1a  Code  Lc  udp_echoclient.o [1]
Netif_Config             0x800'5e31    0xa4  Code  Lc  main.o [1]
Patstateal2             0x2000'7f2d     0x1  Data  Gb  main.o [1]
Patstateall             0x2000'7f2c     0x1  Data  Gb  main.o [1]
PendSV_Handler           0x800'd67f     0x2  Code  Gb  stm32f4xx_it.o [1]
RCC_IRQHandler           0x800'd68d     0x2  Code  Gb  stm32f4xx_it.o [1]
RSPEEDca                 0x800'c66d    0x60  Code  Gb  SPEED.o [1]
RSPPED                  0x2000'7f22     0x2  Data  Gb  udp_echoclient.o [1]
Region$$Table$$Base      0x800'd900           --   Gb  - Linker created -
Region$$Table$$Limit     0x800'd920           --   Gb  - Linker created -
RxCount                 0x2000'7f08     0x2  Data  Gb  bsp_debug_usart.o [1]
RxMessage               0x2000'7c54    0x24  Data  Lc  bsp_CAN.o [1]
Rx_Buf                  0x2000'7170   0x100  Data  Gb  bsp_debug_usart.o [1]
Rx_Buff                 0x2000'2a14  0x17d0  Data  Gb  ethernetif.o [1]
Rx_MSG                  0x2000'7f0e     0x2  Data  Gb  main.o [1]
SVC_Handler              0x800'd67b     0x2  Code  Gb  stm32f4xx_it.o [1]
SysTick_Config           0x800'4d4d    0x2e  Code  Lc  stm32f4xx_hal_cortex.o [1]
SysTick_Handler          0x800'd681     0xc  Code  Gb  stm32f4xx_it.o [1]
SystemClock_Config       0x800'5ca5    0xac  Code  Gb  main.o [1]
SystemCoreClock         0x2000'0004     0x4  Data  Gb  system_stm32f4xx.o [1]
SystemInit               0x800'd729    0x40  Code  Gb  system_stm32f4xx.o [1]
TIM2_IRQHandler          0x800'd6ad     0xa  Code  Gb  stm32f4xx_it.o [1]
TIM3_IRQHandler          0x800'd6a3     0xa  Code  Gb  stm32f4xx_it.o [1]
TIM5_IRQHandler          0x800'd6b7     0xa  Code  Gb  stm32f4xx_it.o [1]
TIM_Base_SetConfig       0x800'8b61    0xe4  Code  Gb  stm32f4xx_hal_tim.o [1]
TIM_ETR_SetConfig        0x800'8e8f    0x18  Code  Lc  stm32f4xx_hal_tim.o [1]
TIM_ITRx_SetConfig       0x800'8e7b    0x14  Code  Lc  stm32f4xx_hal_tim.o [1]
TIM_OC1_SetConfig        0x800'8cbb    0x6c  Code  Lc  stm32f4xx_hal_tim.o [1]
TIM_OC2_SetConfig        0x800'8c45    0x76  Code  Gb  stm32f4xx_hal_tim.o [1]
TIM_OC3_SetConfig        0x800'8d27    0x74  Code  Lc  stm32f4xx_hal_tim.o [1]
TIM_OC4_SetConfig        0x800'8d9b    0x5e  Code  Lc  stm32f4xx_hal_tim.o [1]
TIM_TI1_ConfigInputStage
                         0x800'8e29    0x28  Code  Lc  stm32f4xx_hal_tim.o [1]
TIM_TI2_ConfigInputStage
                         0x800'8e51    0x2a  Code  Lc  stm32f4xx_hal_tim.o [1]
TOLLEN                  0x2000'7efc     0x4  Data  Gb  udp_echoclient.o [1]
TimHandle               0x2000'7b3c    0x3c  Data  Gb  main.o [1]
TimHandle2              0x2000'7b78    0x3c  Data  Gb  main.o [1]
TxMessage               0x2000'7d98    0x1c  Data  Lc  bsp_CAN.o [1]
Tx_Buff                 0x2000'41e4  0x17d0  Data  Gb  ethernetif.o [1]
UART_DMAAbortOnError     0x800'ad65    0x12  Code  Lc  stm32f4xx_hal_uart.o [1]
UART_EndRxTransfer       0x800'ad45    0x20  Code  Lc  stm32f4xx_hal_uart.o [1]
UART_EndTransmit_IT      0x800'ade3    0x1c  Code  Lc  stm32f4xx_hal_uart.o [1]
UART_Receive_IT          0x800'adff    0x9c  Code  Lc  stm32f4xx_hal_uart.o [1]
UART_SetConfig           0x800'ae9b   0x304  Code  Lc  stm32f4xx_hal_uart.o [1]
UART_Transmit_IT         0x800'ad79    0x6a  Code  Lc  stm32f4xx_hal_uart.o [1]
UART_WaitOnFlagUntilTimeout
                         0x800'acd7    0x6e  Code  Lc  stm32f4xx_hal_uart.o [1]
USART3_IRQHandler        0x800'd6c1     0xa  Code  Gb  stm32f4xx_it.o [1]
UsageFault_Handler       0x800'd679     0x2  Code  Gb  stm32f4xx_it.o [1]
User_notification        0x800'5b35    0x30  Code  Gb  app_ethernet.o [1]
_Encoding_8859_1_Mbrlen
                         0x800'2f61     0x2  Code  Gb  xencoding_8859_1.o [2]
_Encoding_8859_1_Wctomb
                         0x800'2f4f    0x12  Code  Gb  xencoding_8859_1.o [2]
_GenldFull               0x800'7b89   0x274  Code  Lc  xprintffull.o [2]
_LdtobFull               0x800'7785   0x3d6  Code  Lc  xprintffull.o [2]
_LitobFull               0x800'7635   0x10a  Code  Lc  xprintffull.o [2]
_Locale_lconv           0x2000'0134    0x38  Data  Lc  xlocale_c.o [2]
_PrintfFull              0x800'6f69   0x1aa  Code  Gb  xprintffull.o [2]
_Prout                   0x800'd9a5    0x16  Code  Gb  xprout.o [2]
_PutcharsFull            0x800'7dfd    0x2e  Code  Lc  xprintffull.o [2]
_PutfldFull              0x800'71a5   0x2d4  Code  Lc  xprintffull.o [2]
_PutstrFull              0x800'756f    0xc6  Code  Lc  xprintffull.o [2]
_PuttxtFull              0x800'7479    0xf6  Code  Lc  xprintffull.o [2]
_Rand_idx               0x2000'783c     0x4  Data  Lc  rand.o [2]
_Rand_rv                0x2000'77bc    0x80  Data  Lc  rand.o [2]
_Randinit               0x2000'012c     0x1  Data  Gb  rand.o [2]
_Randseed               0x2000'0130     0x4  Data  Gb  rand.o [2]
_SProut                  0x800'342f     0xa  Code  Gb  xsprout.o [2]
__aeabi_cdcmple          0x800'b785          Code  Gb  DblCmpLe.o [3]
__aeabi_cdrcmple         0x800'b7b5          Code  Gb  DblCmpGe.o [3]
__aeabi_d2iz             0x800'b921          Code  Gb  DblToS32.o [3]
__aeabi_d2uiz            0x800'bcad          Code  Gb  DblToU32.o [3]
__aeabi_ddiv             0x800'ba65          Code  Gb  DblDiv.o [3]
__aeabi_dmul             0x800'b571          Code  Gb  DblMul.o [3]
__aeabi_dsub             0x800'b981          Code  Gb  DblSub.o [3]
__aeabi_i2d              0x800'b95d          Code  Gb  S32ToDbl.o [3]
__aeabi_ldiv0            0x800'c775          Code  Gb  I64DivZer.o [4]
__aeabi_memcpy           0x800'3389          Code  Gb  ABImemcpy.o [4]
__aeabi_memcpy4          0x800'33a9          Code  Gb  ABImemcpy.o [4]
__aeabi_memcpy8          0x800'33a9          Code  Gb  ABImemcpy.o [4]
__aeabi_memset           0x800'3439          Code  Gb  ABImemset.o [4]
__aeabi_ui2d             0x800'bcd5          Code  Gb  U32ToDbl.o [3]
__aeabi_uldivmod         0x800'b341          Code  Gb  I64DivMod.o [4]
__cmain                  0x800'd921          Code  Gb  cmain.o [4]
__exit                   0x800'd551    0x14  Code  Gb  exit.o [5]
__iar_Fail_s             0x800'b265    0x1c  Code  Gb  xfail_s.o [2]
__iar_Mbcurmax           0x800'b335     0xa  Code  Gb  xmbcurmax.o [2]
__iar_Memchr             0x800'b2dd          Code  Gb  memchr.o [4]
__iar_Memset             0x800'3439          Code  Gb  ABImemset.o [4]
__iar_Memset_word        0x800'3441          Code  Gb  ABImemset.o [4]
__iar_Stdout            0x2000'01b4    0x48  Data  Gb  xfiles.o [2]
__iar_Strchr             0x800'b24d          Code  Gb  strchr.o [4]
__iar_dadd               0x800'b991          Code  Gb  DblSub.o [3]
__iar_data_init3         0x800'd891    0x28  Code  Gb  data_init.o [4]
__iar_dsub               0x800'c779          Code  Gb  DblAdd.o [3]
__iar_dsubStart          0x800'c78b          Code  Gb  DblAdd.o [3]
__iar_frexp              0x800'b721          Code  Gb  frexp.o [3]
__iar_frexpl             0x800'b721          Code  Gb  frexp.o [3]
__iar_globLocale        0x2000'016c    0x48  Data  Lc  xlocale_c.o [2]
__iar_global_Locale      0x800'b1d5     0x4  Code  Gb  xlocale_c.o [2]
__iar_init_vfp           0x800'd8dd          Code  Gb  fpinit_M.o [3]
__iar_ldexp64            0x800'b7e5          Code  Gb  ldexp.o [3]
__iar_lz77_init_single3
                         0x800'190b    0x7a  Code  Gb  lz77_init_single.o [4]
__iar_program_start      0x800'dad9          Code  Gb  cstartup_M.o [4]
__iar_scalbln64          0x800'b7e5          Code  Gb  ldexp.o [3]
__iar_scalbn64           0x800'b7e5          Code  Gb  ldexp.o [3]
__iar_softfp___iar_frexp64
                         0x800'b715          Code  Gb  frexp.o [3]
__iar_softfp_frexp       0x800'b715          Code  Gb  frexp.o [3]
__iar_softfp_frexpl      0x800'b715          Code  Gb  frexp.o [3]
__iar_zero_init3         0x800'1a7b    0x3a  Code  Gb  zero_init3.o [4]
__low_level_init         0x800'd93f     0x4  Code  Gb  low_level_init.o [2]
__vector_table           0x800'0000          Data  Gb  startup_stm32f407xx.o [1]
_call_main               0x800'd92d          Code  Gb  cmain.o [4]
_exit                    0x800'd949          Code  Gb  cexit.o [4]
_gLocale_mblen           0x800'b239     0x4  Code  Gb  xlocale_c.o [2]
_gLocale_mblenInt        0x800'b1fd    0x2c  Code  Gb  xlocale_c.o [2]
_gLocale_wctomb          0x800'b23d     0x4  Code  Gb  xlocale_c.o [2]
_gLocale_wctombInt       0x800'b235     0x4  Code  Gb  xlocale_c.o [2]
_main                    0x800'd93b          Code  Gb  cmain.o [4]
abort                    0x800'c76f     0x6  Code  Gb  abort.o [2]
ackno                   0x2000'7ea8     0x4  Data  Lc  tcp_in.o [1]
arp_table               0x2000'7270    0xf0  Data  Lc  etharp.o [1]
bat_state               0x2000'7dec     0xc  Data  Gb  main.o [1]
battery_periodic        0x2000'7e48     0x4  Data  Gb  main.o [1]
brake                   0x2000'7f50     0x1  Data  Gb  udp_echoclient.o [1]
breakclear1             0x2000'7f3a     0x1  Data  Gb  udp_echoclient.o [1]
breakclear2             0x2000'7f3b     0x1  Data  Gb  udp_echoclient.o [1]
breakclear3             0x2000'7f3c     0x1  Data  Gb  udp_echoclient.o [1]
breakclear4             0x2000'7f3d     0x1  Data  Gb  udp_echoclient.o [1]
btorigin                0x2000'7ec8     0x4  Data  Gb  udp_echoclient.o [1]
btorigin1               0x2000'7f3e     0x1  Data  Gb  udp_echoclient.o [1]
btorigin2               0x2000'7f3f     0x1  Data  Gb  udp_echoclient.o [1]
btorigin3               0x2000'7f40     0x1  Data  Gb  udp_echoclient.o [1]
btorigin4               0x2000'7f41     0x1  Data  Gb  udp_echoclient.o [1]
can_Cmd_Q               0x2000'7bec    0x34  Data  Gb  main.o [1]
can_Cmd_Q_Ctr           0x2000'7e24     0x4  Data  Gb  main.o [1]
can_Cmd_Q_Push          0x2000'7e20     0x4  Data  Gb  main.o [1]
crc_array               0x2000'002c   0x100  Data  Gb  udp_echoclient.o [1]
cyclic_timer             0x800'2fc1    0x16  Code  Lc  timeouts.o [1]
data                    0x2000'7940    0x64  Data  Gb  udp_echoclient.o [1]
databuffer              0x2000'7610    0x98  Data  Gb  udp_echoclient.o [1]
dhcp_arp_reply           0x800'ccd5    0x20  Code  Gb  dhcp.o [1]
dhcp_bind                0x800'ce5b   0x10a  Code  Lc  dhcp.o [1]
dhcp_check               0x800'ca05    0x3c  Code  Lc  dhcp.o [1]
dhcp_coarse_tmr          0x800'cb3d    0x72  Code  Gb  dhcp.o [1]
dhcp_create_msg          0x800'd345   0x17e  Code  Lc  dhcp.o [1]
dhcp_create_msg::xid    0x2000'7e04     0x4  Data  Lc  dhcp.o [1]
dhcp_decline             0x800'ccf5    0x94  Code  Lc  dhcp.o [1]
dhcp_delete_msg          0x800'd4cd    0x1e  Code  Lc  dhcp.o [1]
dhcp_discover            0x800'cd89    0xd2  Code  Lc  dhcp.o [1]
dhcp_discover_request_options
                        0x2000'0000     0x4  Data  Lc  dhcp.o [1]
dhcp_fine_tmr            0x800'cbaf    0x38  Code  Gb  dhcp.o [1]
dhcp_option              0x800'd28f    0x26  Code  Lc  dhcp.o [1]
dhcp_option_byte         0x800'd2b5    0x12  Code  Lc  dhcp.o [1]
dhcp_option_long         0x800'd2f3    0x52  Code  Lc  dhcp.o [1]
dhcp_option_short        0x800'd2c7    0x2c  Code  Lc  dhcp.o [1]
dhcp_option_trailer      0x800'd4eb    0x40  Code  Lc  dhcp.o [1]
dhcp_pcb                0x2000'7e00     0x4  Data  Lc  dhcp.o [1]
dhcp_rebind              0x800'd021    0xba  Code  Lc  dhcp.o [1]
dhcp_reboot              0x800'd0db    0xd4  Code  Lc  dhcp.o [1]
dhcp_release             0x800'd1af    0xb6  Code  Gb  dhcp.o [1]
dhcp_renew               0x800'cf65    0xbc  Code  Gb  dhcp.o [1]
dhcp_select              0x800'ca41    0xfc  Code  Lc  dhcp.o [1]
dhcp_set_state           0x800'd279    0x16  Code  Lc  dhcp.o [1]
dhcp_supplied_address    0x800'd52b    0x26  Code  Gb  dhcp.o [1]
dhcp_t1_timeout          0x800'cc5b    0x3a  Code  Lc  dhcp.o [1]
dhcp_t2_timeout          0x800'cc95    0x40  Code  Lc  dhcp.o [1]
dhcp_timeout             0x800'cbe7    0x74  Code  Lc  dhcp.o [1]
do_memp_free_pool        0x800'2671     0xc  Code  Lc  memp.o [1]
do_memp_malloc_pool      0x800'263f    0x16  Code  Lc  memp.o [1]
dropDis                 0x2000'7f1c     0x2  Data  Gb  udp_echoclient.o [1]
emestopall              0x2000'7f34     0x1  Data  Gb  udp_echoclient.o [1]
enstateallm             0x2000'7f36     0x1  Data  Gb  udp_echoclient.o [1]
enstateallr             0x2000'7f35     0x1  Data  Gb  udp_echoclient.o [1]
etharp_cached_entry     0x2000'7f2b     0x1  Data  Lc  etharp.o [1]
etharp_cleanup_netif     0x800'c08d    0x44  Code  Gb  etharp.o [1]
etharp_find_entry        0x800'be01   0x1b0  Code  Lc  etharp.o [1]
etharp_free_entry        0x800'bcf1    0x32  Code  Lc  etharp.o [1]
etharp_input             0x800'c0d1   0x106  Code  Gb  etharp.o [1]
etharp_output            0x800'c28b   0x10a  Code  Gb  etharp.o [1]
etharp_output_to_arp_index
                         0x800'c1d7    0xb4  Code  Lc  etharp.o [1]
etharp_query             0x800'c395   0x172  Code  Gb  etharp.o [1]
etharp_raw               0x800'c507    0xb4  Code  Lc  etharp.o [1]
etharp_request           0x800'c5db     0xa  Code  Gb  etharp.o [1]
etharp_request_dst       0x800'c5bb    0x20  Code  Lc  etharp.o [1]
etharp_tmr               0x800'bd23    0xde  Code  Gb  etharp.o [1]
etharp_update_arp_entry
                         0x800'bfb1    0xdc  Code  Lc  etharp.o [1]
ethbroadcast             0x800'daec     0x8  Data  Gb  ethernet.o [1]
ethernet_input           0x800'c8e5    0xc6  Code  Gb  ethernet.o [1]
ethernet_output          0x800'c9b1    0x52  Code  Gb  ethernet.o [1]
ethernetif_init          0x800'3c5b    0x1e  Code  Gb  ethernetif.o [1]
ethernetif_input         0x800'3c33    0x28  Code  Gb  ethernetif.o [1]
ethernetif_notify_conn_changed
                         0x800'5b65    0x5e  Code  Gb  app_ethernet.o [1]
ethernetif_update_config
                         0x800'3c81    0xb8  Code  Gb  ethernetif.o [1]
ethzero                  0x800'daf4     0x8  Data  Gb  ethernet.o [1]
exit                     0x800'd943     0x4  Code  Gb  exit.o [2]
flags                   0x2000'7f32     0x1  Data  Lc  tcp_in.o [1]
fputc                    0x800'86c3    0x14  Code  Gb  bsp_debug_usart.o [1]
gnetif                  0x2000'7bb4    0x38  Data  Gb  main.o [1]
hCAN                    0x2000'7a3c    0x44  Data  Gb  bsp_CAN.o [1]
htimx                   0x2000'7b00    0x3c  Data  Gb  bsp_GeneralTIM.o [1]
husart_debug            0x2000'7a80    0x40  Data  Gb  bsp_debug_usart.o [1]
husart_debug_485        0x2000'7ac0    0x40  Data  Gb  bsp_debug_usart.o [1]
icmp_dest_unreach        0x800'49bd     0xe  Code  Gb  icmp.o [1]
icmp_input               0x800'4811   0x1a8  Code  Gb  icmp.o [1]
icmp_send_response       0x800'49d9    0x74  Code  Lc  icmp.o [1]
icmp_time_exceeded       0x800'49cb     0xe  Code  Gb  icmp.o [1]
index                   0x2000'7e0c     0x4  Data  Gb  main.o [1]
inet_chksum_pbuf         0x800'5c43    0x62  Code  Gb  inet_chksum.o [1]
inseg                   0x2000'7ddc    0x10  Data  Lc  tcp_in.o [1]
iomotor1                0x2000'7e10     0x4  Data  Gb  main.o [1]
iomotor2                0x2000'7e14     0x4  Data  Gb  main.o [1]
iomotor3                0x2000'7e18     0x4  Data  Gb  main.o [1]
iomotor4                0x2000'7e1c     0x4  Data  Gb  main.o [1]
ip4_addr_isbroadcast_u32
                         0x800'1985    0x4c  Code  Gb  ip4_addr.o [1]
ip4_frag                 0x800'4215   0x1c4  Code  Gb  ip4_frag.o [1]
ip4_input                0x800'3513   0x226  Code  Gb  ip4.o [1]
ip4_output_if            0x800'3739    0x30  Code  Gb  ip4.o [1]
ip4_output_if_src        0x800'3769    0xb4  Code  Gb  ip4.o [1]
ip4_reass                0x800'4039   0x1ae  Code  Gb  ip4_frag.o [1]
ip4_route                0x800'34a1    0x72  Code  Gb  ip4.o [1]
ip4addr_ntoa             0x800'19d1     0xc  Code  Gb  ip4_addr.o [1]
ip4addr_ntoa::str       0x2000'7dcc    0x10  Data  Lc  ip4_addr.o [1]
ip4addr_ntoa_r           0x800'19e5    0x96  Code  Gb  ip4_addr.o [1]
ip_addr_any              0x800'db34     0x4  Data  Gb  ip4_addr.o [1]
ip_addr_broadcast        0x800'db38     0x4  Data  Gb  ip4_addr.o [1]
ip_data                 0x2000'7db4    0x18  Data  Gb  ip.o [1]
ip_frag_alloc_pbuf_custom_ref
                         0x800'41e7     0xa  Code  Lc  ip4_frag.o [1]
ip_frag_free_pbuf_custom_ref
                         0x800'41f1     0xc  Code  Lc  ip4_frag.o [1]
ip_id                   0x2000'7f0a     0x2  Data  Lc  ip4.o [1]
ip_reass_chain_frag_into_datagram_and_validate
                         0x800'3f1f   0x11a  Code  Lc  ip4_frag.o [1]
ip_reass_dequeue_datagram
                         0x800'3eff    0x20  Code  Lc  ip4_frag.o [1]
ip_reass_enqueue_new_datagram
                         0x800'3ea5    0x5a  Code  Lc  ip4_frag.o [1]
ip_reass_free_complete_datagram
                         0x800'3dab    0x78  Code  Lc  ip4_frag.o [1]
ip_reass_pbufcount      0x2000'7f0c     0x2  Data  Lc  ip4_frag.o [1]
ip_reass_remove_oldest_datagram
                         0x800'3e23    0x82  Code  Lc  ip4_frag.o [1]
ip_reass_tmr             0x800'3d7d    0x2e  Code  Gb  ip4_frag.o [1]
ipfrag_free_pbuf_custom
                         0x800'41fd    0x18  Code  Lc  ip4_frag.o [1]
l1ang                   0x2000'7edc     0x4  Data  Gb  udp_echoclient.o [1]
l1angset                0x2000'7eec     0x4  Data  Gb  udp_echoclient.o [1]
l1speedset              0x2000'001c     0x8  Data  Gb  udp_echoclient.o [1]
l2ang                   0x2000'7ee0     0x4  Data  Gb  udp_echoclient.o [1]
l2angset                0x2000'7ef4     0x4  Data  Gb  udp_echoclient.o [1]
laser_front             0x2000'7e30     0x4  Data  Gb  main.o [1]
ldexp                    0x800'b7e5          Code  Gb  ldexp.o [3]
ldexpl                   0x800'b7e5          Code  Gb  ldexp.o [3]
lfree                   0x2000'7e54     0x4  Data  Lc  mem.o [1]
localeconv               0x800'b241     0x4  Code  Gb  xlocale_c.o [2]
low_level_init           0x800'396f   0x10a  Code  Lc  ethernetif.o [1]
low_level_input          0x800'3b4b    0xe8  Code  Lc  ethernetif.o [1]
low_level_output         0x800'3a79    0xd2  Code  Lc  ethernetif.o [1]
lwip_cyclic_timers       0x800'd868    0x28  Data  Gb  timeouts.o [1]
lwip_htonl               0x800'1ac5    0x1c  Code  Gb  def.o [1]
lwip_htons               0x800'1ab5    0x10  Code  Gb  def.o [1]
lwip_init                0x800'8ea9    0x1c  Code  Gb  init.o [1]
lwip_standard_chksum     0x800'5bdd    0x66  Code  Gb  inet_chksum.o [1]
main                     0x800'5d51    0xd8  Code  Gb  main.o [1]
mem_free                 0x800'316d    0x2e  Code  Gb  mem.o [1]
mem_init                 0x800'3131    0x3c  Code  Gb  mem.o [1]
mem_malloc               0x800'3291    0xe8  Code  Gb  mem.o [1]
mem_trim                 0x800'319b    0xf6  Code  Gb  mem.o [1]
memchr                   0x800'b2dd          Code  Gb  memchr.o [4]
memcmp                   0x800'd565          Code  Gb  memcmp.o [4]
memp_FRAG_PBUF           0x800'da9c     0xc  Data  Gb  memp.o [1]
memp_PBUF                0x800'dab4     0xc  Data  Gb  memp.o [1]
memp_PBUF_POOL           0x800'dac0     0xc  Data  Gb  memp.o [1]
memp_REASSDATA           0x800'da90     0xc  Data  Gb  memp.o [1]
memp_SYS_TIMEOUT         0x800'daa8     0xc  Data  Gb  memp.o [1]
memp_TCP_PCB             0x800'da6c     0xc  Data  Gb  memp.o [1]
memp_TCP_PCB_LISTEN      0x800'da78     0xc  Data  Gb  memp.o [1]
memp_TCP_SEG             0x800'da84     0xc  Data  Gb  memp.o [1]
memp_UDP_PCB             0x800'da60     0xc  Data  Gb  memp.o [1]
memp_free                0x800'267d    0x1c  Code  Gb  memp.o [1]
memp_init                0x800'261f    0x20  Code  Gb  memp.o [1]
memp_init_pool           0x800'25f5    0x2a  Code  Gb  memp.o [1]
memp_malloc              0x800'2655    0x1c  Code  Gb  memp.o [1]
memp_memory_FRAG_PBUF_base
                        0x2000'7004   0x16c  Data  Gb  memp.o [1]
memp_memory_PBUF_POOL_base
                        0x2000'59b4  0x1084  Data  Gb  memp.o [1]
memp_memory_PBUF_base   0x2000'756c    0xa4  Data  Gb  memp.o [1]
memp_memory_REASSDATA_base
                        0x2000'7424    0xa4  Data  Gb  memp.o [1]
memp_memory_SYS_TIMEOUT_base
                        0x2000'74c8    0xa4  Data  Gb  memp.o [1]
memp_memory_TCP_PCB_LISTEN_base
                        0x2000'76a8    0x90  Data  Gb  memp.o [1]
memp_memory_TCP_PCB_base
                        0x2000'6a38   0x5cc  Data  Gb  memp.o [1]
memp_memory_TCP_SEG_base
                        0x2000'7738    0x84  Data  Gb  memp.o [1]
memp_memory_UDP_PCB_base
                        0x2000'7360    0xc4  Data  Gb  memp.o [1]
memp_pools               0x800'd8b8    0x24  Data  Gb  memp.o [1]
memp_tab_FRAG_PBUF      0x2000'7e6c     0x4  Data  Lc  memp.o [1]
memp_tab_PBUF           0x2000'7e74     0x4  Data  Lc  memp.o [1]
memp_tab_PBUF_POOL      0x2000'7e78     0x4  Data  Lc  memp.o [1]
memp_tab_REASSDATA      0x2000'7e68     0x4  Data  Lc  memp.o [1]
memp_tab_SYS_TIMEOUT    0x2000'7e70     0x4  Data  Lc  memp.o [1]
memp_tab_TCP_PCB        0x2000'7e5c     0x4  Data  Lc  memp.o [1]
memp_tab_TCP_PCB_LISTEN
                        0x2000'7e60     0x4  Data  Lc  memp.o [1]
memp_tab_TCP_SEG        0x2000'7e64     0x4  Data  Lc  memp.o [1]
memp_tab_UDP_PCB        0x2000'7e58     0x4  Data  Lc  memp.o [1]
modbus_Cmd_Q            0x2000'7c20    0x34  Data  Gb  main.o [1]
modbus_Cmd_Q_Ctr        0x2000'7e2c     0x4  Data  Gb  main.o [1]
modbus_Cmd_Q_Push       0x2000'7e28     0x4  Data  Gb  main.o [1]
motor1ang               0x2000'7ecc     0x4  Data  Gb  udp_echoclient.o [1]
motor2ang               0x2000'7ed0     0x4  Data  Gb  udp_echoclient.o [1]
motor3ang               0x2000'7ed4     0x4  Data  Gb  udp_echoclient.o [1]
motor4ang               0x2000'7ed8     0x4  Data  Gb  udp_echoclient.o [1]
moveflag2               0x2000'7f4f     0x1  Data  Gb  udp_echoclient.o [1]
netif_add                0x800'7ef3    0x7e  Code  Gb  netif.o [1]
netif_default           0x2000'7e80     0x4  Data  Gb  netif.o [1]
netif_init               0x800'7ef1     0x2  Code  Gb  netif.o [1]
netif_issue_reports      0x800'8057    0x1c  Code  Lc  netif.o [1]
netif_list              0x2000'7e7c     0x4  Data  Gb  netif.o [1]
netif_num               0x2000'7f2e     0x1  Data  Lc  netif.o [1]
netif_set_addr           0x800'7f71    0x48  Code  Gb  netif.o [1]
netif_set_default        0x800'8019     0x6  Code  Gb  netif.o [1]
netif_set_down           0x800'8073    0x24  Code  Gb  netif.o [1]
netif_set_gw             0x800'7ffd     0xe  Code  Gb  netif.o [1]
netif_set_ipaddr         0x800'7fb9    0x44  Code  Gb  netif.o [1]
netif_set_link_callback
                         0x800'8097     0x8  Code  Gb  netif.o [1]
netif_set_netmask        0x800'800b     0xe  Code  Gb  netif.o [1]
netif_set_up             0x800'8031    0x26  Code  Gb  netif.o [1]
next_timeout            0x2000'7eb4     0x4  Data  Lc  timeouts.o [1]
obuf                    0x2000'79a4    0x50  Data  Lc  xfiles.o [2]
origindone1             0x2000'7f4a     0x1  Data  Gb  udp_echoclient.o [1]
origindone2             0x2000'7f4b     0x1  Data  Gb  udp_echoclient.o [1]
origindone3             0x2000'7f4c     0x1  Data  Gb  udp_echoclient.o [1]
origindone4             0x2000'7f4d     0x1  Data  Gb  udp_echoclient.o [1]
originrec               0x2000'7f4e     0x1  Data  Gb  udp_echoclient.o [1]
originstate             0x2000'01fe     0x1  Data  Gb  udp_echoclient.o [1]
pbuf_alloc               0x800'1325   0x16a  Code  Gb  pbuf.o [1]
pbuf_alloced_custom      0x800'148f    0x7a  Code  Gb  pbuf.o [1]
pbuf_cat                 0x800'16e1    0x28  Code  Gb  pbuf.o [1]
pbuf_chain               0x800'1709    0x12  Code  Gb  pbuf.o [1]
pbuf_clen                0x800'16c3    0x12  Code  Gb  pbuf.o [1]
pbuf_copy                0x800'171b    0xd0  Code  Gb  pbuf.o [1]
pbuf_copy_partial        0x800'17eb    0x98  Code  Gb  pbuf.o [1]
pbuf_free                0x800'1653    0x70  Code  Gb  pbuf.o [1]
pbuf_header              0x800'163b     0xc  Code  Gb  pbuf.o [1]
pbuf_header_force        0x800'1647     0xc  Code  Gb  pbuf.o [1]
pbuf_header_impl         0x800'1577    0xc4  Code  Lc  pbuf.o [1]
pbuf_realloc             0x800'1509    0x6e  Code  Gb  pbuf.o [1]
pbuf_ref                 0x800'16d5     0xc  Code  Gb  pbuf.o [1]
pbuf_take                0x800'1883    0x88  Code  Gb  pbuf.o [1]
plug_holes               0x800'30cd    0x64  Code  Lc  mem.o [1]
posSet                  0x2000'0014     0x8  Data  Gb  udp_echoclient.o [1]
posdone                 0x2000'7f39     0x1  Data  Gb  udp_echoclient.o [1]
printf                   0x800'5b01    0x28  Code  Gb  printf.o [2]
putchar                  0x800'd9bd     0xc  Code  Gb  putchar.o [2]
r1ang                   0x2000'7ee4     0x4  Data  Gb  udp_echoclient.o [1]
r1angset                0x2000'7ef0     0x4  Data  Gb  udp_echoclient.o [1]
r1speedset              0x2000'0024     0x8  Data  Gb  udp_echoclient.o [1]
r2ang                   0x2000'7ee8     0x4  Data  Gb  udp_echoclient.o [1]
r2angset                0x2000'7ef8     0x4  Data  Gb  udp_echoclient.o [1]
ram                     0x2000'7e4c     0x4  Data  Lc  mem.o [1]
ram_end                 0x2000'7e50     0x4  Data  Lc  mem.o [1]
ram_heap                0x2000'0200  0x2814  Data  Gb  mem.o [1]
rand                     0x800'd5cd    0x94  Code  Gb  rand.o [2]
readymotor1             0x2000'7f42     0x1  Data  Gb  udp_echoclient.o [1]
readymotor2             0x2000'7f43     0x1  Data  Gb  udp_echoclient.o [1]
readymotor3             0x2000'7f44     0x1  Data  Gb  udp_echoclient.o [1]
readymotor4             0x2000'7f45     0x1  Data  Gb  udp_echoclient.o [1]
reassdatagrams          0x2000'7e08     0x4  Data  Lc  ip4_frag.o [1]
recv_acked              0x2000'7f16     0x2  Data  Lc  tcp_in.o [1]
recv_data               0x2000'7eac     0x4  Data  Lc  tcp_in.o [1]
recv_flags              0x2000'7f33     0x1  Data  Lc  tcp_in.o [1]
scalbln                  0x800'b7e5          Code  Gb  ldexp.o [3]
scalblnl                 0x800'b7e5          Code  Gb  ldexp.o [3]
scalbn                   0x800'b7e5          Code  Gb  ldexp.o [3]
scalbnl                  0x800'b7e5          Code  Gb  ldexp.o [3]
scale                    0x800'773f    0x46  Code  Lc  xprintffull.o [2]
sec_hand                0x2000'7f04     0x4  Data  Lc  xfail_s.o [2]
seekoncedone1           0x2000'7f46     0x1  Data  Gb  udp_echoclient.o [1]
seekoncedone2           0x2000'7f47     0x1  Data  Gb  udp_echoclient.o [1]
seekoncedone3           0x2000'7f48     0x1  Data  Gb  udp_echoclient.o [1]
seekoncedone4           0x2000'7f49     0x1  Data  Gb  udp_echoclient.o [1]
selfspeedcontrol        0x2000'7f37     0x1  Data  Gb  udp_echoclient.o [1]
seqno                   0x2000'7ea4     0x4  Data  Lc  tcp_in.o [1]
setSpeed                0x2000'000c     0x8  Data  Gb  udp_echoclient.o [1]
sprintf                  0x800'7eb1    0x40  Code  Gb  sprintf.o [2]
state_check_flag        0x2000'7e44     0x4  Data  Gb  main.o [1]
strchr                   0x800'b24d          Code  Gb  strchr.o [4]
strlen                   0x800'b2a5          Code  Gb  strlen.o [4]
sys_now                  0x800'3c79     0x8  Code  Gb  ethernetif.o [1]
sys_timeout              0x800'2ffd    0xae  Code  Gb  timeouts.o [1]
sys_timeouts_init        0x800'2fd7    0x26  Code  Gb  timeouts.o [1]
tcp_abandon              0x800'1cf3    0xce  Code  Gb  tcp.o [1]
tcp_abort                0x800'1dc1     0xa  Code  Gb  tcp.o [1]
tcp_active_pcbs         0x2000'7e94     0x4  Data  Gb  tcp.o [1]
tcp_active_pcbs_changed
                        0x2000'7f2f     0x1  Data  Gb  tcp.o [1]
tcp_alloc                0x800'2395    0xbe  Code  Gb  tcp.o [1]
tcp_backoff              0x800'da30    0x10  Data  Lc  tcp.o [1]
tcp_bound_pcbs          0x2000'7e8c     0x4  Data  Gb  tcp.o [1]
tcp_close                0x800'1cd9    0x1a  Code  Gb  tcp.o [1]
tcp_close_shutdown       0x800'1b33   0x1a6  Code  Lc  tcp.o [1]
tcp_create_segment       0x800'275f    0xcc  Code  Lc  tcp_out.o [1]
tcp_eff_send_mss_impl    0x800'251b    0x38  Code  Gb  tcp.o [1]
tcp_enqueue_flags        0x800'282b    0xec  Code  Gb  tcp_out.o [1]
tcp_fasttmr              0x800'2177    0x64  Code  Gb  tcp.o [1]
tcp_getoptbyte           0x800'1219    0x42  Code  Lc  tcp_in.o [1]
tcp_init                 0x800'1ae1     0x2  Code  Gb  tcp.o [1]
tcp_input                0x800'0189   0x45c  Code  Gb  tcp_in.o [1]
tcp_input_pcb           0x2000'7eb0     0x4  Data  Gb  tcp_in.o [1]
tcp_keepalive            0x800'2e1b    0x58  Code  Gb  tcp_out.o [1]
tcp_kill_prio            0x800'22bd    0x4c  Code  Lc  tcp.o [1]
tcp_kill_state           0x800'230d    0x40  Code  Lc  tcp.o [1]
tcp_kill_timewait        0x800'2355    0x30  Code  Lc  tcp.o [1]
tcp_listen_closed        0x800'1b13    0x20  Code  Lc  tcp.o [1]
tcp_listen_input         0x800'05e5   0x11a  Code  Lc  tcp_in.o [1]
tcp_listen_pcbs         0x2000'7e90     0x4  Data  Gb  tcp.o [1]
tcp_netif_ip_addr_changed
                         0x800'2575    0x4a  Code  Gb  tcp.o [1]
tcp_netif_ip_addr_changed_pcblist
                         0x800'2553    0x22  Code  Lc  tcp.o [1]
tcp_next_iss             0x800'250b    0x10  Code  Gb  tcp.o [1]
tcp_next_iss::iss       0x2000'0008     0x4  Data  Lc  tcp.o [1]
tcp_optidx              0x2000'7f14     0x2  Data  Lc  tcp_in.o [1]
tcp_output               0x800'2997   0x226  Code  Gb  tcp_out.o [1]
tcp_output_alloc_header
                         0x800'26a1    0x74  Code  Lc  tcp_out.o [1]
tcp_output_segment       0x800'2bbd    0xb8  Code  Lc  tcp_out.o [1]
tcp_parseopt             0x800'125b    0x8a  Code  Lc  tcp_in.o [1]
tcp_pcb_lists            0x800'da40    0x10  Data  Gb  tcp.o [1]
tcp_pcb_purge            0x800'2459    0x4e  Code  Gb  tcp.o [1]
tcp_pcb_remove           0x800'24a7    0x64  Code  Gb  tcp.o [1]
tcp_persist_backoff      0x800'db14     0x8  Data  Lc  tcp.o [1]
tcp_process              0x800'0785   0x502  Code  Lc  tcp_in.o [1]
tcp_process_refused_data
                         0x800'21db    0x8c  Code  Gb  tcp.o [1]
tcp_receive              0x800'0cc5   0x54e  Code  Lc  tcp_in.o [1]
tcp_recv_null            0x800'2297    0x26  Code  Gb  tcp.o [1]
tcp_recved               0x800'1e15    0x58  Code  Gb  tcp.o [1]
tcp_remove_listener      0x800'1aff    0x14  Code  Lc  tcp.o [1]
tcp_rexmit               0x800'2d4d    0x5a  Code  Gb  tcp_out.o [1]
tcp_rexmit_fast          0x800'2da7    0x74  Code  Gb  tcp_out.o [1]
tcp_rexmit_rto           0x800'2d19    0x34  Code  Gb  tcp_out.o [1]
tcp_rst                  0x800'2c81    0x98  Code  Gb  tcp_out.o [1]
tcp_seg_free             0x800'2279    0x1e  Code  Gb  tcp.o [1]
tcp_segs_free            0x800'2267    0x12  Code  Gb  tcp.o [1]
tcp_send_empty_ack       0x800'2917    0x80  Code  Gb  tcp_out.o [1]
tcp_send_fin             0x800'2715    0x4a  Code  Gb  tcp_out.o [1]
tcp_slowtmr              0x800'1e6d   0x30a  Code  Gb  tcp.o [1]
tcp_ticks               0x2000'7e88     0x4  Data  Gb  tcp.o [1]
tcp_timer               0x2000'7f30     0x1  Data  Lc  tcp.o [1]
tcp_timer_ctr           0x2000'7f31     0x1  Data  Lc  tcp.o [1]
tcp_timer_needed         0x800'2f97    0x2a  Code  Gb  timeouts.o [1]
tcp_timewait_input       0x800'06ff    0x86  Code  Lc  tcp_in.o [1]
tcp_tmr                  0x800'1ae3    0x1c  Code  Gb  tcp.o [1]
tcp_trigger_input_pcb_close
                         0x800'12e5     0xc  Code  Gb  tcp_in.o [1]
tcp_tw_pcbs             0x2000'7e98     0x4  Data  Gb  tcp.o [1]
tcp_update_rcv_ann_wnd   0x800'1dcb    0x4a  Code  Gb  tcp.o [1]
tcp_zero_window_probe    0x800'2e73    0xdc  Code  Gb  tcp_out.o [1]
tcphdr                  0x2000'7e9c     0x4  Data  Lc  tcp_in.o [1]
tcphdr_opt1len          0x2000'7f12     0x2  Data  Lc  tcp_in.o [1]
tcphdr_opt2             0x2000'7ea0     0x4  Data  Lc  tcp_in.o [1]
tcphdr_optlen           0x2000'7f10     0x2  Data  Lc  tcp_in.o [1]
tcpip_tcp_timer          0x800'2f6d    0x2a  Code  Lc  timeouts.o [1]
tcpip_tcp_timer_active  0x2000'7ebc     0x4  Data  Lc  timeouts.o [1]
tcplen                  0x2000'7f18     0x2  Data  Lc  tcp_in.o [1]
third                   0x2000'7f1e     0x2  Data  Gb  udp_echoclient.o [1]
timeouts_last_time      0x2000'7eb8     0x4  Data  Lc  timeouts.o [1]
timfault                0x2000'7f52     0x1  Data  Gb  udp_echoclient.o [1]
timloss                 0x2000'7f51     0x1  Data  Gb  udp_echoclient.o [1]
tmp_Rx_Buf              0x2000'7f2a     0x1  Data  Gb  bsp_debug_usart.o [1]
tmper                   0x2000'7f28     0x2  Data  Gb  udp_echoclient.o [1]
turn90                  0x2000'7f38     0x1  Data  Gb  udp_echoclient.o [1]
udp_bind                 0x800'4719    0x8e  Code  Gb  udp.o [1]
udp_echoclient_connect   0x800'8edf    0x52  Code  Gb  udp_echoclient.o [1]
udp_init                 0x800'43e5     0x2  Code  Gb  udp.o [1]
udp_input                0x800'4481   0x146  Code  Gb  udp.o [1]
udp_input_local_match    0x800'4433    0x4e  Code  Lc  udp.o [1]
udp_netif_ip_addr_changed
                         0x800'47cf    0x32  Code  Gb  udp.o [1]
udp_new                  0x800'47ad    0x22  Code  Gb  udp.o [1]
udp_new_port             0x800'43e7    0x4c  Code  Lc  udp.o [1]
udp_pcbs                0x2000'7ec0     0x4  Data  Gb  udp.o [1]
udp_port                0x2000'01fc     0x2  Data  Lc  udp.o [1]
udp_receive_callback     0x800'8f99   0xf2c  Code  Gb  udp_echoclient.o [1]
udp_recv                 0x800'47a7     0x6  Code  Gb  udp.o [1]
udp_send_t2              0x800'8f31    0x40  Code  Gb  udp_echoclient.o [1]
udp_sendto               0x800'45c7    0x3a  Code  Gb  udp.o [1]
udp_sendto_if            0x800'4601    0x46  Code  Gb  udp.o [1]
udp_sendto_if_src        0x800'4647    0xd2  Code  Gb  udp.o [1]
ultraDis                0x2000'7f1a     0x2  Data  Gb  udp_echoclient.o [1]
ultra_front             0x2000'7e34     0x4  Data  Gb  main.o [1]
upcb                    0x2000'7ec4     0x4  Data  Gb  udp_echoclient.o [1]
uwTick                  0x2000'7e84     0x4  Data  Gb  stm32f4xx_hal.o [1]
vhall                   0x2000'7f24     0x2  Data  Gb  udp_echoclient.o [1]
whall                   0x2000'7f26     0x2  Data  Gb  udp_echoclient.o [1]
zone1_obst              0x2000'7e38     0x4  Data  Gb  main.o [1]
zone2_obst              0x2000'7e3c     0x4  Data  Gb  main.o [1]
zone3_obst              0x2000'7e40     0x4  Data  Gb  main.o [1]


[1] = G:\test\robotpatrol\µ×°å¿ØÖÆ20190414\EWARM\YS-F4Pro\Obj
[2] = dl7M_tlf.a
[3] = m7M_tls.a
[4] = rt7M_tl.a
[5] = shb_l.a

  55 640 bytes of readonly  code memory
   1 124 bytes of readonly  data memory
  33 618 bytes of readwrite data memory

Errors: none
Warnings: none
