###############################################################################
#
# IAR ELF Linker V8.32.1.169/W32 for ARM                  17/Apr/2019  20:57:14
# Copyright 2007-2018 IAR Systems AB.
#
#    Output file  =  
#        G:\test\robotpatrol\µ×°å¿ØÖÆ20190414\EWARM\YS-F4Pro\Exe\YS-F4Pro.out
#    Map file     =  
#        G:\test\robotpatrol\µ×°å¿ØÖÆ20190414\EWARM\YS-F4Pro\List\YS-F4Pro.map
#    Command line =  
#        -f C:\Users\micro\AppData\Local\Temp\EWF6F8.tmp
#        (G:\test\robotpatrol\µ×°å¿ØÖÆ20190414\EWARM\YS-F4Pro\Obj\api_lib.o
#        G:\test\robotpatrol\µ×°å¿ØÖÆ20190414\EWARM\YS-F4Pro\Obj\api_msg.o
#        G:\test\robotpatrol\µ×°å¿ØÖÆ20190414\EWARM\YS-F4Pro\Obj\app_ethernet.o
#        G:\test\robotpatrol\µ×°å¿ØÖÆ20190414\EWARM\YS-F4Pro\Obj\autoip.o
#        G:\test\robotpatrol\µ×°å¿ØÖÆ20190414\EWARM\YS-F4Pro\Obj\bsp_CAN.o
#        G:\test\robotpatrol\µ×°å¿ØÖÆ20190414\EWARM\YS-F4Pro\Obj\bsp_debug_usart.o
#        G:\test\robotpatrol\µ×°å¿ØÖÆ20190414\EWARM\YS-F4Pro\Obj\bsp_GeneralTIM.o
#        G:\test\robotpatrol\µ×°å¿ØÖÆ20190414\EWARM\YS-F4Pro\Obj\bsp_io.o
#        G:\test\robotpatrol\µ×°å¿ØÖÆ20190414\EWARM\YS-F4Pro\Obj\bsp_key.o
#        G:\test\robotpatrol\µ×°å¿ØÖÆ20190414\EWARM\YS-F4Pro\Obj\bsp_MB_host.o
#        G:\test\robotpatrol\µ×°å¿ØÖÆ20190414\EWARM\YS-F4Pro\Obj\def.o
#        G:\test\robotpatrol\µ×°å¿ØÖÆ20190414\EWARM\YS-F4Pro\Obj\dhcp.o
#        G:\test\robotpatrol\µ×°å¿ØÖÆ20190414\EWARM\YS-F4Pro\Obj\dns.o
#        G:\test\robotpatrol\µ×°å¿ØÖÆ20190414\EWARM\YS-F4Pro\Obj\err.o
#        G:\test\robotpatrol\µ×°å¿ØÖÆ20190414\EWARM\YS-F4Pro\Obj\etharp.o
#        G:\test\robotpatrol\µ×°å¿ØÖÆ20190414\EWARM\YS-F4Pro\Obj\ethernet.o
#        G:\test\robotpatrol\µ×°å¿ØÖÆ20190414\EWARM\YS-F4Pro\Obj\ethernetif.o
#        G:\test\robotpatrol\µ×°å¿ØÖÆ20190414\EWARM\YS-F4Pro\Obj\icmp.o
#        G:\test\robotpatrol\µ×°å¿ØÖÆ20190414\EWARM\YS-F4Pro\Obj\igmp.o
#        G:\test\robotpatrol\µ×°å¿ØÖÆ20190414\EWARM\YS-F4Pro\Obj\inet_chksum.o
#        G:\test\robotpatrol\µ×°å¿ØÖÆ20190414\EWARM\YS-F4Pro\Obj\init.o
#        G:\test\robotpatrol\µ×°å¿ØÖÆ20190414\EWARM\YS-F4Pro\Obj\ip.o
#        G:\test\robotpatrol\µ×°å¿ØÖÆ20190414\EWARM\YS-F4Pro\Obj\ip4.o
#        G:\test\robotpatrol\µ×°å¿ØÖÆ20190414\EWARM\YS-F4Pro\Obj\ip4_addr.o
#        G:\test\robotpatrol\µ×°å¿ØÖÆ20190414\EWARM\YS-F4Pro\Obj\ip4_frag.o
#        G:\test\robotpatrol\µ×°å¿ØÖÆ20190414\EWARM\YS-F4Pro\Obj\main.o
#        G:\test\robotpatrol\µ×°å¿ØÖÆ20190414\EWARM\YS-F4Pro\Obj\mem.o
#        G:\test\robotpatrol\µ×°å¿ØÖÆ20190414\EWARM\YS-F4Pro\Obj\memp.o
#        G:\test\robotpatrol\µ×°å¿ØÖÆ20190414\EWARM\YS-F4Pro\Obj\netbuf.o
#        G:\test\robotpatrol\µ×°å¿ØÖÆ20190414\EWARM\YS-F4Pro\Obj\netdb.o
#        G:\test\robotpatrol\µ×°å¿ØÖÆ20190414\EWARM\YS-F4Pro\Obj\netif.o
#        G:\test\robotpatrol\µ×°å¿ØÖÆ20190414\EWARM\YS-F4Pro\Obj\netifapi.o
#        G:\test\robotpatrol\µ×°å¿ØÖÆ20190414\EWARM\YS-F4Pro\Obj\pbuf.o
#        G:\test\robotpatrol\µ×°å¿ØÖÆ20190414\EWARM\YS-F4Pro\Obj\raw.o
#        G:\test\robotpatrol\µ×°å¿ØÖÆ20190414\EWARM\YS-F4Pro\Obj\sockets.o
#        G:\test\robotpatrol\µ×°å¿ØÖÆ20190414\EWARM\YS-F4Pro\Obj\SPEED.o
#        G:\test\robotpatrol\µ×°å¿ØÖÆ20190414\EWARM\YS-F4Pro\Obj\startup_stm32f407xx.o
#        G:\test\robotpatrol\µ×°å¿ØÖÆ20190414\EWARM\YS-F4Pro\Obj\stats.o
#        G:\test\robotpatrol\µ×°å¿ØÖÆ20190414\EWARM\YS-F4Pro\Obj\stm32f4xx_assert.o
#        G:\test\robotpatrol\µ×°å¿ØÖÆ20190414\EWARM\YS-F4Pro\Obj\stm32f4xx_hal.o
#        G:\test\robotpatrol\µ×°å¿ØÖÆ20190414\EWARM\YS-F4Pro\Obj\stm32f4xx_hal_adc.o
#        G:\test\robotpatrol\µ×°å¿ØÖÆ20190414\EWARM\YS-F4Pro\Obj\stm32f4xx_hal_adc_ex.o
#        G:\test\robotpatrol\µ×°å¿ØÖÆ20190414\EWARM\YS-F4Pro\Obj\stm32f4xx_hal_can.o
#        G:\test\robotpatrol\µ×°å¿ØÖÆ20190414\EWARM\YS-F4Pro\Obj\stm32f4xx_hal_cec.o
#        G:\test\robotpatrol\µ×°å¿ØÖÆ20190414\EWARM\YS-F4Pro\Obj\stm32f4xx_hal_cortex.o
#        G:\test\robotpatrol\µ×°å¿ØÖÆ20190414\EWARM\YS-F4Pro\Obj\stm32f4xx_hal_crc.o
#        G:\test\robotpatrol\µ×°å¿ØÖÆ20190414\EWARM\YS-F4Pro\Obj\stm32f4xx_hal_cryp.o
#        G:\test\robotpatrol\µ×°å¿ØÖÆ20190414\EWARM\YS-F4Pro\Obj\stm32f4xx_hal_cryp_ex.o
#        G:\test\robotpatrol\µ×°å¿ØÖÆ20190414\EWARM\YS-F4Pro\Obj\stm32f4xx_hal_dac.o
#        G:\test\robotpatrol\µ×°å¿ØÖÆ20190414\EWARM\YS-F4Pro\Obj\stm32f4xx_hal_dac_ex.o
#        G:\test\robotpatrol\µ×°å¿ØÖÆ20190414\EWARM\YS-F4Pro\Obj\stm32f4xx_hal_dcmi.o
#        G:\test\robotpatrol\µ×°å¿ØÖÆ20190414\EWARM\YS-F4Pro\Obj\stm32f4xx_hal_dcmi_ex.o
#        G:\test\robotpatrol\µ×°å¿ØÖÆ20190414\EWARM\YS-F4Pro\Obj\stm32f4xx_hal_dfsdm.o
#        G:\test\robotpatrol\µ×°å¿ØÖÆ20190414\EWARM\YS-F4Pro\Obj\stm32f4xx_hal_dma.o
#        G:\test\robotpatrol\µ×°å¿ØÖÆ20190414\EWARM\YS-F4Pro\Obj\stm32f4xx_hal_dma2d.o
#        G:\test\robotpatrol\µ×°å¿ØÖÆ20190414\EWARM\YS-F4Pro\Obj\stm32f4xx_hal_dma_ex.o
#        G:\test\robotpatrol\µ×°å¿ØÖÆ20190414\EWARM\YS-F4Pro\Obj\stm32f4xx_hal_dsi.o
#        G:\test\robotpatrol\µ×°å¿ØÖÆ20190414\EWARM\YS-F4Pro\Obj\stm32f4xx_hal_eth.o
#        G:\test\robotpatrol\µ×°å¿ØÖÆ20190414\EWARM\YS-F4Pro\Obj\stm32f4xx_hal_flash.o
#        G:\test\robotpatrol\µ×°å¿ØÖÆ20190414\EWARM\YS-F4Pro\Obj\stm32f4xx_hal_flash_ex.o
#        G:\test\robotpatrol\µ×°å¿ØÖÆ20190414\EWARM\YS-F4Pro\Obj\stm32f4xx_hal_flash_ramfunc.o
#        G:\test\robotpatrol\µ×°å¿ØÖÆ20190414\EWARM\YS-F4Pro\Obj\stm32f4xx_hal_fmpi2c.o
#        G:\test\robotpatrol\µ×°å¿ØÖÆ20190414\EWARM\YS-F4Pro\Obj\stm32f4xx_hal_fmpi2c_ex.o
#        G:\test\robotpatrol\µ×°å¿ØÖÆ20190414\EWARM\YS-F4Pro\Obj\stm32f4xx_hal_gpio.o
#        G:\test\robotpatrol\µ×°å¿ØÖÆ20190414\EWARM\YS-F4Pro\Obj\stm32f4xx_hal_hash.o
#        G:\test\robotpatrol\µ×°å¿ØÖÆ20190414\EWARM\YS-F4Pro\Obj\stm32f4xx_hal_hash_ex.o
#        G:\test\robotpatrol\µ×°å¿ØÖÆ20190414\EWARM\YS-F4Pro\Obj\stm32f4xx_hal_hcd.o
#        G:\test\robotpatrol\µ×°å¿ØÖÆ20190414\EWARM\YS-F4Pro\Obj\stm32f4xx_hal_i2c.o
#        G:\test\robotpatrol\µ×°å¿ØÖÆ20190414\EWARM\YS-F4Pro\Obj\stm32f4xx_hal_i2c_ex.o
#        G:\test\robotpatrol\µ×°å¿ØÖÆ20190414\EWARM\YS-F4Pro\Obj\stm32f4xx_hal_i2s.o
#        G:\test\robotpatrol\µ×°å¿ØÖÆ20190414\EWARM\YS-F4Pro\Obj\stm32f4xx_hal_i2s_ex.o
#        G:\test\robotpatrol\µ×°å¿ØÖÆ20190414\EWARM\YS-F4Pro\Obj\stm32f4xx_hal_irda.o
#        G:\test\robotpatrol\µ×°å¿ØÖÆ20190414\EWARM\YS-F4Pro\Obj\stm32f4xx_hal_iwdg.o
#        G:\test\robotpatrol\µ×°å¿ØÖÆ20190414\EWARM\YS-F4Pro\Obj\stm32f4xx_hal_lptim.o
#        G:\test\robotpatrol\µ×°å¿ØÖÆ20190414\EWARM\YS-F4Pro\Obj\stm32f4xx_hal_ltdc.o
#        G:\test\robotpatrol\µ×°å¿ØÖÆ20190414\EWARM\YS-F4Pro\Obj\stm32f4xx_hal_ltdc_ex.o
#        G:\test\robotpatrol\µ×°å¿ØÖÆ20190414\EWARM\YS-F4Pro\Obj\stm32f4xx_hal_mmc.o
#        G:\test\robotpatrol\µ×°å¿ØÖÆ20190414\EWARM\YS-F4Pro\Obj\stm32f4xx_hal_msp.o
#        G:\test\robotpatrol\µ×°å¿ØÖÆ20190414\EWARM\YS-F4Pro\Obj\stm32f4xx_hal_nand.o
#        G:\test\robotpatrol\µ×°å¿ØÖÆ20190414\EWARM\YS-F4Pro\Obj\stm32f4xx_hal_nor.o
#        G:\test\robotpatrol\µ×°å¿ØÖÆ20190414\EWARM\YS-F4Pro\Obj\stm32f4xx_hal_pccard.o
#        G:\test\robotpatrol\µ×°å¿ØÖÆ20190414\EWARM\YS-F4Pro\Obj\stm32f4xx_hal_pcd.o
#        G:\test\robotpatrol\µ×°å¿ØÖÆ20190414\EWARM\YS-F4Pro\Obj\stm32f4xx_hal_pcd_ex.o
#        G:\test\robotpatrol\µ×°å¿ØÖÆ20190414\EWARM\YS-F4Pro\Obj\stm32f4xx_hal_pwr.o
#        G:\test\robotpatrol\µ×°å¿ØÖÆ20190414\EWARM\YS-F4Pro\Obj\stm32f4xx_hal_pwr_ex.o
#        G:\test\robotpatrol\µ×°å¿ØÖÆ20190414\EWARM\YS-F4Pro\Obj\stm32f4xx_hal_qspi.o
#        G:\test\robotpatrol\µ×°å¿ØÖÆ20190414\EWARM\YS-F4Pro\Obj\stm32f4xx_hal_rcc.o
#        G:\test\robotpatrol\µ×°å¿ØÖÆ20190414\EWARM\YS-F4Pro\Obj\stm32f4xx_hal_rcc_ex.o
#        G:\test\robotpatrol\µ×°å¿ØÖÆ20190414\EWARM\YS-F4Pro\Obj\stm32f4xx_hal_rng.o
#        G:\test\robotpatrol\µ×°å¿ØÖÆ20190414\EWARM\YS-F4Pro\Obj\stm32f4xx_hal_rtc.o
#        G:\test\robotpatrol\µ×°å¿ØÖÆ20190414\EWARM\YS-F4Pro\Obj\stm32f4xx_hal_rtc_ex.o
#        G:\test\robotpatrol\µ×°å¿ØÖÆ20190414\EWARM\YS-F4Pro\Obj\stm32f4xx_hal_sai.o
#        G:\test\robotpatrol\µ×°å¿ØÖÆ20190414\EWARM\YS-F4Pro\Obj\stm32f4xx_hal_sai_ex.o
#        G:\test\robotpatrol\µ×°å¿ØÖÆ20190414\EWARM\YS-F4Pro\Obj\stm32f4xx_hal_sd.o
#        G:\test\robotpatrol\µ×°å¿ØÖÆ20190414\EWARM\YS-F4Pro\Obj\stm32f4xx_hal_sdram.o
#        G:\test\robotpatrol\µ×°å¿ØÖÆ20190414\EWARM\YS-F4Pro\Obj\stm32f4xx_hal_smartcard.o
#        G:\test\robotpatrol\µ×°å¿ØÖÆ20190414\EWARM\YS-F4Pro\Obj\stm32f4xx_hal_spdifrx.o
#        G:\test\robotpatrol\µ×°å¿ØÖÆ20190414\EWARM\YS-F4Pro\Obj\stm32f4xx_hal_spi.o
#        G:\test\robotpatrol\µ×°å¿ØÖÆ20190414\EWARM\YS-F4Pro\Obj\stm32f4xx_hal_sram.o
#        G:\test\robotpatrol\µ×°å¿ØÖÆ20190414\EWARM\YS-F4Pro\Obj\stm32f4xx_hal_tim.o
#        G:\test\robotpatrol\µ×°å¿ØÖÆ20190414\EWARM\YS-F4Pro\Obj\stm32f4xx_hal_tim_ex.o
#        G:\test\robotpatrol\µ×°å¿ØÖÆ20190414\EWARM\YS-F4Pro\Obj\stm32f4xx_hal_uart.o
#        G:\test\robotpatrol\µ×°å¿ØÖÆ20190414\EWARM\YS-F4Pro\Obj\stm32f4xx_hal_usart.o
#        G:\test\robotpatrol\µ×°å¿ØÖÆ20190414\EWARM\YS-F4Pro\Obj\stm32f4xx_hal_wwdg.o
#        G:\test\robotpatrol\µ×°å¿ØÖÆ20190414\EWARM\YS-F4Pro\Obj\stm32f4xx_it.o
#        G:\test\robotpatrol\µ×°å¿ØÖÆ20190414\EWARM\YS-F4Pro\Obj\stm32f4xx_ll_adc.o
#        G:\test\robotpatrol\µ×°å¿ØÖÆ20190414\EWARM\YS-F4Pro\Obj\stm32f4xx_ll_crc.o
#        G:\test\robotpatrol\µ×°å¿ØÖÆ20190414\EWARM\YS-F4Pro\Obj\stm32f4xx_ll_dac.o
#        G:\test\robotpatrol\µ×°å¿ØÖÆ20190414\EWARM\YS-F4Pro\Obj\stm32f4xx_ll_dma.o
#        G:\test\robotpatrol\µ×°å¿ØÖÆ20190414\EWARM\YS-F4Pro\Obj\stm32f4xx_ll_dma2d.o
#        G:\test\robotpatrol\µ×°å¿ØÖÆ20190414\EWARM\YS-F4Pro\Obj\stm32f4xx_ll_exti.o
#        G:\test\robotpatrol\µ×°å¿ØÖÆ20190414\EWARM\YS-F4Pro\Obj\stm32f4xx_ll_fmc.o
#        G:\test\robotpatrol\µ×°å¿ØÖÆ20190414\EWARM\YS-F4Pro\Obj\stm32f4xx_ll_fsmc.o
#        G:\test\robotpatrol\µ×°å¿ØÖÆ20190414\EWARM\YS-F4Pro\Obj\stm32f4xx_ll_gpio.o
#        G:\test\robotpatrol\µ×°å¿ØÖÆ20190414\EWARM\YS-F4Pro\Obj\stm32f4xx_ll_i2c.o
#        G:\test\robotpatrol\µ×°å¿ØÖÆ20190414\EWARM\YS-F4Pro\Obj\stm32f4xx_ll_lptim.o
#        G:\test\robotpatrol\µ×°å¿ØÖÆ20190414\EWARM\YS-F4Pro\Obj\stm32f4xx_ll_pwr.o
#        G:\test\robotpatrol\µ×°å¿ØÖÆ20190414\EWARM\YS-F4Pro\Obj\stm32f4xx_ll_rcc.o
#        G:\test\robotpatrol\µ×°å¿ØÖÆ20190414\EWARM\YS-F4Pro\Obj\stm32f4xx_ll_rng.o
#        G:\test\robotpatrol\µ×°å¿ØÖÆ20190414\EWARM\YS-F4Pro\Obj\stm32f4xx_ll_rtc.o
#        G:\test\robotpatrol\µ×°å¿ØÖÆ20190414\EWARM\YS-F4Pro\Obj\stm32f4xx_ll_sdmmc.o
#        G:\test\robotpatrol\µ×°å¿ØÖÆ20190414\EWARM\YS-F4Pro\Obj\stm32f4xx_ll_spi.o
#        G:\test\robotpatrol\µ×°å¿ØÖÆ20190414\EWARM\YS-F4Pro\Obj\stm32f4xx_ll_tim.o
#        G:\test\robotpatrol\µ×°å¿ØÖÆ20190414\EWARM\YS-F4Pro\Obj\stm32f4xx_ll_usart.o
#        G:\test\robotpatrol\µ×°å¿ØÖÆ20190414\EWARM\YS-F4Pro\Obj\stm32f4xx_ll_usb.o
#        G:\test\robotpatrol\µ×°å¿ØÖÆ20190414\EWARM\YS-F4Pro\Obj\stm32f4xx_ll_utils.o
#        G:\test\robotpatrol\µ×°å¿ØÖÆ20190414\EWARM\YS-F4Pro\Obj\sys.o
#        G:\test\robotpatrol\µ×°å¿ØÖÆ20190414\EWARM\YS-F4Pro\Obj\system_stm32f4xx.o
#        G:\test\robotpatrol\µ×°å¿ØÖÆ20190414\EWARM\YS-F4Pro\Obj\tcp.o
#        G:\test\robotpatrol\µ×°å¿ØÖÆ20190414\EWARM\YS-F4Pro\Obj\tcp_in.o
#        G:\test\robotpatrol\µ×°å¿ØÖÆ20190414\EWARM\YS-F4Pro\Obj\tcp_out.o
#        G:\test\robotpatrol\µ×°å¿ØÖÆ20190414\EWARM\YS-F4Pro\Obj\tcpip.o
#        G:\test\robotpatrol\µ×°å¿ØÖÆ20190414\EWARM\YS-F4Pro\Obj\timeouts.o
#        G:\test\robotpatrol\µ×°å¿ØÖÆ20190414\EWARM\YS-F4Pro\Obj\udp.o
#        G:\test\robotpatrol\µ×°å¿ØÖÆ20190414\EWARM\YS-F4Pro\Obj\udp_echoclient.o
#        --redirect _Printf=_PrintfFull --redirect _Scanf=_ScanfFull
#        --no_out_extension -o
#        G:\test\robotpatrol\µ×°å¿ØÖÆ20190414\EWARM\YS-F4Pro\Exe\YS-F4Pro.out
#        --map
#        G:\test\robotpatrol\µ×°å¿ØÖÆ20190414\EWARM\YS-F4Pro\List\YS-F4Pro.map
#        --config
#        G:\test\robotpatrol\µ×°å¿ØÖÆ20190414\EWARM/stm32f407xx_flash.icf
#        --semihosting --entry __iar_program_start --vfe --text_out locale)
#
###############################################################################

*******************************************************************************
*** RUNTIME MODEL ATTRIBUTES
***

CppFlavor       = *
__SystemLibrary = DLib
__dlib_version  = 6


*******************************************************************************
*** HEAP SELECTION
***

The basic heap was selected because no calls to memory allocation
functions were found in the application outside of system library
functions, and there are calls to deallocation functions in the
application.


*******************************************************************************
*** PLACEMENT SUMMARY
***

"A0":  place at 0x800'0000 { ro section .intvec };
"P1":  place in [from 0x800'0000 to 0x80f'ffff] { ro };
define block CSTACK with size = 1K, alignment = 8 { };
define block HEAP with size = 512, alignment = 8 { };
"P2":  place in [from 0x2000'0000 to 0x2001'ffff] {
          rw, block CSTACK, block HEAP };
initialize by copy { rw };

  Section            Kind         Address    Size  Object
  -------            ----         -------    ----  ------
"A0":                                       0x188
  .intvec            ro code   0x800'0000   0x188  startup_stm32f407xx.o [1]
                             - 0x800'0188   0x188

"P1":                                      0xf48d
  .text              ro code   0x800'0188  0x20f8  main.o [1]
  .text              ro code   0x800'2280   0x374  stm32f4xx_hal_rcc.o [1]
  .text              ro code   0x800'25f4   0x288  stm32f4xx_hal_rcc.o [1]
  .text              ro code   0x800'287c   0x14a  stm32f4xx_hal_cortex.o [1]
  .text              ro code   0x800'29c6    0x7a  lz77_init_single.o [4]
  .text              ro code   0x800'2a40    0x34  stm32f4xx_hal.o [1]
  .text              ro code   0x800'2a74    0xe0  bsp_io.o [1]
  .text              ro code   0x800'2b54   0x1f0  bsp_debug_usart.o [1]
  .text              ro code   0x800'2d44    0xa0  bsp_GeneralTIM.o [1]
  .text              ro code   0x800'2de4   0x6f4  stm32f4xx_hal_tim.o [1]
  .text              ro code   0x800'34d8    0x28  printf.o [2]
  .text              ro code   0x800'3500    0x1c  init.o [1]
  .text              ro code   0x800'351c    0xb8  app_ethernet.o [1]
  .text              ro code   0x800'35d4  0x1100  udp_echoclient.o [1]
  .text              ro code   0x800'46d4   0xd00  stm32f4xx_hal_eth.o [1]
  .text              ro code   0x800'53d4   0x170  bsp_CAN.o [1]
  .text              ro code   0x800'5544   0xb0a  stm32f4xx_hal_can.o [1]
  .text              ro code   0x800'604e    0x3a  zero_init3.o [4]
  .text              ro code   0x800'6088   0x24c  stm32f4xx_hal_gpio.o [1]
  .text              ro code   0x800'62d4   0x7bc  stm32f4xx_hal_uart.o [1]
  .text              ro code   0x800'6a90   0x1b8  timeouts.o [1]
  .text              ro code   0x800'6c48    0x1e  stm32f4xx_hal.o [1]
  .text              ro code   0x800'6c66    0x1e  xencoding_8859_1.o [2]
  .text              ro code   0x800'6c84   0x2bc  mem.o [1]
  .text              ro code   0x800'6f40    0xac  memp.o [1]
  .text              ro code   0x800'6fec   0x1ae  netif.o [1]
  .text              ro code   0x800'719a     0xa  xsprout.o [2]
  .text              ro code   0x800'71a4   0x54c  ethernetif.o [1]
  .text              ro code   0x800'76f0    0x58  stm32f4xx_hal_tim_ex.o [1]
  .text              ro code   0x800'7748    0x22  S32ToDbl.o [3]
  .text              ro code   0x800'776c   0x1a2  DblMul.o [3]
  .text              ro code   0x800'7910   0x246  DblDiv.o [3]
  .text              ro code   0x800'7b58    0x3a  DblToS32.o [3]
  .text              ro code   0x800'7b94    0xd4  bsp_MB_host.o [1]
  .text              ro code   0x800'7c68     0xc  stm32f4xx_hal.o [1]
  .text              ro code   0x800'7c74    0x28  stm32f4xx_hal.o [1]
  .text              ro code   0x800'7c9c    0x6e  stm32f4xx_hal_msp.o [1]
  .text              ro code   0x800'7d0a     0x2  stm32f4xx_hal_tim.o [1]
  .text              ro code   0x800'7d0c     0x2  stm32f4xx_hal_tim.o [1]
  .text              ro code   0x800'7d0e     0x2  stm32f4xx_hal_tim_ex.o [1]
  .text              ro code   0x800'7d10     0x2  stm32f4xx_hal_tim.o [1]
  .text              ro code   0x800'7d12     0x2  stm32f4xx_hal_tim_ex.o [1]
  .text              ro code   0x800'7d14   0xf46  xprintffull.o [2]
  .text              ro code   0x800'8c5c   0x42c  udp.o [1]
  .text              ro code   0x800'9088   0xb14  tcp.o [1]
  .text              ro code   0x800'9b9c    0xf6  ip4_addr.o [1]
  .text              ro code   0x800'9c94    0x40  sprintf.o [2]
  .text              ro code   0x800'9cd4   0x5e6  pbuf.o [1]
  .text              ro code   0x800'a2bc    0xd4  SPEED.o [1]
  .text              ro code   0x800'a390     0x2  stm32f4xx_hal_eth.o [1]
  .text              ro code   0x800'a392     0x2  stm32f4xx_hal_eth.o [1]
  .text              ro code   0x800'a394     0x2  stm32f4xx_hal_can.o [1]
  .text              ro code   0x800'a396     0x2  stm32f4xx_hal_can.o [1]
  .text              ro code   0x800'a398    0x26  stm32f4xx_hal_dma.o [1]
  .text              ro code   0x800'a3be     0x2  stm32f4xx_hal_uart.o [1]
  .text              ro code   0x800'a3c0     0x2  stm32f4xx_hal_uart.o [1]
  .text              ro code   0x800'a3c4    0x66  ABImemset.o [4]
  .text              ro code   0x800'a42c   0x904  etharp.o [1]
  .text              ro code   0x800'ad30    0xa6  ABImemcpy.o [4]
  .text              ro code   0x800'add8    0x78  xlocale_c.o [2]
  .text              ro code   0x800'ae50    0x16  strchr.o [4]
  .text              ro code   0x800'ae68    0x40  xfail_s.o [2]
  .text              ro code   0x800'aea8    0x36  strlen.o [4]
  .text              ro code   0x800'aee0    0x58  memchr.o [4]
  .text              ro code   0x800'af38     0xa  xmbcurmax.o [2]
  .text              ro code   0x800'af44   0x230  I64DivMod.o [4]
  .text              ro code   0x800'b174    0x70  frexp.o [3]
  .text              ro code   0x800'b1e4    0x2e  DblCmpLe.o [3]
  .text              ro code   0x800'b214    0x2e  DblCmpGe.o [3]
  .text              ro code   0x800'b244   0x13a  ldexp.o [3]
  .text              ro code   0x800'b380    0xe2  DblSub.o [3]
  .text              ro code   0x800'b464    0x28  DblToU32.o [3]
  .text              ro code   0x800'b48c    0x1a  U32ToDbl.o [3]
  .text              ro code   0x800'b4a8    0x2c  def.o [1]
  .text              ro code   0x800'b4d4   0x23c  icmp.o [1]
  .text              ro code   0x800'b710   0x390  ip4.o [1]
  .text              ro code   0x800'baa0   0x8ae  tcp_out.o [1]
  .text              ro code   0x800'c350  0x119c  tcp_in.o [1]
  .text              ro code   0x800'd4ec   0x11e  ethernet.o [1]
  .text              ro code   0x800'd60c   0xb4c  dhcp.o [1]
  .text              ro code   0x800'e158     0x6  abort.o [2]
  .text              ro code   0x800'e160     0x2  I64DivZer.o [4]
  .text              ro code   0x800'e164   0x16a  DblAdd.o [3]
  .text              ro code   0x800'e2ce    0xc8  inet_chksum.o [1]
  .text              ro code   0x800'e398   0x668  ip4_frag.o [1]
  .text              ro code   0x800'ea00    0x68  memcmp.o [4]
  .text              ro code   0x800'ea68    0xa4  rand.o [2]
  .text              ro code   0x800'eb0c    0x14  exit.o [5]
  .rodata            const     0x800'eb20   0x100  bsp_MB_host.o [1]
  .rodata            const     0x800'ec20   0x100  bsp_MB_host.o [1]
  .text              ro code   0x800'ed20    0xa6  stm32f4xx_it.o [1]
  .text              ro code   0x800'edc8    0x10  stm32f4xx_hal.o [1]
  .text              ro code   0x800'edd8    0x60  system_stm32f4xx.o [1]
  .rodata            const     0x800'ee38    0x30  main.o [1]
  .rodata            const     0x800'ee68    0x30  main.o [1]
  .rodata            const     0x800'ee98    0x30  main.o [1]
  .rodata            const     0x800'eec8    0x28  app_ethernet.o [1]
  .rodata            const     0x800'eef0    0x28  app_ethernet.o [1]
  .rodata            const     0x800'ef18    0x28  timeouts.o [1]
  .text              ro code   0x800'ef40    0x28  data_init.o [4]
  .rodata            const     0x800'ef68    0x24  memp.o [1]
  .text              ro code   0x800'ef8c    0x22  fpinit_M.o [3]
  .iar.init_table    const     0x800'efb0    0x20  - Linker created -
  .text              ro code   0x800'efd0    0x1e  cmain.o [4]
  .text              ro code   0x800'efee     0x4  low_level_init.o [2]
  .text              ro code   0x800'eff2     0x4  exit.o [2]
  .text              ro code   0x800'eff8     0xa  cexit.o [4]
  .rodata            const     0x800'f004    0x1c  ethernetif.o [1]
  .rodata            const     0x800'f020    0x1c  main.o [1]
  .rodata            const     0x800'f03c    0x1c  main.o [1]
  .rodata            const     0x800'f058    0x18  app_ethernet.o [1]
  .rodata            const     0x800'f070    0x18  main.o [1]
  .rodata            const     0x800'f088    0x18  main.o [1]
  .text              ro code   0x800'f0a0    0x16  xprout.o [2]
  .text              ro code   0x800'f0b8     0xc  putchar.o [2]
  .rodata            const     0x800'f0c4    0x14  main.o [1]
  .rodata            const     0x800'f0d8    0x14  main.o [1]
  .rodata            const     0x800'f0ec    0x14  main.o [1]
  .rodata            const     0x800'f100    0x14  main.o [1]
  .rodata            const     0x800'f114    0x14  main.o [1]
  .rodata            const     0x800'f128    0x14  stm32f4xx_hal_eth.o [1]
  .rodata            const     0x800'f13c    0x10  ethernetif.o [1]
  .rodata            const     0x800'f14c    0x10  ethernetif.o [1]
  .rodata            const     0x800'f15c    0x10  main.o [1]
  .rodata            const     0x800'f16c    0x10  main.o [1]
  .rodata            const     0x800'f17c    0x10  main.o [1]
  .rodata            const     0x800'f18c    0x10  main.o [1]
  .rodata            const     0x800'f19c    0x10  main.o [1]
  .rodata            const     0x800'f1ac    0x10  main.o [1]
  .rodata            const     0x800'f1bc    0x10  main.o [1]
  .rodata            const     0x800'f1cc    0x10  main.o [1]
  .rodata            const     0x800'f1dc    0x10  main.o [1]
  .rodata            const     0x800'f1ec    0x10  system_stm32f4xx.o [1]
  .rodata            const     0x800'f1fc    0x10  tcp.o [1]
  .rodata            const     0x800'f20c    0x10  tcp.o [1]
  .text              ro code   0x800'f21c    0x10  startup_stm32f407xx.o [1]
  .rodata            const     0x800'f22c     0xc  main.o [1]
  .rodata            const     0x800'f238     0xc  main.o [1]
  .rodata            const     0x800'f244     0xc  main.o [1]
  .rodata            const     0x800'f250     0xc  main.o [1]
  .rodata            const     0x800'f25c     0xc  main.o [1]
  .rodata            const     0x800'f268     0xc  main.o [1]
  .rodata            const     0x800'f274     0xc  main.o [1]
  .rodata            const     0x800'f280     0xc  memp.o [1]
  .rodata            const     0x800'f28c     0xc  memp.o [1]
  .rodata            const     0x800'f298     0xc  memp.o [1]
  .rodata            const     0x800'f2a4     0xc  memp.o [1]
  .rodata            const     0x800'f2b0     0xc  memp.o [1]
  .rodata            const     0x800'f2bc     0xc  memp.o [1]
  .rodata            const     0x800'f2c8     0xc  memp.o [1]
  .rodata            const     0x800'f2d4     0xc  memp.o [1]
  .rodata            const     0x800'f2e0     0xc  memp.o [1]
  .rodata            const     0x800'f2ec     0xc  udp_echoclient.o [1]
  .text              ro code   0x800'f2f8     0xc  cstartup_M.o [4]
  .rodata            const     0x800'f304     0x8  ethernet.o [1]
  .rodata            const     0x800'f30c     0x8  ethernet.o [1]
  .rodata            const     0x800'f314     0x8  ethernetif.o [1]
  .rodata            const     0x800'f31c     0x8  main.o [1]
  .rodata            const     0x800'f324     0x8  system_stm32f4xx.o [1]
  .rodata            const     0x800'f32c     0x8  tcp.o [1]
  .rodata            const     0x800'f334     0x8  udp_echoclient.o [1]
  .rodata            const     0x800'f33c     0x8  udp_echoclient.o [1]
  .rodata            const     0x800'f344     0x6  xlocale_c.o [2]
  .rodata            const     0x800'f34c     0x4  ip4_addr.o [1]
  .rodata            const     0x800'f350     0x4  ip4_addr.o [1]
  .text              ro code   0x800'f354     0x4  startup_stm32f407xx.o [1]
  .text              ro code   0x800'f358     0x4  startup_stm32f407xx.o [1]
  .text              ro code   0x800'f35c     0x4  startup_stm32f407xx.o [1]
  .text              ro code   0x800'f360     0x4  startup_stm32f407xx.o [1]
  .text              ro code   0x800'f364     0x4  startup_stm32f407xx.o [1]
  .text              ro code   0x800'f368     0x4  startup_stm32f407xx.o [1]
  .text              ro code   0x800'f36c     0x4  startup_stm32f407xx.o [1]
  .text              ro code   0x800'f370     0x4  startup_stm32f407xx.o [1]
  .text              ro code   0x800'f374     0x4  startup_stm32f407xx.o [1]
  .text              ro code   0x800'f378     0x4  startup_stm32f407xx.o [1]
  .text              ro code   0x800'f37c     0x4  startup_stm32f407xx.o [1]
  .text              ro code   0x800'f380     0x4  startup_stm32f407xx.o [1]
  .text              ro code   0x800'f384     0x4  startup_stm32f407xx.o [1]
  .text              ro code   0x800'f388     0x4  startup_stm32f407xx.o [1]
  .text              ro code   0x800'f38c     0x4  startup_stm32f407xx.o [1]
  .text              ro code   0x800'f390     0x4  startup_stm32f407xx.o [1]
  .text              ro code   0x800'f394     0x4  startup_stm32f407xx.o [1]
  .text              ro code   0x800'f398     0x4  startup_stm32f407xx.o [1]
  .text              ro code   0x800'f39c     0x4  startup_stm32f407xx.o [1]
  .text              ro code   0x800'f3a0     0x4  startup_stm32f407xx.o [1]
  .text              ro code   0x800'f3a4     0x4  startup_stm32f407xx.o [1]
  .text              ro code   0x800'f3a8     0x4  startup_stm32f407xx.o [1]
  .text              ro code   0x800'f3ac     0x4  startup_stm32f407xx.o [1]
  .text              ro code   0x800'f3b0     0x4  startup_stm32f407xx.o [1]
  .text              ro code   0x800'f3b4     0x4  startup_stm32f407xx.o [1]
  .text              ro code   0x800'f3b8     0x4  startup_stm32f407xx.o [1]
  .text              ro code   0x800'f3bc     0x4  startup_stm32f407xx.o [1]
  .text              ro code   0x800'f3c0     0x4  startup_stm32f407xx.o [1]
  .text              ro code   0x800'f3c4     0x4  startup_stm32f407xx.o [1]
  .text              ro code   0x800'f3c8     0x4  startup_stm32f407xx.o [1]
  .text              ro code   0x800'f3cc     0x4  startup_stm32f407xx.o [1]
  .text              ro code   0x800'f3d0     0x4  startup_stm32f407xx.o [1]
  .text              ro code   0x800'f3d4     0x4  startup_stm32f407xx.o [1]
  .text              ro code   0x800'f3d8     0x4  startup_stm32f407xx.o [1]
  .text              ro code   0x800'f3dc     0x4  startup_stm32f407xx.o [1]
  .text              ro code   0x800'f3e0     0x4  startup_stm32f407xx.o [1]
  .text              ro code   0x800'f3e4     0x4  startup_stm32f407xx.o [1]
  .text              ro code   0x800'f3e8     0x4  startup_stm32f407xx.o [1]
  .text              ro code   0x800'f3ec     0x4  startup_stm32f407xx.o [1]
  .text              ro code   0x800'f3f0     0x4  startup_stm32f407xx.o [1]
  .text              ro code   0x800'f3f4     0x4  startup_stm32f407xx.o [1]
  .text              ro code   0x800'f3f8     0x4  startup_stm32f407xx.o [1]
  .text              ro code   0x800'f3fc     0x4  startup_stm32f407xx.o [1]
  .text              ro code   0x800'f400     0x4  startup_stm32f407xx.o [1]
  .text              ro code   0x800'f404     0x4  startup_stm32f407xx.o [1]
  .text              ro code   0x800'f408     0x4  startup_stm32f407xx.o [1]
  .text              ro code   0x800'f40c     0x4  startup_stm32f407xx.o [1]
  .text              ro code   0x800'f410     0x4  startup_stm32f407xx.o [1]
  .text              ro code   0x800'f414     0x4  startup_stm32f407xx.o [1]
  .text              ro code   0x800'f418     0x4  startup_stm32f407xx.o [1]
  .text              ro code   0x800'f41c     0x4  startup_stm32f407xx.o [1]
  .text              ro code   0x800'f420     0x4  startup_stm32f407xx.o [1]
  .text              ro code   0x800'f424     0x4  startup_stm32f407xx.o [1]
  .text              ro code   0x800'f428     0x4  startup_stm32f407xx.o [1]
  .text              ro code   0x800'f42c     0x4  startup_stm32f407xx.o [1]
  .text              ro code   0x800'f430     0x4  startup_stm32f407xx.o [1]
  .text              ro code   0x800'f434     0x4  startup_stm32f407xx.o [1]
  .text              ro code   0x800'f438     0x4  startup_stm32f407xx.o [1]
  .text              ro code   0x800'f43c     0x4  startup_stm32f407xx.o [1]
  .text              ro code   0x800'f440     0x4  startup_stm32f407xx.o [1]
  .text              ro code   0x800'f444     0x4  startup_stm32f407xx.o [1]
  .text              ro code   0x800'f448     0x4  startup_stm32f407xx.o [1]
  .text              ro code   0x800'f44c     0x4  startup_stm32f407xx.o [1]
  .text              ro code   0x800'f450     0x4  startup_stm32f407xx.o [1]
  .text              ro code   0x800'f454     0x4  startup_stm32f407xx.o [1]
  .text              ro code   0x800'f458     0x4  startup_stm32f407xx.o [1]
  .text              ro code   0x800'f45c     0x4  startup_stm32f407xx.o [1]
  .text              ro code   0x800'f460     0x4  startup_stm32f407xx.o [1]
  .text              ro code   0x800'f464     0x4  startup_stm32f407xx.o [1]
  .rodata            const     0x800'f468     0x0  zero_init3.o [4]
  .rodata            const     0x800'f468     0x0  lz77_init_single.o [4]
  Initializer bytes  const     0x800'f468   0x1ad  <for P2-1>
                             - 0x800'f615  0xf48d

"P2", part 1 of 3:                          0x27f
  P2-1                        0x2000'0000   0x27f  <Init block>
    .data            inited   0x2000'0000     0x4  dhcp.o [1]
    .data            inited   0x2000'0004     0x4  system_stm32f4xx.o [1]
    .data            inited   0x2000'0008     0x4  tcp.o [1]
    .data            inited   0x2000'000c     0x8  udp_echoclient.o [1]
    .data            inited   0x2000'0014     0x8  udp_echoclient.o [1]
    .data            inited   0x2000'001c     0x8  udp_echoclient.o [1]
    .data            inited   0x2000'0024     0x8  udp_echoclient.o [1]
    .data            inited   0x2000'002c     0x8  udp_echoclient.o [1]
    .data            inited   0x2000'0034     0x8  udp_echoclient.o [1]
    .data            inited   0x2000'003c     0x8  udp_echoclient.o [1]
    .data            inited   0x2000'0044     0x8  udp_echoclient.o [1]
    .data            inited   0x2000'004c     0x8  udp_echoclient.o [1]
    .data            inited   0x2000'0054     0x8  udp_echoclient.o [1]
    .data            inited   0x2000'005c     0x8  udp_echoclient.o [1]
    .data            inited   0x2000'0064     0x8  udp_echoclient.o [1]
    .data            inited   0x2000'006c     0x8  udp_echoclient.o [1]
    .data            inited   0x2000'0074     0x8  udp_echoclient.o [1]
    .data            inited   0x2000'007c     0x8  udp_echoclient.o [1]
    .data            inited   0x2000'0084     0x8  udp_echoclient.o [1]
    .data            inited   0x2000'008c     0x8  udp_echoclient.o [1]
    .data            inited   0x2000'0094     0x8  udp_echoclient.o [1]
    .data            inited   0x2000'009c     0x8  udp_echoclient.o [1]
    .data            inited   0x2000'00a4     0x8  udp_echoclient.o [1]
    .data            inited   0x2000'00ac   0x100  udp_echoclient.o [1]
    .data            inited   0x2000'01ac     0x8  rand.o [2]
    .data            inited   0x2000'01b4    0x38  xlocale_c.o [2]
    .data            inited   0x2000'01ec    0x48  xlocale_c.o [2]
    .data            inited   0x2000'0234    0x48  xfiles.o [2]
    .data            inited   0x2000'027c     0x2  udp.o [1]
    .data            inited   0x2000'027e     0x1  udp_echoclient.o [1]
                            - 0x2000'027f   0x27f

"P2", part 2 of 3:                         0x7e74
  .bss               zero     0x2000'0280  0x2814  mem.o [1]
  .bss               zero     0x2000'2a94  0x17d0  ethernetif.o [1]
  .bss               zero     0x2000'4264  0x17d0  ethernetif.o [1]
  .bss               zero     0x2000'5a34  0x1084  memp.o [1]
  .bss               zero     0x2000'6ab8   0x5cc  memp.o [1]
  .bss               zero     0x2000'7084   0x16c  memp.o [1]
  .bss               zero     0x2000'71f0   0x100  bsp_debug_usart.o [1]
  .bss               zero     0x2000'72f0   0x100  bsp_debug_usart.o [1]
  .bss               zero     0x2000'73f0    0xf0  etharp.o [1]
  .bss               zero     0x2000'74e0    0xc4  memp.o [1]
  .bss               zero     0x2000'75a4    0xa4  memp.o [1]
  .bss               zero     0x2000'7648    0xa4  memp.o [1]
  .bss               zero     0x2000'76ec    0xa4  memp.o [1]
  .bss               zero     0x2000'7790    0x98  udp_echoclient.o [1]
  .bss               zero     0x2000'7828    0x90  memp.o [1]
  .bss               zero     0x2000'78b8    0x84  memp.o [1]
  .bss               zero     0x2000'793c    0x84  rand.o [2]
  .bss               zero     0x2000'79c0    0x80  ethernetif.o [1]
  .bss               zero     0x2000'7a40    0x80  ethernetif.o [1]
  .bss               zero     0x2000'7ac0    0x64  udp_echoclient.o [1]
  .bss               zero     0x2000'7b24    0x50  xfiles.o [2]
  .bss               zero     0x2000'7b74    0x48  ethernetif.o [1]
  .bss               zero     0x2000'7bbc    0x44  bsp_CAN.o [1]
  .bss               zero     0x2000'7c00    0x40  bsp_debug_usart.o [1]
  .bss               zero     0x2000'7c40    0x40  bsp_debug_usart.o [1]
  .bss               zero     0x2000'7c80    0x3c  bsp_GeneralTIM.o [1]
  .bss               zero     0x2000'7cbc    0x3c  main.o [1]
  .bss               zero     0x2000'7cf8    0x3c  main.o [1]
  .bss               zero     0x2000'7d34    0x38  main.o [1]
  .bss               zero     0x2000'7d6c    0x34  main.o [1]
  .bss               zero     0x2000'7da0    0x34  main.o [1]
  .bss               zero     0x2000'7dd4    0x24  bsp_CAN.o [1]
  .bss               zero     0x2000'7df8    0x24  main.o [1]
  .bss               zero     0x2000'7e1c    0x24  main.o [1]
  .bss               zero     0x2000'7e40    0x24  main.o [1]
  .bss               zero     0x2000'7e64    0x24  main.o [1]
  .bss               zero     0x2000'7e88    0x24  main.o [1]
  .bss               zero     0x2000'7eac    0x24  main.o [1]
  .bss               zero     0x2000'7ed0    0x24  main.o [1]
  .bss               zero     0x2000'7ef4    0x24  main.o [1]
  .bss               zero     0x2000'7f18    0x1c  bsp_CAN.o [1]
  .bss               zero     0x2000'7f34    0x18  ip.o [1]
  .bss               zero     0x2000'7f4c    0x10  ip4_addr.o [1]
  .bss               zero     0x2000'7f5c    0x10  tcp_in.o [1]
  .bss               zero     0x2000'7f6c     0xc  main.o [1]
  .bss               zero     0x2000'7f78     0x8  main.o [1]
  .bss               zero     0x2000'7f80     0x4  dhcp.o [1]
  .bss               zero     0x2000'7f84     0x4  dhcp.o [1]
  .bss               zero     0x2000'7f88     0x4  ip4_frag.o [1]
  .bss               zero     0x2000'7f8c     0x4  main.o [1]
  .bss               zero     0x2000'7f90     0x4  main.o [1]
  .bss               zero     0x2000'7f94     0x4  main.o [1]
  .bss               zero     0x2000'7f98     0x4  main.o [1]
  .bss               zero     0x2000'7f9c     0x4  main.o [1]
  .bss               zero     0x2000'7fa0     0x4  main.o [1]
  .bss               zero     0x2000'7fa4     0x4  main.o [1]
  .bss               zero     0x2000'7fa8     0x4  main.o [1]
  .bss               zero     0x2000'7fac     0x4  main.o [1]
  .bss               zero     0x2000'7fb0     0x4  main.o [1]
  .bss               zero     0x2000'7fb4     0x4  main.o [1]
  .bss               zero     0x2000'7fb8     0x4  main.o [1]
  .bss               zero     0x2000'7fbc     0x4  main.o [1]
  .bss               zero     0x2000'7fc0     0x4  main.o [1]
  .bss               zero     0x2000'7fc4     0x4  main.o [1]
  .bss               zero     0x2000'7fc8     0x4  main.o [1]
  .bss               zero     0x2000'7fcc     0x4  main.o [1]
  .bss               zero     0x2000'7fd0     0x4  main.o [1]
  .bss               zero     0x2000'7fd4     0x4  main.o [1]
  .bss               zero     0x2000'7fd8     0x4  main.o [1]
  .bss               zero     0x2000'7fdc     0x4  main.o [1]
  .bss               zero     0x2000'7fe0     0x4  main.o [1]
  .bss               zero     0x2000'7fe4     0x4  main.o [1]
  .bss               zero     0x2000'7fe8     0x4  mem.o [1]
  .bss               zero     0x2000'7fec     0x4  mem.o [1]
  .bss               zero     0x2000'7ff0     0x4  mem.o [1]
  .bss               zero     0x2000'7ff4     0x4  memp.o [1]
  .bss               zero     0x2000'7ff8     0x4  memp.o [1]
  .bss               zero     0x2000'7ffc     0x4  memp.o [1]
  .bss               zero     0x2000'8000     0x4  memp.o [1]
  .bss               zero     0x2000'8004     0x4  memp.o [1]
  .bss               zero     0x2000'8008     0x4  memp.o [1]
  .bss               zero     0x2000'800c     0x4  memp.o [1]
  .bss               zero     0x2000'8010     0x4  memp.o [1]
  .bss               zero     0x2000'8014     0x4  memp.o [1]
  .bss               zero     0x2000'8018     0x4  netif.o [1]
  .bss               zero     0x2000'801c     0x4  netif.o [1]
  .bss               zero     0x2000'8020     0x4  stm32f4xx_hal.o [1]
  .bss               zero     0x2000'8024     0x4  tcp.o [1]
  .bss               zero     0x2000'8028     0x4  tcp.o [1]
  .bss               zero     0x2000'802c     0x4  tcp.o [1]
  .bss               zero     0x2000'8030     0x4  tcp.o [1]
  .bss               zero     0x2000'8034     0x4  tcp.o [1]
  .bss               zero     0x2000'8038     0x4  tcp_in.o [1]
  .bss               zero     0x2000'803c     0x4  tcp_in.o [1]
  .bss               zero     0x2000'8040     0x4  tcp_in.o [1]
  .bss               zero     0x2000'8044     0x4  tcp_in.o [1]
  .bss               zero     0x2000'8048     0x4  tcp_in.o [1]
  .bss               zero     0x2000'804c     0x4  tcp_in.o [1]
  .bss               zero     0x2000'8050     0x4  timeouts.o [1]
  .bss               zero     0x2000'8054     0x4  timeouts.o [1]
  .bss               zero     0x2000'8058     0x4  timeouts.o [1]
  .bss               zero     0x2000'805c     0x4  udp.o [1]
  .bss               zero     0x2000'8060     0x4  udp_echoclient.o [1]
  .bss               zero     0x2000'8064     0x4  udp_echoclient.o [1]
  .bss               zero     0x2000'8068     0x4  udp_echoclient.o [1]
  .bss               zero     0x2000'806c     0x4  udp_echoclient.o [1]
  .bss               zero     0x2000'8070     0x4  udp_echoclient.o [1]
  .bss               zero     0x2000'8074     0x4  udp_echoclient.o [1]
  .bss               zero     0x2000'8078     0x4  udp_echoclient.o [1]
  .bss               zero     0x2000'807c     0x4  udp_echoclient.o [1]
  .bss               zero     0x2000'8080     0x4  udp_echoclient.o [1]
  .bss               zero     0x2000'8084     0x4  udp_echoclient.o [1]
  .bss               zero     0x2000'8088     0x4  udp_echoclient.o [1]
  .bss               zero     0x2000'808c     0x4  udp_echoclient.o [1]
  .bss               zero     0x2000'8090     0x4  udp_echoclient.o [1]
  .bss               zero     0x2000'8094     0x4  udp_echoclient.o [1]
  .bss               zero     0x2000'8098     0x4  udp_echoclient.o [1]
  .bss               zero     0x2000'809c     0x4  udp_echoclient.o [1]
  .bss               zero     0x2000'80a0     0x4  xfail_s.o [2]
  .bss               zero     0x2000'80a4     0x2  bsp_debug_usart.o [1]
  .bss               zero     0x2000'80a6     0x2  ip4.o [1]
  .bss               zero     0x2000'80a8     0x2  ip4_frag.o [1]
  .bss               zero     0x2000'80aa     0x2  main.o [1]
  .bss               zero     0x2000'80ac     0x2  main.o [1]
  .bss               zero     0x2000'80ae     0x2  main.o [1]
  .bss               zero     0x2000'80b0     0x2  tcp_in.o [1]
  .bss               zero     0x2000'80b2     0x2  tcp_in.o [1]
  .bss               zero     0x2000'80b4     0x2  tcp_in.o [1]
  .bss               zero     0x2000'80b6     0x2  tcp_in.o [1]
  .bss               zero     0x2000'80b8     0x2  tcp_in.o [1]
  .bss               zero     0x2000'80ba     0x2  udp_echoclient.o [1]
  .bss               zero     0x2000'80bc     0x2  udp_echoclient.o [1]
  .bss               zero     0x2000'80be     0x2  udp_echoclient.o [1]
  .bss               zero     0x2000'80c0     0x2  udp_echoclient.o [1]
  .bss               zero     0x2000'80c2     0x2  udp_echoclient.o [1]
  .bss               zero     0x2000'80c4     0x2  udp_echoclient.o [1]
  .bss               zero     0x2000'80c6     0x2  udp_echoclient.o [1]
  .bss               zero     0x2000'80c8     0x2  udp_echoclient.o [1]
  .bss               zero     0x2000'80ca     0x1  bsp_debug_usart.o [1]
  .bss               zero     0x2000'80cb     0x1  etharp.o [1]
  .bss               zero     0x2000'80cc     0x1  main.o [1]
  .bss               zero     0x2000'80cd     0x1  main.o [1]
  .bss               zero     0x2000'80ce     0x1  netif.o [1]
  .bss               zero     0x2000'80cf     0x1  tcp.o [1]
  .bss               zero     0x2000'80d0     0x1  tcp.o [1]
  .bss               zero     0x2000'80d1     0x1  tcp.o [1]
  .bss               zero     0x2000'80d2     0x1  tcp_in.o [1]
  .bss               zero     0x2000'80d3     0x1  tcp_in.o [1]
  .bss               zero     0x2000'80d4     0x1  udp_echoclient.o [1]
  .bss               zero     0x2000'80d5     0x1  udp_echoclient.o [1]
  .bss               zero     0x2000'80d6     0x1  udp_echoclient.o [1]
  .bss               zero     0x2000'80d7     0x1  udp_echoclient.o [1]
  .bss               zero     0x2000'80d8     0x1  udp_echoclient.o [1]
  .bss               zero     0x2000'80d9     0x1  udp_echoclient.o [1]
  .bss               zero     0x2000'80da     0x1  udp_echoclient.o [1]
  .bss               zero     0x2000'80db     0x1  udp_echoclient.o [1]
  .bss               zero     0x2000'80dc     0x1  udp_echoclient.o [1]
  .bss               zero     0x2000'80dd     0x1  udp_echoclient.o [1]
  .bss               zero     0x2000'80de     0x1  udp_echoclient.o [1]
  .bss               zero     0x2000'80df     0x1  udp_echoclient.o [1]
  .bss               zero     0x2000'80e0     0x1  udp_echoclient.o [1]
  .bss               zero     0x2000'80e1     0x1  udp_echoclient.o [1]
  .bss               zero     0x2000'80e2     0x1  udp_echoclient.o [1]
  .bss               zero     0x2000'80e3     0x1  udp_echoclient.o [1]
  .bss               zero     0x2000'80e4     0x1  udp_echoclient.o [1]
  .bss               zero     0x2000'80e5     0x1  udp_echoclient.o [1]
  .bss               zero     0x2000'80e6     0x1  udp_echoclient.o [1]
  .bss               zero     0x2000'80e7     0x1  udp_echoclient.o [1]
  .bss               zero     0x2000'80e8     0x1  udp_echoclient.o [1]
  .bss               zero     0x2000'80e9     0x1  udp_echoclient.o [1]
  .bss               zero     0x2000'80ea     0x1  udp_echoclient.o [1]
  .bss               zero     0x2000'80eb     0x1  udp_echoclient.o [1]
  .bss               zero     0x2000'80ec     0x1  udp_echoclient.o [1]
  .bss               zero     0x2000'80ed     0x1  udp_echoclient.o [1]
  .bss               zero     0x2000'80ee     0x1  udp_echoclient.o [1]
  .bss               zero     0x2000'80ef     0x1  udp_echoclient.o [1]
  .bss               zero     0x2000'80f0     0x1  udp_echoclient.o [1]
  .bss               zero     0x2000'80f1     0x1  udp_echoclient.o [1]
  .bss               zero     0x2000'80f2     0x1  udp_echoclient.o [1]
                            - 0x2000'80f3  0x7e73

"P2", part 3 of 3:                          0x400
  CSTACK                      0x2000'80f8   0x400  <Block>
    CSTACK           uninit   0x2000'80f8   0x400  <Block tail>
                            - 0x2000'84f8   0x400

Unused ranges:

         From           To      Size
         ----           --      ----
   0x800'f615   0x80f'ffff  0xf'09eb
  0x2000'027f  0x2000'027f       0x1
  0x2000'80f4  0x2000'80f7       0x4
  0x2000'84f8  0x2001'ffff  0x1'7b08


*******************************************************************************
*** INIT TABLE
***

          Address      Size
          -------      ----
Zero (__iar_zero_init3)
    1 destination range, total size 0x7e73:
          0x2000'0280  0x7e73

Copy/lz77 (__iar_lz77_init_single3)
    1 source range, total size 0x1ad (67% of destination):
           0x800'f468   0x1ad
    1 destination range, total size 0x27f:
          0x2000'0000   0x27f



*******************************************************************************
*** MODULE SUMMARY
***

    Module                  ro code  ro data  rw data
    ------                  -------  -------  -------
command line/config:
    -------------------------------------------------
    Total:

G:\test\robotpatrol\µ×°å¿ØÖÆ20190414\EWARM\YS-F4Pro\Obj: [1]
    SPEED.o                     212
    app_ethernet.o              184      104
    bsp_CAN.o                   368               132
    bsp_GeneralTIM.o            160                60
    bsp_MB_host.o               212      512
    bsp_debug_usart.o           496               643
    bsp_io.o                    224
    def.o                        44
    dhcp.o                    2 892        2       12
    etharp.o                  2 308               241
    ethernet.o                  286       16
    ethernetif.o              1 356       68   12 520
    icmp.o                      572
    inet_chksum.o               200
    init.o                       28
    ip.o                                           24
    ip4.o                       912                 2
    ip4_addr.o                  246        8       16
    ip4_frag.o                1 640                 6
    main.o                    8 440      584      688
    mem.o                       700            10 272
    memp.o                      172      144    7 076
    netif.o                     430                 9
    pbuf.o                    1 510
    startup_stm32f407xx.o       684
    stm32f4xx_hal.o             150                 4
    stm32f4xx_hal_can.o       2 830
    stm32f4xx_hal_cortex.o      330
    stm32f4xx_hal_dma.o          38
    stm32f4xx_hal_eth.o       3 332       20
    stm32f4xx_hal_gpio.o        588
    stm32f4xx_hal_msp.o         110
    stm32f4xx_hal_rcc.o       1 532
    stm32f4xx_hal_tim.o       1 786
    stm32f4xx_hal_tim_ex.o       92
    stm32f4xx_hal_uart.o      1 984
    stm32f4xx_it.o              166
    system_stm32f4xx.o           96       27        4
    tcp.o                     2 836       43       27
    tcp_in.o                  4 508                52
    tcp_out.o                 2 222
    timeouts.o                  440       40       12
    udp.o                     1 068        2        6
    udp_echoclient.o          4 352      308      780
    -------------------------------------------------
    Total:                   52 736    1 878   32 586

dl7M_tlf.a: [2]
    abort.o                       6
    exit.o                        4
    low_level_init.o              4
    printf.o                     40
    putchar.o                    12
    rand.o                      164        5      140
    sprintf.o                    64
    xencoding_8859_1.o           30
    xfail_s.o                    64                 4
    xfiles.o                              48      152
    xlocale_c.o                 120       92      128
    xmbcurmax.o                  10
    xprintffull.o             3 910
    xprout.o                     22
    xsprout.o                    10
    -------------------------------------------------
    Total:                    4 460      145      424

m7M_tls.a: [3]
    DblAdd.o                    362
    DblCmpGe.o                   46
    DblCmpLe.o                   46
    DblDiv.o                    582
    DblMul.o                    418
    DblSub.o                    226
    DblToS32.o                   58
    DblToU32.o                   40
    S32ToDbl.o                   34
    U32ToDbl.o                   26
    fpinit_M.o                   34
    frexp.o                     112
    ldexp.o                     314
    -------------------------------------------------
    Total:                    2 298

rt7M_tl.a: [4]
    ABImemcpy.o                 166
    ABImemset.o                 102
    I64DivMod.o                 560
    I64DivZer.o                   2
    cexit.o                      10
    cmain.o                      30
    cstartup_M.o                 12
    data_init.o                  40
    lz77_init_single.o          122
    memchr.o                     88
    memcmp.o                    104
    strchr.o                     22
    strlen.o                     54
    zero_init3.o                 58
    -------------------------------------------------
    Total:                    1 370

shb_l.a: [5]
    exit.o                       20
    -------------------------------------------------
    Total:                       20

    Gaps                         52        6
    Linker created                        32    1 024
-----------------------------------------------------
    Grand Total:             60 936    2 061   34 034


*******************************************************************************
*** ENTRY LIST
***

Entry                       Address    Size  Type      Object
-----                       -------    ----  ----      ------
.iar.init_table$$Base    0x800'efb0           --   Gb  - Linker created -
.iar.init_table$$Limit   0x800'efd0           --   Gb  - Linker created -
?main                    0x800'efd1          Code  Gb  cmain.o [4]
AHBPrescTable            0x800'f1ec    0x10  Data  Gb  system_stm32f4xx.o [1]
APBPrescTable            0x800'f324     0x8  Data  Gb  system_stm32f4xx.o [1]
BASIC_TIM2_Init          0x800'12fd    0x62  Code  Gb  main.o [1]
BASIC_TIM3_Init          0x800'136d    0x60  Code  Gb  main.o [1]
BusFault_Handler         0x800'ed27     0x2  Code  Gb  stm32f4xx_it.o [1]
CAN1_RX0_IRQHandler      0x800'ed3f     0xa  Code  Gb  stm32f4xx_it.o [1]
CAN1_data               0x2000'7f78     0x8  Data  Gb  main.o [1]
CAN_Receive_IT           0x800'5e77   0x1d8  Code  Lc  stm32f4xx_hal_can.o [1]
CAN_SendTxMsg            0x800'54e7    0x3c  Code  Gb  bsp_CAN.o [1]
CAN_Transmit_IT          0x800'5e1d    0x5a  Code  Lc  stm32f4xx_hal_can.o [1]
CSTACK$$Base            0x2000'80f8           --   Gb  - Linker created -
CSTACK$$Limit           0x2000'84f8           --   Gb  - Linker created -
CacheMore                0x800'addd    0x24  Code  Lc  xlocale_c.o [2]
DMARxDscrTab            0x2000'79c0    0x80  Data  Gb  ethernetif.o [1]
DMATxDscrTab            0x2000'7a40    0x80  Data  Gb  ethernetif.o [1]
DebugMon_Handler         0x800'ed2d     0x2  Code  Gb  stm32f4xx_it.o [1]
DestIPaddr              0x2000'809c     0x4  Data  Gb  udp_echoclient.o [1]
ETH_DMAReceptionDisable
                         0x800'5331    0x12  Code  Lc  stm32f4xx_hal_eth.o [1]
ETH_DMAReceptionEnable   0x800'531f    0x12  Code  Lc  stm32f4xx_hal_eth.o [1]
ETH_DMATransmissionDisable
                         0x800'530d    0x12  Code  Lc  stm32f4xx_hal_eth.o [1]
ETH_DMATransmissionEnable
                         0x800'52fb    0x12  Code  Lc  stm32f4xx_hal_eth.o [1]
ETH_Delay                0x800'536f    0x24  Code  Lc  stm32f4xx_hal_eth.o [1]
ETH_FlushTransmitFIFO    0x800'5343    0x2c  Code  Lc  stm32f4xx_hal_eth.o [1]
ETH_IRQHandler           0x800'ed49     0xa  Code  Gb  stm32f4xx_it.o [1]
ETH_MACAddressConfig     0x800'5231    0x2a  Code  Lc  stm32f4xx_hal_eth.o [1]
ETH_MACDMAConfig         0x800'4fcf   0x262  Code  Lc  stm32f4xx_hal_eth.o [1]
ETH_MACReceptionDisable
                         0x800'52d3    0x28  Code  Lc  stm32f4xx_hal_eth.o [1]
ETH_MACReceptionEnable   0x800'52ab    0x28  Code  Lc  stm32f4xx_hal_eth.o [1]
ETH_MACTransmissionDisable
                         0x800'5283    0x28  Code  Lc  stm32f4xx_hal_eth.o [1]
ETH_MACTransmissionEnable
                         0x800'525b    0x28  Code  Lc  stm32f4xx_hal_eth.o [1]
EXTI0_IRQHandler         0x800'ed95     0xa  Code  Gb  stm32f4xx_it.o [1]
EXTI1_IRQHandler         0x800'ed9f     0xa  Code  Gb  stm32f4xx_it.o [1]
EXTI2_IRQHandler         0x800'eda9     0xa  Code  Gb  stm32f4xx_it.o [1]
EXTI3_IRQHandler         0x800'edb3     0xa  Code  Gb  stm32f4xx_it.o [1]
EXTI4_IRQHandler         0x800'edbd     0xa  Code  Gb  stm32f4xx_it.o [1]
EthHandle               0x2000'7b74    0x48  Data  Gb  ethernetif.o [1]
GENERAL_TIMx_Init        0x800'2d45    0x5e  Code  Gb  bsp_GeneralTIM.o [1]
HAL_CAN_ConfigFilter     0x800'56eb   0x106  Code  Gb  stm32f4xx_hal_can.o [1]
HAL_CAN_IRQHandler       0x800'5b73   0x292  Code  Gb  stm32f4xx_hal_can.o [1]
HAL_CAN_Init             0x800'5545   0x1a6  Code  Gb  stm32f4xx_hal_can.o [1]
HAL_CAN_MspInit          0x800'5451    0x96  Code  Gb  bsp_CAN.o [1]
HAL_CAN_Receive_IT       0x800'5a61   0x112  Code  Gb  stm32f4xx_hal_can.o [1]
HAL_CAN_RxCpltCallback   0x800'095d   0x990  Code  Gb  main.o [1]
HAL_CAN_Transmit         0x800'57f1   0x26a  Code  Gb  stm32f4xx_hal_can.o [1]
HAL_DMA_Abort_IT         0x800'a399    0x26  Code  Gb  stm32f4xx_hal_dma.o [1]
HAL_Delay                0x800'6c49    0x1e  Code  Wk  stm32f4xx_hal.o [1]
HAL_ETH_ConfigMAC        0x800'4e9d   0x132  Code  Gb  stm32f4xx_hal_eth.o [1]
HAL_ETH_DMARxDescListInit
                         0x800'499b    0x7e  Code  Gb  stm32f4xx_hal_eth.o [1]
HAL_ETH_DMATxDescListInit
                         0x800'491f    0x7c  Code  Gb  stm32f4xx_hal_eth.o [1]
HAL_ETH_GetReceivedFrame
                         0x800'4b47    0x9e  Code  Gb  stm32f4xx_hal_eth.o [1]
HAL_ETH_GetReceivedFrame_IT
                         0x800'4be5    0xaa  Code  Gb  stm32f4xx_hal_eth.o [1]
HAL_ETH_IRQHandler       0x800'4c8f    0x76  Code  Gb  stm32f4xx_hal_eth.o [1]
HAL_ETH_Init             0x800'46d5   0x24a  Code  Gb  stm32f4xx_hal_eth.o [1]
HAL_ETH_MspInit          0x800'71a5   0x13e  Code  Gb  ethernetif.o [1]
HAL_ETH_ReadPHYRegister
                         0x800'4d05    0x84  Code  Gb  stm32f4xx_hal_eth.o [1]
HAL_ETH_RxCpltCallback   0x800'12ed     0xc  Code  Gb  main.o [1]
HAL_ETH_Start            0x800'4e09    0x4a  Code  Gb  stm32f4xx_hal_eth.o [1]
HAL_ETH_Stop             0x800'4e53    0x4a  Code  Gb  stm32f4xx_hal_eth.o [1]
HAL_ETH_TransmitFrame    0x800'4a19   0x12e  Code  Gb  stm32f4xx_hal_eth.o [1]
HAL_ETH_WritePHYRegister
                         0x800'4d89    0x80  Code  Gb  stm32f4xx_hal_eth.o [1]
HAL_GPIO_EXTI_Callback   0x800'20c9    0xb6  Code  Gb  main.o [1]
HAL_GPIO_EXTI_IRQHandler
                         0x800'6279    0x1c  Code  Gb  stm32f4xx_hal_gpio.o [1]
HAL_GPIO_Init            0x800'6089   0x1dc  Code  Gb  stm32f4xx_hal_gpio.o [1]
HAL_GPIO_WritePin        0x800'6265    0x14  Code  Gb  stm32f4xx_hal_gpio.o [1]
HAL_GetTick              0x800'7c69     0xc  Code  Wk  stm32f4xx_hal.o [1]
HAL_IO_Init              0x800'2a75    0xe0  Code  Gb  bsp_io.o [1]
HAL_IncTick              0x800'edc9    0x10  Code  Wk  stm32f4xx_hal.o [1]
HAL_Init                 0x800'2a41    0x30  Code  Gb  stm32f4xx_hal.o [1]
HAL_InitTick             0x800'7c75    0x28  Code  Wk  stm32f4xx_hal.o [1]
HAL_MspInit              0x800'7c9d    0x6e  Code  Gb  stm32f4xx_hal_msp.o [1]
HAL_NVIC_EnableIRQ       0x800'296d     0xa  Code  Gb  stm32f4xx_hal_cortex.o [1]
HAL_NVIC_SetPriority     0x800'294b    0x22  Code  Gb  stm32f4xx_hal_cortex.o [1]
HAL_NVIC_SetPriorityGrouping
                         0x800'2943     0x8  Code  Gb  stm32f4xx_hal_cortex.o [1]
HAL_RCC_ClockConfig      0x800'25f5   0x182  Code  Gb  stm32f4xx_hal_rcc.o [1]
HAL_RCC_EnableCSS        0x800'2777     0x8  Code  Gb  stm32f4xx_hal_rcc.o [1]
HAL_RCC_GetHCLKFreq      0x800'277f     0x6  Code  Gb  stm32f4xx_hal_rcc.o [1]
HAL_RCC_GetPCLK1Freq     0x800'2785    0x20  Code  Gb  stm32f4xx_hal_rcc.o [1]
HAL_RCC_GetPCLK2Freq     0x800'27a5    0x20  Code  Gb  stm32f4xx_hal_rcc.o [1]
HAL_RCC_OscConfig        0x800'2281   0x374  Code  Wk  stm32f4xx_hal_rcc.o [1]
HAL_SYSTICK_CLKSourceConfig
                         0x800'297f    0x1c  Code  Gb  stm32f4xx_hal_cortex.o [1]
HAL_SYSTICK_Config       0x800'2977     0x8  Code  Gb  stm32f4xx_hal_cortex.o [1]
HAL_SYSTICK_IRQHandler   0x800'29bd     0x8  Code  Gb  stm32f4xx_hal_cortex.o [1]
HAL_TIMEx_BreakCallback
                         0x800'7d0f     0x2  Code  Wk  stm32f4xx_hal_tim_ex.o [1]
HAL_TIMEx_CommutationCallback
                         0x800'7d13     0x2  Code  Wk  stm32f4xx_hal_tim_ex.o [1]
HAL_TIMEx_MasterConfigSynchronization
                         0x800'76f1    0x58  Code  Gb  stm32f4xx_hal_tim_ex.o [1]
HAL_TIM_Base_Init        0x800'2de5    0x38  Code  Gb  stm32f4xx_hal_tim.o [1]
HAL_TIM_Base_Start       0x800'2e1d    0x1c  Code  Gb  stm32f4xx_hal_tim.o [1]
HAL_TIM_Base_Start_IT    0x800'2e39    0x1c  Code  Gb  stm32f4xx_hal_tim.o [1]
HAL_TIM_ConfigClockSource
                         0x800'3079   0x118  Code  Gb  stm32f4xx_hal_tim.o [1]
HAL_TIM_IRQHandler       0x800'2ea5   0x176  Code  Gb  stm32f4xx_hal_tim.o [1]
HAL_TIM_OC_ConfigChannel
                         0x800'301b    0x5e  Code  Gb  stm32f4xx_hal_tim.o [1]
HAL_TIM_OC_DelayElapsedCallback
                         0x800'15e5    0x2e  Code  Gb  main.o [1]
HAL_TIM_OnePulse_Init    0x800'2e55    0x50  Code  Gb  stm32f4xx_hal_tim.o [1]
HAL_TIM_OnePulse_MspInit
                         0x800'2da3    0x34  Code  Gb  bsp_GeneralTIM.o [1]
HAL_TIM_PeriodElapsedCallback
                         0x800'1405   0x1da  Code  Gb  main.o [1]
HAL_UART_IRQHandler      0x800'6487   0x134  Code  Gb  stm32f4xx_hal_uart.o [1]
HAL_UART_Init            0x800'62d5    0x76  Code  Gb  stm32f4xx_hal_uart.o [1]
HAL_UART_MspInit         0x800'2b55    0xd8  Code  Gb  bsp_debug_usart.o [1]
HAL_UART_Receive_IT      0x800'6427    0x60  Code  Gb  stm32f4xx_hal_uart.o [1]
HAL_UART_RxCpltCallback
                         0x800'1d71    0x66  Code  Gb  main.o [1]
HAL_UART_Transmit        0x800'634b    0xdc  Code  Gb  stm32f4xx_hal_uart.o [1]
HardFault_Handler        0x800'ed23     0x2  Code  Gb  stm32f4xx_it.o [1]
LSPEEDca                 0x800'a31d    0x5e  Code  Gb  SPEED.o [1]
LSPPED                  0x2000'80c0     0x2  Data  Gb  udp_echoclient.o [1]
LWIP_Process             0x800'35ab     0xe  Code  Gb  app_ethernet.o [1]
LoadInt                  0x800'7ed7    0x7a  Code  Lc  xprintffull.o [2]
MB_CRC16                 0x800'7b95    0x3e  Code  Gb  bsp_MB_host.o [1]
MB_ReadHoldingReg_03H    0x800'7bd3    0x8a  Code  Gb  bsp_MB_host.o [1]
MOTOR1                  0x2000'7df8    0x24  Data  Gb  main.o [1]
MOTOR2                  0x2000'7e1c    0x24  Data  Gb  main.o [1]
MOTOR3                  0x2000'7e40    0x24  Data  Gb  main.o [1]
MOTOR4                  0x2000'7e64    0x24  Data  Gb  main.o [1]
MOTOR5                  0x2000'7e88    0x24  Data  Gb  main.o [1]
MOTOR6                  0x2000'7eac    0x24  Data  Gb  main.o [1]
MOTOR7                  0x2000'7ed0    0x24  Data  Gb  main.o [1]
MOTOR8                  0x2000'7ef4    0x24  Data  Gb  main.o [1]
MX_CAN_Init              0x800'53d5    0x7c  Code  Gb  bsp_CAN.o [1]
MX_DEBUG_USART_Init      0x800'2c2d    0xa6  Code  Gb  bsp_debug_usart.o [1]
MemManage_Handler        0x800'ed25     0x2  Code  Gb  stm32f4xx_it.o [1]
NMI_Handler              0x800'ed21     0x2  Code  Gb  stm32f4xx_it.o [1]
NVIC_EnableIRQ           0x800'28a1    0x14  Code  Lc  stm32f4xx_hal_cortex.o [1]
NVIC_EncodePriority      0x800'28d9    0x3c  Code  Lc  stm32f4xx_hal_cortex.o [1]
NVIC_GetPriorityGrouping
                         0x800'2897     0xa  Code  Lc  stm32f4xx_hal_cortex.o [1]
NVIC_SetPriority         0x800'28b5    0x24  Code  Lc  stm32f4xx_hal_cortex.o [1]
NVIC_SetPriorityGrouping
                         0x800'287d    0x1a  Code  Lc  stm32f4xx_hal_cortex.o [1]
NVIC_SystemReset         0x800'35d5    0x1a  Code  Lc  udp_echoclient.o [1]
Netif_Config             0x800'0837    0xa4  Code  Lc  main.o [1]
Patstateal2             0x2000'80cd     0x1  Data  Gb  main.o [1]
Patstateall             0x2000'80cc     0x1  Data  Gb  main.o [1]
PendSV_Handler           0x800'ed2f     0x2  Code  Gb  stm32f4xx_it.o [1]
RCC_IRQHandler           0x800'ed3d     0x2  Code  Gb  stm32f4xx_it.o [1]
RSPEEDca                 0x800'a2bd    0x60  Code  Gb  SPEED.o [1]
RSPPED                  0x2000'80c2     0x2  Data  Gb  udp_echoclient.o [1]
Region$$Table$$Base      0x800'efb0           --   Gb  - Linker created -
Region$$Table$$Limit     0x800'efd0           --   Gb  - Linker created -
RxCount                 0x2000'80a4     0x2  Data  Gb  bsp_debug_usart.o [1]
RxMessage               0x2000'7dd4    0x24  Data  Lc  bsp_CAN.o [1]
Rx_Buf                  0x2000'71f0   0x100  Data  Gb  bsp_debug_usart.o [1]
Rx_Buff                 0x2000'2a94  0x17d0  Data  Gb  ethernetif.o [1]
Rx_MSG                  0x2000'80aa     0x2  Data  Gb  main.o [1]
SVC_Handler              0x800'ed2b     0x2  Code  Gb  stm32f4xx_it.o [1]
SysTick_Config           0x800'2915    0x2e  Code  Lc  stm32f4xx_hal_cortex.o [1]
SysTick_Handler          0x800'ed31     0xc  Code  Gb  stm32f4xx_it.o [1]
SystemClock_Config       0x800'0189    0xac  Code  Gb  main.o [1]
SystemCoreClock         0x2000'0004     0x4  Data  Gb  system_stm32f4xx.o [1]
SystemInit               0x800'edd9    0x40  Code  Gb  system_stm32f4xx.o [1]
TIM2_IRQHandler          0x800'ed5d     0xa  Code  Gb  stm32f4xx_it.o [1]
TIM3_IRQHandler          0x800'ed53     0xa  Code  Gb  stm32f4xx_it.o [1]
TIM5_IRQHandler          0x800'ed67     0xa  Code  Gb  stm32f4xx_it.o [1]
TIM_Base_SetConfig       0x800'3191    0xe4  Code  Gb  stm32f4xx_hal_tim.o [1]
TIM_ETR_SetConfig        0x800'34bf    0x18  Code  Lc  stm32f4xx_hal_tim.o [1]
TIM_ITRx_SetConfig       0x800'34ab    0x14  Code  Lc  stm32f4xx_hal_tim.o [1]
TIM_OC1_SetConfig        0x800'32eb    0x6c  Code  Lc  stm32f4xx_hal_tim.o [1]
TIM_OC2_SetConfig        0x800'3275    0x76  Code  Gb  stm32f4xx_hal_tim.o [1]
TIM_OC3_SetConfig        0x800'3357    0x74  Code  Lc  stm32f4xx_hal_tim.o [1]
TIM_OC4_SetConfig        0x800'33cb    0x5e  Code  Lc  stm32f4xx_hal_tim.o [1]
TIM_TI1_ConfigInputStage
                         0x800'3459    0x28  Code  Lc  stm32f4xx_hal_tim.o [1]
TIM_TI2_ConfigInputStage
                         0x800'3481    0x2a  Code  Lc  stm32f4xx_hal_tim.o [1]
TOLLEN                  0x2000'8098     0x4  Data  Gb  udp_echoclient.o [1]
TimHandle               0x2000'7cbc    0x3c  Data  Gb  main.o [1]
TimHandle2              0x2000'7cf8    0x3c  Data  Gb  main.o [1]
TxMessage               0x2000'7f18    0x1c  Data  Lc  bsp_CAN.o [1]
Tx_Buf                  0x2000'72f0   0x100  Data  Gb  bsp_debug_usart.o [1]
Tx_Buff                 0x2000'4264  0x17d0  Data  Gb  ethernetif.o [1]
UART_DMAAbortOnError     0x800'6649    0x12  Code  Lc  stm32f4xx_hal_uart.o [1]
UART_EndRxTransfer       0x800'6629    0x20  Code  Lc  stm32f4xx_hal_uart.o [1]
UART_EndTransmit_IT      0x800'66c7    0x1c  Code  Lc  stm32f4xx_hal_uart.o [1]
UART_Receive_IT          0x800'66e3    0x9c  Code  Lc  stm32f4xx_hal_uart.o [1]
UART_SetConfig           0x800'677f   0x304  Code  Lc  stm32f4xx_hal_uart.o [1]
UART_Transmit_IT         0x800'665d    0x6a  Code  Lc  stm32f4xx_hal_uart.o [1]
UART_Tx                  0x800'2cd3    0x32  Code  Gb  bsp_debug_usart.o [1]
UART_WaitOnFlagUntilTimeout
                         0x800'65bb    0x6e  Code  Lc  stm32f4xx_hal_uart.o [1]
USART3_IRQHandler        0x800'ed71     0xa  Code  Gb  stm32f4xx_it.o [1]
UsageFault_Handler       0x800'ed29     0x2  Code  Gb  stm32f4xx_it.o [1]
User_notification        0x800'351d    0x30  Code  Gb  app_ethernet.o [1]
_Encoding_8859_1_Mbrlen
                         0x800'6c79     0x2  Code  Gb  xencoding_8859_1.o [2]
_Encoding_8859_1_Wctomb
                         0x800'6c67    0x12  Code  Gb  xencoding_8859_1.o [2]
_GenldFull               0x800'8935   0x274  Code  Lc  xprintffull.o [2]
_LdtobFull               0x800'8531   0x3d6  Code  Lc  xprintffull.o [2]
_LitobFull               0x800'83e1   0x10a  Code  Lc  xprintffull.o [2]
_Locale_lconv           0x2000'01b4    0x38  Data  Lc  xlocale_c.o [2]
_PrintfFull              0x800'7d15   0x1aa  Code  Gb  xprintffull.o [2]
_Prout                   0x800'f0a1    0x16  Code  Gb  xprout.o [2]
_PutcharsFull            0x800'8ba9    0x2e  Code  Lc  xprintffull.o [2]
_PutfldFull              0x800'7f51   0x2d4  Code  Lc  xprintffull.o [2]
_PutstrFull              0x800'831b    0xc6  Code  Lc  xprintffull.o [2]
_PuttxtFull              0x800'8225    0xf6  Code  Lc  xprintffull.o [2]
_Rand_idx               0x2000'79bc     0x4  Data  Lc  rand.o [2]
_Rand_rv                0x2000'793c    0x80  Data  Lc  rand.o [2]
_Randinit               0x2000'01ac     0x1  Data  Gb  rand.o [2]
_Randseed               0x2000'01b0     0x4  Data  Gb  rand.o [2]
_SProut                  0x800'719b     0xa  Code  Gb  xsprout.o [2]
__aeabi_cdcmple          0x800'b1e5          Code  Gb  DblCmpLe.o [3]
__aeabi_cdrcmple         0x800'b215          Code  Gb  DblCmpGe.o [3]
__aeabi_d2iz             0x800'7b59          Code  Gb  DblToS32.o [3]
__aeabi_d2uiz            0x800'b465          Code  Gb  DblToU32.o [3]
__aeabi_ddiv             0x800'7911          Code  Gb  DblDiv.o [3]
__aeabi_dmul             0x800'776d          Code  Gb  DblMul.o [3]
__aeabi_dsub             0x800'b381          Code  Gb  DblSub.o [3]
__aeabi_i2d              0x800'7749          Code  Gb  S32ToDbl.o [3]
__aeabi_ldiv0            0x800'e161          Code  Gb  I64DivZer.o [4]
__aeabi_memcpy           0x800'ad31          Code  Gb  ABImemcpy.o [4]
__aeabi_memcpy4          0x800'ad51          Code  Gb  ABImemcpy.o [4]
__aeabi_memcpy8          0x800'ad51          Code  Gb  ABImemcpy.o [4]
__aeabi_memset           0x800'a3c5          Code  Gb  ABImemset.o [4]
__aeabi_ui2d             0x800'b48d          Code  Gb  U32ToDbl.o [3]
__aeabi_uldivmod         0x800'af45          Code  Gb  I64DivMod.o [4]
__cmain                  0x800'efd1          Code  Gb  cmain.o [4]
__exit                   0x800'eb0d    0x14  Code  Gb  exit.o [5]
__iar_Fail_s             0x800'ae69    0x1c  Code  Gb  xfail_s.o [2]
__iar_Mbcurmax           0x800'af39     0xa  Code  Gb  xmbcurmax.o [2]
__iar_Memchr             0x800'aee1          Code  Gb  memchr.o [4]
__iar_Memset             0x800'a3c5          Code  Gb  ABImemset.o [4]
__iar_Memset_word        0x800'a3cd          Code  Gb  ABImemset.o [4]
__iar_Stdout            0x2000'0234    0x48  Data  Gb  xfiles.o [2]
__iar_Strchr             0x800'ae51          Code  Gb  strchr.o [4]
__iar_dadd               0x800'b391          Code  Gb  DblSub.o [3]
__iar_data_init3         0x800'ef41    0x28  Code  Gb  data_init.o [4]
__iar_dsub               0x800'e165          Code  Gb  DblAdd.o [3]
__iar_dsubStart          0x800'e177          Code  Gb  DblAdd.o [3]
__iar_frexp              0x800'b181          Code  Gb  frexp.o [3]
__iar_frexpl             0x800'b181          Code  Gb  frexp.o [3]
__iar_globLocale        0x2000'01ec    0x48  Data  Lc  xlocale_c.o [2]
__iar_global_Locale      0x800'add9     0x4  Code  Gb  xlocale_c.o [2]
__iar_init_vfp           0x800'ef8d          Code  Gb  fpinit_M.o [3]
__iar_ldexp64            0x800'b245          Code  Gb  ldexp.o [3]
__iar_lz77_init_single3
                         0x800'29c7    0x7a  Code  Gb  lz77_init_single.o [4]
__iar_program_start      0x800'f2f9          Code  Gb  cstartup_M.o [4]
__iar_scalbln64          0x800'b245          Code  Gb  ldexp.o [3]
__iar_scalbn64           0x800'b245          Code  Gb  ldexp.o [3]
__iar_softfp___iar_frexp64
                         0x800'b175          Code  Gb  frexp.o [3]
__iar_softfp_frexp       0x800'b175          Code  Gb  frexp.o [3]
__iar_softfp_frexpl      0x800'b175          Code  Gb  frexp.o [3]
__iar_zero_init3         0x800'604f    0x3a  Code  Gb  zero_init3.o [4]
__low_level_init         0x800'efef     0x4  Code  Gb  low_level_init.o [2]
__vector_table           0x800'0000          Data  Gb  startup_stm32f407xx.o [1]
_call_main               0x800'efdd          Code  Gb  cmain.o [4]
_exit                    0x800'eff9          Code  Gb  cexit.o [4]
_gLocale_mblen           0x800'ae3d     0x4  Code  Gb  xlocale_c.o [2]
_gLocale_mblenInt        0x800'ae01    0x2c  Code  Gb  xlocale_c.o [2]
_gLocale_wctomb          0x800'ae41     0x4  Code  Gb  xlocale_c.o [2]
_gLocale_wctombInt       0x800'ae39     0x4  Code  Gb  xlocale_c.o [2]
_main                    0x800'efeb          Code  Gb  cmain.o [4]
abort                    0x800'e159     0x6  Code  Gb  abort.o [2]
ackno                   0x2000'8044     0x4  Data  Lc  tcp_in.o [1]
actCurrentCheck         0x2000'0074     0x8  Data  Gb  udp_echoclient.o [1]
actSpeedCheck           0x2000'006c     0x8  Data  Gb  udp_echoclient.o [1]
alarmclear              0x2000'0024     0x8  Data  Gb  udp_echoclient.o [1]
arp_table               0x2000'73f0    0xf0  Data  Lc  etharp.o [1]
auchCRCHi                0x800'eb20   0x100  Data  Lc  bsp_MB_host.o [1]
auchCRCLo                0x800'ec20   0x100  Data  Lc  bsp_MB_host.o [1]
bat_state               0x2000'7f6c     0xc  Data  Gb  main.o [1]
brake                   0x2000'80f0     0x1  Data  Gb  udp_echoclient.o [1]
breakclear1             0x2000'80da     0x1  Data  Gb  udp_echoclient.o [1]
breakclear2             0x2000'80db     0x1  Data  Gb  udp_echoclient.o [1]
breakclear3             0x2000'80dc     0x1  Data  Gb  udp_echoclient.o [1]
breakclear4             0x2000'80dd     0x1  Data  Gb  udp_echoclient.o [1]
btorigin                0x2000'8064     0x4  Data  Gb  udp_echoclient.o [1]
btorigin1               0x2000'80de     0x1  Data  Gb  udp_echoclient.o [1]
btorigin2               0x2000'80df     0x1  Data  Gb  udp_echoclient.o [1]
btorigin3               0x2000'80e0     0x1  Data  Gb  udp_echoclient.o [1]
btorigin4               0x2000'80e1     0x1  Data  Gb  udp_echoclient.o [1]
can_Cmd_Q               0x2000'7d6c    0x34  Data  Gb  main.o [1]
can_Cmd_Q_Ctr           0x2000'7fb8     0x4  Data  Gb  main.o [1]
can_Cmd_Q_Pop           0x2000'7fb4     0x4  Data  Gb  main.o [1]
can_Cmd_Q_Push          0x2000'7fb0     0x4  Data  Gb  main.o [1]
can_Cmd_Q_Send           0x800'0349   0x4ee  Code  Gb  main.o [1]
check_periodic          0x2000'7fe4     0x4  Data  Gb  main.o [1]
crc_array               0x2000'00ac   0x100  Data  Gb  udp_echoclient.o [1]
crc_check               0x2000'80ae     0x2  Data  Gb  main.o [1]
cyclic_timer             0x800'6ae5    0x16  Code  Lc  timeouts.o [1]
data                    0x2000'7ac0    0x64  Data  Gb  udp_echoclient.o [1]
databuffer              0x2000'7790    0x98  Data  Gb  udp_echoclient.o [1]
dhcp_arp_reply           0x800'd8dd    0x20  Code  Gb  dhcp.o [1]
dhcp_bind                0x800'da63   0x10a  Code  Lc  dhcp.o [1]
dhcp_check               0x800'd60d    0x3c  Code  Lc  dhcp.o [1]
dhcp_coarse_tmr          0x800'd745    0x72  Code  Gb  dhcp.o [1]
dhcp_create_msg          0x800'df4d   0x17e  Code  Lc  dhcp.o [1]
dhcp_create_msg::xid    0x2000'7f84     0x4  Data  Lc  dhcp.o [1]
dhcp_decline             0x800'd8fd    0x94  Code  Lc  dhcp.o [1]
dhcp_delete_msg          0x800'e0d5    0x1e  Code  Lc  dhcp.o [1]
dhcp_discover            0x800'd991    0xd2  Code  Lc  dhcp.o [1]
dhcp_discover_request_options
                        0x2000'0000     0x4  Data  Lc  dhcp.o [1]
dhcp_fine_tmr            0x800'd7b7    0x38  Code  Gb  dhcp.o [1]
dhcp_option              0x800'de97    0x26  Code  Lc  dhcp.o [1]
dhcp_option_byte         0x800'debd    0x12  Code  Lc  dhcp.o [1]
dhcp_option_long         0x800'defb    0x52  Code  Lc  dhcp.o [1]
dhcp_option_short        0x800'decf    0x2c  Code  Lc  dhcp.o [1]
dhcp_option_trailer      0x800'e0f3    0x40  Code  Lc  dhcp.o [1]
dhcp_pcb                0x2000'7f80     0x4  Data  Lc  dhcp.o [1]
dhcp_rebind              0x800'dc29    0xba  Code  Lc  dhcp.o [1]
dhcp_reboot              0x800'dce3    0xd4  Code  Lc  dhcp.o [1]
dhcp_release             0x800'ddb7    0xb6  Code  Gb  dhcp.o [1]
dhcp_renew               0x800'db6d    0xbc  Code  Gb  dhcp.o [1]
dhcp_select              0x800'd649    0xfc  Code  Lc  dhcp.o [1]
dhcp_set_state           0x800'de81    0x16  Code  Lc  dhcp.o [1]
dhcp_supplied_address    0x800'e133    0x26  Code  Gb  dhcp.o [1]
dhcp_t1_timeout          0x800'd863    0x3a  Code  Lc  dhcp.o [1]
dhcp_t2_timeout          0x800'd89d    0x40  Code  Lc  dhcp.o [1]
dhcp_timeout             0x800'd7ef    0x74  Code  Lc  dhcp.o [1]
digIOCheck              0x2000'0094     0x8  Data  Gb  udp_echoclient.o [1]
dir1                    0x2000'7fa0     0x4  Data  Gb  main.o [1]
dir2                    0x2000'7fa4     0x4  Data  Gb  main.o [1]
dir3                    0x2000'7fa8     0x4  Data  Gb  main.o [1]
dir4                    0x2000'7fac     0x4  Data  Gb  main.o [1]
do_memp_free_pool        0x800'6fbd     0xc  Code  Lc  memp.o [1]
do_memp_malloc_pool      0x800'6f8b    0x16  Code  Lc  memp.o [1]
driverFlagCheck         0x2000'008c     0x8  Data  Gb  udp_echoclient.o [1]
dropDis                 0x2000'80bc     0x2  Data  Gb  udp_echoclient.o [1]
emestopall              0x2000'80d4     0x1  Data  Gb  udp_echoclient.o [1]
enStateCheck            0x2000'005c     0x8  Data  Gb  udp_echoclient.o [1]
enable                  0x2000'000c     0x8  Data  Gb  udp_echoclient.o [1]
enstateallm             0x2000'80d6     0x1  Data  Gb  udp_echoclient.o [1]
enstateallr             0x2000'80d5     0x1  Data  Gb  udp_echoclient.o [1]
errorCheck              0x2000'007c     0x8  Data  Gb  udp_echoclient.o [1]
etharp_cached_entry     0x2000'80cb     0x1  Data  Lc  etharp.o [1]
etharp_cleanup_netif     0x800'a7c9    0x44  Code  Gb  etharp.o [1]
etharp_find_entry        0x800'a53d   0x1b0  Code  Lc  etharp.o [1]
etharp_free_entry        0x800'a42d    0x32  Code  Lc  etharp.o [1]
etharp_input             0x800'a80d   0x106  Code  Gb  etharp.o [1]
etharp_output            0x800'a9c7   0x10a  Code  Gb  etharp.o [1]
etharp_output_to_arp_index
                         0x800'a913    0xb4  Code  Lc  etharp.o [1]
etharp_query             0x800'aad1   0x172  Code  Gb  etharp.o [1]
etharp_raw               0x800'ac43    0xb4  Code  Lc  etharp.o [1]
etharp_request           0x800'ad17     0xa  Code  Gb  etharp.o [1]
etharp_request_dst       0x800'acf7    0x20  Code  Lc  etharp.o [1]
etharp_tmr               0x800'a45f    0xde  Code  Gb  etharp.o [1]
etharp_update_arp_entry
                         0x800'a6ed    0xdc  Code  Lc  etharp.o [1]
ethbroadcast             0x800'f304     0x8  Data  Gb  ethernet.o [1]
ethernet_input           0x800'd4ed    0xc6  Code  Gb  ethernet.o [1]
ethernet_output          0x800'd5b9    0x52  Code  Gb  ethernet.o [1]
ethernetif_init          0x800'75cf    0x1e  Code  Gb  ethernetif.o [1]
ethernetif_input         0x800'75a7    0x28  Code  Gb  ethernetif.o [1]
ethernetif_notify_conn_changed
                         0x800'354d    0x5e  Code  Gb  app_ethernet.o [1]
ethernetif_update_config
                         0x800'75f5    0xb8  Code  Gb  ethernetif.o [1]
ethzero                  0x800'f30c     0x8  Data  Gb  ethernet.o [1]
exit                     0x800'eff3     0x4  Code  Gb  exit.o [2]
flags                   0x2000'80d2     0x1  Data  Lc  tcp_in.o [1]
fputc                    0x800'2d05    0x14  Code  Gb  bsp_debug_usart.o [1]
givenSpeedCheck         0x2000'0064     0x8  Data  Gb  udp_echoclient.o [1]
gnetif                  0x2000'7d34    0x38  Data  Gb  main.o [1]
hCAN                    0x2000'7bbc    0x44  Data  Gb  bsp_CAN.o [1]
htimx                   0x2000'7c80    0x3c  Data  Gb  bsp_GeneralTIM.o [1]
husart_debug            0x2000'7c00    0x40  Data  Gb  bsp_debug_usart.o [1]
husart_debug_485        0x2000'7c40    0x40  Data  Gb  bsp_debug_usart.o [1]
icmp_dest_unreach        0x800'b681     0xe  Code  Gb  icmp.o [1]
icmp_input               0x800'b4d5   0x1a8  Code  Gb  icmp.o [1]
icmp_send_response       0x800'b69d    0x74  Code  Lc  icmp.o [1]
icmp_time_exceeded       0x800'b68f     0xe  Code  Gb  icmp.o [1]
index                   0x2000'7f8c     0x4  Data  Gb  main.o [1]
inet_chksum_pbuf         0x800'e335    0x62  Code  Gb  inet_chksum.o [1]
inseg                   0x2000'7f5c    0x10  Data  Lc  tcp_in.o [1]
iomotor1                0x2000'7f90     0x4  Data  Gb  main.o [1]
iomotor2                0x2000'7f94     0x4  Data  Gb  main.o [1]
iomotor3                0x2000'7f98     0x4  Data  Gb  main.o [1]
iomotor4                0x2000'7f9c     0x4  Data  Gb  main.o [1]
ip4_addr_isbroadcast_u32
                         0x800'9b9d    0x4c  Code  Gb  ip4_addr.o [1]
ip4_frag                 0x800'e831   0x1c4  Code  Gb  ip4_frag.o [1]
ip4_input                0x800'b783   0x226  Code  Gb  ip4.o [1]
ip4_output_if            0x800'b9a9    0x30  Code  Gb  ip4.o [1]
ip4_output_if_src        0x800'b9d9    0xb4  Code  Gb  ip4.o [1]
ip4_reass                0x800'e655   0x1ae  Code  Gb  ip4_frag.o [1]
ip4_route                0x800'b711    0x72  Code  Gb  ip4.o [1]
ip4addr_ntoa             0x800'9be9     0xc  Code  Gb  ip4_addr.o [1]
ip4addr_ntoa::str       0x2000'7f4c    0x10  Data  Lc  ip4_addr.o [1]
ip4addr_ntoa_r           0x800'9bfd    0x96  Code  Gb  ip4_addr.o [1]
ip_addr_any              0x800'f34c     0x4  Data  Gb  ip4_addr.o [1]
ip_addr_broadcast        0x800'f350     0x4  Data  Gb  ip4_addr.o [1]
ip_data                 0x2000'7f34    0x18  Data  Gb  ip.o [1]
ip_frag_alloc_pbuf_custom_ref
                         0x800'e803     0xa  Code  Lc  ip4_frag.o [1]
ip_frag_free_pbuf_custom_ref
                         0x800'e80d     0xc  Code  Lc  ip4_frag.o [1]
ip_id                   0x2000'80a6     0x2  Data  Lc  ip4.o [1]
ip_reass_chain_frag_into_datagram_and_validate
                         0x800'e53b   0x11a  Code  Lc  ip4_frag.o [1]
ip_reass_dequeue_datagram
                         0x800'e51b    0x20  Code  Lc  ip4_frag.o [1]
ip_reass_enqueue_new_datagram
                         0x800'e4c1    0x5a  Code  Lc  ip4_frag.o [1]
ip_reass_free_complete_datagram
                         0x800'e3c7    0x78  Code  Lc  ip4_frag.o [1]
ip_reass_pbufcount      0x2000'80a8     0x2  Data  Lc  ip4_frag.o [1]
ip_reass_remove_oldest_datagram
                         0x800'e43f    0x82  Code  Lc  ip4_frag.o [1]
ip_reass_tmr             0x800'e399    0x2e  Code  Gb  ip4_frag.o [1]
ipfrag_free_pbuf_custom
                         0x800'e819    0x18  Code  Lc  ip4_frag.o [1]
l1ang                   0x2000'8078     0x4  Data  Gb  udp_echoclient.o [1]
l1angset                0x2000'8088     0x4  Data  Gb  udp_echoclient.o [1]
l1speedset              0x2000'009c     0x8  Data  Gb  udp_echoclient.o [1]
l2ang                   0x2000'807c     0x4  Data  Gb  udp_echoclient.o [1]
l2angset                0x2000'8090     0x4  Data  Gb  udp_echoclient.o [1]
laser_front             0x2000'7fcc     0x4  Data  Gb  main.o [1]
ldexp                    0x800'b245          Code  Gb  ldexp.o [3]
ldexpl                   0x800'b245          Code  Gb  ldexp.o [3]
lfree                   0x2000'7ff0     0x4  Data  Lc  mem.o [1]
localeconv               0x800'ae45     0x4  Code  Gb  xlocale_c.o [2]
low_level_init           0x800'72e3   0x10a  Code  Lc  ethernetif.o [1]
low_level_input          0x800'74bf    0xe8  Code  Lc  ethernetif.o [1]
low_level_output         0x800'73ed    0xd2  Code  Lc  ethernetif.o [1]
lwip_cyclic_timers       0x800'ef18    0x28  Data  Gb  timeouts.o [1]
lwip_htonl               0x800'b4b9    0x1c  Code  Gb  def.o [1]
lwip_htons               0x800'b4a9    0x10  Code  Gb  def.o [1]
lwip_init                0x800'3501    0x1c  Code  Gb  init.o [1]
lwip_standard_chksum     0x800'e2cf    0x66  Code  Gb  inet_chksum.o [1]
main                     0x800'0235   0x10e  Code  Gb  main.o [1]
mem_free                 0x800'6d25    0x2e  Code  Gb  mem.o [1]
mem_init                 0x800'6ce9    0x3c  Code  Gb  mem.o [1]
mem_malloc               0x800'6e49    0xe8  Code  Gb  mem.o [1]
mem_trim                 0x800'6d53    0xf6  Code  Gb  mem.o [1]
memchr                   0x800'aee1          Code  Gb  memchr.o [4]
memcmp                   0x800'ea01          Code  Gb  memcmp.o [4]
memp_FRAG_PBUF           0x800'f2bc     0xc  Data  Gb  memp.o [1]
memp_PBUF                0x800'f2d4     0xc  Data  Gb  memp.o [1]
memp_PBUF_POOL           0x800'f2e0     0xc  Data  Gb  memp.o [1]
memp_REASSDATA           0x800'f2b0     0xc  Data  Gb  memp.o [1]
memp_SYS_TIMEOUT         0x800'f2c8     0xc  Data  Gb  memp.o [1]
memp_TCP_PCB             0x800'f28c     0xc  Data  Gb  memp.o [1]
memp_TCP_PCB_LISTEN      0x800'f298     0xc  Data  Gb  memp.o [1]
memp_TCP_SEG             0x800'f2a4     0xc  Data  Gb  memp.o [1]
memp_UDP_PCB             0x800'f280     0xc  Data  Gb  memp.o [1]
memp_free                0x800'6fc9    0x1c  Code  Gb  memp.o [1]
memp_init                0x800'6f6b    0x20  Code  Gb  memp.o [1]
memp_init_pool           0x800'6f41    0x2a  Code  Gb  memp.o [1]
memp_malloc              0x800'6fa1    0x1c  Code  Gb  memp.o [1]
memp_memory_FRAG_PBUF_base
                        0x2000'7084   0x16c  Data  Gb  memp.o [1]
memp_memory_PBUF_POOL_base
                        0x2000'5a34  0x1084  Data  Gb  memp.o [1]
memp_memory_PBUF_base   0x2000'76ec    0xa4  Data  Gb  memp.o [1]
memp_memory_REASSDATA_base
                        0x2000'75a4    0xa4  Data  Gb  memp.o [1]
memp_memory_SYS_TIMEOUT_base
                        0x2000'7648    0xa4  Data  Gb  memp.o [1]
memp_memory_TCP_PCB_LISTEN_base
                        0x2000'7828    0x90  Data  Gb  memp.o [1]
memp_memory_TCP_PCB_base
                        0x2000'6ab8   0x5cc  Data  Gb  memp.o [1]
memp_memory_TCP_SEG_base
                        0x2000'78b8    0x84  Data  Gb  memp.o [1]
memp_memory_UDP_PCB_base
                        0x2000'74e0    0xc4  Data  Gb  memp.o [1]
memp_pools               0x800'ef68    0x24  Data  Gb  memp.o [1]
memp_tab_FRAG_PBUF      0x2000'8008     0x4  Data  Lc  memp.o [1]
memp_tab_PBUF           0x2000'8010     0x4  Data  Lc  memp.o [1]
memp_tab_PBUF_POOL      0x2000'8014     0x4  Data  Lc  memp.o [1]
memp_tab_REASSDATA      0x2000'8004     0x4  Data  Lc  memp.o [1]
memp_tab_SYS_TIMEOUT    0x2000'800c     0x4  Data  Lc  memp.o [1]
memp_tab_TCP_PCB        0x2000'7ff8     0x4  Data  Lc  memp.o [1]
memp_tab_TCP_PCB_LISTEN
                        0x2000'7ffc     0x4  Data  Lc  memp.o [1]
memp_tab_TCP_SEG        0x2000'8000     0x4  Data  Lc  memp.o [1]
memp_tab_UDP_PCB        0x2000'7ff4     0x4  Data  Lc  memp.o [1]
modbus_Cmd_Q            0x2000'7da0    0x34  Data  Gb  main.o [1]
modbus_Cmd_Q_Ctr        0x2000'7fc4     0x4  Data  Gb  main.o [1]
modbus_Cmd_Q_Pop        0x2000'7fc0     0x4  Data  Gb  main.o [1]
modbus_Cmd_Q_Push       0x2000'7fbc     0x4  Data  Gb  main.o [1]
modbus_Cmd_Q_Send        0x800'1de9    0xe0  Code  Gb  main.o [1]
modbus_Cmd_Temp         0x2000'7fc8     0x4  Data  Gb  main.o [1]
modbus_Data_Process      0x800'1f49   0x168  Code  Gb  main.o [1]
modbus_Periodic_Handler
                         0x800'1ed1    0x52  Code  Gb  main.o [1]
modbus_crc_check        0x2000'80ac     0x2  Data  Gb  main.o [1]
motor1ang               0x2000'8068     0x4  Data  Gb  udp_echoclient.o [1]
motor2ang               0x2000'806c     0x4  Data  Gb  udp_echoclient.o [1]
motor3ang               0x2000'8070     0x4  Data  Gb  udp_echoclient.o [1]
motor4ang               0x2000'8074     0x4  Data  Gb  udp_echoclient.o [1]
moveflag2               0x2000'80ef     0x1  Data  Gb  udp_echoclient.o [1]
netif_add                0x800'6fef    0x7e  Code  Gb  netif.o [1]
netif_default           0x2000'801c     0x4  Data  Gb  netif.o [1]
netif_init               0x800'6fed     0x2  Code  Gb  netif.o [1]
netif_issue_reports      0x800'7153    0x1c  Code  Lc  netif.o [1]
netif_list              0x2000'8018     0x4  Data  Gb  netif.o [1]
netif_num               0x2000'80ce     0x1  Data  Lc  netif.o [1]
netif_set_addr           0x800'706d    0x48  Code  Gb  netif.o [1]
netif_set_default        0x800'7115     0x6  Code  Gb  netif.o [1]
netif_set_down           0x800'716f    0x24  Code  Gb  netif.o [1]
netif_set_gw             0x800'70f9     0xe  Code  Gb  netif.o [1]
netif_set_ipaddr         0x800'70b5    0x44  Code  Gb  netif.o [1]
netif_set_link_callback
                         0x800'7193     0x8  Code  Gb  netif.o [1]
netif_set_netmask        0x800'7107     0xe  Code  Gb  netif.o [1]
netif_set_up             0x800'712d    0x26  Code  Gb  netif.o [1]
next_timeout            0x2000'8050     0x4  Data  Lc  timeouts.o [1]
obuf                    0x2000'7b24    0x50  Data  Lc  xfiles.o [2]
origindone1             0x2000'80ea     0x1  Data  Gb  udp_echoclient.o [1]
origindone2             0x2000'80eb     0x1  Data  Gb  udp_echoclient.o [1]
origindone3             0x2000'80ec     0x1  Data  Gb  udp_echoclient.o [1]
origindone4             0x2000'80ed     0x1  Data  Gb  udp_echoclient.o [1]
originrec               0x2000'80ee     0x1  Data  Gb  udp_echoclient.o [1]
originstate             0x2000'027e     0x1  Data  Gb  udp_echoclient.o [1]
pbuf_alloc               0x800'9cd5   0x16a  Code  Gb  pbuf.o [1]
pbuf_alloced_custom      0x800'9e3f    0x7a  Code  Gb  pbuf.o [1]
pbuf_cat                 0x800'a091    0x28  Code  Gb  pbuf.o [1]
pbuf_chain               0x800'a0b9    0x12  Code  Gb  pbuf.o [1]
pbuf_clen                0x800'a073    0x12  Code  Gb  pbuf.o [1]
pbuf_copy                0x800'a0cb    0xd0  Code  Gb  pbuf.o [1]
pbuf_copy_partial        0x800'a19b    0x98  Code  Gb  pbuf.o [1]
pbuf_free                0x800'a003    0x70  Code  Gb  pbuf.o [1]
pbuf_header              0x800'9feb     0xc  Code  Gb  pbuf.o [1]
pbuf_header_force        0x800'9ff7     0xc  Code  Gb  pbuf.o [1]
pbuf_header_impl         0x800'9f27    0xc4  Code  Lc  pbuf.o [1]
pbuf_realloc             0x800'9eb9    0x6e  Code  Gb  pbuf.o [1]
pbuf_ref                 0x800'a085     0xc  Code  Gb  pbuf.o [1]
pbuf_take                0x800'a233    0x88  Code  Gb  pbuf.o [1]
plug_holes               0x800'6c85    0x64  Code  Lc  mem.o [1]
posModeAbs              0x2000'004c     0x8  Data  Gb  udp_echoclient.o [1]
posSet                  0x2000'0044     0x8  Data  Gb  udp_echoclient.o [1]
posSetNega              0x2000'003c     0x8  Data  Gb  udp_echoclient.o [1]
posSetPosi              0x2000'0034     0x8  Data  Gb  udp_echoclient.o [1]
posStart                0x2000'0054     0x8  Data  Gb  udp_echoclient.o [1]
posdone                 0x2000'80d9     0x1  Data  Gb  udp_echoclient.o [1]
positionCheck           0x2000'0084     0x8  Data  Gb  udp_echoclient.o [1]
postrans                 0x800'18f9    0xa8  Code  Gb  main.o [1]
printf                   0x800'34d9    0x28  Code  Gb  printf.o [2]
putchar                  0x800'f0b9     0xc  Code  Gb  putchar.o [2]
r1ang                   0x2000'8080     0x4  Data  Gb  udp_echoclient.o [1]
r1angset                0x2000'808c     0x4  Data  Gb  udp_echoclient.o [1]
r1speedset              0x2000'00a4     0x8  Data  Gb  udp_echoclient.o [1]
r2ang                   0x2000'8084     0x4  Data  Gb  udp_echoclient.o [1]
r2angset                0x2000'8094     0x4  Data  Gb  udp_echoclient.o [1]
ram                     0x2000'7fe8     0x4  Data  Lc  mem.o [1]
ram_end                 0x2000'7fec     0x4  Data  Lc  mem.o [1]
ram_heap                0x2000'0280  0x2814  Data  Gb  mem.o [1]
rand                     0x800'ea69    0x94  Code  Gb  rand.o [2]
readymotor1             0x2000'80e2     0x1  Data  Gb  udp_echoclient.o [1]
readymotor2             0x2000'80e3     0x1  Data  Gb  udp_echoclient.o [1]
readymotor3             0x2000'80e4     0x1  Data  Gb  udp_echoclient.o [1]
readymotor4             0x2000'80e5     0x1  Data  Gb  udp_echoclient.o [1]
reassdatagrams          0x2000'7f88     0x4  Data  Lc  ip4_frag.o [1]
recv_acked              0x2000'80b6     0x2  Data  Lc  tcp_in.o [1]
recv_data               0x2000'8048     0x4  Data  Lc  tcp_in.o [1]
recv_flags              0x2000'80d3     0x1  Data  Lc  tcp_in.o [1]
resetEncoder            0x2000'001c     0x8  Data  Gb  udp_echoclient.o [1]
scalbln                  0x800'b245          Code  Gb  ldexp.o [3]
scalblnl                 0x800'b245          Code  Gb  ldexp.o [3]
scalbn                   0x800'b245          Code  Gb  ldexp.o [3]
scalbnl                  0x800'b245          Code  Gb  ldexp.o [3]
scale                    0x800'84eb    0x46  Code  Lc  xprintffull.o [2]
sec_hand                0x2000'80a0     0x4  Data  Lc  xfail_s.o [2]
seekoncedone1           0x2000'80e6     0x1  Data  Gb  udp_echoclient.o [1]
seekoncedone2           0x2000'80e7     0x1  Data  Gb  udp_echoclient.o [1]
seekoncedone3           0x2000'80e8     0x1  Data  Gb  udp_echoclient.o [1]
seekoncedone4           0x2000'80e9     0x1  Data  Gb  udp_echoclient.o [1]
selfspeedcontrol        0x2000'80d7     0x1  Data  Gb  udp_echoclient.o [1]
send_state_check         0x800'161d   0x2d6  Code  Gb  main.o [1]
seqno                   0x2000'8040     0x4  Data  Lc  tcp_in.o [1]
setSpeed                0x2000'002c     0x8  Data  Gb  udp_echoclient.o [1]
sprintf                  0x800'9c95    0x40  Code  Gb  sprintf.o [2]
state_check_flag        0x2000'7fe0     0x4  Data  Gb  main.o [1]
stop                    0x2000'0014     0x8  Data  Gb  udp_echoclient.o [1]
strchr                   0x800'ae51          Code  Gb  strchr.o [4]
strlen                   0x800'aea9          Code  Gb  strlen.o [4]
sys_check_timeouts       0x800'6bcf    0x58  Code  Gb  timeouts.o [1]
sys_now                  0x800'75ed     0x8  Code  Gb  ethernetif.o [1]
sys_timeout              0x800'6b21    0xae  Code  Gb  timeouts.o [1]
sys_timeouts_init        0x800'6afb    0x26  Code  Gb  timeouts.o [1]
tcp_abandon              0x800'929b    0xce  Code  Gb  tcp.o [1]
tcp_abort                0x800'9369     0xa  Code  Gb  tcp.o [1]
tcp_active_pcbs         0x2000'8030     0x4  Data  Gb  tcp.o [1]
tcp_active_pcbs_changed
                        0x2000'80cf     0x1  Data  Gb  tcp.o [1]
tcp_alloc                0x800'993d    0xbe  Code  Gb  tcp.o [1]
tcp_backoff              0x800'f1fc    0x10  Data  Lc  tcp.o [1]
tcp_bound_pcbs          0x2000'8028     0x4  Data  Gb  tcp.o [1]
tcp_close                0x800'9281    0x1a  Code  Gb  tcp.o [1]
tcp_close_shutdown       0x800'90db   0x1a6  Code  Lc  tcp.o [1]
tcp_create_segment       0x800'bb5f    0xcc  Code  Lc  tcp_out.o [1]
tcp_eff_send_mss_impl    0x800'9ac3    0x38  Code  Gb  tcp.o [1]
tcp_enqueue_flags        0x800'bc2b    0xec  Code  Gb  tcp_out.o [1]
tcp_fasttmr              0x800'971f    0x64  Code  Gb  tcp.o [1]
tcp_getoptbyte           0x800'd3e1    0x42  Code  Lc  tcp_in.o [1]
tcp_init                 0x800'9089     0x2  Code  Gb  tcp.o [1]
tcp_input                0x800'c351   0x45c  Code  Gb  tcp_in.o [1]
tcp_input_pcb           0x2000'804c     0x4  Data  Gb  tcp_in.o [1]
tcp_keepalive            0x800'c21b    0x58  Code  Gb  tcp_out.o [1]
tcp_kill_prio            0x800'9865    0x4c  Code  Lc  tcp.o [1]
tcp_kill_state           0x800'98b5    0x40  Code  Lc  tcp.o [1]
tcp_kill_timewait        0x800'98fd    0x30  Code  Lc  tcp.o [1]
tcp_listen_closed        0x800'90bb    0x20  Code  Lc  tcp.o [1]
tcp_listen_input         0x800'c7ad   0x11a  Code  Lc  tcp_in.o [1]
tcp_listen_pcbs         0x2000'802c     0x4  Data  Gb  tcp.o [1]
tcp_netif_ip_addr_changed
                         0x800'9b1d    0x4a  Code  Gb  tcp.o [1]
tcp_netif_ip_addr_changed_pcblist
                         0x800'9afb    0x22  Code  Lc  tcp.o [1]
tcp_next_iss             0x800'9ab3    0x10  Code  Gb  tcp.o [1]
tcp_next_iss::iss       0x2000'0008     0x4  Data  Lc  tcp.o [1]
tcp_optidx              0x2000'80b4     0x2  Data  Lc  tcp_in.o [1]
tcp_output               0x800'bd97   0x226  Code  Gb  tcp_out.o [1]
tcp_output_alloc_header
                         0x800'baa1    0x74  Code  Lc  tcp_out.o [1]
tcp_output_segment       0x800'bfbd    0xb8  Code  Lc  tcp_out.o [1]
tcp_parseopt             0x800'd423    0x8a  Code  Lc  tcp_in.o [1]
tcp_pcb_lists            0x800'f20c    0x10  Data  Gb  tcp.o [1]
tcp_pcb_purge            0x800'9a01    0x4e  Code  Gb  tcp.o [1]
tcp_pcb_remove           0x800'9a4f    0x64  Code  Gb  tcp.o [1]
tcp_persist_backoff      0x800'f32c     0x8  Data  Lc  tcp.o [1]
tcp_process              0x800'c94d   0x502  Code  Lc  tcp_in.o [1]
tcp_process_refused_data
                         0x800'9783    0x8c  Code  Gb  tcp.o [1]
tcp_receive              0x800'ce8d   0x54e  Code  Lc  tcp_in.o [1]
tcp_recv_null            0x800'983f    0x26  Code  Gb  tcp.o [1]
tcp_recved               0x800'93bd    0x58  Code  Gb  tcp.o [1]
tcp_remove_listener      0x800'90a7    0x14  Code  Lc  tcp.o [1]
tcp_rexmit               0x800'c14d    0x5a  Code  Gb  tcp_out.o [1]
tcp_rexmit_fast          0x800'c1a7    0x74  Code  Gb  tcp_out.o [1]
tcp_rexmit_rto           0x800'c119    0x34  Code  Gb  tcp_out.o [1]
tcp_rst                  0x800'c081    0x98  Code  Gb  tcp_out.o [1]
tcp_seg_free             0x800'9821    0x1e  Code  Gb  tcp.o [1]
tcp_segs_free            0x800'980f    0x12  Code  Gb  tcp.o [1]
tcp_send_empty_ack       0x800'bd17    0x80  Code  Gb  tcp_out.o [1]
tcp_send_fin             0x800'bb15    0x4a  Code  Gb  tcp_out.o [1]
tcp_slowtmr              0x800'9415   0x30a  Code  Gb  tcp.o [1]
tcp_ticks               0x2000'8024     0x4  Data  Gb  tcp.o [1]
tcp_timer               0x2000'80d0     0x1  Data  Lc  tcp.o [1]
tcp_timer_ctr           0x2000'80d1     0x1  Data  Lc  tcp.o [1]
tcp_timer_needed         0x800'6abb    0x2a  Code  Gb  timeouts.o [1]
tcp_timewait_input       0x800'c8c7    0x86  Code  Lc  tcp_in.o [1]
tcp_tmr                  0x800'908b    0x1c  Code  Gb  tcp.o [1]
tcp_trigger_input_pcb_close
                         0x800'd4ad     0xc  Code  Gb  tcp_in.o [1]
tcp_tw_pcbs             0x2000'8034     0x4  Data  Gb  tcp.o [1]
tcp_update_rcv_ann_wnd   0x800'9373    0x4a  Code  Gb  tcp.o [1]
tcp_zero_window_probe    0x800'c273    0xdc  Code  Gb  tcp_out.o [1]
tcphdr                  0x2000'8038     0x4  Data  Lc  tcp_in.o [1]
tcphdr_opt1len          0x2000'80b2     0x2  Data  Lc  tcp_in.o [1]
tcphdr_opt2             0x2000'803c     0x4  Data  Lc  tcp_in.o [1]
tcphdr_optlen           0x2000'80b0     0x2  Data  Lc  tcp_in.o [1]
tcpip_tcp_timer          0x800'6a91    0x2a  Code  Lc  timeouts.o [1]
tcpip_tcp_timer_active  0x2000'8058     0x4  Data  Lc  timeouts.o [1]
tcplen                  0x2000'80b8     0x2  Data  Lc  tcp_in.o [1]
third                   0x2000'80be     0x2  Data  Gb  udp_echoclient.o [1]
timeouts_last_time      0x2000'8054     0x4  Data  Lc  timeouts.o [1]
timfault                0x2000'80f2     0x1  Data  Gb  udp_echoclient.o [1]
timloss                 0x2000'80f1     0x1  Data  Gb  udp_echoclient.o [1]
tmp_Rx_Buf              0x2000'80ca     0x1  Data  Gb  bsp_debug_usart.o [1]
tmper                   0x2000'80c8     0x2  Data  Gb  udp_echoclient.o [1]
turn90                  0x2000'80d8     0x1  Data  Gb  udp_echoclient.o [1]
turn_back_to_origin      0x800'19c5   0x3ac  Code  Gb  main.o [1]
udp_bind                 0x800'8f91    0x8e  Code  Gb  udp.o [1]
udp_echoclient_connect   0x800'35ef    0x52  Code  Gb  udp_echoclient.o [1]
udp_init                 0x800'8c5d     0x2  Code  Gb  udp.o [1]
udp_input                0x800'8cf9   0x146  Code  Gb  udp.o [1]
udp_input_local_match    0x800'8cab    0x4e  Code  Lc  udp.o [1]
udp_netif_ip_addr_changed
                         0x800'9047    0x32  Code  Gb  udp.o [1]
udp_new                  0x800'9025    0x22  Code  Gb  udp.o [1]
udp_new_port             0x800'8c5f    0x4c  Code  Lc  udp.o [1]
udp_pcbs                0x2000'805c     0x4  Data  Gb  udp.o [1]
udp_port                0x2000'027c     0x2  Data  Lc  udp.o [1]
udp_receive_callback     0x800'36a9   0xf2c  Code  Gb  udp_echoclient.o [1]
udp_recv                 0x800'901f     0x6  Code  Gb  udp.o [1]
udp_send_t2              0x800'3641    0x40  Code  Gb  udp_echoclient.o [1]
udp_sendto               0x800'8e3f    0x3a  Code  Gb  udp.o [1]
udp_sendto_if            0x800'8e79    0x46  Code  Gb  udp.o [1]
udp_sendto_if_src        0x800'8ebf    0xd2  Code  Gb  udp.o [1]
ultraDis                0x2000'80ba     0x2  Data  Gb  udp_echoclient.o [1]
ultra_front             0x2000'7fd0     0x4  Data  Gb  main.o [1]
upcb                    0x2000'8060     0x4  Data  Gb  udp_echoclient.o [1]
uwTick                  0x2000'8020     0x4  Data  Gb  stm32f4xx_hal.o [1]
vhall                   0x2000'80c4     0x2  Data  Gb  udp_echoclient.o [1]
whall                   0x2000'80c6     0x2  Data  Gb  udp_echoclient.o [1]
zone1_obst              0x2000'7fd4     0x4  Data  Gb  main.o [1]
zone2_obst              0x2000'7fd8     0x4  Data  Gb  main.o [1]
zone3_obst              0x2000'7fdc     0x4  Data  Gb  main.o [1]


[1] = G:\test\robotpatrol\µ×°å¿ØÖÆ20190414\EWARM\YS-F4Pro\Obj
[2] = dl7M_tlf.a
[3] = m7M_tls.a
[4] = rt7M_tl.a
[5] = shb_l.a

  60 936 bytes of readonly  code memory
   2 061 bytes of readonly  data memory
  34 034 bytes of readwrite data memory

Errors: none
Warnings: none
