###############################################################################
#
# IAR ELF Linker V8.32.1.169/W32 for ARM                  18/Apr/2019  11:49:59
# Copyright 2007-2018 IAR Systems AB.
#
#    Output file  =  
#        G:\test\robotpatrol\µ×°å¿ØÖÆ20190414\EWARM\YS-F4Pro\Exe\YS-F4Pro.out
#    Map file     =  
#        G:\test\robotpatrol\µ×°å¿ØÖÆ20190414\EWARM\YS-F4Pro\List\YS-F4Pro.map
#    Command line =  
#        -f C:\Users\micro\AppData\Local\Temp\EW91D6.tmp
#        (G:\test\robotpatrol\µ×°å¿ØÖÆ20190414\EWARM\YS-F4Pro\Obj\api_lib.o
#        G:\test\robotpatrol\µ×°å¿ØÖÆ20190414\EWARM\YS-F4Pro\Obj\api_msg.o
#        G:\test\robotpatrol\µ×°å¿ØÖÆ20190414\EWARM\YS-F4Pro\Obj\app_ethernet.o
#        G:\test\robotpatrol\µ×°å¿ØÖÆ20190414\EWARM\YS-F4Pro\Obj\autoip.o
#        G:\test\robotpatrol\µ×°å¿ØÖÆ20190414\EWARM\YS-F4Pro\Obj\bsp_CAN.o
#        G:\test\robotpatrol\µ×°å¿ØÖÆ20190414\EWARM\YS-F4Pro\Obj\bsp_debug_usart.o
#        G:\test\robotpatrol\µ×°å¿ØÖÆ20190414\EWARM\YS-F4Pro\Obj\bsp_GeneralTIM.o
#        G:\test\robotpatrol\µ×°å¿ØÖÆ20190414\EWARM\YS-F4Pro\Obj\bsp_io.o
#        G:\test\robotpatrol\µ×°å¿ØÖÆ20190414\EWARM\YS-F4Pro\Obj\bsp_key.o
#        G:\test\robotpatrol\µ×°å¿ØÖÆ20190414\EWARM\YS-F4Pro\Obj\bsp_MB_host.o
#        G:\test\robotpatrol\µ×°å¿ØÖÆ20190414\EWARM\YS-F4Pro\Obj\def.o
#        G:\test\robotpatrol\µ×°å¿ØÖÆ20190414\EWARM\YS-F4Pro\Obj\dhcp.o
#        G:\test\robotpatrol\µ×°å¿ØÖÆ20190414\EWARM\YS-F4Pro\Obj\dns.o
#        G:\test\robotpatrol\µ×°å¿ØÖÆ20190414\EWARM\YS-F4Pro\Obj\err.o
#        G:\test\robotpatrol\µ×°å¿ØÖÆ20190414\EWARM\YS-F4Pro\Obj\etharp.o
#        G:\test\robotpatrol\µ×°å¿ØÖÆ20190414\EWARM\YS-F4Pro\Obj\ethernet.o
#        G:\test\robotpatrol\µ×°å¿ØÖÆ20190414\EWARM\YS-F4Pro\Obj\ethernetif.o
#        G:\test\robotpatrol\µ×°å¿ØÖÆ20190414\EWARM\YS-F4Pro\Obj\icmp.o
#        G:\test\robotpatrol\µ×°å¿ØÖÆ20190414\EWARM\YS-F4Pro\Obj\igmp.o
#        G:\test\robotpatrol\µ×°å¿ØÖÆ20190414\EWARM\YS-F4Pro\Obj\inet_chksum.o
#        G:\test\robotpatrol\µ×°å¿ØÖÆ20190414\EWARM\YS-F4Pro\Obj\init.o
#        G:\test\robotpatrol\µ×°å¿ØÖÆ20190414\EWARM\YS-F4Pro\Obj\ip.o
#        G:\test\robotpatrol\µ×°å¿ØÖÆ20190414\EWARM\YS-F4Pro\Obj\ip4.o
#        G:\test\robotpatrol\µ×°å¿ØÖÆ20190414\EWARM\YS-F4Pro\Obj\ip4_addr.o
#        G:\test\robotpatrol\µ×°å¿ØÖÆ20190414\EWARM\YS-F4Pro\Obj\ip4_frag.o
#        G:\test\robotpatrol\µ×°å¿ØÖÆ20190414\EWARM\YS-F4Pro\Obj\main.o
#        G:\test\robotpatrol\µ×°å¿ØÖÆ20190414\EWARM\YS-F4Pro\Obj\mem.o
#        G:\test\robotpatrol\µ×°å¿ØÖÆ20190414\EWARM\YS-F4Pro\Obj\memp.o
#        G:\test\robotpatrol\µ×°å¿ØÖÆ20190414\EWARM\YS-F4Pro\Obj\netbuf.o
#        G:\test\robotpatrol\µ×°å¿ØÖÆ20190414\EWARM\YS-F4Pro\Obj\netdb.o
#        G:\test\robotpatrol\µ×°å¿ØÖÆ20190414\EWARM\YS-F4Pro\Obj\netif.o
#        G:\test\robotpatrol\µ×°å¿ØÖÆ20190414\EWARM\YS-F4Pro\Obj\netifapi.o
#        G:\test\robotpatrol\µ×°å¿ØÖÆ20190414\EWARM\YS-F4Pro\Obj\pbuf.o
#        G:\test\robotpatrol\µ×°å¿ØÖÆ20190414\EWARM\YS-F4Pro\Obj\raw.o
#        G:\test\robotpatrol\µ×°å¿ØÖÆ20190414\EWARM\YS-F4Pro\Obj\sockets.o
#        G:\test\robotpatrol\µ×°å¿ØÖÆ20190414\EWARM\YS-F4Pro\Obj\SPEED.o
#        G:\test\robotpatrol\µ×°å¿ØÖÆ20190414\EWARM\YS-F4Pro\Obj\startup_stm32f407xx.o
#        G:\test\robotpatrol\µ×°å¿ØÖÆ20190414\EWARM\YS-F4Pro\Obj\stats.o
#        G:\test\robotpatrol\µ×°å¿ØÖÆ20190414\EWARM\YS-F4Pro\Obj\stm32f4xx_assert.o
#        G:\test\robotpatrol\µ×°å¿ØÖÆ20190414\EWARM\YS-F4Pro\Obj\stm32f4xx_hal.o
#        G:\test\robotpatrol\µ×°å¿ØÖÆ20190414\EWARM\YS-F4Pro\Obj\stm32f4xx_hal_adc.o
#        G:\test\robotpatrol\µ×°å¿ØÖÆ20190414\EWARM\YS-F4Pro\Obj\stm32f4xx_hal_adc_ex.o
#        G:\test\robotpatrol\µ×°å¿ØÖÆ20190414\EWARM\YS-F4Pro\Obj\stm32f4xx_hal_can.o
#        G:\test\robotpatrol\µ×°å¿ØÖÆ20190414\EWARM\YS-F4Pro\Obj\stm32f4xx_hal_cec.o
#        G:\test\robotpatrol\µ×°å¿ØÖÆ20190414\EWARM\YS-F4Pro\Obj\stm32f4xx_hal_cortex.o
#        G:\test\robotpatrol\µ×°å¿ØÖÆ20190414\EWARM\YS-F4Pro\Obj\stm32f4xx_hal_crc.o
#        G:\test\robotpatrol\µ×°å¿ØÖÆ20190414\EWARM\YS-F4Pro\Obj\stm32f4xx_hal_cryp.o
#        G:\test\robotpatrol\µ×°å¿ØÖÆ20190414\EWARM\YS-F4Pro\Obj\stm32f4xx_hal_cryp_ex.o
#        G:\test\robotpatrol\µ×°å¿ØÖÆ20190414\EWARM\YS-F4Pro\Obj\stm32f4xx_hal_dac.o
#        G:\test\robotpatrol\µ×°å¿ØÖÆ20190414\EWARM\YS-F4Pro\Obj\stm32f4xx_hal_dac_ex.o
#        G:\test\robotpatrol\µ×°å¿ØÖÆ20190414\EWARM\YS-F4Pro\Obj\stm32f4xx_hal_dcmi.o
#        G:\test\robotpatrol\µ×°å¿ØÖÆ20190414\EWARM\YS-F4Pro\Obj\stm32f4xx_hal_dcmi_ex.o
#        G:\test\robotpatrol\µ×°å¿ØÖÆ20190414\EWARM\YS-F4Pro\Obj\stm32f4xx_hal_dfsdm.o
#        G:\test\robotpatrol\µ×°å¿ØÖÆ20190414\EWARM\YS-F4Pro\Obj\stm32f4xx_hal_dma.o
#        G:\test\robotpatrol\µ×°å¿ØÖÆ20190414\EWARM\YS-F4Pro\Obj\stm32f4xx_hal_dma2d.o
#        G:\test\robotpatrol\µ×°å¿ØÖÆ20190414\EWARM\YS-F4Pro\Obj\stm32f4xx_hal_dma_ex.o
#        G:\test\robotpatrol\µ×°å¿ØÖÆ20190414\EWARM\YS-F4Pro\Obj\stm32f4xx_hal_dsi.o
#        G:\test\robotpatrol\µ×°å¿ØÖÆ20190414\EWARM\YS-F4Pro\Obj\stm32f4xx_hal_eth.o
#        G:\test\robotpatrol\µ×°å¿ØÖÆ20190414\EWARM\YS-F4Pro\Obj\stm32f4xx_hal_flash.o
#        G:\test\robotpatrol\µ×°å¿ØÖÆ20190414\EWARM\YS-F4Pro\Obj\stm32f4xx_hal_flash_ex.o
#        G:\test\robotpatrol\µ×°å¿ØÖÆ20190414\EWARM\YS-F4Pro\Obj\stm32f4xx_hal_flash_ramfunc.o
#        G:\test\robotpatrol\µ×°å¿ØÖÆ20190414\EWARM\YS-F4Pro\Obj\stm32f4xx_hal_fmpi2c.o
#        G:\test\robotpatrol\µ×°å¿ØÖÆ20190414\EWARM\YS-F4Pro\Obj\stm32f4xx_hal_fmpi2c_ex.o
#        G:\test\robotpatrol\µ×°å¿ØÖÆ20190414\EWARM\YS-F4Pro\Obj\stm32f4xx_hal_gpio.o
#        G:\test\robotpatrol\µ×°å¿ØÖÆ20190414\EWARM\YS-F4Pro\Obj\stm32f4xx_hal_hash.o
#        G:\test\robotpatrol\µ×°å¿ØÖÆ20190414\EWARM\YS-F4Pro\Obj\stm32f4xx_hal_hash_ex.o
#        G:\test\robotpatrol\µ×°å¿ØÖÆ20190414\EWARM\YS-F4Pro\Obj\stm32f4xx_hal_hcd.o
#        G:\test\robotpatrol\µ×°å¿ØÖÆ20190414\EWARM\YS-F4Pro\Obj\stm32f4xx_hal_i2c.o
#        G:\test\robotpatrol\µ×°å¿ØÖÆ20190414\EWARM\YS-F4Pro\Obj\stm32f4xx_hal_i2c_ex.o
#        G:\test\robotpatrol\µ×°å¿ØÖÆ20190414\EWARM\YS-F4Pro\Obj\stm32f4xx_hal_i2s.o
#        G:\test\robotpatrol\µ×°å¿ØÖÆ20190414\EWARM\YS-F4Pro\Obj\stm32f4xx_hal_i2s_ex.o
#        G:\test\robotpatrol\µ×°å¿ØÖÆ20190414\EWARM\YS-F4Pro\Obj\stm32f4xx_hal_irda.o
#        G:\test\robotpatrol\µ×°å¿ØÖÆ20190414\EWARM\YS-F4Pro\Obj\stm32f4xx_hal_iwdg.o
#        G:\test\robotpatrol\µ×°å¿ØÖÆ20190414\EWARM\YS-F4Pro\Obj\stm32f4xx_hal_lptim.o
#        G:\test\robotpatrol\µ×°å¿ØÖÆ20190414\EWARM\YS-F4Pro\Obj\stm32f4xx_hal_ltdc.o
#        G:\test\robotpatrol\µ×°å¿ØÖÆ20190414\EWARM\YS-F4Pro\Obj\stm32f4xx_hal_ltdc_ex.o
#        G:\test\robotpatrol\µ×°å¿ØÖÆ20190414\EWARM\YS-F4Pro\Obj\stm32f4xx_hal_mmc.o
#        G:\test\robotpatrol\µ×°å¿ØÖÆ20190414\EWARM\YS-F4Pro\Obj\stm32f4xx_hal_msp.o
#        G:\test\robotpatrol\µ×°å¿ØÖÆ20190414\EWARM\YS-F4Pro\Obj\stm32f4xx_hal_nand.o
#        G:\test\robotpatrol\µ×°å¿ØÖÆ20190414\EWARM\YS-F4Pro\Obj\stm32f4xx_hal_nor.o
#        G:\test\robotpatrol\µ×°å¿ØÖÆ20190414\EWARM\YS-F4Pro\Obj\stm32f4xx_hal_pccard.o
#        G:\test\robotpatrol\µ×°å¿ØÖÆ20190414\EWARM\YS-F4Pro\Obj\stm32f4xx_hal_pcd.o
#        G:\test\robotpatrol\µ×°å¿ØÖÆ20190414\EWARM\YS-F4Pro\Obj\stm32f4xx_hal_pcd_ex.o
#        G:\test\robotpatrol\µ×°å¿ØÖÆ20190414\EWARM\YS-F4Pro\Obj\stm32f4xx_hal_pwr.o
#        G:\test\robotpatrol\µ×°å¿ØÖÆ20190414\EWARM\YS-F4Pro\Obj\stm32f4xx_hal_pwr_ex.o
#        G:\test\robotpatrol\µ×°å¿ØÖÆ20190414\EWARM\YS-F4Pro\Obj\stm32f4xx_hal_qspi.o
#        G:\test\robotpatrol\µ×°å¿ØÖÆ20190414\EWARM\YS-F4Pro\Obj\stm32f4xx_hal_rcc.o
#        G:\test\robotpatrol\µ×°å¿ØÖÆ20190414\EWARM\YS-F4Pro\Obj\stm32f4xx_hal_rcc_ex.o
#        G:\test\robotpatrol\µ×°å¿ØÖÆ20190414\EWARM\YS-F4Pro\Obj\stm32f4xx_hal_rng.o
#        G:\test\robotpatrol\µ×°å¿ØÖÆ20190414\EWARM\YS-F4Pro\Obj\stm32f4xx_hal_rtc.o
#        G:\test\robotpatrol\µ×°å¿ØÖÆ20190414\EWARM\YS-F4Pro\Obj\stm32f4xx_hal_rtc_ex.o
#        G:\test\robotpatrol\µ×°å¿ØÖÆ20190414\EWARM\YS-F4Pro\Obj\stm32f4xx_hal_sai.o
#        G:\test\robotpatrol\µ×°å¿ØÖÆ20190414\EWARM\YS-F4Pro\Obj\stm32f4xx_hal_sai_ex.o
#        G:\test\robotpatrol\µ×°å¿ØÖÆ20190414\EWARM\YS-F4Pro\Obj\stm32f4xx_hal_sd.o
#        G:\test\robotpatrol\µ×°å¿ØÖÆ20190414\EWARM\YS-F4Pro\Obj\stm32f4xx_hal_sdram.o
#        G:\test\robotpatrol\µ×°å¿ØÖÆ20190414\EWARM\YS-F4Pro\Obj\stm32f4xx_hal_smartcard.o
#        G:\test\robotpatrol\µ×°å¿ØÖÆ20190414\EWARM\YS-F4Pro\Obj\stm32f4xx_hal_spdifrx.o
#        G:\test\robotpatrol\µ×°å¿ØÖÆ20190414\EWARM\YS-F4Pro\Obj\stm32f4xx_hal_spi.o
#        G:\test\robotpatrol\µ×°å¿ØÖÆ20190414\EWARM\YS-F4Pro\Obj\stm32f4xx_hal_sram.o
#        G:\test\robotpatrol\µ×°å¿ØÖÆ20190414\EWARM\YS-F4Pro\Obj\stm32f4xx_hal_tim.o
#        G:\test\robotpatrol\µ×°å¿ØÖÆ20190414\EWARM\YS-F4Pro\Obj\stm32f4xx_hal_tim_ex.o
#        G:\test\robotpatrol\µ×°å¿ØÖÆ20190414\EWARM\YS-F4Pro\Obj\stm32f4xx_hal_uart.o
#        G:\test\robotpatrol\µ×°å¿ØÖÆ20190414\EWARM\YS-F4Pro\Obj\stm32f4xx_hal_usart.o
#        G:\test\robotpatrol\µ×°å¿ØÖÆ20190414\EWARM\YS-F4Pro\Obj\stm32f4xx_hal_wwdg.o
#        G:\test\robotpatrol\µ×°å¿ØÖÆ20190414\EWARM\YS-F4Pro\Obj\stm32f4xx_it.o
#        G:\test\robotpatrol\µ×°å¿ØÖÆ20190414\EWARM\YS-F4Pro\Obj\stm32f4xx_ll_adc.o
#        G:\test\robotpatrol\µ×°å¿ØÖÆ20190414\EWARM\YS-F4Pro\Obj\stm32f4xx_ll_crc.o
#        G:\test\robotpatrol\µ×°å¿ØÖÆ20190414\EWARM\YS-F4Pro\Obj\stm32f4xx_ll_dac.o
#        G:\test\robotpatrol\µ×°å¿ØÖÆ20190414\EWARM\YS-F4Pro\Obj\stm32f4xx_ll_dma.o
#        G:\test\robotpatrol\µ×°å¿ØÖÆ20190414\EWARM\YS-F4Pro\Obj\stm32f4xx_ll_dma2d.o
#        G:\test\robotpatrol\µ×°å¿ØÖÆ20190414\EWARM\YS-F4Pro\Obj\stm32f4xx_ll_exti.o
#        G:\test\robotpatrol\µ×°å¿ØÖÆ20190414\EWARM\YS-F4Pro\Obj\stm32f4xx_ll_fmc.o
#        G:\test\robotpatrol\µ×°å¿ØÖÆ20190414\EWARM\YS-F4Pro\Obj\stm32f4xx_ll_fsmc.o
#        G:\test\robotpatrol\µ×°å¿ØÖÆ20190414\EWARM\YS-F4Pro\Obj\stm32f4xx_ll_gpio.o
#        G:\test\robotpatrol\µ×°å¿ØÖÆ20190414\EWARM\YS-F4Pro\Obj\stm32f4xx_ll_i2c.o
#        G:\test\robotpatrol\µ×°å¿ØÖÆ20190414\EWARM\YS-F4Pro\Obj\stm32f4xx_ll_lptim.o
#        G:\test\robotpatrol\µ×°å¿ØÖÆ20190414\EWARM\YS-F4Pro\Obj\stm32f4xx_ll_pwr.o
#        G:\test\robotpatrol\µ×°å¿ØÖÆ20190414\EWARM\YS-F4Pro\Obj\stm32f4xx_ll_rcc.o
#        G:\test\robotpatrol\µ×°å¿ØÖÆ20190414\EWARM\YS-F4Pro\Obj\stm32f4xx_ll_rng.o
#        G:\test\robotpatrol\µ×°å¿ØÖÆ20190414\EWARM\YS-F4Pro\Obj\stm32f4xx_ll_rtc.o
#        G:\test\robotpatrol\µ×°å¿ØÖÆ20190414\EWARM\YS-F4Pro\Obj\stm32f4xx_ll_sdmmc.o
#        G:\test\robotpatrol\µ×°å¿ØÖÆ20190414\EWARM\YS-F4Pro\Obj\stm32f4xx_ll_spi.o
#        G:\test\robotpatrol\µ×°å¿ØÖÆ20190414\EWARM\YS-F4Pro\Obj\stm32f4xx_ll_tim.o
#        G:\test\robotpatrol\µ×°å¿ØÖÆ20190414\EWARM\YS-F4Pro\Obj\stm32f4xx_ll_usart.o
#        G:\test\robotpatrol\µ×°å¿ØÖÆ20190414\EWARM\YS-F4Pro\Obj\stm32f4xx_ll_usb.o
#        G:\test\robotpatrol\µ×°å¿ØÖÆ20190414\EWARM\YS-F4Pro\Obj\stm32f4xx_ll_utils.o
#        G:\test\robotpatrol\µ×°å¿ØÖÆ20190414\EWARM\YS-F4Pro\Obj\sys.o
#        G:\test\robotpatrol\µ×°å¿ØÖÆ20190414\EWARM\YS-F4Pro\Obj\system_stm32f4xx.o
#        G:\test\robotpatrol\µ×°å¿ØÖÆ20190414\EWARM\YS-F4Pro\Obj\tcp.o
#        G:\test\robotpatrol\µ×°å¿ØÖÆ20190414\EWARM\YS-F4Pro\Obj\tcp_in.o
#        G:\test\robotpatrol\µ×°å¿ØÖÆ20190414\EWARM\YS-F4Pro\Obj\tcp_out.o
#        G:\test\robotpatrol\µ×°å¿ØÖÆ20190414\EWARM\YS-F4Pro\Obj\tcpip.o
#        G:\test\robotpatrol\µ×°å¿ØÖÆ20190414\EWARM\YS-F4Pro\Obj\timeouts.o
#        G:\test\robotpatrol\µ×°å¿ØÖÆ20190414\EWARM\YS-F4Pro\Obj\udp.o
#        G:\test\robotpatrol\µ×°å¿ØÖÆ20190414\EWARM\YS-F4Pro\Obj\udp_echoclient.o
#        --redirect _Printf=_PrintfFull --redirect _Scanf=_ScanfFull
#        --no_out_extension -o
#        G:\test\robotpatrol\µ×°å¿ØÖÆ20190414\EWARM\YS-F4Pro\Exe\YS-F4Pro.out
#        --map
#        G:\test\robotpatrol\µ×°å¿ØÖÆ20190414\EWARM\YS-F4Pro\List\YS-F4Pro.map
#        --config
#        G:\test\robotpatrol\µ×°å¿ØÖÆ20190414\EWARM/stm32f407xx_flash.icf
#        --semihosting --entry __iar_program_start --vfe --text_out locale)
#
###############################################################################

*******************************************************************************
*** RUNTIME MODEL ATTRIBUTES
***

CppFlavor       = *
__SystemLibrary = DLib
__dlib_version  = 6


*******************************************************************************
*** HEAP SELECTION
***

The basic heap was selected because no calls to memory allocation
functions were found in the application outside of system library
functions, and there are calls to deallocation functions in the
application.


*******************************************************************************
*** PLACEMENT SUMMARY
***

"A0":  place at 0x800'0000 { ro section .intvec };
"P1":  place in [from 0x800'0000 to 0x80f'ffff] { ro };
define block CSTACK with size = 1K, alignment = 8 { };
define block HEAP with size = 512, alignment = 8 { };
"P2":  place in [from 0x2000'0000 to 0x2001'ffff] {
          rw, block CSTACK, block HEAP };
initialize by copy { rw };

  Section            Kind         Address    Size  Object
  -------            ----         -------    ----  ------
"A0":                                       0x188
  .intvec            ro code   0x800'0000   0x188  startup_stm32f407xx.o [1]
                             - 0x800'0188   0x188

"P1":                                      0xf4cd
  .text              ro code   0x800'0188  0x2138  main.o [1]
  .text              ro code   0x800'22c0   0x374  stm32f4xx_hal_rcc.o [1]
  .text              ro code   0x800'2634   0x288  stm32f4xx_hal_rcc.o [1]
  .text              ro code   0x800'28bc   0x14a  stm32f4xx_hal_cortex.o [1]
  .text              ro code   0x800'2a06    0x7a  lz77_init_single.o [4]
  .text              ro code   0x800'2a80    0x34  stm32f4xx_hal.o [1]
  .text              ro code   0x800'2ab4    0xe0  bsp_io.o [1]
  .text              ro code   0x800'2b94   0x1f0  bsp_debug_usart.o [1]
  .text              ro code   0x800'2d84    0xa0  bsp_GeneralTIM.o [1]
  .text              ro code   0x800'2e24   0x6f4  stm32f4xx_hal_tim.o [1]
  .text              ro code   0x800'3518    0x28  printf.o [2]
  .text              ro code   0x800'3540    0x1c  init.o [1]
  .text              ro code   0x800'355c    0xb8  app_ethernet.o [1]
  .text              ro code   0x800'3614  0x1100  udp_echoclient.o [1]
  .text              ro code   0x800'4714   0xd00  stm32f4xx_hal_eth.o [1]
  .text              ro code   0x800'5414   0x170  bsp_CAN.o [1]
  .text              ro code   0x800'5584   0xb0a  stm32f4xx_hal_can.o [1]
  .text              ro code   0x800'608e    0x3a  zero_init3.o [4]
  .text              ro code   0x800'60c8   0x24c  stm32f4xx_hal_gpio.o [1]
  .text              ro code   0x800'6314   0x1b8  timeouts.o [1]
  .text              ro code   0x800'64cc    0x1e  stm32f4xx_hal.o [1]
  .text              ro code   0x800'64ea    0x1e  xencoding_8859_1.o [2]
  .text              ro code   0x800'6508   0x2bc  mem.o [1]
  .text              ro code   0x800'67c4    0xac  memp.o [1]
  .text              ro code   0x800'6870   0x1ae  netif.o [1]
  .text              ro code   0x800'6a1e     0xa  xsprout.o [2]
  .text              ro code   0x800'6a28   0x54c  ethernetif.o [1]
  .text              ro code   0x800'6f74    0x58  stm32f4xx_hal_tim_ex.o [1]
  .text              ro code   0x800'6fcc    0x22  S32ToDbl.o [3]
  .text              ro code   0x800'6ff0   0x1a2  DblMul.o [3]
  .text              ro code   0x800'7194   0x246  DblDiv.o [3]
  .text              ro code   0x800'73dc    0x3a  DblToS32.o [3]
  .text              ro code   0x800'7418   0x7bc  stm32f4xx_hal_uart.o [1]
  .text              ro code   0x800'7bd4    0xd4  bsp_MB_host.o [1]
  .text              ro code   0x800'7ca8     0xc  stm32f4xx_hal.o [1]
  .text              ro code   0x800'7cb4    0x28  stm32f4xx_hal.o [1]
  .text              ro code   0x800'7cdc    0x6e  stm32f4xx_hal_msp.o [1]
  .text              ro code   0x800'7d4a     0x2  stm32f4xx_hal_tim.o [1]
  .text              ro code   0x800'7d4c     0x2  stm32f4xx_hal_tim.o [1]
  .text              ro code   0x800'7d4e     0x2  stm32f4xx_hal_tim_ex.o [1]
  .text              ro code   0x800'7d50     0x2  stm32f4xx_hal_tim.o [1]
  .text              ro code   0x800'7d52     0x2  stm32f4xx_hal_tim_ex.o [1]
  .text              ro code   0x800'7d54   0xf46  xprintffull.o [2]
  .text              ro code   0x800'8c9c   0x42c  udp.o [1]
  .text              ro code   0x800'90c8   0xb14  tcp.o [1]
  .text              ro code   0x800'9bdc    0xf6  ip4_addr.o [1]
  .text              ro code   0x800'9cd4    0x40  sprintf.o [2]
  .text              ro code   0x800'9d14   0x5e6  pbuf.o [1]
  .text              ro code   0x800'a2fc    0xd4  SPEED.o [1]
  .text              ro code   0x800'a3d0     0x2  stm32f4xx_hal_eth.o [1]
  .text              ro code   0x800'a3d2     0x2  stm32f4xx_hal_eth.o [1]
  .text              ro code   0x800'a3d4     0x2  stm32f4xx_hal_can.o [1]
  .text              ro code   0x800'a3d6     0x2  stm32f4xx_hal_can.o [1]
  .text              ro code   0x800'a3d8    0x66  ABImemset.o [4]
  .text              ro code   0x800'a440   0x904  etharp.o [1]
  .text              ro code   0x800'ad44    0xa6  ABImemcpy.o [4]
  .text              ro code   0x800'adec    0x26  stm32f4xx_hal_dma.o [1]
  .text              ro code   0x800'ae12     0x2  stm32f4xx_hal_uart.o [1]
  .text              ro code   0x800'ae14     0x2  stm32f4xx_hal_uart.o [1]
  .text              ro code   0x800'ae18    0x78  xlocale_c.o [2]
  .text              ro code   0x800'ae90    0x16  strchr.o [4]
  .text              ro code   0x800'aea8    0x40  xfail_s.o [2]
  .text              ro code   0x800'aee8    0x36  strlen.o [4]
  .text              ro code   0x800'af20    0x58  memchr.o [4]
  .text              ro code   0x800'af78     0xa  xmbcurmax.o [2]
  .text              ro code   0x800'af84   0x230  I64DivMod.o [4]
  .text              ro code   0x800'b1b4    0x70  frexp.o [3]
  .text              ro code   0x800'b224    0x2e  DblCmpLe.o [3]
  .text              ro code   0x800'b254    0x2e  DblCmpGe.o [3]
  .text              ro code   0x800'b284   0x13a  ldexp.o [3]
  .text              ro code   0x800'b3c0    0xe2  DblSub.o [3]
  .text              ro code   0x800'b4a4    0x28  DblToU32.o [3]
  .text              ro code   0x800'b4cc    0x1a  U32ToDbl.o [3]
  .text              ro code   0x800'b4e8    0x2c  def.o [1]
  .text              ro code   0x800'b514   0x23c  icmp.o [1]
  .text              ro code   0x800'b750   0x390  ip4.o [1]
  .text              ro code   0x800'bae0   0x8ae  tcp_out.o [1]
  .text              ro code   0x800'c390  0x119c  tcp_in.o [1]
  .text              ro code   0x800'd52c   0x11e  ethernet.o [1]
  .text              ro code   0x800'd64c   0xb4c  dhcp.o [1]
  .text              ro code   0x800'e198     0x6  abort.o [2]
  .text              ro code   0x800'e1a0     0x2  I64DivZer.o [4]
  .text              ro code   0x800'e1a4   0x16a  DblAdd.o [3]
  .text              ro code   0x800'e30e    0xc8  inet_chksum.o [1]
  .text              ro code   0x800'e3d8   0x668  ip4_frag.o [1]
  .text              ro code   0x800'ea40    0x68  memcmp.o [4]
  .text              ro code   0x800'eaa8    0xa4  rand.o [2]
  .text              ro code   0x800'eb4c    0x14  exit.o [5]
  .rodata            const     0x800'eb60   0x100  bsp_MB_host.o [1]
  .rodata            const     0x800'ec60   0x100  bsp_MB_host.o [1]
  .text              ro code   0x800'ed60    0xa6  stm32f4xx_it.o [1]
  .text              ro code   0x800'ee08    0x10  stm32f4xx_hal.o [1]
  .text              ro code   0x800'ee18    0x60  system_stm32f4xx.o [1]
  .rodata            const     0x800'ee78    0x30  main.o [1]
  .rodata            const     0x800'eea8    0x30  main.o [1]
  .rodata            const     0x800'eed8    0x30  main.o [1]
  .rodata            const     0x800'ef08    0x28  app_ethernet.o [1]
  .rodata            const     0x800'ef30    0x28  app_ethernet.o [1]
  .rodata            const     0x800'ef58    0x28  timeouts.o [1]
  .text              ro code   0x800'ef80    0x28  data_init.o [4]
  .rodata            const     0x800'efa8    0x24  memp.o [1]
  .text              ro code   0x800'efcc    0x22  fpinit_M.o [3]
  .iar.init_table    const     0x800'eff0    0x20  - Linker created -
  .text              ro code   0x800'f010    0x1e  cmain.o [4]
  .text              ro code   0x800'f02e     0x4  low_level_init.o [2]
  .text              ro code   0x800'f032     0x4  exit.o [2]
  .text              ro code   0x800'f038     0xa  cexit.o [4]
  .rodata            const     0x800'f044    0x1c  ethernetif.o [1]
  .rodata            const     0x800'f060    0x1c  main.o [1]
  .rodata            const     0x800'f07c    0x1c  main.o [1]
  .rodata            const     0x800'f098    0x18  app_ethernet.o [1]
  .rodata            const     0x800'f0b0    0x18  main.o [1]
  .rodata            const     0x800'f0c8    0x18  main.o [1]
  .text              ro code   0x800'f0e0    0x16  xprout.o [2]
  .text              ro code   0x800'f0f8     0xc  putchar.o [2]
  .rodata            const     0x800'f104    0x14  main.o [1]
  .rodata            const     0x800'f118    0x14  main.o [1]
  .rodata            const     0x800'f12c    0x14  main.o [1]
  .rodata            const     0x800'f140    0x14  main.o [1]
  .rodata            const     0x800'f154    0x14  main.o [1]
  .rodata            const     0x800'f168    0x14  stm32f4xx_hal_eth.o [1]
  .rodata            const     0x800'f17c    0x10  ethernetif.o [1]
  .rodata            const     0x800'f18c    0x10  ethernetif.o [1]
  .rodata            const     0x800'f19c    0x10  main.o [1]
  .rodata            const     0x800'f1ac    0x10  main.o [1]
  .rodata            const     0x800'f1bc    0x10  main.o [1]
  .rodata            const     0x800'f1cc    0x10  main.o [1]
  .rodata            const     0x800'f1dc    0x10  main.o [1]
  .rodata            const     0x800'f1ec    0x10  main.o [1]
  .rodata            const     0x800'f1fc    0x10  main.o [1]
  .rodata            const     0x800'f20c    0x10  main.o [1]
  .rodata            const     0x800'f21c    0x10  main.o [1]
  .rodata            const     0x800'f22c    0x10  system_stm32f4xx.o [1]
  .rodata            const     0x800'f23c    0x10  tcp.o [1]
  .rodata            const     0x800'f24c    0x10  tcp.o [1]
  .text              ro code   0x800'f25c    0x10  startup_stm32f407xx.o [1]
  .rodata            const     0x800'f26c     0xc  main.o [1]
  .rodata            const     0x800'f278     0xc  main.o [1]
  .rodata            const     0x800'f284     0xc  main.o [1]
  .rodata            const     0x800'f290     0xc  main.o [1]
  .rodata            const     0x800'f29c     0xc  main.o [1]
  .rodata            const     0x800'f2a8     0xc  main.o [1]
  .rodata            const     0x800'f2b4     0xc  main.o [1]
  .rodata            const     0x800'f2c0     0xc  memp.o [1]
  .rodata            const     0x800'f2cc     0xc  memp.o [1]
  .rodata            const     0x800'f2d8     0xc  memp.o [1]
  .rodata            const     0x800'f2e4     0xc  memp.o [1]
  .rodata            const     0x800'f2f0     0xc  memp.o [1]
  .rodata            const     0x800'f2fc     0xc  memp.o [1]
  .rodata            const     0x800'f308     0xc  memp.o [1]
  .rodata            const     0x800'f314     0xc  memp.o [1]
  .rodata            const     0x800'f320     0xc  memp.o [1]
  .rodata            const     0x800'f32c     0xc  udp_echoclient.o [1]
  .text              ro code   0x800'f338     0xc  cstartup_M.o [4]
  .rodata            const     0x800'f344     0x8  ethernet.o [1]
  .rodata            const     0x800'f34c     0x8  ethernet.o [1]
  .rodata            const     0x800'f354     0x8  ethernetif.o [1]
  .rodata            const     0x800'f35c     0x8  main.o [1]
  .rodata            const     0x800'f364     0x8  system_stm32f4xx.o [1]
  .rodata            const     0x800'f36c     0x8  tcp.o [1]
  .rodata            const     0x800'f374     0x8  udp_echoclient.o [1]
  .rodata            const     0x800'f37c     0x8  udp_echoclient.o [1]
  .rodata            const     0x800'f384     0x6  xlocale_c.o [2]
  .rodata            const     0x800'f38c     0x4  ip4_addr.o [1]
  .rodata            const     0x800'f390     0x4  ip4_addr.o [1]
  .text              ro code   0x800'f394     0x4  startup_stm32f407xx.o [1]
  .text              ro code   0x800'f398     0x4  startup_stm32f407xx.o [1]
  .text              ro code   0x800'f39c     0x4  startup_stm32f407xx.o [1]
  .text              ro code   0x800'f3a0     0x4  startup_stm32f407xx.o [1]
  .text              ro code   0x800'f3a4     0x4  startup_stm32f407xx.o [1]
  .text              ro code   0x800'f3a8     0x4  startup_stm32f407xx.o [1]
  .text              ro code   0x800'f3ac     0x4  startup_stm32f407xx.o [1]
  .text              ro code   0x800'f3b0     0x4  startup_stm32f407xx.o [1]
  .text              ro code   0x800'f3b4     0x4  startup_stm32f407xx.o [1]
  .text              ro code   0x800'f3b8     0x4  startup_stm32f407xx.o [1]
  .text              ro code   0x800'f3bc     0x4  startup_stm32f407xx.o [1]
  .text              ro code   0x800'f3c0     0x4  startup_stm32f407xx.o [1]
  .text              ro code   0x800'f3c4     0x4  startup_stm32f407xx.o [1]
  .text              ro code   0x800'f3c8     0x4  startup_stm32f407xx.o [1]
  .text              ro code   0x800'f3cc     0x4  startup_stm32f407xx.o [1]
  .text              ro code   0x800'f3d0     0x4  startup_stm32f407xx.o [1]
  .text              ro code   0x800'f3d4     0x4  startup_stm32f407xx.o [1]
  .text              ro code   0x800'f3d8     0x4  startup_stm32f407xx.o [1]
  .text              ro code   0x800'f3dc     0x4  startup_stm32f407xx.o [1]
  .text              ro code   0x800'f3e0     0x4  startup_stm32f407xx.o [1]
  .text              ro code   0x800'f3e4     0x4  startup_stm32f407xx.o [1]
  .text              ro code   0x800'f3e8     0x4  startup_stm32f407xx.o [1]
  .text              ro code   0x800'f3ec     0x4  startup_stm32f407xx.o [1]
  .text              ro code   0x800'f3f0     0x4  startup_stm32f407xx.o [1]
  .text              ro code   0x800'f3f4     0x4  startup_stm32f407xx.o [1]
  .text              ro code   0x800'f3f8     0x4  startup_stm32f407xx.o [1]
  .text              ro code   0x800'f3fc     0x4  startup_stm32f407xx.o [1]
  .text              ro code   0x800'f400     0x4  startup_stm32f407xx.o [1]
  .text              ro code   0x800'f404     0x4  startup_stm32f407xx.o [1]
  .text              ro code   0x800'f408     0x4  startup_stm32f407xx.o [1]
  .text              ro code   0x800'f40c     0x4  startup_stm32f407xx.o [1]
  .text              ro code   0x800'f410     0x4  startup_stm32f407xx.o [1]
  .text              ro code   0x800'f414     0x4  startup_stm32f407xx.o [1]
  .text              ro code   0x800'f418     0x4  startup_stm32f407xx.o [1]
  .text              ro code   0x800'f41c     0x4  startup_stm32f407xx.o [1]
  .text              ro code   0x800'f420     0x4  startup_stm32f407xx.o [1]
  .text              ro code   0x800'f424     0x4  startup_stm32f407xx.o [1]
  .text              ro code   0x800'f428     0x4  startup_stm32f407xx.o [1]
  .text              ro code   0x800'f42c     0x4  startup_stm32f407xx.o [1]
  .text              ro code   0x800'f430     0x4  startup_stm32f407xx.o [1]
  .text              ro code   0x800'f434     0x4  startup_stm32f407xx.o [1]
  .text              ro code   0x800'f438     0x4  startup_stm32f407xx.o [1]
  .text              ro code   0x800'f43c     0x4  startup_stm32f407xx.o [1]
  .text              ro code   0x800'f440     0x4  startup_stm32f407xx.o [1]
  .text              ro code   0x800'f444     0x4  startup_stm32f407xx.o [1]
  .text              ro code   0x800'f448     0x4  startup_stm32f407xx.o [1]
  .text              ro code   0x800'f44c     0x4  startup_stm32f407xx.o [1]
  .text              ro code   0x800'f450     0x4  startup_stm32f407xx.o [1]
  .text              ro code   0x800'f454     0x4  startup_stm32f407xx.o [1]
  .text              ro code   0x800'f458     0x4  startup_stm32f407xx.o [1]
  .text              ro code   0x800'f45c     0x4  startup_stm32f407xx.o [1]
  .text              ro code   0x800'f460     0x4  startup_stm32f407xx.o [1]
  .text              ro code   0x800'f464     0x4  startup_stm32f407xx.o [1]
  .text              ro code   0x800'f468     0x4  startup_stm32f407xx.o [1]
  .text              ro code   0x800'f46c     0x4  startup_stm32f407xx.o [1]
  .text              ro code   0x800'f470     0x4  startup_stm32f407xx.o [1]
  .text              ro code   0x800'f474     0x4  startup_stm32f407xx.o [1]
  .text              ro code   0x800'f478     0x4  startup_stm32f407xx.o [1]
  .text              ro code   0x800'f47c     0x4  startup_stm32f407xx.o [1]
  .text              ro code   0x800'f480     0x4  startup_stm32f407xx.o [1]
  .text              ro code   0x800'f484     0x4  startup_stm32f407xx.o [1]
  .text              ro code   0x800'f488     0x4  startup_stm32f407xx.o [1]
  .text              ro code   0x800'f48c     0x4  startup_stm32f407xx.o [1]
  .text              ro code   0x800'f490     0x4  startup_stm32f407xx.o [1]
  .text              ro code   0x800'f494     0x4  startup_stm32f407xx.o [1]
  .text              ro code   0x800'f498     0x4  startup_stm32f407xx.o [1]
  .text              ro code   0x800'f49c     0x4  startup_stm32f407xx.o [1]
  .text              ro code   0x800'f4a0     0x4  startup_stm32f407xx.o [1]
  .text              ro code   0x800'f4a4     0x4  startup_stm32f407xx.o [1]
  .rodata            const     0x800'f4a8     0x0  zero_init3.o [4]
  .rodata            const     0x800'f4a8     0x0  lz77_init_single.o [4]
  Initializer bytes  const     0x800'f4a8   0x1ad  <for P2-1>
                             - 0x800'f655  0xf4cd

"P2", part 1 of 3:                          0x27f
  P2-1                        0x2000'0000   0x27f  <Init block>
    .data            inited   0x2000'0000     0x4  dhcp.o [1]
    .data            inited   0x2000'0004     0x4  system_stm32f4xx.o [1]
    .data            inited   0x2000'0008     0x4  tcp.o [1]
    .data            inited   0x2000'000c     0x8  udp_echoclient.o [1]
    .data            inited   0x2000'0014     0x8  udp_echoclient.o [1]
    .data            inited   0x2000'001c     0x8  udp_echoclient.o [1]
    .data            inited   0x2000'0024     0x8  udp_echoclient.o [1]
    .data            inited   0x2000'002c     0x8  udp_echoclient.o [1]
    .data            inited   0x2000'0034     0x8  udp_echoclient.o [1]
    .data            inited   0x2000'003c     0x8  udp_echoclient.o [1]
    .data            inited   0x2000'0044     0x8  udp_echoclient.o [1]
    .data            inited   0x2000'004c     0x8  udp_echoclient.o [1]
    .data            inited   0x2000'0054     0x8  udp_echoclient.o [1]
    .data            inited   0x2000'005c     0x8  udp_echoclient.o [1]
    .data            inited   0x2000'0064     0x8  udp_echoclient.o [1]
    .data            inited   0x2000'006c     0x8  udp_echoclient.o [1]
    .data            inited   0x2000'0074     0x8  udp_echoclient.o [1]
    .data            inited   0x2000'007c     0x8  udp_echoclient.o [1]
    .data            inited   0x2000'0084     0x8  udp_echoclient.o [1]
    .data            inited   0x2000'008c     0x8  udp_echoclient.o [1]
    .data            inited   0x2000'0094     0x8  udp_echoclient.o [1]
    .data            inited   0x2000'009c     0x8  udp_echoclient.o [1]
    .data            inited   0x2000'00a4     0x8  udp_echoclient.o [1]
    .data            inited   0x2000'00ac   0x100  udp_echoclient.o [1]
    .data            inited   0x2000'01ac     0x8  rand.o [2]
    .data            inited   0x2000'01b4    0x38  xlocale_c.o [2]
    .data            inited   0x2000'01ec    0x48  xlocale_c.o [2]
    .data            inited   0x2000'0234    0x48  xfiles.o [2]
    .data            inited   0x2000'027c     0x2  udp.o [1]
    .data            inited   0x2000'027e     0x1  udp_echoclient.o [1]
                            - 0x2000'027f   0x27f

"P2", part 2 of 3:                         0x7e74
  .bss               zero     0x2000'0280  0x2814  mem.o [1]
  .bss               zero     0x2000'2a94  0x17d0  ethernetif.o [1]
  .bss               zero     0x2000'4264  0x17d0  ethernetif.o [1]
  .bss               zero     0x2000'5a34  0x1084  memp.o [1]
  .bss               zero     0x2000'6ab8   0x5cc  memp.o [1]
  .bss               zero     0x2000'7084   0x16c  memp.o [1]
  .bss               zero     0x2000'71f0   0x100  bsp_debug_usart.o [1]
  .bss               zero     0x2000'72f0   0x100  bsp_debug_usart.o [1]
  .bss               zero     0x2000'73f0    0xf0  etharp.o [1]
  .bss               zero     0x2000'74e0    0xc4  memp.o [1]
  .bss               zero     0x2000'75a4    0xa4  memp.o [1]
  .bss               zero     0x2000'7648    0xa4  memp.o [1]
  .bss               zero     0x2000'76ec    0xa4  memp.o [1]
  .bss               zero     0x2000'7790    0x98  udp_echoclient.o [1]
  .bss               zero     0x2000'7828    0x90  memp.o [1]
  .bss               zero     0x2000'78b8    0x84  memp.o [1]
  .bss               zero     0x2000'793c    0x84  rand.o [2]
  .bss               zero     0x2000'79c0    0x80  ethernetif.o [1]
  .bss               zero     0x2000'7a40    0x80  ethernetif.o [1]
  .bss               zero     0x2000'7ac0    0x64  udp_echoclient.o [1]
  .bss               zero     0x2000'7b24    0x50  xfiles.o [2]
  .bss               zero     0x2000'7b74    0x48  ethernetif.o [1]
  .bss               zero     0x2000'7bbc    0x44  bsp_CAN.o [1]
  .bss               zero     0x2000'7c00    0x40  bsp_debug_usart.o [1]
  .bss               zero     0x2000'7c40    0x40  bsp_debug_usart.o [1]
  .bss               zero     0x2000'7c80    0x3c  bsp_GeneralTIM.o [1]
  .bss               zero     0x2000'7cbc    0x3c  main.o [1]
  .bss               zero     0x2000'7cf8    0x3c  main.o [1]
  .bss               zero     0x2000'7d34    0x38  main.o [1]
  .bss               zero     0x2000'7d6c    0x34  main.o [1]
  .bss               zero     0x2000'7da0    0x34  main.o [1]
  .bss               zero     0x2000'7dd4    0x24  bsp_CAN.o [1]
  .bss               zero     0x2000'7df8    0x24  main.o [1]
  .bss               zero     0x2000'7e1c    0x24  main.o [1]
  .bss               zero     0x2000'7e40    0x24  main.o [1]
  .bss               zero     0x2000'7e64    0x24  main.o [1]
  .bss               zero     0x2000'7e88    0x24  main.o [1]
  .bss               zero     0x2000'7eac    0x24  main.o [1]
  .bss               zero     0x2000'7ed0    0x24  main.o [1]
  .bss               zero     0x2000'7ef4    0x24  main.o [1]
  .bss               zero     0x2000'7f18    0x1c  bsp_CAN.o [1]
  .bss               zero     0x2000'7f34    0x18  ip.o [1]
  .bss               zero     0x2000'7f4c    0x10  ip4_addr.o [1]
  .bss               zero     0x2000'7f5c    0x10  tcp_in.o [1]
  .bss               zero     0x2000'7f6c     0xc  main.o [1]
  .bss               zero     0x2000'7f78     0x8  main.o [1]
  .bss               zero     0x2000'7f80     0x4  dhcp.o [1]
  .bss               zero     0x2000'7f84     0x4  dhcp.o [1]
  .bss               zero     0x2000'7f88     0x4  ip4_frag.o [1]
  .bss               zero     0x2000'7f8c     0x4  main.o [1]
  .bss               zero     0x2000'7f90     0x4  main.o [1]
  .bss               zero     0x2000'7f94     0x4  main.o [1]
  .bss               zero     0x2000'7f98     0x4  main.o [1]
  .bss               zero     0x2000'7f9c     0x4  main.o [1]
  .bss               zero     0x2000'7fa0     0x4  main.o [1]
  .bss               zero     0x2000'7fa4     0x4  main.o [1]
  .bss               zero     0x2000'7fa8     0x4  main.o [1]
  .bss               zero     0x2000'7fac     0x4  main.o [1]
  .bss               zero     0x2000'7fb0     0x4  main.o [1]
  .bss               zero     0x2000'7fb4     0x4  main.o [1]
  .bss               zero     0x2000'7fb8     0x4  main.o [1]
  .bss               zero     0x2000'7fbc     0x4  main.o [1]
  .bss               zero     0x2000'7fc0     0x4  main.o [1]
  .bss               zero     0x2000'7fc4     0x4  main.o [1]
  .bss               zero     0x2000'7fc8     0x4  main.o [1]
  .bss               zero     0x2000'7fcc     0x4  main.o [1]
  .bss               zero     0x2000'7fd0     0x4  main.o [1]
  .bss               zero     0x2000'7fd4     0x4  main.o [1]
  .bss               zero     0x2000'7fd8     0x4  main.o [1]
  .bss               zero     0x2000'7fdc     0x4  main.o [1]
  .bss               zero     0x2000'7fe0     0x4  main.o [1]
  .bss               zero     0x2000'7fe4     0x4  main.o [1]
  .bss               zero     0x2000'7fe8     0x4  mem.o [1]
  .bss               zero     0x2000'7fec     0x4  mem.o [1]
  .bss               zero     0x2000'7ff0     0x4  mem.o [1]
  .bss               zero     0x2000'7ff4     0x4  memp.o [1]
  .bss               zero     0x2000'7ff8     0x4  memp.o [1]
  .bss               zero     0x2000'7ffc     0x4  memp.o [1]
  .bss               zero     0x2000'8000     0x4  memp.o [1]
  .bss               zero     0x2000'8004     0x4  memp.o [1]
  .bss               zero     0x2000'8008     0x4  memp.o [1]
  .bss               zero     0x2000'800c     0x4  memp.o [1]
  .bss               zero     0x2000'8010     0x4  memp.o [1]
  .bss               zero     0x2000'8014     0x4  memp.o [1]
  .bss               zero     0x2000'8018     0x4  netif.o [1]
  .bss               zero     0x2000'801c     0x4  netif.o [1]
  .bss               zero     0x2000'8020     0x4  stm32f4xx_hal.o [1]
  .bss               zero     0x2000'8024     0x4  tcp.o [1]
  .bss               zero     0x2000'8028     0x4  tcp.o [1]
  .bss               zero     0x2000'802c     0x4  tcp.o [1]
  .bss               zero     0x2000'8030     0x4  tcp.o [1]
  .bss               zero     0x2000'8034     0x4  tcp.o [1]
  .bss               zero     0x2000'8038     0x4  tcp_in.o [1]
  .bss               zero     0x2000'803c     0x4  tcp_in.o [1]
  .bss               zero     0x2000'8040     0x4  tcp_in.o [1]
  .bss               zero     0x2000'8044     0x4  tcp_in.o [1]
  .bss               zero     0x2000'8048     0x4  tcp_in.o [1]
  .bss               zero     0x2000'804c     0x4  tcp_in.o [1]
  .bss               zero     0x2000'8050     0x4  timeouts.o [1]
  .bss               zero     0x2000'8054     0x4  timeouts.o [1]
  .bss               zero     0x2000'8058     0x4  timeouts.o [1]
  .bss               zero     0x2000'805c     0x4  udp.o [1]
  .bss               zero     0x2000'8060     0x4  udp_echoclient.o [1]
  .bss               zero     0x2000'8064     0x4  udp_echoclient.o [1]
  .bss               zero     0x2000'8068     0x4  udp_echoclient.o [1]
  .bss               zero     0x2000'806c     0x4  udp_echoclient.o [1]
  .bss               zero     0x2000'8070     0x4  udp_echoclient.o [1]
  .bss               zero     0x2000'8074     0x4  udp_echoclient.o [1]
  .bss               zero     0x2000'8078     0x4  udp_echoclient.o [1]
  .bss               zero     0x2000'807c     0x4  udp_echoclient.o [1]
  .bss               zero     0x2000'8080     0x4  udp_echoclient.o [1]
  .bss               zero     0x2000'8084     0x4  udp_echoclient.o [1]
  .bss               zero     0x2000'8088     0x4  udp_echoclient.o [1]
  .bss               zero     0x2000'808c     0x4  udp_echoclient.o [1]
  .bss               zero     0x2000'8090     0x4  udp_echoclient.o [1]
  .bss               zero     0x2000'8094     0x4  udp_echoclient.o [1]
  .bss               zero     0x2000'8098     0x4  udp_echoclient.o [1]
  .bss               zero     0x2000'809c     0x4  udp_echoclient.o [1]
  .bss               zero     0x2000'80a0     0x4  xfail_s.o [2]
  .bss               zero     0x2000'80a4     0x2  bsp_debug_usart.o [1]
  .bss               zero     0x2000'80a6     0x2  ip4.o [1]
  .bss               zero     0x2000'80a8     0x2  ip4_frag.o [1]
  .bss               zero     0x2000'80aa     0x2  main.o [1]
  .bss               zero     0x2000'80ac     0x2  main.o [1]
  .bss               zero     0x2000'80ae     0x2  main.o [1]
  .bss               zero     0x2000'80b0     0x2  tcp_in.o [1]
  .bss               zero     0x2000'80b2     0x2  tcp_in.o [1]
  .bss               zero     0x2000'80b4     0x2  tcp_in.o [1]
  .bss               zero     0x2000'80b6     0x2  tcp_in.o [1]
  .bss               zero     0x2000'80b8     0x2  tcp_in.o [1]
  .bss               zero     0x2000'80ba     0x2  udp_echoclient.o [1]
  .bss               zero     0x2000'80bc     0x2  udp_echoclient.o [1]
  .bss               zero     0x2000'80be     0x2  udp_echoclient.o [1]
  .bss               zero     0x2000'80c0     0x2  udp_echoclient.o [1]
  .bss               zero     0x2000'80c2     0x2  udp_echoclient.o [1]
  .bss               zero     0x2000'80c4     0x2  udp_echoclient.o [1]
  .bss               zero     0x2000'80c6     0x2  udp_echoclient.o [1]
  .bss               zero     0x2000'80c8     0x2  udp_echoclient.o [1]
  .bss               zero     0x2000'80ca     0x1  bsp_debug_usart.o [1]
  .bss               zero     0x2000'80cb     0x1  etharp.o [1]
  .bss               zero     0x2000'80cc     0x1  main.o [1]
  .bss               zero     0x2000'80cd     0x1  main.o [1]
  .bss               zero     0x2000'80ce     0x1  netif.o [1]
  .bss               zero     0x2000'80cf     0x1  tcp.o [1]
  .bss               zero     0x2000'80d0     0x1  tcp.o [1]
  .bss               zero     0x2000'80d1     0x1  tcp.o [1]
  .bss               zero     0x2000'80d2     0x1  tcp_in.o [1]
  .bss               zero     0x2000'80d3     0x1  tcp_in.o [1]
  .bss               zero     0x2000'80d4     0x1  udp_echoclient.o [1]
  .bss               zero     0x2000'80d5     0x1  udp_echoclient.o [1]
  .bss               zero     0x2000'80d6     0x1  udp_echoclient.o [1]
  .bss               zero     0x2000'80d7     0x1  udp_echoclient.o [1]
  .bss               zero     0x2000'80d8     0x1  udp_echoclient.o [1]
  .bss               zero     0x2000'80d9     0x1  udp_echoclient.o [1]
  .bss               zero     0x2000'80da     0x1  udp_echoclient.o [1]
  .bss               zero     0x2000'80db     0x1  udp_echoclient.o [1]
  .bss               zero     0x2000'80dc     0x1  udp_echoclient.o [1]
  .bss               zero     0x2000'80dd     0x1  udp_echoclient.o [1]
  .bss               zero     0x2000'80de     0x1  udp_echoclient.o [1]
  .bss               zero     0x2000'80df     0x1  udp_echoclient.o [1]
  .bss               zero     0x2000'80e0     0x1  udp_echoclient.o [1]
  .bss               zero     0x2000'80e1     0x1  udp_echoclient.o [1]
  .bss               zero     0x2000'80e2     0x1  udp_echoclient.o [1]
  .bss               zero     0x2000'80e3     0x1  udp_echoclient.o [1]
  .bss               zero     0x2000'80e4     0x1  udp_echoclient.o [1]
  .bss               zero     0x2000'80e5     0x1  udp_echoclient.o [1]
  .bss               zero     0x2000'80e6     0x1  udp_echoclient.o [1]
  .bss               zero     0x2000'80e7     0x1  udp_echoclient.o [1]
  .bss               zero     0x2000'80e8     0x1  udp_echoclient.o [1]
  .bss               zero     0x2000'80e9     0x1  udp_echoclient.o [1]
  .bss               zero     0x2000'80ea     0x1  udp_echoclient.o [1]
  .bss               zero     0x2000'80eb     0x1  udp_echoclient.o [1]
  .bss               zero     0x2000'80ec     0x1  udp_echoclient.o [1]
  .bss               zero     0x2000'80ed     0x1  udp_echoclient.o [1]
  .bss               zero     0x2000'80ee     0x1  udp_echoclient.o [1]
  .bss               zero     0x2000'80ef     0x1  udp_echoclient.o [1]
  .bss               zero     0x2000'80f0     0x1  udp_echoclient.o [1]
  .bss               zero     0x2000'80f1     0x1  udp_echoclient.o [1]
  .bss               zero     0x2000'80f2     0x1  udp_echoclient.o [1]
                            - 0x2000'80f3  0x7e73

"P2", part 3 of 3:                          0x400
  CSTACK                      0x2000'80f8   0x400  <Block>
    CSTACK           uninit   0x2000'80f8   0x400  <Block tail>
                            - 0x2000'84f8   0x400

Unused ranges:

         From           To      Size
         ----           --      ----
   0x800'f655   0x80f'ffff  0xf'09ab
  0x2000'027f  0x2000'027f       0x1
  0x2000'80f4  0x2000'80f7       0x4
  0x2000'84f8  0x2001'ffff  0x1'7b08


*******************************************************************************
*** INIT TABLE
***

          Address      Size
          -------      ----
Zero (__iar_zero_init3)
    1 destination range, total size 0x7e73:
          0x2000'0280  0x7e73

Copy/lz77 (__iar_lz77_init_single3)
    1 source range, total size 0x1ad (67% of destination):
           0x800'f4a8   0x1ad
    1 destination range, total size 0x27f:
          0x2000'0000   0x27f



*******************************************************************************
*** MODULE SUMMARY
***

    Module                  ro code  ro data  rw data
    ------                  -------  -------  -------
command line/config:
    -------------------------------------------------
    Total:

G:\test\robotpatrol\µ×°å¿ØÖÆ20190414\EWARM\YS-F4Pro\Obj: [1]
    SPEED.o                     212
    app_ethernet.o              184      104
    bsp_CAN.o                   368               132
    bsp_GeneralTIM.o            160                60
    bsp_MB_host.o               212      512
    bsp_debug_usart.o           496               643
    bsp_io.o                    224
    def.o                        44
    dhcp.o                    2 892        2       12
    etharp.o                  2 308               241
    ethernet.o                  286       16
    ethernetif.o              1 356       68   12 520
    icmp.o                      572
    inet_chksum.o               200
    init.o                       28
    ip.o                                           24
    ip4.o                       912                 2
    ip4_addr.o                  246        8       16
    ip4_frag.o                1 640                 6
    main.o                    8 504      584      688
    mem.o                       700            10 272
    memp.o                      172      144    7 076
    netif.o                     430                 9
    pbuf.o                    1 510
    startup_stm32f407xx.o       684
    stm32f4xx_hal.o             150                 4
    stm32f4xx_hal_can.o       2 830
    stm32f4xx_hal_cortex.o      330
    stm32f4xx_hal_dma.o          38
    stm32f4xx_hal_eth.o       3 332       20
    stm32f4xx_hal_gpio.o        588
    stm32f4xx_hal_msp.o         110
    stm32f4xx_hal_rcc.o       1 532
    stm32f4xx_hal_tim.o       1 786
    stm32f4xx_hal_tim_ex.o       92
    stm32f4xx_hal_uart.o      1 984
    stm32f4xx_it.o              166
    system_stm32f4xx.o           96       27        4
    tcp.o                     2 836       43       27
    tcp_in.o                  4 508                52
    tcp_out.o                 2 222
    timeouts.o                  440       40       12
    udp.o                     1 068        2        6
    udp_echoclient.o          4 352      308      780
    -------------------------------------------------
    Total:                   52 800    1 878   32 586

dl7M_tlf.a: [2]
    abort.o                       6
    exit.o                        4
    low_level_init.o              4
    printf.o                     40
    putchar.o                    12
    rand.o                      164        5      140
    sprintf.o                    64
    xencoding_8859_1.o           30
    xfail_s.o                    64                 4
    xfiles.o                              48      152
    xlocale_c.o                 120       92      128
    xmbcurmax.o                  10
    xprintffull.o             3 910
    xprout.o                     22
    xsprout.o                    10
    -------------------------------------------------
    Total:                    4 460      145      424

m7M_tls.a: [3]
    DblAdd.o                    362
    DblCmpGe.o                   46
    DblCmpLe.o                   46
    DblDiv.o                    582
    DblMul.o                    418
    DblSub.o                    226
    DblToS32.o                   58
    DblToU32.o                   40
    S32ToDbl.o                   34
    U32ToDbl.o                   26
    fpinit_M.o                   34
    frexp.o                     112
    ldexp.o                     314
    -------------------------------------------------
    Total:                    2 298

rt7M_tl.a: [4]
    ABImemcpy.o                 166
    ABImemset.o                 102
    I64DivMod.o                 560
    I64DivZer.o                   2
    cexit.o                      10
    cmain.o                      30
    cstartup_M.o                 12
    data_init.o                  40
    lz77_init_single.o          122
    memchr.o                     88
    memcmp.o                    104
    strchr.o                     22
    strlen.o                     54
    zero_init3.o                 58
    -------------------------------------------------
    Total:                    1 370

shb_l.a: [5]
    exit.o                       20
    -------------------------------------------------
    Total:                       20

    Gaps                         52        6
    Linker created                        32    1 024
-----------------------------------------------------
    Grand Total:             61 000    2 061   34 034


*******************************************************************************
*** ENTRY LIST
***

Entry                       Address    Size  Type      Object
-----                       -------    ----  ----      ------
.iar.init_table$$Base    0x800'eff0           --   Gb  - Linker created -
.iar.init_table$$Limit   0x800'f010           --   Gb  - Linker created -
?main                    0x800'f011          Code  Gb  cmain.o [4]
AHBPrescTable            0x800'f22c    0x10  Data  Gb  system_stm32f4xx.o [1]
APBPrescTable            0x800'f364     0x8  Data  Gb  system_stm32f4xx.o [1]
BASIC_TIM2_Init          0x800'12e9    0x62  Code  Gb  main.o [1]
BASIC_TIM3_Init          0x800'1359    0x60  Code  Gb  main.o [1]
BusFault_Handler         0x800'ed67     0x2  Code  Gb  stm32f4xx_it.o [1]
CAN1_RX0_IRQHandler      0x800'ed7f     0xa  Code  Gb  stm32f4xx_it.o [1]
CAN1_data               0x2000'7f78     0x8  Data  Gb  main.o [1]
CAN_Receive_IT           0x800'5eb7   0x1d8  Code  Lc  stm32f4xx_hal_can.o [1]
CAN_SendTxMsg            0x800'5527    0x3c  Code  Gb  bsp_CAN.o [1]
CAN_Transmit_IT          0x800'5e5d    0x5a  Code  Lc  stm32f4xx_hal_can.o [1]
CSTACK$$Base            0x2000'80f8           --   Gb  - Linker created -
CSTACK$$Limit           0x2000'84f8           --   Gb  - Linker created -
CacheMore                0x800'ae1d    0x24  Code  Lc  xlocale_c.o [2]
DMARxDscrTab            0x2000'79c0    0x80  Data  Gb  ethernetif.o [1]
DMATxDscrTab            0x2000'7a40    0x80  Data  Gb  ethernetif.o [1]
DebugMon_Handler         0x800'ed6d     0x2  Code  Gb  stm32f4xx_it.o [1]
DestIPaddr              0x2000'809c     0x4  Data  Gb  udp_echoclient.o [1]
ETH_DMAReceptionDisable
                         0x800'5371    0x12  Code  Lc  stm32f4xx_hal_eth.o [1]
ETH_DMAReceptionEnable   0x800'535f    0x12  Code  Lc  stm32f4xx_hal_eth.o [1]
ETH_DMATransmissionDisable
                         0x800'534d    0x12  Code  Lc  stm32f4xx_hal_eth.o [1]
ETH_DMATransmissionEnable
                         0x800'533b    0x12  Code  Lc  stm32f4xx_hal_eth.o [1]
ETH_Delay                0x800'53af    0x24  Code  Lc  stm32f4xx_hal_eth.o [1]
ETH_FlushTransmitFIFO    0x800'5383    0x2c  Code  Lc  stm32f4xx_hal_eth.o [1]
ETH_IRQHandler           0x800'ed89     0xa  Code  Gb  stm32f4xx_it.o [1]
ETH_MACAddressConfig     0x800'5271    0x2a  Code  Lc  stm32f4xx_hal_eth.o [1]
ETH_MACDMAConfig         0x800'500f   0x262  Code  Lc  stm32f4xx_hal_eth.o [1]
ETH_MACReceptionDisable
                         0x800'5313    0x28  Code  Lc  stm32f4xx_hal_eth.o [1]
ETH_MACReceptionEnable   0x800'52eb    0x28  Code  Lc  stm32f4xx_hal_eth.o [1]
ETH_MACTransmissionDisable
                         0x800'52c3    0x28  Code  Lc  stm32f4xx_hal_eth.o [1]
ETH_MACTransmissionEnable
                         0x800'529b    0x28  Code  Lc  stm32f4xx_hal_eth.o [1]
EXTI0_IRQHandler         0x800'edd5     0xa  Code  Gb  stm32f4xx_it.o [1]
EXTI1_IRQHandler         0x800'eddf     0xa  Code  Gb  stm32f4xx_it.o [1]
EXTI2_IRQHandler         0x800'ede9     0xa  Code  Gb  stm32f4xx_it.o [1]
EXTI3_IRQHandler         0x800'edf3     0xa  Code  Gb  stm32f4xx_it.o [1]
EXTI4_IRQHandler         0x800'edfd     0xa  Code  Gb  stm32f4xx_it.o [1]
EthHandle               0x2000'7b74    0x48  Data  Gb  ethernetif.o [1]
GENERAL_TIMx_Init        0x800'2d85    0x5e  Code  Gb  bsp_GeneralTIM.o [1]
HAL_CAN_ConfigFilter     0x800'572b   0x106  Code  Gb  stm32f4xx_hal_can.o [1]
HAL_CAN_IRQHandler       0x800'5bb3   0x292  Code  Gb  stm32f4xx_hal_can.o [1]
HAL_CAN_Init             0x800'5585   0x1a6  Code  Gb  stm32f4xx_hal_can.o [1]
HAL_CAN_MspInit          0x800'5491    0x96  Code  Gb  bsp_CAN.o [1]
HAL_CAN_Receive_IT       0x800'5aa1   0x112  Code  Gb  stm32f4xx_hal_can.o [1]
HAL_CAN_RxCpltCallback   0x800'0945   0x994  Code  Gb  main.o [1]
HAL_CAN_Transmit         0x800'5831   0x26a  Code  Gb  stm32f4xx_hal_can.o [1]
HAL_DMA_Abort_IT         0x800'aded    0x26  Code  Gb  stm32f4xx_hal_dma.o [1]
HAL_Delay                0x800'64cd    0x1e  Code  Wk  stm32f4xx_hal.o [1]
HAL_ETH_ConfigMAC        0x800'4edd   0x132  Code  Gb  stm32f4xx_hal_eth.o [1]
HAL_ETH_DMARxDescListInit
                         0x800'49db    0x7e  Code  Gb  stm32f4xx_hal_eth.o [1]
HAL_ETH_DMATxDescListInit
                         0x800'495f    0x7c  Code  Gb  stm32f4xx_hal_eth.o [1]
HAL_ETH_GetReceivedFrame
                         0x800'4b87    0x9e  Code  Gb  stm32f4xx_hal_eth.o [1]
HAL_ETH_GetReceivedFrame_IT
                         0x800'4c25    0xaa  Code  Gb  stm32f4xx_hal_eth.o [1]
HAL_ETH_IRQHandler       0x800'4ccf    0x76  Code  Gb  stm32f4xx_hal_eth.o [1]
HAL_ETH_Init             0x800'4715   0x24a  Code  Gb  stm32f4xx_hal_eth.o [1]
HAL_ETH_MspInit          0x800'6a29   0x13e  Code  Gb  ethernetif.o [1]
HAL_ETH_ReadPHYRegister
                         0x800'4d45    0x84  Code  Gb  stm32f4xx_hal_eth.o [1]
HAL_ETH_RxCpltCallback   0x800'12d9     0xc  Code  Gb  main.o [1]
HAL_ETH_Start            0x800'4e49    0x4a  Code  Gb  stm32f4xx_hal_eth.o [1]
HAL_ETH_Stop             0x800'4e93    0x4a  Code  Gb  stm32f4xx_hal_eth.o [1]
HAL_ETH_TransmitFrame    0x800'4a59   0x12e  Code  Gb  stm32f4xx_hal_eth.o [1]
HAL_ETH_WritePHYRegister
                         0x800'4dc9    0x80  Code  Gb  stm32f4xx_hal_eth.o [1]
HAL_GPIO_EXTI_Callback   0x800'2109    0xb6  Code  Gb  main.o [1]
HAL_GPIO_EXTI_IRQHandler
                         0x800'62b9    0x1c  Code  Gb  stm32f4xx_hal_gpio.o [1]
HAL_GPIO_Init            0x800'60c9   0x1dc  Code  Gb  stm32f4xx_hal_gpio.o [1]
HAL_GPIO_WritePin        0x800'62a5    0x14  Code  Gb  stm32f4xx_hal_gpio.o [1]
HAL_GetTick              0x800'7ca9     0xc  Code  Wk  stm32f4xx_hal.o [1]
HAL_IO_Init              0x800'2ab5    0xe0  Code  Gb  bsp_io.o [1]
HAL_IncTick              0x800'ee09    0x10  Code  Wk  stm32f4xx_hal.o [1]
HAL_Init                 0x800'2a81    0x30  Code  Gb  stm32f4xx_hal.o [1]
HAL_InitTick             0x800'7cb5    0x28  Code  Wk  stm32f4xx_hal.o [1]
HAL_MspInit              0x800'7cdd    0x6e  Code  Gb  stm32f4xx_hal_msp.o [1]
HAL_NVIC_EnableIRQ       0x800'29ad     0xa  Code  Gb  stm32f4xx_hal_cortex.o [1]
HAL_NVIC_SetPriority     0x800'298b    0x22  Code  Gb  stm32f4xx_hal_cortex.o [1]
HAL_NVIC_SetPriorityGrouping
                         0x800'2983     0x8  Code  Gb  stm32f4xx_hal_cortex.o [1]
HAL_RCC_ClockConfig      0x800'2635   0x182  Code  Gb  stm32f4xx_hal_rcc.o [1]
HAL_RCC_EnableCSS        0x800'27b7     0x8  Code  Gb  stm32f4xx_hal_rcc.o [1]
HAL_RCC_GetHCLKFreq      0x800'27bf     0x6  Code  Gb  stm32f4xx_hal_rcc.o [1]
HAL_RCC_GetPCLK1Freq     0x800'27c5    0x20  Code  Gb  stm32f4xx_hal_rcc.o [1]
HAL_RCC_GetPCLK2Freq     0x800'27e5    0x20  Code  Gb  stm32f4xx_hal_rcc.o [1]
HAL_RCC_OscConfig        0x800'22c1   0x374  Code  Wk  stm32f4xx_hal_rcc.o [1]
HAL_SYSTICK_CLKSourceConfig
                         0x800'29bf    0x1c  Code  Gb  stm32f4xx_hal_cortex.o [1]
HAL_SYSTICK_Config       0x800'29b7     0x8  Code  Gb  stm32f4xx_hal_cortex.o [1]
HAL_SYSTICK_IRQHandler   0x800'29fd     0x8  Code  Gb  stm32f4xx_hal_cortex.o [1]
HAL_TIMEx_BreakCallback
                         0x800'7d4f     0x2  Code  Wk  stm32f4xx_hal_tim_ex.o [1]
HAL_TIMEx_CommutationCallback
                         0x800'7d53     0x2  Code  Wk  stm32f4xx_hal_tim_ex.o [1]
HAL_TIMEx_MasterConfigSynchronization
                         0x800'6f75    0x58  Code  Gb  stm32f4xx_hal_tim_ex.o [1]
HAL_TIM_Base_Init        0x800'2e25    0x38  Code  Gb  stm32f4xx_hal_tim.o [1]
HAL_TIM_Base_Start       0x800'2e5d    0x1c  Code  Gb  stm32f4xx_hal_tim.o [1]
HAL_TIM_Base_Start_IT    0x800'2e79    0x1c  Code  Gb  stm32f4xx_hal_tim.o [1]
HAL_TIM_ConfigClockSource
                         0x800'30b9   0x118  Code  Gb  stm32f4xx_hal_tim.o [1]
HAL_TIM_IRQHandler       0x800'2ee5   0x176  Code  Gb  stm32f4xx_hal_tim.o [1]
HAL_TIM_OC_ConfigChannel
                         0x800'305b    0x5e  Code  Gb  stm32f4xx_hal_tim.o [1]
HAL_TIM_OC_DelayElapsedCallback
                         0x800'1611    0x2e  Code  Gb  main.o [1]
HAL_TIM_OnePulse_Init    0x800'2e95    0x50  Code  Gb  stm32f4xx_hal_tim.o [1]
HAL_TIM_OnePulse_MspInit
                         0x800'2de3    0x34  Code  Gb  bsp_GeneralTIM.o [1]
HAL_TIM_PeriodElapsedCallback
                         0x800'13f5   0x21c  Code  Gb  main.o [1]
HAL_UART_IRQHandler      0x800'75cb   0x134  Code  Gb  stm32f4xx_hal_uart.o [1]
HAL_UART_Init            0x800'7419    0x76  Code  Gb  stm32f4xx_hal_uart.o [1]
HAL_UART_MspInit         0x800'2b95    0xd8  Code  Gb  bsp_debug_usart.o [1]
HAL_UART_Receive_IT      0x800'756b    0x60  Code  Gb  stm32f4xx_hal_uart.o [1]
HAL_UART_RxCpltCallback
                         0x800'1d9d    0x66  Code  Gb  main.o [1]
HAL_UART_Transmit        0x800'748f    0xdc  Code  Gb  stm32f4xx_hal_uart.o [1]
HardFault_Handler        0x800'ed63     0x2  Code  Gb  stm32f4xx_it.o [1]
LSPEEDca                 0x800'a35d    0x5e  Code  Gb  SPEED.o [1]
LSPPED                  0x2000'80c0     0x2  Data  Gb  udp_echoclient.o [1]
LWIP_Process             0x800'35eb     0xe  Code  Gb  app_ethernet.o [1]
LoadInt                  0x800'7f17    0x7a  Code  Lc  xprintffull.o [2]
MB_CRC16                 0x800'7bd5    0x3e  Code  Gb  bsp_MB_host.o [1]
MB_ReadHoldingReg_03H    0x800'7c13    0x8a  Code  Gb  bsp_MB_host.o [1]
MOTOR1                  0x2000'7df8    0x24  Data  Gb  main.o [1]
MOTOR2                  0x2000'7e1c    0x24  Data  Gb  main.o [1]
MOTOR3                  0x2000'7e40    0x24  Data  Gb  main.o [1]
MOTOR4                  0x2000'7e64    0x24  Data  Gb  main.o [1]
MOTOR5                  0x2000'7e88    0x24  Data  Gb  main.o [1]
MOTOR6                  0x2000'7eac    0x24  Data  Gb  main.o [1]
MOTOR7                  0x2000'7ed0    0x24  Data  Gb  main.o [1]
MOTOR8                  0x2000'7ef4    0x24  Data  Gb  main.o [1]
MX_CAN_Init              0x800'5415    0x7c  Code  Gb  bsp_CAN.o [1]
MX_DEBUG_USART_Init      0x800'2c6d    0xa6  Code  Gb  bsp_debug_usart.o [1]
MemManage_Handler        0x800'ed65     0x2  Code  Gb  stm32f4xx_it.o [1]
NMI_Handler              0x800'ed61     0x2  Code  Gb  stm32f4xx_it.o [1]
NVIC_EnableIRQ           0x800'28e1    0x14  Code  Lc  stm32f4xx_hal_cortex.o [1]
NVIC_EncodePriority      0x800'2919    0x3c  Code  Lc  stm32f4xx_hal_cortex.o [1]
NVIC_GetPriorityGrouping
                         0x800'28d7     0xa  Code  Lc  stm32f4xx_hal_cortex.o [1]
NVIC_SetPriority         0x800'28f5    0x24  Code  Lc  stm32f4xx_hal_cortex.o [1]
NVIC_SetPriorityGrouping
                         0x800'28bd    0x1a  Code  Lc  stm32f4xx_hal_cortex.o [1]
NVIC_SystemReset         0x800'3615    0x1a  Code  Lc  udp_echoclient.o [1]
Netif_Config             0x800'0827    0xa4  Code  Lc  main.o [1]
Patstateal2             0x2000'80cd     0x1  Data  Gb  main.o [1]
Patstateall             0x2000'80cc     0x1  Data  Gb  main.o [1]
PendSV_Handler           0x800'ed6f     0x2  Code  Gb  stm32f4xx_it.o [1]
RCC_IRQHandler           0x800'ed7d     0x2  Code  Gb  stm32f4xx_it.o [1]
RSPEEDca                 0x800'a2fd    0x60  Code  Gb  SPEED.o [1]
RSPPED                  0x2000'80c2     0x2  Data  Gb  udp_echoclient.o [1]
Region$$Table$$Base      0x800'eff0           --   Gb  - Linker created -
Region$$Table$$Limit     0x800'f010           --   Gb  - Linker created -
RxCount                 0x2000'80a4     0x2  Data  Gb  bsp_debug_usart.o [1]
RxMessage               0x2000'7dd4    0x24  Data  Lc  bsp_CAN.o [1]
Rx_Buf                  0x2000'71f0   0x100  Data  Gb  bsp_debug_usart.o [1]
Rx_Buff                 0x2000'2a94  0x17d0  Data  Gb  ethernetif.o [1]
Rx_MSG                  0x2000'80aa     0x2  Data  Gb  main.o [1]
SVC_Handler              0x800'ed6b     0x2  Code  Gb  stm32f4xx_it.o [1]
SysTick_Config           0x800'2955    0x2e  Code  Lc  stm32f4xx_hal_cortex.o [1]
SysTick_Handler          0x800'ed71     0xc  Code  Gb  stm32f4xx_it.o [1]
SystemClock_Config       0x800'0189    0xac  Code  Gb  main.o [1]
SystemCoreClock         0x2000'0004     0x4  Data  Gb  system_stm32f4xx.o [1]
SystemInit               0x800'ee19    0x40  Code  Gb  system_stm32f4xx.o [1]
TIM2_IRQHandler          0x800'ed9d     0xa  Code  Gb  stm32f4xx_it.o [1]
TIM3_IRQHandler          0x800'ed93     0xa  Code  Gb  stm32f4xx_it.o [1]
TIM5_IRQHandler          0x800'eda7     0xa  Code  Gb  stm32f4xx_it.o [1]
TIM_Base_SetConfig       0x800'31d1    0xe4  Code  Gb  stm32f4xx_hal_tim.o [1]
TIM_ETR_SetConfig        0x800'34ff    0x18  Code  Lc  stm32f4xx_hal_tim.o [1]
TIM_ITRx_SetConfig       0x800'34eb    0x14  Code  Lc  stm32f4xx_hal_tim.o [1]
TIM_OC1_SetConfig        0x800'332b    0x6c  Code  Lc  stm32f4xx_hal_tim.o [1]
TIM_OC2_SetConfig        0x800'32b5    0x76  Code  Gb  stm32f4xx_hal_tim.o [1]
TIM_OC3_SetConfig        0x800'3397    0x74  Code  Lc  stm32f4xx_hal_tim.o [1]
TIM_OC4_SetConfig        0x800'340b    0x5e  Code  Lc  stm32f4xx_hal_tim.o [1]
TIM_TI1_ConfigInputStage
                         0x800'3499    0x28  Code  Lc  stm32f4xx_hal_tim.o [1]
TIM_TI2_ConfigInputStage
                         0x800'34c1    0x2a  Code  Lc  stm32f4xx_hal_tim.o [1]
TOLLEN                  0x2000'8098     0x4  Data  Gb  udp_echoclient.o [1]
TimHandle               0x2000'7cbc    0x3c  Data  Gb  main.o [1]
TimHandle2              0x2000'7cf8    0x3c  Data  Gb  main.o [1]
TxMessage               0x2000'7f18    0x1c  Data  Lc  bsp_CAN.o [1]
Tx_Buf                  0x2000'72f0   0x100  Data  Gb  bsp_debug_usart.o [1]
Tx_Buff                 0x2000'4264  0x17d0  Data  Gb  ethernetif.o [1]
UART_DMAAbortOnError     0x800'778d    0x12  Code  Lc  stm32f4xx_hal_uart.o [1]
UART_EndRxTransfer       0x800'776d    0x20  Code  Lc  stm32f4xx_hal_uart.o [1]
UART_EndTransmit_IT      0x800'780b    0x1c  Code  Lc  stm32f4xx_hal_uart.o [1]
UART_Receive_IT          0x800'7827    0x9c  Code  Lc  stm32f4xx_hal_uart.o [1]
UART_SetConfig           0x800'78c3   0x304  Code  Lc  stm32f4xx_hal_uart.o [1]
UART_Transmit_IT         0x800'77a1    0x6a  Code  Lc  stm32f4xx_hal_uart.o [1]
UART_Tx                  0x800'2d13    0x32  Code  Gb  bsp_debug_usart.o [1]
UART_WaitOnFlagUntilTimeout
                         0x800'76ff    0x6e  Code  Lc  stm32f4xx_hal_uart.o [1]
USART3_IRQHandler        0x800'edb1     0xa  Code  Gb  stm32f4xx_it.o [1]
UsageFault_Handler       0x800'ed69     0x2  Code  Gb  stm32f4xx_it.o [1]
User_notification        0x800'355d    0x30  Code  Gb  app_ethernet.o [1]
_Encoding_8859_1_Mbrlen
                         0x800'64fd     0x2  Code  Gb  xencoding_8859_1.o [2]
_Encoding_8859_1_Wctomb
                         0x800'64eb    0x12  Code  Gb  xencoding_8859_1.o [2]
_GenldFull               0x800'8975   0x274  Code  Lc  xprintffull.o [2]
_LdtobFull               0x800'8571   0x3d6  Code  Lc  xprintffull.o [2]
_LitobFull               0x800'8421   0x10a  Code  Lc  xprintffull.o [2]
_Locale_lconv           0x2000'01b4    0x38  Data  Lc  xlocale_c.o [2]
_PrintfFull              0x800'7d55   0x1aa  Code  Gb  xprintffull.o [2]
_Prout                   0x800'f0e1    0x16  Code  Gb  xprout.o [2]
_PutcharsFull            0x800'8be9    0x2e  Code  Lc  xprintffull.o [2]
_PutfldFull              0x800'7f91   0x2d4  Code  Lc  xprintffull.o [2]
_PutstrFull              0x800'835b    0xc6  Code  Lc  xprintffull.o [2]
_PuttxtFull              0x800'8265    0xf6  Code  Lc  xprintffull.o [2]
_Rand_idx               0x2000'79bc     0x4  Data  Lc  rand.o [2]
_Rand_rv                0x2000'793c    0x80  Data  Lc  rand.o [2]
_Randinit               0x2000'01ac     0x1  Data  Gb  rand.o [2]
_Randseed               0x2000'01b0     0x4  Data  Gb  rand.o [2]
_SProut                  0x800'6a1f     0xa  Code  Gb  xsprout.o [2]
__aeabi_cdcmple          0x800'b225          Code  Gb  DblCmpLe.o [3]
__aeabi_cdrcmple         0x800'b255          Code  Gb  DblCmpGe.o [3]
__aeabi_d2iz             0x800'73dd          Code  Gb  DblToS32.o [3]
__aeabi_d2uiz            0x800'b4a5          Code  Gb  DblToU32.o [3]
__aeabi_ddiv             0x800'7195          Code  Gb  DblDiv.o [3]
__aeabi_dmul             0x800'6ff1          Code  Gb  DblMul.o [3]
__aeabi_dsub             0x800'b3c1          Code  Gb  DblSub.o [3]
__aeabi_i2d              0x800'6fcd          Code  Gb  S32ToDbl.o [3]
__aeabi_ldiv0            0x800'e1a1          Code  Gb  I64DivZer.o [4]
__aeabi_memcpy           0x800'ad45          Code  Gb  ABImemcpy.o [4]
__aeabi_memcpy4          0x800'ad65          Code  Gb  ABImemcpy.o [4]
__aeabi_memcpy8          0x800'ad65          Code  Gb  ABImemcpy.o [4]
__aeabi_memset           0x800'a3d9          Code  Gb  ABImemset.o [4]
__aeabi_ui2d             0x800'b4cd          Code  Gb  U32ToDbl.o [3]
__aeabi_uldivmod         0x800'af85          Code  Gb  I64DivMod.o [4]
__cmain                  0x800'f011          Code  Gb  cmain.o [4]
__exit                   0x800'eb4d    0x14  Code  Gb  exit.o [5]
__iar_Fail_s             0x800'aea9    0x1c  Code  Gb  xfail_s.o [2]
__iar_Mbcurmax           0x800'af79     0xa  Code  Gb  xmbcurmax.o [2]
__iar_Memchr             0x800'af21          Code  Gb  memchr.o [4]
__iar_Memset             0x800'a3d9          Code  Gb  ABImemset.o [4]
__iar_Memset_word        0x800'a3e1          Code  Gb  ABImemset.o [4]
__iar_Stdout            0x2000'0234    0x48  Data  Gb  xfiles.o [2]
__iar_Strchr             0x800'ae91          Code  Gb  strchr.o [4]
__iar_dadd               0x800'b3d1          Code  Gb  DblSub.o [3]
__iar_data_init3         0x800'ef81    0x28  Code  Gb  data_init.o [4]
__iar_dsub               0x800'e1a5          Code  Gb  DblAdd.o [3]
__iar_dsubStart          0x800'e1b7          Code  Gb  DblAdd.o [3]
__iar_frexp              0x800'b1c1          Code  Gb  frexp.o [3]
__iar_frexpl             0x800'b1c1          Code  Gb  frexp.o [3]
__iar_globLocale        0x2000'01ec    0x48  Data  Lc  xlocale_c.o [2]
__iar_global_Locale      0x800'ae19     0x4  Code  Gb  xlocale_c.o [2]
__iar_init_vfp           0x800'efcd          Code  Gb  fpinit_M.o [3]
__iar_ldexp64            0x800'b285          Code  Gb  ldexp.o [3]
__iar_lz77_init_single3
                         0x800'2a07    0x7a  Code  Gb  lz77_init_single.o [4]
__iar_program_start      0x800'f339          Code  Gb  cstartup_M.o [4]
__iar_scalbln64          0x800'b285          Code  Gb  ldexp.o [3]
__iar_scalbn64           0x800'b285          Code  Gb  ldexp.o [3]
__iar_softfp___iar_frexp64
                         0x800'b1b5          Code  Gb  frexp.o [3]
__iar_softfp_frexp       0x800'b1b5          Code  Gb  frexp.o [3]
__iar_softfp_frexpl      0x800'b1b5          Code  Gb  frexp.o [3]
__iar_zero_init3         0x800'608f    0x3a  Code  Gb  zero_init3.o [4]
__low_level_init         0x800'f02f     0x4  Code  Gb  low_level_init.o [2]
__vector_table           0x800'0000          Data  Gb  startup_stm32f407xx.o [1]
_call_main               0x800'f01d          Code  Gb  cmain.o [4]
_exit                    0x800'f039          Code  Gb  cexit.o [4]
_gLocale_mblen           0x800'ae7d     0x4  Code  Gb  xlocale_c.o [2]
_gLocale_mblenInt        0x800'ae41    0x2c  Code  Gb  xlocale_c.o [2]
_gLocale_wctomb          0x800'ae81     0x4  Code  Gb  xlocale_c.o [2]
_gLocale_wctombInt       0x800'ae79     0x4  Code  Gb  xlocale_c.o [2]
_main                    0x800'f02b          Code  Gb  cmain.o [4]
abort                    0x800'e199     0x6  Code  Gb  abort.o [2]
ackno                   0x2000'8044     0x4  Data  Lc  tcp_in.o [1]
actCurrentCheck         0x2000'0074     0x8  Data  Gb  udp_echoclient.o [1]
actSpeedCheck           0x2000'006c     0x8  Data  Gb  udp_echoclient.o [1]
alarmclear              0x2000'0024     0x8  Data  Gb  udp_echoclient.o [1]
arp_table               0x2000'73f0    0xf0  Data  Lc  etharp.o [1]
auchCRCHi                0x800'eb60   0x100  Data  Lc  bsp_MB_host.o [1]
auchCRCLo                0x800'ec60   0x100  Data  Lc  bsp_MB_host.o [1]
bat_state               0x2000'7f6c     0xc  Data  Gb  main.o [1]
brake                   0x2000'80f0     0x1  Data  Gb  udp_echoclient.o [1]
breakclear1             0x2000'80da     0x1  Data  Gb  udp_echoclient.o [1]
breakclear2             0x2000'80db     0x1  Data  Gb  udp_echoclient.o [1]
breakclear3             0x2000'80dc     0x1  Data  Gb  udp_echoclient.o [1]
breakclear4             0x2000'80dd     0x1  Data  Gb  udp_echoclient.o [1]
btorigin                0x2000'8064     0x4  Data  Gb  udp_echoclient.o [1]
btorigin1               0x2000'80de     0x1  Data  Gb  udp_echoclient.o [1]
btorigin2               0x2000'80df     0x1  Data  Gb  udp_echoclient.o [1]
btorigin3               0x2000'80e0     0x1  Data  Gb  udp_echoclient.o [1]
btorigin4               0x2000'80e1     0x1  Data  Gb  udp_echoclient.o [1]
can_Cmd_Q               0x2000'7d6c    0x34  Data  Gb  main.o [1]
can_Cmd_Q_Ctr           0x2000'7fb8     0x4  Data  Gb  main.o [1]
can_Cmd_Q_Pop           0x2000'7fb4     0x4  Data  Gb  main.o [1]
can_Cmd_Q_Push          0x2000'7fb0     0x4  Data  Gb  main.o [1]
can_Cmd_Q_Send           0x800'0339   0x4ee  Code  Gb  main.o [1]
check_periodic          0x2000'7fe4     0x4  Data  Gb  main.o [1]
crc_array               0x2000'00ac   0x100  Data  Gb  udp_echoclient.o [1]
crc_check               0x2000'80ae     0x2  Data  Gb  main.o [1]
cyclic_timer             0x800'6369    0x16  Code  Lc  timeouts.o [1]
data                    0x2000'7ac0    0x64  Data  Gb  udp_echoclient.o [1]
databuffer              0x2000'7790    0x98  Data  Gb  udp_echoclient.o [1]
dhcp_arp_reply           0x800'd91d    0x20  Code  Gb  dhcp.o [1]
dhcp_bind                0x800'daa3   0x10a  Code  Lc  dhcp.o [1]
dhcp_check               0x800'd64d    0x3c  Code  Lc  dhcp.o [1]
dhcp_coarse_tmr          0x800'd785    0x72  Code  Gb  dhcp.o [1]
dhcp_create_msg          0x800'df8d   0x17e  Code  Lc  dhcp.o [1]
dhcp_create_msg::xid    0x2000'7f84     0x4  Data  Lc  dhcp.o [1]
dhcp_decline             0x800'd93d    0x94  Code  Lc  dhcp.o [1]
dhcp_delete_msg          0x800'e115    0x1e  Code  Lc  dhcp.o [1]
dhcp_discover            0x800'd9d1    0xd2  Code  Lc  dhcp.o [1]
dhcp_discover_request_options
                        0x2000'0000     0x4  Data  Lc  dhcp.o [1]
dhcp_fine_tmr            0x800'd7f7    0x38  Code  Gb  dhcp.o [1]
dhcp_option              0x800'ded7    0x26  Code  Lc  dhcp.o [1]
dhcp_option_byte         0x800'defd    0x12  Code  Lc  dhcp.o [1]
dhcp_option_long         0x800'df3b    0x52  Code  Lc  dhcp.o [1]
dhcp_option_short        0x800'df0f    0x2c  Code  Lc  dhcp.o [1]
dhcp_option_trailer      0x800'e133    0x40  Code  Lc  dhcp.o [1]
dhcp_pcb                0x2000'7f80     0x4  Data  Lc  dhcp.o [1]
dhcp_rebind              0x800'dc69    0xba  Code  Lc  dhcp.o [1]
dhcp_reboot              0x800'dd23    0xd4  Code  Lc  dhcp.o [1]
dhcp_release             0x800'ddf7    0xb6  Code  Gb  dhcp.o [1]
dhcp_renew               0x800'dbad    0xbc  Code  Gb  dhcp.o [1]
dhcp_select              0x800'd689    0xfc  Code  Lc  dhcp.o [1]
dhcp_set_state           0x800'dec1    0x16  Code  Lc  dhcp.o [1]
dhcp_supplied_address    0x800'e173    0x26  Code  Gb  dhcp.o [1]
dhcp_t1_timeout          0x800'd8a3    0x3a  Code  Lc  dhcp.o [1]
dhcp_t2_timeout          0x800'd8dd    0x40  Code  Lc  dhcp.o [1]
dhcp_timeout             0x800'd82f    0x74  Code  Lc  dhcp.o [1]
digIOCheck              0x2000'0094     0x8  Data  Gb  udp_echoclient.o [1]
dir1                    0x2000'7fa0     0x4  Data  Gb  main.o [1]
dir2                    0x2000'7fa4     0x4  Data  Gb  main.o [1]
dir3                    0x2000'7fa8     0x4  Data  Gb  main.o [1]
dir4                    0x2000'7fac     0x4  Data  Gb  main.o [1]
do_memp_free_pool        0x800'6841     0xc  Code  Lc  memp.o [1]
do_memp_malloc_pool      0x800'680f    0x16  Code  Lc  memp.o [1]
driverFlagCheck         0x2000'008c     0x8  Data  Gb  udp_echoclient.o [1]
dropDis                 0x2000'80bc     0x2  Data  Gb  udp_echoclient.o [1]
emestopall              0x2000'80d4     0x1  Data  Gb  udp_echoclient.o [1]
enStateCheck            0x2000'005c     0x8  Data  Gb  udp_echoclient.o [1]
enable                  0x2000'000c     0x8  Data  Gb  udp_echoclient.o [1]
enstateallm             0x2000'80d6     0x1  Data  Gb  udp_echoclient.o [1]
enstateallr             0x2000'80d5     0x1  Data  Gb  udp_echoclient.o [1]
errorCheck              0x2000'007c     0x8  Data  Gb  udp_echoclient.o [1]
etharp_cached_entry     0x2000'80cb     0x1  Data  Lc  etharp.o [1]
etharp_cleanup_netif     0x800'a7dd    0x44  Code  Gb  etharp.o [1]
etharp_find_entry        0x800'a551   0x1b0  Code  Lc  etharp.o [1]
etharp_free_entry        0x800'a441    0x32  Code  Lc  etharp.o [1]
etharp_input             0x800'a821   0x106  Code  Gb  etharp.o [1]
etharp_output            0x800'a9db   0x10a  Code  Gb  etharp.o [1]
etharp_output_to_arp_index
                         0x800'a927    0xb4  Code  Lc  etharp.o [1]
etharp_query             0x800'aae5   0x172  Code  Gb  etharp.o [1]
etharp_raw               0x800'ac57    0xb4  Code  Lc  etharp.o [1]
etharp_request           0x800'ad2b     0xa  Code  Gb  etharp.o [1]
etharp_request_dst       0x800'ad0b    0x20  Code  Lc  etharp.o [1]
etharp_tmr               0x800'a473    0xde  Code  Gb  etharp.o [1]
etharp_update_arp_entry
                         0x800'a701    0xdc  Code  Lc  etharp.o [1]
ethbroadcast             0x800'f344     0x8  Data  Gb  ethernet.o [1]
ethernet_input           0x800'd52d    0xc6  Code  Gb  ethernet.o [1]
ethernet_output          0x800'd5f9    0x52  Code  Gb  ethernet.o [1]
ethernetif_init          0x800'6e53    0x1e  Code  Gb  ethernetif.o [1]
ethernetif_input         0x800'6e2b    0x28  Code  Gb  ethernetif.o [1]
ethernetif_notify_conn_changed
                         0x800'358d    0x5e  Code  Gb  app_ethernet.o [1]
ethernetif_update_config
                         0x800'6e79    0xb8  Code  Gb  ethernetif.o [1]
ethzero                  0x800'f34c     0x8  Data  Gb  ethernet.o [1]
exit                     0x800'f033     0x4  Code  Gb  exit.o [2]
flags                   0x2000'80d2     0x1  Data  Lc  tcp_in.o [1]
fputc                    0x800'2d45    0x14  Code  Gb  bsp_debug_usart.o [1]
givenSpeedCheck         0x2000'0064     0x8  Data  Gb  udp_echoclient.o [1]
gnetif                  0x2000'7d34    0x38  Data  Gb  main.o [1]
hCAN                    0x2000'7bbc    0x44  Data  Gb  bsp_CAN.o [1]
htimx                   0x2000'7c80    0x3c  Data  Gb  bsp_GeneralTIM.o [1]
husart_debug            0x2000'7c00    0x40  Data  Gb  bsp_debug_usart.o [1]
husart_debug_485        0x2000'7c40    0x40  Data  Gb  bsp_debug_usart.o [1]
icmp_dest_unreach        0x800'b6c1     0xe  Code  Gb  icmp.o [1]
icmp_input               0x800'b515   0x1a8  Code  Gb  icmp.o [1]
icmp_send_response       0x800'b6dd    0x74  Code  Lc  icmp.o [1]
icmp_time_exceeded       0x800'b6cf     0xe  Code  Gb  icmp.o [1]
index                   0x2000'7f8c     0x4  Data  Gb  main.o [1]
inet_chksum_pbuf         0x800'e375    0x62  Code  Gb  inet_chksum.o [1]
inseg                   0x2000'7f5c    0x10  Data  Lc  tcp_in.o [1]
iomotor1                0x2000'7f90     0x4  Data  Gb  main.o [1]
iomotor2                0x2000'7f94     0x4  Data  Gb  main.o [1]
iomotor3                0x2000'7f98     0x4  Data  Gb  main.o [1]
iomotor4                0x2000'7f9c     0x4  Data  Gb  main.o [1]
ip4_addr_isbroadcast_u32
                         0x800'9bdd    0x4c  Code  Gb  ip4_addr.o [1]
ip4_frag                 0x800'e871   0x1c4  Code  Gb  ip4_frag.o [1]
ip4_input                0x800'b7c3   0x226  Code  Gb  ip4.o [1]
ip4_output_if            0x800'b9e9    0x30  Code  Gb  ip4.o [1]
ip4_output_if_src        0x800'ba19    0xb4  Code  Gb  ip4.o [1]
ip4_reass                0x800'e695   0x1ae  Code  Gb  ip4_frag.o [1]
ip4_route                0x800'b751    0x72  Code  Gb  ip4.o [1]
ip4addr_ntoa             0x800'9c29     0xc  Code  Gb  ip4_addr.o [1]
ip4addr_ntoa::str       0x2000'7f4c    0x10  Data  Lc  ip4_addr.o [1]
ip4addr_ntoa_r           0x800'9c3d    0x96  Code  Gb  ip4_addr.o [1]
ip_addr_any              0x800'f38c     0x4  Data  Gb  ip4_addr.o [1]
ip_addr_broadcast        0x800'f390     0x4  Data  Gb  ip4_addr.o [1]
ip_data                 0x2000'7f34    0x18  Data  Gb  ip.o [1]
ip_frag_alloc_pbuf_custom_ref
                         0x800'e843     0xa  Code  Lc  ip4_frag.o [1]
ip_frag_free_pbuf_custom_ref
                         0x800'e84d     0xc  Code  Lc  ip4_frag.o [1]
ip_id                   0x2000'80a6     0x2  Data  Lc  ip4.o [1]
ip_reass_chain_frag_into_datagram_and_validate
                         0x800'e57b   0x11a  Code  Lc  ip4_frag.o [1]
ip_reass_dequeue_datagram
                         0x800'e55b    0x20  Code  Lc  ip4_frag.o [1]
ip_reass_enqueue_new_datagram
                         0x800'e501    0x5a  Code  Lc  ip4_frag.o [1]
ip_reass_free_complete_datagram
                         0x800'e407    0x78  Code  Lc  ip4_frag.o [1]
ip_reass_pbufcount      0x2000'80a8     0x2  Data  Lc  ip4_frag.o [1]
ip_reass_remove_oldest_datagram
                         0x800'e47f    0x82  Code  Lc  ip4_frag.o [1]
ip_reass_tmr             0x800'e3d9    0x2e  Code  Gb  ip4_frag.o [1]
ipfrag_free_pbuf_custom
                         0x800'e859    0x18  Code  Lc  ip4_frag.o [1]
l1ang                   0x2000'8078     0x4  Data  Gb  udp_echoclient.o [1]
l1angset                0x2000'8088     0x4  Data  Gb  udp_echoclient.o [1]
l1speedset              0x2000'009c     0x8  Data  Gb  udp_echoclient.o [1]
l2ang                   0x2000'807c     0x4  Data  Gb  udp_echoclient.o [1]
l2angset                0x2000'8090     0x4  Data  Gb  udp_echoclient.o [1]
laser_front             0x2000'7fcc     0x4  Data  Gb  main.o [1]
ldexp                    0x800'b285          Code  Gb  ldexp.o [3]
ldexpl                   0x800'b285          Code  Gb  ldexp.o [3]
lfree                   0x2000'7ff0     0x4  Data  Lc  mem.o [1]
localeconv               0x800'ae85     0x4  Code  Gb  xlocale_c.o [2]
low_level_init           0x800'6b67   0x10a  Code  Lc  ethernetif.o [1]
low_level_input          0x800'6d43    0xe8  Code  Lc  ethernetif.o [1]
low_level_output         0x800'6c71    0xd2  Code  Lc  ethernetif.o [1]
lwip_cyclic_timers       0x800'ef58    0x28  Data  Gb  timeouts.o [1]
lwip_htonl               0x800'b4f9    0x1c  Code  Gb  def.o [1]
lwip_htons               0x800'b4e9    0x10  Code  Gb  def.o [1]
lwip_init                0x800'3541    0x1c  Code  Gb  init.o [1]
lwip_standard_chksum     0x800'e30f    0x66  Code  Gb  inet_chksum.o [1]
main                     0x800'0235   0x100  Code  Gb  main.o [1]
mem_free                 0x800'65a9    0x2e  Code  Gb  mem.o [1]
mem_init                 0x800'656d    0x3c  Code  Gb  mem.o [1]
mem_malloc               0x800'66cd    0xe8  Code  Gb  mem.o [1]
mem_trim                 0x800'65d7    0xf6  Code  Gb  mem.o [1]
memchr                   0x800'af21          Code  Gb  memchr.o [4]
memcmp                   0x800'ea41          Code  Gb  memcmp.o [4]
memp_FRAG_PBUF           0x800'f2fc     0xc  Data  Gb  memp.o [1]
memp_PBUF                0x800'f314     0xc  Data  Gb  memp.o [1]
memp_PBUF_POOL           0x800'f320     0xc  Data  Gb  memp.o [1]
memp_REASSDATA           0x800'f2f0     0xc  Data  Gb  memp.o [1]
memp_SYS_TIMEOUT         0x800'f308     0xc  Data  Gb  memp.o [1]
memp_TCP_PCB             0x800'f2cc     0xc  Data  Gb  memp.o [1]
memp_TCP_PCB_LISTEN      0x800'f2d8     0xc  Data  Gb  memp.o [1]
memp_TCP_SEG             0x800'f2e4     0xc  Data  Gb  memp.o [1]
memp_UDP_PCB             0x800'f2c0     0xc  Data  Gb  memp.o [1]
memp_free                0x800'684d    0x1c  Code  Gb  memp.o [1]
memp_init                0x800'67ef    0x20  Code  Gb  memp.o [1]
memp_init_pool           0x800'67c5    0x2a  Code  Gb  memp.o [1]
memp_malloc              0x800'6825    0x1c  Code  Gb  memp.o [1]
memp_memory_FRAG_PBUF_base
                        0x2000'7084   0x16c  Data  Gb  memp.o [1]
memp_memory_PBUF_POOL_base
                        0x2000'5a34  0x1084  Data  Gb  memp.o [1]
memp_memory_PBUF_base   0x2000'76ec    0xa4  Data  Gb  memp.o [1]
memp_memory_REASSDATA_base
                        0x2000'75a4    0xa4  Data  Gb  memp.o [1]
memp_memory_SYS_TIMEOUT_base
                        0x2000'7648    0xa4  Data  Gb  memp.o [1]
memp_memory_TCP_PCB_LISTEN_base
                        0x2000'7828    0x90  Data  Gb  memp.o [1]
memp_memory_TCP_PCB_base
                        0x2000'6ab8   0x5cc  Data  Gb  memp.o [1]
memp_memory_TCP_SEG_base
                        0x2000'78b8    0x84  Data  Gb  memp.o [1]
memp_memory_UDP_PCB_base
                        0x2000'74e0    0xc4  Data  Gb  memp.o [1]
memp_pools               0x800'efa8    0x24  Data  Gb  memp.o [1]
memp_tab_FRAG_PBUF      0x2000'8008     0x4  Data  Lc  memp.o [1]
memp_tab_PBUF           0x2000'8010     0x4  Data  Lc  memp.o [1]
memp_tab_PBUF_POOL      0x2000'8014     0x4  Data  Lc  memp.o [1]
memp_tab_REASSDATA      0x2000'8004     0x4  Data  Lc  memp.o [1]
memp_tab_SYS_TIMEOUT    0x2000'800c     0x4  Data  Lc  memp.o [1]
memp_tab_TCP_PCB        0x2000'7ff8     0x4  Data  Lc  memp.o [1]
memp_tab_TCP_PCB_LISTEN
                        0x2000'7ffc     0x4  Data  Lc  memp.o [1]
memp_tab_TCP_SEG        0x2000'8000     0x4  Data  Lc  memp.o [1]
memp_tab_UDP_PCB        0x2000'7ff4     0x4  Data  Lc  memp.o [1]
modbus_Cmd_Q            0x2000'7da0    0x34  Data  Gb  main.o [1]
modbus_Cmd_Q_Ctr        0x2000'7fc4     0x4  Data  Gb  main.o [1]
modbus_Cmd_Q_Pop        0x2000'7fc0     0x4  Data  Gb  main.o [1]
modbus_Cmd_Q_Push       0x2000'7fbc     0x4  Data  Gb  main.o [1]
modbus_Cmd_Q_Send        0x800'1e1d    0xec  Code  Gb  main.o [1]
modbus_Cmd_Temp         0x2000'7fc8     0x4  Data  Gb  main.o [1]
modbus_Data_Process      0x800'1f8d   0x168  Code  Gb  main.o [1]
modbus_Periodic_Handler
                         0x800'1f0d    0x5c  Code  Gb  main.o [1]
modbus_crc_check        0x2000'80ac     0x2  Data  Gb  main.o [1]
motor1ang               0x2000'8068     0x4  Data  Gb  udp_echoclient.o [1]
motor2ang               0x2000'806c     0x4  Data  Gb  udp_echoclient.o [1]
motor3ang               0x2000'8070     0x4  Data  Gb  udp_echoclient.o [1]
motor4ang               0x2000'8074     0x4  Data  Gb  udp_echoclient.o [1]
moveflag2               0x2000'80ef     0x1  Data  Gb  udp_echoclient.o [1]
netif_add                0x800'6873    0x7e  Code  Gb  netif.o [1]
netif_default           0x2000'801c     0x4  Data  Gb  netif.o [1]
netif_init               0x800'6871     0x2  Code  Gb  netif.o [1]
netif_issue_reports      0x800'69d7    0x1c  Code  Lc  netif.o [1]
netif_list              0x2000'8018     0x4  Data  Gb  netif.o [1]
netif_num               0x2000'80ce     0x1  Data  Lc  netif.o [1]
netif_set_addr           0x800'68f1    0x48  Code  Gb  netif.o [1]
netif_set_default        0x800'6999     0x6  Code  Gb  netif.o [1]
netif_set_down           0x800'69f3    0x24  Code  Gb  netif.o [1]
netif_set_gw             0x800'697d     0xe  Code  Gb  netif.o [1]
netif_set_ipaddr         0x800'6939    0x44  Code  Gb  netif.o [1]
netif_set_link_callback
                         0x800'6a17     0x8  Code  Gb  netif.o [1]
netif_set_netmask        0x800'698b     0xe  Code  Gb  netif.o [1]
netif_set_up             0x800'69b1    0x26  Code  Gb  netif.o [1]
next_timeout            0x2000'8050     0x4  Data  Lc  timeouts.o [1]
obuf                    0x2000'7b24    0x50  Data  Lc  xfiles.o [2]
origindone1             0x2000'80ea     0x1  Data  Gb  udp_echoclient.o [1]
origindone2             0x2000'80eb     0x1  Data  Gb  udp_echoclient.o [1]
origindone3             0x2000'80ec     0x1  Data  Gb  udp_echoclient.o [1]
origindone4             0x2000'80ed     0x1  Data  Gb  udp_echoclient.o [1]
originrec               0x2000'80ee     0x1  Data  Gb  udp_echoclient.o [1]
originstate             0x2000'027e     0x1  Data  Gb  udp_echoclient.o [1]
pbuf_alloc               0x800'9d15   0x16a  Code  Gb  pbuf.o [1]
pbuf_alloced_custom      0x800'9e7f    0x7a  Code  Gb  pbuf.o [1]
pbuf_cat                 0x800'a0d1    0x28  Code  Gb  pbuf.o [1]
pbuf_chain               0x800'a0f9    0x12  Code  Gb  pbuf.o [1]
pbuf_clen                0x800'a0b3    0x12  Code  Gb  pbuf.o [1]
pbuf_copy                0x800'a10b    0xd0  Code  Gb  pbuf.o [1]
pbuf_copy_partial        0x800'a1db    0x98  Code  Gb  pbuf.o [1]
pbuf_free                0x800'a043    0x70  Code  Gb  pbuf.o [1]
pbuf_header              0x800'a02b     0xc  Code  Gb  pbuf.o [1]
pbuf_header_force        0x800'a037     0xc  Code  Gb  pbuf.o [1]
pbuf_header_impl         0x800'9f67    0xc4  Code  Lc  pbuf.o [1]
pbuf_realloc             0x800'9ef9    0x6e  Code  Gb  pbuf.o [1]
pbuf_ref                 0x800'a0c5     0xc  Code  Gb  pbuf.o [1]
pbuf_take                0x800'a273    0x88  Code  Gb  pbuf.o [1]
plug_holes               0x800'6509    0x64  Code  Lc  mem.o [1]
posModeAbs              0x2000'004c     0x8  Data  Gb  udp_echoclient.o [1]
posSet                  0x2000'0044     0x8  Data  Gb  udp_echoclient.o [1]
posSetNega              0x2000'003c     0x8  Data  Gb  udp_echoclient.o [1]
posSetPosi              0x2000'0034     0x8  Data  Gb  udp_echoclient.o [1]
posStart                0x2000'0054     0x8  Data  Gb  udp_echoclient.o [1]
posdone                 0x2000'80d9     0x1  Data  Gb  udp_echoclient.o [1]
positionCheck           0x2000'0084     0x8  Data  Gb  udp_echoclient.o [1]
postrans                 0x800'1925    0xa8  Code  Gb  main.o [1]
printf                   0x800'3519    0x28  Code  Gb  printf.o [2]
putchar                  0x800'f0f9     0xc  Code  Gb  putchar.o [2]
r1ang                   0x2000'8080     0x4  Data  Gb  udp_echoclient.o [1]
r1angset                0x2000'808c     0x4  Data  Gb  udp_echoclient.o [1]
r1speedset              0x2000'00a4     0x8  Data  Gb  udp_echoclient.o [1]
r2ang                   0x2000'8084     0x4  Data  Gb  udp_echoclient.o [1]
r2angset                0x2000'8094     0x4  Data  Gb  udp_echoclient.o [1]
ram                     0x2000'7fe8     0x4  Data  Lc  mem.o [1]
ram_end                 0x2000'7fec     0x4  Data  Lc  mem.o [1]
ram_heap                0x2000'0280  0x2814  Data  Gb  mem.o [1]
rand                     0x800'eaa9    0x94  Code  Gb  rand.o [2]
readymotor1             0x2000'80e2     0x1  Data  Gb  udp_echoclient.o [1]
readymotor2             0x2000'80e3     0x1  Data  Gb  udp_echoclient.o [1]
readymotor3             0x2000'80e4     0x1  Data  Gb  udp_echoclient.o [1]
readymotor4             0x2000'80e5     0x1  Data  Gb  udp_echoclient.o [1]
reassdatagrams          0x2000'7f88     0x4  Data  Lc  ip4_frag.o [1]
recv_acked              0x2000'80b6     0x2  Data  Lc  tcp_in.o [1]
recv_data               0x2000'8048     0x4  Data  Lc  tcp_in.o [1]
recv_flags              0x2000'80d3     0x1  Data  Lc  tcp_in.o [1]
resetEncoder            0x2000'001c     0x8  Data  Gb  udp_echoclient.o [1]
scalbln                  0x800'b285          Code  Gb  ldexp.o [3]
scalblnl                 0x800'b285          Code  Gb  ldexp.o [3]
scalbn                   0x800'b285          Code  Gb  ldexp.o [3]
scalbnl                  0x800'b285          Code  Gb  ldexp.o [3]
scale                    0x800'852b    0x46  Code  Lc  xprintffull.o [2]
sec_hand                0x2000'80a0     0x4  Data  Lc  xfail_s.o [2]
seekoncedone1           0x2000'80e6     0x1  Data  Gb  udp_echoclient.o [1]
seekoncedone2           0x2000'80e7     0x1  Data  Gb  udp_echoclient.o [1]
seekoncedone3           0x2000'80e8     0x1  Data  Gb  udp_echoclient.o [1]
seekoncedone4           0x2000'80e9     0x1  Data  Gb  udp_echoclient.o [1]
selfspeedcontrol        0x2000'80d7     0x1  Data  Gb  udp_echoclient.o [1]
send_state_check         0x800'1649   0x2d6  Code  Gb  main.o [1]
seqno                   0x2000'8040     0x4  Data  Lc  tcp_in.o [1]
setSpeed                0x2000'002c     0x8  Data  Gb  udp_echoclient.o [1]
sprintf                  0x800'9cd5    0x40  Code  Gb  sprintf.o [2]
state_check_flag        0x2000'7fe0     0x4  Data  Gb  main.o [1]
stop                    0x2000'0014     0x8  Data  Gb  udp_echoclient.o [1]
strchr                   0x800'ae91          Code  Gb  strchr.o [4]
strlen                   0x800'aee9          Code  Gb  strlen.o [4]
sys_check_timeouts       0x800'6453    0x58  Code  Gb  timeouts.o [1]
sys_now                  0x800'6e71     0x8  Code  Gb  ethernetif.o [1]
sys_timeout              0x800'63a5    0xae  Code  Gb  timeouts.o [1]
sys_timeouts_init        0x800'637f    0x26  Code  Gb  timeouts.o [1]
tcp_abandon              0x800'92db    0xce  Code  Gb  tcp.o [1]
tcp_abort                0x800'93a9     0xa  Code  Gb  tcp.o [1]
tcp_active_pcbs         0x2000'8030     0x4  Data  Gb  tcp.o [1]
tcp_active_pcbs_changed
                        0x2000'80cf     0x1  Data  Gb  tcp.o [1]
tcp_alloc                0x800'997d    0xbe  Code  Gb  tcp.o [1]
tcp_backoff              0x800'f23c    0x10  Data  Lc  tcp.o [1]
tcp_bound_pcbs          0x2000'8028     0x4  Data  Gb  tcp.o [1]
tcp_close                0x800'92c1    0x1a  Code  Gb  tcp.o [1]
tcp_close_shutdown       0x800'911b   0x1a6  Code  Lc  tcp.o [1]
tcp_create_segment       0x800'bb9f    0xcc  Code  Lc  tcp_out.o [1]
tcp_eff_send_mss_impl    0x800'9b03    0x38  Code  Gb  tcp.o [1]
tcp_enqueue_flags        0x800'bc6b    0xec  Code  Gb  tcp_out.o [1]
tcp_fasttmr              0x800'975f    0x64  Code  Gb  tcp.o [1]
tcp_getoptbyte           0x800'd421    0x42  Code  Lc  tcp_in.o [1]
tcp_init                 0x800'90c9     0x2  Code  Gb  tcp.o [1]
tcp_input                0x800'c391   0x45c  Code  Gb  tcp_in.o [1]
tcp_input_pcb           0x2000'804c     0x4  Data  Gb  tcp_in.o [1]
tcp_keepalive            0x800'c25b    0x58  Code  Gb  tcp_out.o [1]
tcp_kill_prio            0x800'98a5    0x4c  Code  Lc  tcp.o [1]
tcp_kill_state           0x800'98f5    0x40  Code  Lc  tcp.o [1]
tcp_kill_timewait        0x800'993d    0x30  Code  Lc  tcp.o [1]
tcp_listen_closed        0x800'90fb    0x20  Code  Lc  tcp.o [1]
tcp_listen_input         0x800'c7ed   0x11a  Code  Lc  tcp_in.o [1]
tcp_listen_pcbs         0x2000'802c     0x4  Data  Gb  tcp.o [1]
tcp_netif_ip_addr_changed
                         0x800'9b5d    0x4a  Code  Gb  tcp.o [1]
tcp_netif_ip_addr_changed_pcblist
                         0x800'9b3b    0x22  Code  Lc  tcp.o [1]
tcp_next_iss             0x800'9af3    0x10  Code  Gb  tcp.o [1]
tcp_next_iss::iss       0x2000'0008     0x4  Data  Lc  tcp.o [1]
tcp_optidx              0x2000'80b4     0x2  Data  Lc  tcp_in.o [1]
tcp_output               0x800'bdd7   0x226  Code  Gb  tcp_out.o [1]
tcp_output_alloc_header
                         0x800'bae1    0x74  Code  Lc  tcp_out.o [1]
tcp_output_segment       0x800'bffd    0xb8  Code  Lc  tcp_out.o [1]
tcp_parseopt             0x800'd463    0x8a  Code  Lc  tcp_in.o [1]
tcp_pcb_lists            0x800'f24c    0x10  Data  Gb  tcp.o [1]
tcp_pcb_purge            0x800'9a41    0x4e  Code  Gb  tcp.o [1]
tcp_pcb_remove           0x800'9a8f    0x64  Code  Gb  tcp.o [1]
tcp_persist_backoff      0x800'f36c     0x8  Data  Lc  tcp.o [1]
tcp_process              0x800'c98d   0x502  Code  Lc  tcp_in.o [1]
tcp_process_refused_data
                         0x800'97c3    0x8c  Code  Gb  tcp.o [1]
tcp_receive              0x800'cecd   0x54e  Code  Lc  tcp_in.o [1]
tcp_recv_null            0x800'987f    0x26  Code  Gb  tcp.o [1]
tcp_recved               0x800'93fd    0x58  Code  Gb  tcp.o [1]
tcp_remove_listener      0x800'90e7    0x14  Code  Lc  tcp.o [1]
tcp_rexmit               0x800'c18d    0x5a  Code  Gb  tcp_out.o [1]
tcp_rexmit_fast          0x800'c1e7    0x74  Code  Gb  tcp_out.o [1]
tcp_rexmit_rto           0x800'c159    0x34  Code  Gb  tcp_out.o [1]
tcp_rst                  0x800'c0c1    0x98  Code  Gb  tcp_out.o [1]
tcp_seg_free             0x800'9861    0x1e  Code  Gb  tcp.o [1]
tcp_segs_free            0x800'984f    0x12  Code  Gb  tcp.o [1]
tcp_send_empty_ack       0x800'bd57    0x80  Code  Gb  tcp_out.o [1]
tcp_send_fin             0x800'bb55    0x4a  Code  Gb  tcp_out.o [1]
tcp_slowtmr              0x800'9455   0x30a  Code  Gb  tcp.o [1]
tcp_ticks               0x2000'8024     0x4  Data  Gb  tcp.o [1]
tcp_timer               0x2000'80d0     0x1  Data  Lc  tcp.o [1]
tcp_timer_ctr           0x2000'80d1     0x1  Data  Lc  tcp.o [1]
tcp_timer_needed         0x800'633f    0x2a  Code  Gb  timeouts.o [1]
tcp_timewait_input       0x800'c907    0x86  Code  Lc  tcp_in.o [1]
tcp_tmr                  0x800'90cb    0x1c  Code  Gb  tcp.o [1]
tcp_trigger_input_pcb_close
                         0x800'd4ed     0xc  Code  Gb  tcp_in.o [1]
tcp_tw_pcbs             0x2000'8034     0x4  Data  Gb  tcp.o [1]
tcp_update_rcv_ann_wnd   0x800'93b3    0x4a  Code  Gb  tcp.o [1]
tcp_zero_window_probe    0x800'c2b3    0xdc  Code  Gb  tcp_out.o [1]
tcphdr                  0x2000'8038     0x4  Data  Lc  tcp_in.o [1]
tcphdr_opt1len          0x2000'80b2     0x2  Data  Lc  tcp_in.o [1]
tcphdr_opt2             0x2000'803c     0x4  Data  Lc  tcp_in.o [1]
tcphdr_optlen           0x2000'80b0     0x2  Data  Lc  tcp_in.o [1]
tcpip_tcp_timer          0x800'6315    0x2a  Code  Lc  timeouts.o [1]
tcpip_tcp_timer_active  0x2000'8058     0x4  Data  Lc  timeouts.o [1]
tcplen                  0x2000'80b8     0x2  Data  Lc  tcp_in.o [1]
third                   0x2000'80be     0x2  Data  Gb  udp_echoclient.o [1]
timeouts_last_time      0x2000'8054     0x4  Data  Lc  timeouts.o [1]
timfault                0x2000'80f2     0x1  Data  Gb  udp_echoclient.o [1]
timloss                 0x2000'80f1     0x1  Data  Gb  udp_echoclient.o [1]
tmp_Rx_Buf              0x2000'80ca     0x1  Data  Gb  bsp_debug_usart.o [1]
tmper                   0x2000'80c8     0x2  Data  Gb  udp_echoclient.o [1]
turn90                  0x2000'80d8     0x1  Data  Gb  udp_echoclient.o [1]
turn_back_to_origin      0x800'19f1   0x3ac  Code  Gb  main.o [1]
udp_bind                 0x800'8fd1    0x8e  Code  Gb  udp.o [1]
udp_echoclient_connect   0x800'362f    0x52  Code  Gb  udp_echoclient.o [1]
udp_init                 0x800'8c9d     0x2  Code  Gb  udp.o [1]
udp_input                0x800'8d39   0x146  Code  Gb  udp.o [1]
udp_input_local_match    0x800'8ceb    0x4e  Code  Lc  udp.o [1]
udp_netif_ip_addr_changed
                         0x800'9087    0x32  Code  Gb  udp.o [1]
udp_new                  0x800'9065    0x22  Code  Gb  udp.o [1]
udp_new_port             0x800'8c9f    0x4c  Code  Lc  udp.o [1]
udp_pcbs                0x2000'805c     0x4  Data  Gb  udp.o [1]
udp_port                0x2000'027c     0x2  Data  Lc  udp.o [1]
udp_receive_callback     0x800'36e9   0xf2c  Code  Gb  udp_echoclient.o [1]
udp_recv                 0x800'905f     0x6  Code  Gb  udp.o [1]
udp_send_t2              0x800'3681    0x40  Code  Gb  udp_echoclient.o [1]
udp_sendto               0x800'8e7f    0x3a  Code  Gb  udp.o [1]
udp_sendto_if            0x800'8eb9    0x46  Code  Gb  udp.o [1]
udp_sendto_if_src        0x800'8eff    0xd2  Code  Gb  udp.o [1]
ultraDis                0x2000'80ba     0x2  Data  Gb  udp_echoclient.o [1]
ultra_front             0x2000'7fd0     0x4  Data  Gb  main.o [1]
upcb                    0x2000'8060     0x4  Data  Gb  udp_echoclient.o [1]
uwTick                  0x2000'8020     0x4  Data  Gb  stm32f4xx_hal.o [1]
vhall                   0x2000'80c4     0x2  Data  Gb  udp_echoclient.o [1]
whall                   0x2000'80c6     0x2  Data  Gb  udp_echoclient.o [1]
zone1_obst              0x2000'7fd4     0x4  Data  Gb  main.o [1]
zone2_obst              0x2000'7fd8     0x4  Data  Gb  main.o [1]
zone3_obst              0x2000'7fdc     0x4  Data  Gb  main.o [1]


[1] = G:\test\robotpatrol\µ×°å¿ØÖÆ20190414\EWARM\YS-F4Pro\Obj
[2] = dl7M_tlf.a
[3] = m7M_tls.a
[4] = rt7M_tl.a
[5] = shb_l.a

  61 000 bytes of readonly  code memory
   2 061 bytes of readonly  data memory
  34 034 bytes of readwrite data memory

Errors: none
Warnings: none
