###############################################################################
#
# IAR ELF Linker V8.32.1.169/W32 for ARM                  12/Apr/2019  21:08:37
# Copyright 2007-2018 IAR Systems AB.
#
#    Output file  =  
#        G:\test\robotpatrol\µ×°å¿ØÖÆ20190401\EWARM\YS-F4Pro\Exe\YS-F4Pro.out
#    Map file     =  
#        G:\test\robotpatrol\µ×°å¿ØÖÆ20190401\EWARM\YS-F4Pro\List\YS-F4Pro.map
#    Command line =  
#        -f C:\Users\micro\AppData\Local\Temp\EW1DAF.tmp
#        (G:\test\robotpatrol\µ×°å¿ØÖÆ20190401\EWARM\YS-F4Pro\Obj\api_lib.o
#        G:\test\robotpatrol\µ×°å¿ØÖÆ20190401\EWARM\YS-F4Pro\Obj\api_msg.o
#        G:\test\robotpatrol\µ×°å¿ØÖÆ20190401\EWARM\YS-F4Pro\Obj\app_ethernet.o
#        G:\test\robotpatrol\µ×°å¿ØÖÆ20190401\EWARM\YS-F4Pro\Obj\autoip.o
#        G:\test\robotpatrol\µ×°å¿ØÖÆ20190401\EWARM\YS-F4Pro\Obj\bsp_CAN.o
#        G:\test\robotpatrol\µ×°å¿ØÖÆ20190401\EWARM\YS-F4Pro\Obj\bsp_debug_usart.o
#        G:\test\robotpatrol\µ×°å¿ØÖÆ20190401\EWARM\YS-F4Pro\Obj\bsp_GeneralTIM.o
#        G:\test\robotpatrol\µ×°å¿ØÖÆ20190401\EWARM\YS-F4Pro\Obj\bsp_io.o
#        G:\test\robotpatrol\µ×°å¿ØÖÆ20190401\EWARM\YS-F4Pro\Obj\bsp_key.o
#        G:\test\robotpatrol\µ×°å¿ØÖÆ20190401\EWARM\YS-F4Pro\Obj\bsp_MB_host.o
#        G:\test\robotpatrol\µ×°å¿ØÖÆ20190401\EWARM\YS-F4Pro\Obj\def.o
#        G:\test\robotpatrol\µ×°å¿ØÖÆ20190401\EWARM\YS-F4Pro\Obj\dhcp.o
#        G:\test\robotpatrol\µ×°å¿ØÖÆ20190401\EWARM\YS-F4Pro\Obj\dns.o
#        G:\test\robotpatrol\µ×°å¿ØÖÆ20190401\EWARM\YS-F4Pro\Obj\err.o
#        G:\test\robotpatrol\µ×°å¿ØÖÆ20190401\EWARM\YS-F4Pro\Obj\etharp.o
#        G:\test\robotpatrol\µ×°å¿ØÖÆ20190401\EWARM\YS-F4Pro\Obj\ethernet.o
#        G:\test\robotpatrol\µ×°å¿ØÖÆ20190401\EWARM\YS-F4Pro\Obj\ethernetif.o
#        G:\test\robotpatrol\µ×°å¿ØÖÆ20190401\EWARM\YS-F4Pro\Obj\icmp.o
#        G:\test\robotpatrol\µ×°å¿ØÖÆ20190401\EWARM\YS-F4Pro\Obj\igmp.o
#        G:\test\robotpatrol\µ×°å¿ØÖÆ20190401\EWARM\YS-F4Pro\Obj\inet_chksum.o
#        G:\test\robotpatrol\µ×°å¿ØÖÆ20190401\EWARM\YS-F4Pro\Obj\init.o
#        G:\test\robotpatrol\µ×°å¿ØÖÆ20190401\EWARM\YS-F4Pro\Obj\ip.o
#        G:\test\robotpatrol\µ×°å¿ØÖÆ20190401\EWARM\YS-F4Pro\Obj\ip4.o
#        G:\test\robotpatrol\µ×°å¿ØÖÆ20190401\EWARM\YS-F4Pro\Obj\ip4_addr.o
#        G:\test\robotpatrol\µ×°å¿ØÖÆ20190401\EWARM\YS-F4Pro\Obj\ip4_frag.o
#        G:\test\robotpatrol\µ×°å¿ØÖÆ20190401\EWARM\YS-F4Pro\Obj\main.o
#        G:\test\robotpatrol\µ×°å¿ØÖÆ20190401\EWARM\YS-F4Pro\Obj\mem.o
#        G:\test\robotpatrol\µ×°å¿ØÖÆ20190401\EWARM\YS-F4Pro\Obj\memp.o
#        G:\test\robotpatrol\µ×°å¿ØÖÆ20190401\EWARM\YS-F4Pro\Obj\netbuf.o
#        G:\test\robotpatrol\µ×°å¿ØÖÆ20190401\EWARM\YS-F4Pro\Obj\netdb.o
#        G:\test\robotpatrol\µ×°å¿ØÖÆ20190401\EWARM\YS-F4Pro\Obj\netif.o
#        G:\test\robotpatrol\µ×°å¿ØÖÆ20190401\EWARM\YS-F4Pro\Obj\netifapi.o
#        G:\test\robotpatrol\µ×°å¿ØÖÆ20190401\EWARM\YS-F4Pro\Obj\pbuf.o
#        G:\test\robotpatrol\µ×°å¿ØÖÆ20190401\EWARM\YS-F4Pro\Obj\raw.o
#        G:\test\robotpatrol\µ×°å¿ØÖÆ20190401\EWARM\YS-F4Pro\Obj\sockets.o
#        G:\test\robotpatrol\µ×°å¿ØÖÆ20190401\EWARM\YS-F4Pro\Obj\SPEED.o
#        G:\test\robotpatrol\µ×°å¿ØÖÆ20190401\EWARM\YS-F4Pro\Obj\startup_stm32f407xx.o
#        G:\test\robotpatrol\µ×°å¿ØÖÆ20190401\EWARM\YS-F4Pro\Obj\stats.o
#        G:\test\robotpatrol\µ×°å¿ØÖÆ20190401\EWARM\YS-F4Pro\Obj\stm32f4xx_assert.o
#        G:\test\robotpatrol\µ×°å¿ØÖÆ20190401\EWARM\YS-F4Pro\Obj\stm32f4xx_hal.o
#        G:\test\robotpatrol\µ×°å¿ØÖÆ20190401\EWARM\YS-F4Pro\Obj\stm32f4xx_hal_adc.o
#        G:\test\robotpatrol\µ×°å¿ØÖÆ20190401\EWARM\YS-F4Pro\Obj\stm32f4xx_hal_adc_ex.o
#        G:\test\robotpatrol\µ×°å¿ØÖÆ20190401\EWARM\YS-F4Pro\Obj\stm32f4xx_hal_can.o
#        G:\test\robotpatrol\µ×°å¿ØÖÆ20190401\EWARM\YS-F4Pro\Obj\stm32f4xx_hal_cec.o
#        G:\test\robotpatrol\µ×°å¿ØÖÆ20190401\EWARM\YS-F4Pro\Obj\stm32f4xx_hal_cortex.o
#        G:\test\robotpatrol\µ×°å¿ØÖÆ20190401\EWARM\YS-F4Pro\Obj\stm32f4xx_hal_crc.o
#        G:\test\robotpatrol\µ×°å¿ØÖÆ20190401\EWARM\YS-F4Pro\Obj\stm32f4xx_hal_cryp.o
#        G:\test\robotpatrol\µ×°å¿ØÖÆ20190401\EWARM\YS-F4Pro\Obj\stm32f4xx_hal_cryp_ex.o
#        G:\test\robotpatrol\µ×°å¿ØÖÆ20190401\EWARM\YS-F4Pro\Obj\stm32f4xx_hal_dac.o
#        G:\test\robotpatrol\µ×°å¿ØÖÆ20190401\EWARM\YS-F4Pro\Obj\stm32f4xx_hal_dac_ex.o
#        G:\test\robotpatrol\µ×°å¿ØÖÆ20190401\EWARM\YS-F4Pro\Obj\stm32f4xx_hal_dcmi.o
#        G:\test\robotpatrol\µ×°å¿ØÖÆ20190401\EWARM\YS-F4Pro\Obj\stm32f4xx_hal_dcmi_ex.o
#        G:\test\robotpatrol\µ×°å¿ØÖÆ20190401\EWARM\YS-F4Pro\Obj\stm32f4xx_hal_dfsdm.o
#        G:\test\robotpatrol\µ×°å¿ØÖÆ20190401\EWARM\YS-F4Pro\Obj\stm32f4xx_hal_dma.o
#        G:\test\robotpatrol\µ×°å¿ØÖÆ20190401\EWARM\YS-F4Pro\Obj\stm32f4xx_hal_dma2d.o
#        G:\test\robotpatrol\µ×°å¿ØÖÆ20190401\EWARM\YS-F4Pro\Obj\stm32f4xx_hal_dma_ex.o
#        G:\test\robotpatrol\µ×°å¿ØÖÆ20190401\EWARM\YS-F4Pro\Obj\stm32f4xx_hal_dsi.o
#        G:\test\robotpatrol\µ×°å¿ØÖÆ20190401\EWARM\YS-F4Pro\Obj\stm32f4xx_hal_eth.o
#        G:\test\robotpatrol\µ×°å¿ØÖÆ20190401\EWARM\YS-F4Pro\Obj\stm32f4xx_hal_flash.o
#        G:\test\robotpatrol\µ×°å¿ØÖÆ20190401\EWARM\YS-F4Pro\Obj\stm32f4xx_hal_flash_ex.o
#        G:\test\robotpatrol\µ×°å¿ØÖÆ20190401\EWARM\YS-F4Pro\Obj\stm32f4xx_hal_flash_ramfunc.o
#        G:\test\robotpatrol\µ×°å¿ØÖÆ20190401\EWARM\YS-F4Pro\Obj\stm32f4xx_hal_fmpi2c.o
#        G:\test\robotpatrol\µ×°å¿ØÖÆ20190401\EWARM\YS-F4Pro\Obj\stm32f4xx_hal_fmpi2c_ex.o
#        G:\test\robotpatrol\µ×°å¿ØÖÆ20190401\EWARM\YS-F4Pro\Obj\stm32f4xx_hal_gpio.o
#        G:\test\robotpatrol\µ×°å¿ØÖÆ20190401\EWARM\YS-F4Pro\Obj\stm32f4xx_hal_hash.o
#        G:\test\robotpatrol\µ×°å¿ØÖÆ20190401\EWARM\YS-F4Pro\Obj\stm32f4xx_hal_hash_ex.o
#        G:\test\robotpatrol\µ×°å¿ØÖÆ20190401\EWARM\YS-F4Pro\Obj\stm32f4xx_hal_hcd.o
#        G:\test\robotpatrol\µ×°å¿ØÖÆ20190401\EWARM\YS-F4Pro\Obj\stm32f4xx_hal_i2c.o
#        G:\test\robotpatrol\µ×°å¿ØÖÆ20190401\EWARM\YS-F4Pro\Obj\stm32f4xx_hal_i2c_ex.o
#        G:\test\robotpatrol\µ×°å¿ØÖÆ20190401\EWARM\YS-F4Pro\Obj\stm32f4xx_hal_i2s.o
#        G:\test\robotpatrol\µ×°å¿ØÖÆ20190401\EWARM\YS-F4Pro\Obj\stm32f4xx_hal_i2s_ex.o
#        G:\test\robotpatrol\µ×°å¿ØÖÆ20190401\EWARM\YS-F4Pro\Obj\stm32f4xx_hal_irda.o
#        G:\test\robotpatrol\µ×°å¿ØÖÆ20190401\EWARM\YS-F4Pro\Obj\stm32f4xx_hal_iwdg.o
#        G:\test\robotpatrol\µ×°å¿ØÖÆ20190401\EWARM\YS-F4Pro\Obj\stm32f4xx_hal_lptim.o
#        G:\test\robotpatrol\µ×°å¿ØÖÆ20190401\EWARM\YS-F4Pro\Obj\stm32f4xx_hal_ltdc.o
#        G:\test\robotpatrol\µ×°å¿ØÖÆ20190401\EWARM\YS-F4Pro\Obj\stm32f4xx_hal_ltdc_ex.o
#        G:\test\robotpatrol\µ×°å¿ØÖÆ20190401\EWARM\YS-F4Pro\Obj\stm32f4xx_hal_mmc.o
#        G:\test\robotpatrol\µ×°å¿ØÖÆ20190401\EWARM\YS-F4Pro\Obj\stm32f4xx_hal_msp.o
#        G:\test\robotpatrol\µ×°å¿ØÖÆ20190401\EWARM\YS-F4Pro\Obj\stm32f4xx_hal_nand.o
#        G:\test\robotpatrol\µ×°å¿ØÖÆ20190401\EWARM\YS-F4Pro\Obj\stm32f4xx_hal_nor.o
#        G:\test\robotpatrol\µ×°å¿ØÖÆ20190401\EWARM\YS-F4Pro\Obj\stm32f4xx_hal_pccard.o
#        G:\test\robotpatrol\µ×°å¿ØÖÆ20190401\EWARM\YS-F4Pro\Obj\stm32f4xx_hal_pcd.o
#        G:\test\robotpatrol\µ×°å¿ØÖÆ20190401\EWARM\YS-F4Pro\Obj\stm32f4xx_hal_pcd_ex.o
#        G:\test\robotpatrol\µ×°å¿ØÖÆ20190401\EWARM\YS-F4Pro\Obj\stm32f4xx_hal_pwr.o
#        G:\test\robotpatrol\µ×°å¿ØÖÆ20190401\EWARM\YS-F4Pro\Obj\stm32f4xx_hal_pwr_ex.o
#        G:\test\robotpatrol\µ×°å¿ØÖÆ20190401\EWARM\YS-F4Pro\Obj\stm32f4xx_hal_qspi.o
#        G:\test\robotpatrol\µ×°å¿ØÖÆ20190401\EWARM\YS-F4Pro\Obj\stm32f4xx_hal_rcc.o
#        G:\test\robotpatrol\µ×°å¿ØÖÆ20190401\EWARM\YS-F4Pro\Obj\stm32f4xx_hal_rcc_ex.o
#        G:\test\robotpatrol\µ×°å¿ØÖÆ20190401\EWARM\YS-F4Pro\Obj\stm32f4xx_hal_rng.o
#        G:\test\robotpatrol\µ×°å¿ØÖÆ20190401\EWARM\YS-F4Pro\Obj\stm32f4xx_hal_rtc.o
#        G:\test\robotpatrol\µ×°å¿ØÖÆ20190401\EWARM\YS-F4Pro\Obj\stm32f4xx_hal_rtc_ex.o
#        G:\test\robotpatrol\µ×°å¿ØÖÆ20190401\EWARM\YS-F4Pro\Obj\stm32f4xx_hal_sai.o
#        G:\test\robotpatrol\µ×°å¿ØÖÆ20190401\EWARM\YS-F4Pro\Obj\stm32f4xx_hal_sai_ex.o
#        G:\test\robotpatrol\µ×°å¿ØÖÆ20190401\EWARM\YS-F4Pro\Obj\stm32f4xx_hal_sd.o
#        G:\test\robotpatrol\µ×°å¿ØÖÆ20190401\EWARM\YS-F4Pro\Obj\stm32f4xx_hal_sdram.o
#        G:\test\robotpatrol\µ×°å¿ØÖÆ20190401\EWARM\YS-F4Pro\Obj\stm32f4xx_hal_smartcard.o
#        G:\test\robotpatrol\µ×°å¿ØÖÆ20190401\EWARM\YS-F4Pro\Obj\stm32f4xx_hal_spdifrx.o
#        G:\test\robotpatrol\µ×°å¿ØÖÆ20190401\EWARM\YS-F4Pro\Obj\stm32f4xx_hal_spi.o
#        G:\test\robotpatrol\µ×°å¿ØÖÆ20190401\EWARM\YS-F4Pro\Obj\stm32f4xx_hal_sram.o
#        G:\test\robotpatrol\µ×°å¿ØÖÆ20190401\EWARM\YS-F4Pro\Obj\stm32f4xx_hal_tim.o
#        G:\test\robotpatrol\µ×°å¿ØÖÆ20190401\EWARM\YS-F4Pro\Obj\stm32f4xx_hal_tim_ex.o
#        G:\test\robotpatrol\µ×°å¿ØÖÆ20190401\EWARM\YS-F4Pro\Obj\stm32f4xx_hal_uart.o
#        G:\test\robotpatrol\µ×°å¿ØÖÆ20190401\EWARM\YS-F4Pro\Obj\stm32f4xx_hal_usart.o
#        G:\test\robotpatrol\µ×°å¿ØÖÆ20190401\EWARM\YS-F4Pro\Obj\stm32f4xx_hal_wwdg.o
#        G:\test\robotpatrol\µ×°å¿ØÖÆ20190401\EWARM\YS-F4Pro\Obj\stm32f4xx_it.o
#        G:\test\robotpatrol\µ×°å¿ØÖÆ20190401\EWARM\YS-F4Pro\Obj\stm32f4xx_ll_adc.o
#        G:\test\robotpatrol\µ×°å¿ØÖÆ20190401\EWARM\YS-F4Pro\Obj\stm32f4xx_ll_crc.o
#        G:\test\robotpatrol\µ×°å¿ØÖÆ20190401\EWARM\YS-F4Pro\Obj\stm32f4xx_ll_dac.o
#        G:\test\robotpatrol\µ×°å¿ØÖÆ20190401\EWARM\YS-F4Pro\Obj\stm32f4xx_ll_dma.o
#        G:\test\robotpatrol\µ×°å¿ØÖÆ20190401\EWARM\YS-F4Pro\Obj\stm32f4xx_ll_dma2d.o
#        G:\test\robotpatrol\µ×°å¿ØÖÆ20190401\EWARM\YS-F4Pro\Obj\stm32f4xx_ll_exti.o
#        G:\test\robotpatrol\µ×°å¿ØÖÆ20190401\EWARM\YS-F4Pro\Obj\stm32f4xx_ll_fmc.o
#        G:\test\robotpatrol\µ×°å¿ØÖÆ20190401\EWARM\YS-F4Pro\Obj\stm32f4xx_ll_fsmc.o
#        G:\test\robotpatrol\µ×°å¿ØÖÆ20190401\EWARM\YS-F4Pro\Obj\stm32f4xx_ll_gpio.o
#        G:\test\robotpatrol\µ×°å¿ØÖÆ20190401\EWARM\YS-F4Pro\Obj\stm32f4xx_ll_i2c.o
#        G:\test\robotpatrol\µ×°å¿ØÖÆ20190401\EWARM\YS-F4Pro\Obj\stm32f4xx_ll_lptim.o
#        G:\test\robotpatrol\µ×°å¿ØÖÆ20190401\EWARM\YS-F4Pro\Obj\stm32f4xx_ll_pwr.o
#        G:\test\robotpatrol\µ×°å¿ØÖÆ20190401\EWARM\YS-F4Pro\Obj\stm32f4xx_ll_rcc.o
#        G:\test\robotpatrol\µ×°å¿ØÖÆ20190401\EWARM\YS-F4Pro\Obj\stm32f4xx_ll_rng.o
#        G:\test\robotpatrol\µ×°å¿ØÖÆ20190401\EWARM\YS-F4Pro\Obj\stm32f4xx_ll_rtc.o
#        G:\test\robotpatrol\µ×°å¿ØÖÆ20190401\EWARM\YS-F4Pro\Obj\stm32f4xx_ll_sdmmc.o
#        G:\test\robotpatrol\µ×°å¿ØÖÆ20190401\EWARM\YS-F4Pro\Obj\stm32f4xx_ll_spi.o
#        G:\test\robotpatrol\µ×°å¿ØÖÆ20190401\EWARM\YS-F4Pro\Obj\stm32f4xx_ll_tim.o
#        G:\test\robotpatrol\µ×°å¿ØÖÆ20190401\EWARM\YS-F4Pro\Obj\stm32f4xx_ll_usart.o
#        G:\test\robotpatrol\µ×°å¿ØÖÆ20190401\EWARM\YS-F4Pro\Obj\stm32f4xx_ll_usb.o
#        G:\test\robotpatrol\µ×°å¿ØÖÆ20190401\EWARM\YS-F4Pro\Obj\stm32f4xx_ll_utils.o
#        G:\test\robotpatrol\µ×°å¿ØÖÆ20190401\EWARM\YS-F4Pro\Obj\sys.o
#        G:\test\robotpatrol\µ×°å¿ØÖÆ20190401\EWARM\YS-F4Pro\Obj\system_stm32f4xx.o
#        G:\test\robotpatrol\µ×°å¿ØÖÆ20190401\EWARM\YS-F4Pro\Obj\tcp.o
#        G:\test\robotpatrol\µ×°å¿ØÖÆ20190401\EWARM\YS-F4Pro\Obj\tcp_in.o
#        G:\test\robotpatrol\µ×°å¿ØÖÆ20190401\EWARM\YS-F4Pro\Obj\tcp_out.o
#        G:\test\robotpatrol\µ×°å¿ØÖÆ20190401\EWARM\YS-F4Pro\Obj\tcpip.o
#        G:\test\robotpatrol\µ×°å¿ØÖÆ20190401\EWARM\YS-F4Pro\Obj\timeouts.o
#        G:\test\robotpatrol\µ×°å¿ØÖÆ20190401\EWARM\YS-F4Pro\Obj\udp.o
#        G:\test\robotpatrol\µ×°å¿ØÖÆ20190401\EWARM\YS-F4Pro\Obj\udp_echoclient.o
#        --redirect _Printf=_PrintfFull --redirect _Scanf=_ScanfFull
#        --no_out_extension -o
#        G:\test\robotpatrol\µ×°å¿ØÖÆ20190401\EWARM\YS-F4Pro\Exe\YS-F4Pro.out
#        --map
#        G:\test\robotpatrol\µ×°å¿ØÖÆ20190401\EWARM\YS-F4Pro\List\YS-F4Pro.map
#        --config
#        G:\test\robotpatrol\µ×°å¿ØÖÆ20190401\EWARM/stm32f407xx_flash.icf
#        --semihosting --entry __iar_program_start --vfe --text_out locale)
#
###############################################################################

*******************************************************************************
*** RUNTIME MODEL ATTRIBUTES
***

CppFlavor       = *
__SystemLibrary = DLib
__dlib_version  = 6


*******************************************************************************
*** HEAP SELECTION
***

The basic heap was selected because no calls to memory allocation
functions were found in the application outside of system library
functions, and there are calls to deallocation functions in the
application.


*******************************************************************************
*** PLACEMENT SUMMARY
***

"A0":  place at 0x800'0000 { ro section .intvec };
"P1":  place in [from 0x800'0000 to 0x80f'ffff] { ro };
define block CSTACK with size = 1K, alignment = 8 { };
define block HEAP with size = 512, alignment = 8 { };
"P2":  place in [from 0x2000'0000 to 0x2001'ffff] {
          rw, block CSTACK, block HEAP };
initialize by copy { rw };

  Section            Kind         Address    Size  Object
  -------            ----         -------    ----  ------
"A0":                                       0x188
  .intvec            ro code   0x800'0000   0x188  startup_stm32f407xx.o [1]
                             - 0x800'0188   0x188

"P1":                                      0xf592
  .text              ro code   0x800'0188  0x21ac  main.o [1]
  .text              ro code   0x800'2334   0x374  stm32f4xx_hal_rcc.o [1]
  .text              ro code   0x800'26a8   0x288  stm32f4xx_hal_rcc.o [1]
  .text              ro code   0x800'2930   0x14a  stm32f4xx_hal_cortex.o [1]
  .text              ro code   0x800'2a7a    0x7a  lz77_init_single.o [4]
  .text              ro code   0x800'2af4    0x34  stm32f4xx_hal.o [1]
  .text              ro code   0x800'2b28    0xe0  bsp_io.o [1]
  .text              ro code   0x800'2c08   0x21c  bsp_debug_usart.o [1]
  .text              ro code   0x800'2e24    0xa0  bsp_GeneralTIM.o [1]
  .text              ro code   0x800'2ec4   0x6f4  stm32f4xx_hal_tim.o [1]
  .text              ro code   0x800'35b8    0x28  printf.o [2]
  .text              ro code   0x800'35e0    0x1c  init.o [1]
  .text              ro code   0x800'35fc    0xb8  app_ethernet.o [1]
  .text              ro code   0x800'36b4  0x10f0  udp_echoclient.o [1]
  .text              ro code   0x800'47a4   0xd00  stm32f4xx_hal_eth.o [1]
  .text              ro code   0x800'54a4   0x170  bsp_CAN.o [1]
  .text              ro code   0x800'5614   0xb0a  stm32f4xx_hal_can.o [1]
  .text              ro code   0x800'611e    0x1e  stm32f4xx_hal.o [1]
  .text              ro code   0x800'613c   0x1b8  timeouts.o [1]
  .text              ro code   0x800'62f4   0x2bc  mem.o [1]
  .text              ro code   0x800'65b0    0xac  memp.o [1]
  .text              ro code   0x800'665c   0x1ae  netif.o [1]
  .text              ro code   0x800'680a    0x3a  zero_init3.o [4]
  .text              ro code   0x800'6844   0x54c  ethernetif.o [1]
  .text              ro code   0x800'6d90    0x58  stm32f4xx_hal_tim_ex.o [1]
  .text              ro code   0x800'6de8    0x22  S32ToDbl.o [3]
  .text              ro code   0x800'6e0a    0x1e  xencoding_8859_1.o [2]
  .text              ro code   0x800'6e28   0x1a2  DblMul.o [3]
  .text              ro code   0x800'6fca     0xa  xsprout.o [2]
  .text              ro code   0x800'6fd4   0x246  DblDiv.o [3]
  .text              ro code   0x800'721c    0x3a  DblToS32.o [3]
  .text              ro code   0x800'7258   0x7bc  stm32f4xx_hal_uart.o [1]
  .text              ro code   0x800'7a14    0xd0  bsp_MB_host.o [1]
  .text              ro code   0x800'7ae4     0xc  stm32f4xx_hal.o [1]
  .text              ro code   0x800'7af0    0x28  stm32f4xx_hal.o [1]
  .text              ro code   0x800'7b18    0x6e  stm32f4xx_hal_msp.o [1]
  .text              ro code   0x800'7b88   0x24c  stm32f4xx_hal_gpio.o [1]
  .text              ro code   0x800'7dd4     0x2  stm32f4xx_hal_tim.o [1]
  .text              ro code   0x800'7dd6     0x2  stm32f4xx_hal_tim.o [1]
  .text              ro code   0x800'7dd8     0x2  stm32f4xx_hal_tim_ex.o [1]
  .text              ro code   0x800'7dda     0x2  stm32f4xx_hal_tim.o [1]
  .text              ro code   0x800'7ddc     0x2  stm32f4xx_hal_tim_ex.o [1]
  .text              ro code   0x800'7de0   0xf46  xprintffull.o [2]
  .text              ro code   0x800'8d28   0x42c  udp.o [1]
  .text              ro code   0x800'9154   0xb14  tcp.o [1]
  .text              ro code   0x800'9c68    0xf6  ip4_addr.o [1]
  .text              ro code   0x800'9d60    0x40  sprintf.o [2]
  .text              ro code   0x800'9da0   0x5e6  pbuf.o [1]
  .text              ro code   0x800'a388    0xd4  SPEED.o [1]
  .text              ro code   0x800'a45c     0x2  stm32f4xx_hal_eth.o [1]
  .text              ro code   0x800'a45e     0x2  stm32f4xx_hal_eth.o [1]
  .text              ro code   0x800'a460     0x2  stm32f4xx_hal_can.o [1]
  .text              ro code   0x800'a462     0x2  stm32f4xx_hal_can.o [1]
  .text              ro code   0x800'a464    0x66  ABImemset.o [4]
  .text              ro code   0x800'a4cc   0x904  etharp.o [1]
  .text              ro code   0x800'add0    0xa6  ABImemcpy.o [4]
  .text              ro code   0x800'ae78    0x26  stm32f4xx_hal_dma.o [1]
  .text              ro code   0x800'ae9e     0x2  stm32f4xx_hal_uart.o [1]
  .text              ro code   0x800'aea0     0x2  stm32f4xx_hal_uart.o [1]
  .text              ro code   0x800'aea4    0x78  xlocale_c.o [2]
  .text              ro code   0x800'af1c    0x16  strchr.o [4]
  .text              ro code   0x800'af34    0x40  xfail_s.o [2]
  .text              ro code   0x800'af74    0x36  strlen.o [4]
  .text              ro code   0x800'afac    0x58  memchr.o [4]
  .text              ro code   0x800'b004     0xa  xmbcurmax.o [2]
  .text              ro code   0x800'b010   0x230  I64DivMod.o [4]
  .text              ro code   0x800'b240    0x70  frexp.o [3]
  .text              ro code   0x800'b2b0    0x2e  DblCmpLe.o [3]
  .text              ro code   0x800'b2e0    0x2e  DblCmpGe.o [3]
  .text              ro code   0x800'b310   0x13a  ldexp.o [3]
  .text              ro code   0x800'b44c    0xe2  DblSub.o [3]
  .text              ro code   0x800'b530    0x28  DblToU32.o [3]
  .text              ro code   0x800'b558    0x1a  U32ToDbl.o [3]
  .text              ro code   0x800'b574    0x2c  def.o [1]
  .text              ro code   0x800'b5a0   0x23c  icmp.o [1]
  .text              ro code   0x800'b7dc   0x390  ip4.o [1]
  .text              ro code   0x800'bb6c   0x8ae  tcp_out.o [1]
  .text              ro code   0x800'c41c  0x119c  tcp_in.o [1]
  .text              ro code   0x800'd5b8   0x11e  ethernet.o [1]
  .text              ro code   0x800'd6d8   0xb4c  dhcp.o [1]
  .text              ro code   0x800'e224     0x6  abort.o [2]
  .text              ro code   0x800'e22c     0x2  I64DivZer.o [4]
  .text              ro code   0x800'e230   0x16a  DblAdd.o [3]
  .text              ro code   0x800'e39a    0xc8  inet_chksum.o [1]
  .text              ro code   0x800'e464   0x668  ip4_frag.o [1]
  .text              ro code   0x800'eacc    0x68  memcmp.o [4]
  .text              ro code   0x800'eb34    0xa4  rand.o [2]
  .text              ro code   0x800'ebd8    0x14  exit.o [5]
  .rodata            const     0x800'ebec   0x100  bsp_MB_host.o [1]
  .rodata            const     0x800'ecec   0x100  bsp_MB_host.o [1]
  .text              ro code   0x800'edec    0xa6  stm32f4xx_it.o [1]
  .text              ro code   0x800'ee94    0x10  stm32f4xx_hal.o [1]
  .text              ro code   0x800'eea4    0x60  system_stm32f4xx.o [1]
  .rodata            const     0x800'ef04    0x30  main.o [1]
  .rodata            const     0x800'ef34    0x30  main.o [1]
  .rodata            const     0x800'ef64    0x30  main.o [1]
  .rodata            const     0x800'ef94    0x28  app_ethernet.o [1]
  .rodata            const     0x800'efbc    0x28  app_ethernet.o [1]
  .rodata            const     0x800'efe4    0x28  timeouts.o [1]
  .text              ro code   0x800'f00c    0x28  data_init.o [4]
  .rodata            const     0x800'f034    0x24  memp.o [1]
  .text              ro code   0x800'f058    0x22  fpinit_M.o [3]
  .iar.init_table    const     0x800'f07c    0x20  - Linker created -
  .text              ro code   0x800'f09c    0x1e  cmain.o [4]
  .text              ro code   0x800'f0ba     0x4  low_level_init.o [2]
  .text              ro code   0x800'f0be     0x4  exit.o [2]
  .text              ro code   0x800'f0c4     0xa  cexit.o [4]
  .rodata            const     0x800'f0d0    0x1c  ethernetif.o [1]
  .rodata            const     0x800'f0ec    0x1c  main.o [1]
  .rodata            const     0x800'f108    0x1c  main.o [1]
  .rodata            const     0x800'f124    0x1c  main.o [1]
  .rodata            const     0x800'f140    0x18  app_ethernet.o [1]
  .rodata            const     0x800'f158    0x18  main.o [1]
  .rodata            const     0x800'f170    0x18  main.o [1]
  .text              ro code   0x800'f188    0x16  xprout.o [2]
  .text              ro code   0x800'f1a0     0xc  putchar.o [2]
  .rodata            const     0x800'f1ac    0x14  main.o [1]
  .rodata            const     0x800'f1c0    0x14  main.o [1]
  .rodata            const     0x800'f1d4    0x14  main.o [1]
  .rodata            const     0x800'f1e8    0x14  main.o [1]
  .rodata            const     0x800'f1fc    0x14  main.o [1]
  .rodata            const     0x800'f210    0x14  stm32f4xx_hal_eth.o [1]
  .rodata            const     0x800'f224    0x10  ethernetif.o [1]
  .rodata            const     0x800'f234    0x10  ethernetif.o [1]
  .rodata            const     0x800'f244    0x10  main.o [1]
  .rodata            const     0x800'f254    0x10  main.o [1]
  .rodata            const     0x800'f264    0x10  main.o [1]
  .rodata            const     0x800'f274    0x10  main.o [1]
  .rodata            const     0x800'f284    0x10  main.o [1]
  .rodata            const     0x800'f294    0x10  main.o [1]
  .rodata            const     0x800'f2a4    0x10  main.o [1]
  .rodata            const     0x800'f2b4    0x10  main.o [1]
  .rodata            const     0x800'f2c4    0x10  main.o [1]
  .rodata            const     0x800'f2d4    0x10  main.o [1]
  .rodata            const     0x800'f2e4    0x10  main.o [1]
  .rodata            const     0x800'f2f4    0x10  system_stm32f4xx.o [1]
  .rodata            const     0x800'f304    0x10  tcp.o [1]
  .rodata            const     0x800'f314    0x10  tcp.o [1]
  .text              ro code   0x800'f324    0x10  startup_stm32f407xx.o [1]
  .rodata            const     0x800'f334     0xc  main.o [1]
  .rodata            const     0x800'f340     0xc  main.o [1]
  .rodata            const     0x800'f34c     0xc  main.o [1]
  .rodata            const     0x800'f358     0xc  main.o [1]
  .rodata            const     0x800'f364     0xc  main.o [1]
  .rodata            const     0x800'f370     0xc  main.o [1]
  .rodata            const     0x800'f37c     0xc  memp.o [1]
  .rodata            const     0x800'f388     0xc  memp.o [1]
  .rodata            const     0x800'f394     0xc  memp.o [1]
  .rodata            const     0x800'f3a0     0xc  memp.o [1]
  .rodata            const     0x800'f3ac     0xc  memp.o [1]
  .rodata            const     0x800'f3b8     0xc  memp.o [1]
  .rodata            const     0x800'f3c4     0xc  memp.o [1]
  .rodata            const     0x800'f3d0     0xc  memp.o [1]
  .rodata            const     0x800'f3dc     0xc  memp.o [1]
  .rodata            const     0x800'f3e8     0xc  udp_echoclient.o [1]
  .text              ro code   0x800'f3f4     0xc  cstartup_M.o [4]
  .rodata            const     0x800'f400     0x8  bsp_debug_usart.o [1]
  .rodata            const     0x800'f408     0x8  ethernet.o [1]
  .rodata            const     0x800'f410     0x8  ethernet.o [1]
  .rodata            const     0x800'f418     0x8  ethernetif.o [1]
  .rodata            const     0x800'f420     0x8  system_stm32f4xx.o [1]
  .rodata            const     0x800'f428     0x8  tcp.o [1]
  .rodata            const     0x800'f430     0x8  udp_echoclient.o [1]
  .rodata            const     0x800'f438     0x8  udp_echoclient.o [1]
  .rodata            const     0x800'f440     0x6  xlocale_c.o [2]
  .rodata            const     0x800'f448     0x4  ip4_addr.o [1]
  .rodata            const     0x800'f44c     0x4  ip4_addr.o [1]
  .text              ro code   0x800'f450     0x4  startup_stm32f407xx.o [1]
  .text              ro code   0x800'f454     0x4  startup_stm32f407xx.o [1]
  .text              ro code   0x800'f458     0x4  startup_stm32f407xx.o [1]
  .text              ro code   0x800'f45c     0x4  startup_stm32f407xx.o [1]
  .text              ro code   0x800'f460     0x4  startup_stm32f407xx.o [1]
  .text              ro code   0x800'f464     0x4  startup_stm32f407xx.o [1]
  .text              ro code   0x800'f468     0x4  startup_stm32f407xx.o [1]
  .text              ro code   0x800'f46c     0x4  startup_stm32f407xx.o [1]
  .text              ro code   0x800'f470     0x4  startup_stm32f407xx.o [1]
  .text              ro code   0x800'f474     0x4  startup_stm32f407xx.o [1]
  .text              ro code   0x800'f478     0x4  startup_stm32f407xx.o [1]
  .text              ro code   0x800'f47c     0x4  startup_stm32f407xx.o [1]
  .text              ro code   0x800'f480     0x4  startup_stm32f407xx.o [1]
  .text              ro code   0x800'f484     0x4  startup_stm32f407xx.o [1]
  .text              ro code   0x800'f488     0x4  startup_stm32f407xx.o [1]
  .text              ro code   0x800'f48c     0x4  startup_stm32f407xx.o [1]
  .text              ro code   0x800'f490     0x4  startup_stm32f407xx.o [1]
  .text              ro code   0x800'f494     0x4  startup_stm32f407xx.o [1]
  .text              ro code   0x800'f498     0x4  startup_stm32f407xx.o [1]
  .text              ro code   0x800'f49c     0x4  startup_stm32f407xx.o [1]
  .text              ro code   0x800'f4a0     0x4  startup_stm32f407xx.o [1]
  .text              ro code   0x800'f4a4     0x4  startup_stm32f407xx.o [1]
  .text              ro code   0x800'f4a8     0x4  startup_stm32f407xx.o [1]
  .text              ro code   0x800'f4ac     0x4  startup_stm32f407xx.o [1]
  .text              ro code   0x800'f4b0     0x4  startup_stm32f407xx.o [1]
  .text              ro code   0x800'f4b4     0x4  startup_stm32f407xx.o [1]
  .text              ro code   0x800'f4b8     0x4  startup_stm32f407xx.o [1]
  .text              ro code   0x800'f4bc     0x4  startup_stm32f407xx.o [1]
  .text              ro code   0x800'f4c0     0x4  startup_stm32f407xx.o [1]
  .text              ro code   0x800'f4c4     0x4  startup_stm32f407xx.o [1]
  .text              ro code   0x800'f4c8     0x4  startup_stm32f407xx.o [1]
  .text              ro code   0x800'f4cc     0x4  startup_stm32f407xx.o [1]
  .text              ro code   0x800'f4d0     0x4  startup_stm32f407xx.o [1]
  .text              ro code   0x800'f4d4     0x4  startup_stm32f407xx.o [1]
  .text              ro code   0x800'f4d8     0x4  startup_stm32f407xx.o [1]
  .text              ro code   0x800'f4dc     0x4  startup_stm32f407xx.o [1]
  .text              ro code   0x800'f4e0     0x4  startup_stm32f407xx.o [1]
  .text              ro code   0x800'f4e4     0x4  startup_stm32f407xx.o [1]
  .text              ro code   0x800'f4e8     0x4  startup_stm32f407xx.o [1]
  .text              ro code   0x800'f4ec     0x4  startup_stm32f407xx.o [1]
  .text              ro code   0x800'f4f0     0x4  startup_stm32f407xx.o [1]
  .text              ro code   0x800'f4f4     0x4  startup_stm32f407xx.o [1]
  .text              ro code   0x800'f4f8     0x4  startup_stm32f407xx.o [1]
  .text              ro code   0x800'f4fc     0x4  startup_stm32f407xx.o [1]
  .text              ro code   0x800'f500     0x4  startup_stm32f407xx.o [1]
  .text              ro code   0x800'f504     0x4  startup_stm32f407xx.o [1]
  .text              ro code   0x800'f508     0x4  startup_stm32f407xx.o [1]
  .text              ro code   0x800'f50c     0x4  startup_stm32f407xx.o [1]
  .text              ro code   0x800'f510     0x4  startup_stm32f407xx.o [1]
  .text              ro code   0x800'f514     0x4  startup_stm32f407xx.o [1]
  .text              ro code   0x800'f518     0x4  startup_stm32f407xx.o [1]
  .text              ro code   0x800'f51c     0x4  startup_stm32f407xx.o [1]
  .text              ro code   0x800'f520     0x4  startup_stm32f407xx.o [1]
  .text              ro code   0x800'f524     0x4  startup_stm32f407xx.o [1]
  .text              ro code   0x800'f528     0x4  startup_stm32f407xx.o [1]
  .text              ro code   0x800'f52c     0x4  startup_stm32f407xx.o [1]
  .text              ro code   0x800'f530     0x4  startup_stm32f407xx.o [1]
  .text              ro code   0x800'f534     0x4  startup_stm32f407xx.o [1]
  .text              ro code   0x800'f538     0x4  startup_stm32f407xx.o [1]
  .text              ro code   0x800'f53c     0x4  startup_stm32f407xx.o [1]
  .text              ro code   0x800'f540     0x4  startup_stm32f407xx.o [1]
  .text              ro code   0x800'f544     0x4  startup_stm32f407xx.o [1]
  .text              ro code   0x800'f548     0x4  startup_stm32f407xx.o [1]
  .text              ro code   0x800'f54c     0x4  startup_stm32f407xx.o [1]
  .text              ro code   0x800'f550     0x4  startup_stm32f407xx.o [1]
  .text              ro code   0x800'f554     0x4  startup_stm32f407xx.o [1]
  .text              ro code   0x800'f558     0x4  startup_stm32f407xx.o [1]
  .text              ro code   0x800'f55c     0x4  startup_stm32f407xx.o [1]
  .text              ro code   0x800'f560     0x4  startup_stm32f407xx.o [1]
  .rodata            const     0x800'f564     0x0  zero_init3.o [4]
  .rodata            const     0x800'f564     0x0  lz77_init_single.o [4]
  Initializer bytes  const     0x800'f564   0x1b6  <for P2-1>
                             - 0x800'f71a  0xf592

"P2", part 1 of 3:                          0x297
  P2-1                        0x2000'0000   0x297  <Init block>
    .data            inited   0x2000'0000     0x4  dhcp.o [1]
    .data            inited   0x2000'0004     0x8  main.o [1]
    .data            inited   0x2000'000c     0x8  main.o [1]
    .data            inited   0x2000'0014     0x8  main.o [1]
    .data            inited   0x2000'001c     0x4  system_stm32f4xx.o [1]
    .data            inited   0x2000'0020     0x4  tcp.o [1]
    .data            inited   0x2000'0024     0x8  udp_echoclient.o [1]
    .data            inited   0x2000'002c     0x8  udp_echoclient.o [1]
    .data            inited   0x2000'0034     0x8  udp_echoclient.o [1]
    .data            inited   0x2000'003c     0x8  udp_echoclient.o [1]
    .data            inited   0x2000'0044     0x8  udp_echoclient.o [1]
    .data            inited   0x2000'004c     0x8  udp_echoclient.o [1]
    .data            inited   0x2000'0054     0x8  udp_echoclient.o [1]
    .data            inited   0x2000'005c     0x8  udp_echoclient.o [1]
    .data            inited   0x2000'0064     0x8  udp_echoclient.o [1]
    .data            inited   0x2000'006c     0x8  udp_echoclient.o [1]
    .data            inited   0x2000'0074     0x8  udp_echoclient.o [1]
    .data            inited   0x2000'007c     0x8  udp_echoclient.o [1]
    .data            inited   0x2000'0084     0x8  udp_echoclient.o [1]
    .data            inited   0x2000'008c     0x8  udp_echoclient.o [1]
    .data            inited   0x2000'0094     0x8  udp_echoclient.o [1]
    .data            inited   0x2000'009c     0x8  udp_echoclient.o [1]
    .data            inited   0x2000'00a4     0x8  udp_echoclient.o [1]
    .data            inited   0x2000'00ac     0x8  udp_echoclient.o [1]
    .data            inited   0x2000'00b4     0x8  udp_echoclient.o [1]
    .data            inited   0x2000'00bc     0x8  udp_echoclient.o [1]
    .data            inited   0x2000'00c4   0x100  udp_echoclient.o [1]
    .data            inited   0x2000'01c4     0x8  rand.o [2]
    .data            inited   0x2000'01cc    0x38  xlocale_c.o [2]
    .data            inited   0x2000'0204    0x48  xlocale_c.o [2]
    .data            inited   0x2000'024c    0x48  xfiles.o [2]
    .data            inited   0x2000'0294     0x2  udp.o [1]
    .data            inited   0x2000'0296     0x1  udp_echoclient.o [1]
                            - 0x2000'0297   0x297

"P2", part 2 of 3:                         0x7e7c
  .bss               zero     0x2000'0298  0x2814  mem.o [1]
  .bss               zero     0x2000'2aac  0x17d0  ethernetif.o [1]
  .bss               zero     0x2000'427c  0x17d0  ethernetif.o [1]
  .bss               zero     0x2000'5a4c  0x1084  memp.o [1]
  .bss               zero     0x2000'6ad0   0x5cc  memp.o [1]
  .bss               zero     0x2000'709c   0x16c  memp.o [1]
  .bss               zero     0x2000'7208   0x100  bsp_debug_usart.o [1]
  .bss               zero     0x2000'7308   0x100  bsp_debug_usart.o [1]
  .bss               zero     0x2000'7408    0xf0  etharp.o [1]
  .bss               zero     0x2000'74f8    0xc4  memp.o [1]
  .bss               zero     0x2000'75bc    0xa4  memp.o [1]
  .bss               zero     0x2000'7660    0xa4  memp.o [1]
  .bss               zero     0x2000'7704    0xa4  memp.o [1]
  .bss               zero     0x2000'77a8    0x98  udp_echoclient.o [1]
  .bss               zero     0x2000'7840    0x90  memp.o [1]
  .bss               zero     0x2000'78d0    0x84  memp.o [1]
  .bss               zero     0x2000'7954    0x84  rand.o [2]
  .bss               zero     0x2000'79d8    0x80  ethernetif.o [1]
  .bss               zero     0x2000'7a58    0x80  ethernetif.o [1]
  .bss               zero     0x2000'7ad8    0x64  udp_echoclient.o [1]
  .bss               zero     0x2000'7b3c    0x50  xfiles.o [2]
  .bss               zero     0x2000'7b8c    0x48  ethernetif.o [1]
  .bss               zero     0x2000'7bd4    0x44  bsp_CAN.o [1]
  .bss               zero     0x2000'7c18    0x40  bsp_debug_usart.o [1]
  .bss               zero     0x2000'7c58    0x40  bsp_debug_usart.o [1]
  .bss               zero     0x2000'7c98    0x3c  bsp_GeneralTIM.o [1]
  .bss               zero     0x2000'7cd4    0x3c  main.o [1]
  .bss               zero     0x2000'7d10    0x3c  main.o [1]
  .bss               zero     0x2000'7d4c    0x38  main.o [1]
  .bss               zero     0x2000'7d84    0x34  main.o [1]
  .bss               zero     0x2000'7db8    0x34  main.o [1]
  .bss               zero     0x2000'7dec    0x24  bsp_CAN.o [1]
  .bss               zero     0x2000'7e10    0x24  main.o [1]
  .bss               zero     0x2000'7e34    0x24  main.o [1]
  .bss               zero     0x2000'7e58    0x24  main.o [1]
  .bss               zero     0x2000'7e7c    0x24  main.o [1]
  .bss               zero     0x2000'7ea0    0x24  main.o [1]
  .bss               zero     0x2000'7ec4    0x24  main.o [1]
  .bss               zero     0x2000'7ee8    0x24  main.o [1]
  .bss               zero     0x2000'7f0c    0x24  main.o [1]
  .bss               zero     0x2000'7f30    0x1c  bsp_CAN.o [1]
  .bss               zero     0x2000'7f4c    0x18  ip.o [1]
  .bss               zero     0x2000'7f64    0x10  ip4_addr.o [1]
  .bss               zero     0x2000'7f74    0x10  tcp_in.o [1]
  .bss               zero     0x2000'7f84     0xc  main.o [1]
  .bss               zero     0x2000'7f90     0x8  main.o [1]
  .bss               zero     0x2000'7f98     0x4  dhcp.o [1]
  .bss               zero     0x2000'7f9c     0x4  dhcp.o [1]
  .bss               zero     0x2000'7fa0     0x4  ip4_frag.o [1]
  .bss               zero     0x2000'7fa4     0x4  main.o [1]
  .bss               zero     0x2000'7fa8     0x4  main.o [1]
  .bss               zero     0x2000'7fac     0x4  main.o [1]
  .bss               zero     0x2000'7fb0     0x4  main.o [1]
  .bss               zero     0x2000'7fb4     0x4  main.o [1]
  .bss               zero     0x2000'7fb8     0x4  main.o [1]
  .bss               zero     0x2000'7fbc     0x4  main.o [1]
  .bss               zero     0x2000'7fc0     0x4  main.o [1]
  .bss               zero     0x2000'7fc4     0x4  main.o [1]
  .bss               zero     0x2000'7fc8     0x4  main.o [1]
  .bss               zero     0x2000'7fcc     0x4  main.o [1]
  .bss               zero     0x2000'7fd0     0x4  main.o [1]
  .bss               zero     0x2000'7fd4     0x4  main.o [1]
  .bss               zero     0x2000'7fd8     0x4  main.o [1]
  .bss               zero     0x2000'7fdc     0x4  main.o [1]
  .bss               zero     0x2000'7fe0     0x4  main.o [1]
  .bss               zero     0x2000'7fe4     0x4  main.o [1]
  .bss               zero     0x2000'7fe8     0x4  main.o [1]
  .bss               zero     0x2000'7fec     0x4  main.o [1]
  .bss               zero     0x2000'7ff0     0x4  main.o [1]
  .bss               zero     0x2000'7ff4     0x4  main.o [1]
  .bss               zero     0x2000'7ff8     0x4  main.o [1]
  .bss               zero     0x2000'7ffc     0x4  main.o [1]
  .bss               zero     0x2000'8000     0x4  main.o [1]
  .bss               zero     0x2000'8004     0x4  main.o [1]
  .bss               zero     0x2000'8008     0x4  main.o [1]
  .bss               zero     0x2000'800c     0x4  mem.o [1]
  .bss               zero     0x2000'8010     0x4  mem.o [1]
  .bss               zero     0x2000'8014     0x4  mem.o [1]
  .bss               zero     0x2000'8018     0x4  memp.o [1]
  .bss               zero     0x2000'801c     0x4  memp.o [1]
  .bss               zero     0x2000'8020     0x4  memp.o [1]
  .bss               zero     0x2000'8024     0x4  memp.o [1]
  .bss               zero     0x2000'8028     0x4  memp.o [1]
  .bss               zero     0x2000'802c     0x4  memp.o [1]
  .bss               zero     0x2000'8030     0x4  memp.o [1]
  .bss               zero     0x2000'8034     0x4  memp.o [1]
  .bss               zero     0x2000'8038     0x4  memp.o [1]
  .bss               zero     0x2000'803c     0x4  netif.o [1]
  .bss               zero     0x2000'8040     0x4  netif.o [1]
  .bss               zero     0x2000'8044     0x4  stm32f4xx_hal.o [1]
  .bss               zero     0x2000'8048     0x4  tcp.o [1]
  .bss               zero     0x2000'804c     0x4  tcp.o [1]
  .bss               zero     0x2000'8050     0x4  tcp.o [1]
  .bss               zero     0x2000'8054     0x4  tcp.o [1]
  .bss               zero     0x2000'8058     0x4  tcp.o [1]
  .bss               zero     0x2000'805c     0x4  tcp_in.o [1]
  .bss               zero     0x2000'8060     0x4  tcp_in.o [1]
  .bss               zero     0x2000'8064     0x4  tcp_in.o [1]
  .bss               zero     0x2000'8068     0x4  tcp_in.o [1]
  .bss               zero     0x2000'806c     0x4  tcp_in.o [1]
  .bss               zero     0x2000'8070     0x4  tcp_in.o [1]
  .bss               zero     0x2000'8074     0x4  timeouts.o [1]
  .bss               zero     0x2000'8078     0x4  timeouts.o [1]
  .bss               zero     0x2000'807c     0x4  timeouts.o [1]
  .bss               zero     0x2000'8080     0x4  udp.o [1]
  .bss               zero     0x2000'8084     0x4  udp_echoclient.o [1]
  .bss               zero     0x2000'8088     0x4  udp_echoclient.o [1]
  .bss               zero     0x2000'808c     0x4  udp_echoclient.o [1]
  .bss               zero     0x2000'8090     0x4  udp_echoclient.o [1]
  .bss               zero     0x2000'8094     0x4  udp_echoclient.o [1]
  .bss               zero     0x2000'8098     0x4  udp_echoclient.o [1]
  .bss               zero     0x2000'809c     0x4  udp_echoclient.o [1]
  .bss               zero     0x2000'80a0     0x4  udp_echoclient.o [1]
  .bss               zero     0x2000'80a4     0x4  udp_echoclient.o [1]
  .bss               zero     0x2000'80a8     0x4  udp_echoclient.o [1]
  .bss               zero     0x2000'80ac     0x4  udp_echoclient.o [1]
  .bss               zero     0x2000'80b0     0x4  udp_echoclient.o [1]
  .bss               zero     0x2000'80b4     0x4  udp_echoclient.o [1]
  .bss               zero     0x2000'80b8     0x4  udp_echoclient.o [1]
  .bss               zero     0x2000'80bc     0x4  udp_echoclient.o [1]
  .bss               zero     0x2000'80c0     0x4  udp_echoclient.o [1]
  .bss               zero     0x2000'80c4     0x4  xfail_s.o [2]
  .bss               zero     0x2000'80c8     0x2  bsp_debug_usart.o [1]
  .bss               zero     0x2000'80ca     0x2  ip4.o [1]
  .bss               zero     0x2000'80cc     0x2  ip4_frag.o [1]
  .bss               zero     0x2000'80ce     0x2  main.o [1]
  .bss               zero     0x2000'80d0     0x2  main.o [1]
  .bss               zero     0x2000'80d2     0x2  main.o [1]
  .bss               zero     0x2000'80d4     0x2  tcp_in.o [1]
  .bss               zero     0x2000'80d6     0x2  tcp_in.o [1]
  .bss               zero     0x2000'80d8     0x2  tcp_in.o [1]
  .bss               zero     0x2000'80da     0x2  tcp_in.o [1]
  .bss               zero     0x2000'80dc     0x2  tcp_in.o [1]
  .bss               zero     0x2000'80de     0x2  udp_echoclient.o [1]
  .bss               zero     0x2000'80e0     0x2  udp_echoclient.o [1]
  .bss               zero     0x2000'80e2     0x2  udp_echoclient.o [1]
  .bss               zero     0x2000'80e4     0x2  udp_echoclient.o [1]
  .bss               zero     0x2000'80e6     0x2  udp_echoclient.o [1]
  .bss               zero     0x2000'80e8     0x2  udp_echoclient.o [1]
  .bss               zero     0x2000'80ea     0x2  udp_echoclient.o [1]
  .bss               zero     0x2000'80ec     0x1  bsp_debug_usart.o [1]
  .bss               zero     0x2000'80ed     0x1  etharp.o [1]
  .bss               zero     0x2000'80ee     0x1  main.o [1]
  .bss               zero     0x2000'80ef     0x1  main.o [1]
  .bss               zero     0x2000'80f0     0x1  netif.o [1]
  .bss               zero     0x2000'80f1     0x1  tcp.o [1]
  .bss               zero     0x2000'80f2     0x1  tcp.o [1]
  .bss               zero     0x2000'80f3     0x1  tcp.o [1]
  .bss               zero     0x2000'80f4     0x1  tcp_in.o [1]
  .bss               zero     0x2000'80f5     0x1  tcp_in.o [1]
  .bss               zero     0x2000'80f6     0x1  udp_echoclient.o [1]
  .bss               zero     0x2000'80f7     0x1  udp_echoclient.o [1]
  .bss               zero     0x2000'80f8     0x1  udp_echoclient.o [1]
  .bss               zero     0x2000'80f9     0x1  udp_echoclient.o [1]
  .bss               zero     0x2000'80fa     0x1  udp_echoclient.o [1]
  .bss               zero     0x2000'80fb     0x1  udp_echoclient.o [1]
  .bss               zero     0x2000'80fc     0x1  udp_echoclient.o [1]
  .bss               zero     0x2000'80fd     0x1  udp_echoclient.o [1]
  .bss               zero     0x2000'80fe     0x1  udp_echoclient.o [1]
  .bss               zero     0x2000'80ff     0x1  udp_echoclient.o [1]
  .bss               zero     0x2000'8100     0x1  udp_echoclient.o [1]
  .bss               zero     0x2000'8101     0x1  udp_echoclient.o [1]
  .bss               zero     0x2000'8102     0x1  udp_echoclient.o [1]
  .bss               zero     0x2000'8103     0x1  udp_echoclient.o [1]
  .bss               zero     0x2000'8104     0x1  udp_echoclient.o [1]
  .bss               zero     0x2000'8105     0x1  udp_echoclient.o [1]
  .bss               zero     0x2000'8106     0x1  udp_echoclient.o [1]
  .bss               zero     0x2000'8107     0x1  udp_echoclient.o [1]
  .bss               zero     0x2000'8108     0x1  udp_echoclient.o [1]
  .bss               zero     0x2000'8109     0x1  udp_echoclient.o [1]
  .bss               zero     0x2000'810a     0x1  udp_echoclient.o [1]
  .bss               zero     0x2000'810b     0x1  udp_echoclient.o [1]
  .bss               zero     0x2000'810c     0x1  udp_echoclient.o [1]
  .bss               zero     0x2000'810d     0x1  udp_echoclient.o [1]
  .bss               zero     0x2000'810e     0x1  udp_echoclient.o [1]
  .bss               zero     0x2000'810f     0x1  udp_echoclient.o [1]
  .bss               zero     0x2000'8110     0x1  udp_echoclient.o [1]
  .bss               zero     0x2000'8111     0x1  udp_echoclient.o [1]
  .bss               zero     0x2000'8112     0x1  udp_echoclient.o [1]
  .bss               zero     0x2000'8113     0x1  udp_echoclient.o [1]
                            - 0x2000'8114  0x7e7c

"P2", part 3 of 3:                          0x400
  CSTACK                      0x2000'8118   0x400  <Block>
    CSTACK           uninit   0x2000'8118   0x400  <Block tail>
                            - 0x2000'8518   0x400

Unused ranges:

         From           To      Size
         ----           --      ----
   0x800'f71a   0x80f'ffff  0xf'08e6
  0x2000'0297  0x2000'0297       0x1
  0x2000'8114  0x2000'8117       0x4
  0x2000'8518  0x2001'ffff  0x1'7ae8


*******************************************************************************
*** INIT TABLE
***

          Address      Size
          -------      ----
Zero (__iar_zero_init3)
    1 destination range, total size 0x7e7c:
          0x2000'0298  0x7e7c

Copy/lz77 (__iar_lz77_init_single3)
    1 source range, total size 0x1b6 (66% of destination):
           0x800'f564   0x1b6
    1 destination range, total size 0x297:
          0x2000'0000   0x297



*******************************************************************************
*** MODULE SUMMARY
***

    Module                  ro code  ro data  rw data
    ------                  -------  -------  -------
command line/config:
    -------------------------------------------------
    Total:

G:\test\robotpatrol\µ×°å¿ØÖÆ20190401\EWARM\YS-F4Pro\Obj: [1]
    SPEED.o                     212
    app_ethernet.o              184      104
    bsp_CAN.o                   368               132
    bsp_GeneralTIM.o            160                60
    bsp_MB_host.o               208      512
    bsp_debug_usart.o           540        8      643
    bsp_io.o                    224
    def.o                        44
    dhcp.o                    2 892        2       12
    etharp.o                  2 308               241
    ethernet.o                  286       16
    ethernetif.o              1 356       68   12 520
    icmp.o                      572
    inet_chksum.o               200
    init.o                       28
    ip.o                                           24
    ip4.o                       912                 2
    ip4_addr.o                  246        8       16
    ip4_frag.o                1 640                 6
    main.o                    8 620      640      724
    mem.o                       700            10 272
    memp.o                      172      144    7 076
    netif.o                     430                 9
    pbuf.o                    1 510
    startup_stm32f407xx.o       684
    stm32f4xx_hal.o             150                 4
    stm32f4xx_hal_can.o       2 830
    stm32f4xx_hal_cortex.o      330
    stm32f4xx_hal_dma.o          38
    stm32f4xx_hal_eth.o       3 332       20
    stm32f4xx_hal_gpio.o        588
    stm32f4xx_hal_msp.o         110
    stm32f4xx_hal_rcc.o       1 532
    stm32f4xx_hal_tim.o       1 786
    stm32f4xx_hal_tim_ex.o       92
    stm32f4xx_hal_uart.o      1 984
    stm32f4xx_it.o              166
    system_stm32f4xx.o           96       27        4
    tcp.o                     2 836       42       27
    tcp_in.o                  4 508                52
    tcp_out.o                 2 222
    timeouts.o                  440       40       12
    udp.o                     1 068        1        6
    udp_echoclient.o          4 336      304      777
    -------------------------------------------------
    Total:                   52 940    1 936   32 619

dl7M_tlf.a: [2]
    abort.o                       6
    exit.o                        4
    low_level_init.o              4
    printf.o                     40
    putchar.o                    12
    rand.o                      164        5      140
    sprintf.o                    64
    xencoding_8859_1.o           30
    xfail_s.o                    64                 4
    xfiles.o                              48      152
    xlocale_c.o                 120       91      128
    xmbcurmax.o                  10
    xprintffull.o             3 910
    xprout.o                     22
    xsprout.o                    10
    -------------------------------------------------
    Total:                    4 460      144      424

m7M_tls.a: [3]
    DblAdd.o                    362
    DblCmpGe.o                   46
    DblCmpLe.o                   46
    DblDiv.o                    582
    DblMul.o                    418
    DblSub.o                    226
    DblToS32.o                   58
    DblToU32.o                   40
    S32ToDbl.o                   34
    U32ToDbl.o                   26
    fpinit_M.o                   34
    frexp.o                     112
    ldexp.o                     314
    -------------------------------------------------
    Total:                    2 298

rt7M_tl.a: [4]
    ABImemcpy.o                 166
    ABImemset.o                 102
    I64DivMod.o                 560
    I64DivZer.o                   2
    cexit.o                      10
    cmain.o                      30
    cstartup_M.o                 12
    data_init.o                  40
    lz77_init_single.o          122
    memchr.o                     88
    memcmp.o                    104
    strchr.o                     22
    strlen.o                     54
    zero_init3.o                 58
    -------------------------------------------------
    Total:                    1 370

shb_l.a: [5]
    exit.o                       20
    -------------------------------------------------
    Total:                       20

    Gaps                         52        6
    Linker created                        32    1 024
-----------------------------------------------------
    Grand Total:             61 140    2 118   34 067


*******************************************************************************
*** ENTRY LIST
***

Entry                       Address    Size  Type      Object
-----                       -------    ----  ----      ------
.iar.init_table$$Base    0x800'f07c           --   Gb  - Linker created -
.iar.init_table$$Limit   0x800'f09c           --   Gb  - Linker created -
?main                    0x800'f09d          Code  Gb  cmain.o [4]
AHBPrescTable            0x800'f2f4    0x10  Data  Gb  system_stm32f4xx.o [1]
APBPrescTable            0x800'f420     0x8  Data  Gb  system_stm32f4xx.o [1]
BASIC_TIM2_Init          0x800'14a5    0x62  Code  Gb  main.o [1]
BASIC_TIM3_Init          0x800'150d    0x62  Code  Gb  main.o [1]
BusFault_Handler         0x800'edf3     0x2  Code  Gb  stm32f4xx_it.o [1]
CAN1_RX0_IRQHandler      0x800'ee0b     0xa  Code  Gb  stm32f4xx_it.o [1]
CAN1_data               0x2000'7f90     0x8  Data  Gb  main.o [1]
CAN_Receive_IT           0x800'5f47   0x1d8  Code  Lc  stm32f4xx_hal_can.o [1]
CAN_SendTxMsg            0x800'55b7    0x3c  Code  Gb  bsp_CAN.o [1]
CAN_Transmit_IT          0x800'5eed    0x5a  Code  Lc  stm32f4xx_hal_can.o [1]
CSTACK$$Base            0x2000'8118           --   Gb  - Linker created -
CSTACK$$Limit           0x2000'8518           --   Gb  - Linker created -
CacheMore                0x800'aea9    0x24  Code  Lc  xlocale_c.o [2]
DMARxDscrTab            0x2000'79d8    0x80  Data  Gb  ethernetif.o [1]
DMATxDscrTab            0x2000'7a58    0x80  Data  Gb  ethernetif.o [1]
DebugMon_Handler         0x800'edf9     0x2  Code  Gb  stm32f4xx_it.o [1]
DestIPaddr              0x2000'80c0     0x4  Data  Gb  udp_echoclient.o [1]
ETH_DMAReceptionDisable
                         0x800'5401    0x12  Code  Lc  stm32f4xx_hal_eth.o [1]
ETH_DMAReceptionEnable   0x800'53ef    0x12  Code  Lc  stm32f4xx_hal_eth.o [1]
ETH_DMATransmissionDisable
                         0x800'53dd    0x12  Code  Lc  stm32f4xx_hal_eth.o [1]
ETH_DMATransmissionEnable
                         0x800'53cb    0x12  Code  Lc  stm32f4xx_hal_eth.o [1]
ETH_Delay                0x800'543f    0x24  Code  Lc  stm32f4xx_hal_eth.o [1]
ETH_FlushTransmitFIFO    0x800'5413    0x2c  Code  Lc  stm32f4xx_hal_eth.o [1]
ETH_IRQHandler           0x800'ee15     0xa  Code  Gb  stm32f4xx_it.o [1]
ETH_MACAddressConfig     0x800'5301    0x2a  Code  Lc  stm32f4xx_hal_eth.o [1]
ETH_MACDMAConfig         0x800'509f   0x262  Code  Lc  stm32f4xx_hal_eth.o [1]
ETH_MACReceptionDisable
                         0x800'53a3    0x28  Code  Lc  stm32f4xx_hal_eth.o [1]
ETH_MACReceptionEnable   0x800'537b    0x28  Code  Lc  stm32f4xx_hal_eth.o [1]
ETH_MACTransmissionDisable
                         0x800'5353    0x28  Code  Lc  stm32f4xx_hal_eth.o [1]
ETH_MACTransmissionEnable
                         0x800'532b    0x28  Code  Lc  stm32f4xx_hal_eth.o [1]
EXTI0_IRQHandler         0x800'ee61     0xa  Code  Gb  stm32f4xx_it.o [1]
EXTI1_IRQHandler         0x800'ee6b     0xa  Code  Gb  stm32f4xx_it.o [1]
EXTI2_IRQHandler         0x800'ee75     0xa  Code  Gb  stm32f4xx_it.o [1]
EXTI3_IRQHandler         0x800'ee7f     0xa  Code  Gb  stm32f4xx_it.o [1]
EXTI4_IRQHandler         0x800'ee89     0xa  Code  Gb  stm32f4xx_it.o [1]
EthHandle               0x2000'7b8c    0x48  Data  Gb  ethernetif.o [1]
GENERAL_TIMx_Init        0x800'2e25    0x5e  Code  Gb  bsp_GeneralTIM.o [1]
HAL_CAN_ConfigFilter     0x800'57bb   0x106  Code  Gb  stm32f4xx_hal_can.o [1]
HAL_CAN_IRQHandler       0x800'5c43   0x292  Code  Gb  stm32f4xx_hal_can.o [1]
HAL_CAN_Init             0x800'5615   0x1a6  Code  Gb  stm32f4xx_hal_can.o [1]
HAL_CAN_MspInit          0x800'5521    0x96  Code  Gb  bsp_CAN.o [1]
HAL_CAN_Receive_IT       0x800'5b31   0x112  Code  Gb  stm32f4xx_hal_can.o [1]
HAL_CAN_RxCpltCallback   0x800'0b1d   0x976  Code  Gb  main.o [1]
HAL_CAN_Transmit         0x800'58c1   0x26a  Code  Gb  stm32f4xx_hal_can.o [1]
HAL_DMA_Abort_IT         0x800'ae79    0x26  Code  Gb  stm32f4xx_hal_dma.o [1]
HAL_Delay                0x800'611f    0x1e  Code  Wk  stm32f4xx_hal.o [1]
HAL_ETH_ConfigMAC        0x800'4f6d   0x132  Code  Gb  stm32f4xx_hal_eth.o [1]
HAL_ETH_DMARxDescListInit
                         0x800'4a6b    0x7e  Code  Gb  stm32f4xx_hal_eth.o [1]
HAL_ETH_DMATxDescListInit
                         0x800'49ef    0x7c  Code  Gb  stm32f4xx_hal_eth.o [1]
HAL_ETH_GetReceivedFrame
                         0x800'4c17    0x9e  Code  Gb  stm32f4xx_hal_eth.o [1]
HAL_ETH_GetReceivedFrame_IT
                         0x800'4cb5    0xaa  Code  Gb  stm32f4xx_hal_eth.o [1]
HAL_ETH_IRQHandler       0x800'4d5f    0x76  Code  Gb  stm32f4xx_hal_eth.o [1]
HAL_ETH_Init             0x800'47a5   0x24a  Code  Gb  stm32f4xx_hal_eth.o [1]
HAL_ETH_MspInit          0x800'6845   0x13e  Code  Gb  ethernetif.o [1]
HAL_ETH_ReadPHYRegister
                         0x800'4dd5    0x84  Code  Gb  stm32f4xx_hal_eth.o [1]
HAL_ETH_RxCpltCallback   0x800'1493     0xc  Code  Gb  main.o [1]
HAL_ETH_Start            0x800'4ed9    0x4a  Code  Gb  stm32f4xx_hal_eth.o [1]
HAL_ETH_Stop             0x800'4f23    0x4a  Code  Gb  stm32f4xx_hal_eth.o [1]
HAL_ETH_TransmitFrame    0x800'4ae9   0x12e  Code  Gb  stm32f4xx_hal_eth.o [1]
HAL_ETH_WritePHYRegister
                         0x800'4e59    0x80  Code  Gb  stm32f4xx_hal_eth.o [1]
HAL_GPIO_EXTI_Callback   0x800'2191    0xa8  Code  Gb  main.o [1]
HAL_GPIO_EXTI_IRQHandler
                         0x800'7d79    0x1c  Code  Gb  stm32f4xx_hal_gpio.o [1]
HAL_GPIO_Init            0x800'7b89   0x1dc  Code  Gb  stm32f4xx_hal_gpio.o [1]
HAL_GPIO_WritePin        0x800'7d65    0x14  Code  Gb  stm32f4xx_hal_gpio.o [1]
HAL_GetTick              0x800'7ae5     0xc  Code  Wk  stm32f4xx_hal.o [1]
HAL_IO_Init              0x800'2b29    0xe0  Code  Gb  bsp_io.o [1]
HAL_IncTick              0x800'ee95    0x10  Code  Wk  stm32f4xx_hal.o [1]
HAL_Init                 0x800'2af5    0x30  Code  Gb  stm32f4xx_hal.o [1]
HAL_InitTick             0x800'7af1    0x28  Code  Wk  stm32f4xx_hal.o [1]
HAL_MspInit              0x800'7b19    0x6e  Code  Gb  stm32f4xx_hal_msp.o [1]
HAL_NVIC_EnableIRQ       0x800'2a21     0xa  Code  Gb  stm32f4xx_hal_cortex.o [1]
HAL_NVIC_SetPriority     0x800'29ff    0x22  Code  Gb  stm32f4xx_hal_cortex.o [1]
HAL_NVIC_SetPriorityGrouping
                         0x800'29f7     0x8  Code  Gb  stm32f4xx_hal_cortex.o [1]
HAL_RCC_ClockConfig      0x800'26a9   0x182  Code  Gb  stm32f4xx_hal_rcc.o [1]
HAL_RCC_EnableCSS        0x800'282b     0x8  Code  Gb  stm32f4xx_hal_rcc.o [1]
HAL_RCC_GetHCLKFreq      0x800'2833     0x6  Code  Gb  stm32f4xx_hal_rcc.o [1]
HAL_RCC_GetPCLK1Freq     0x800'2839    0x20  Code  Gb  stm32f4xx_hal_rcc.o [1]
HAL_RCC_GetPCLK2Freq     0x800'2859    0x20  Code  Gb  stm32f4xx_hal_rcc.o [1]
HAL_RCC_OscConfig        0x800'2335   0x374  Code  Wk  stm32f4xx_hal_rcc.o [1]
HAL_SYSTICK_CLKSourceConfig
                         0x800'2a33    0x1c  Code  Gb  stm32f4xx_hal_cortex.o [1]
HAL_SYSTICK_Config       0x800'2a2b     0x8  Code  Gb  stm32f4xx_hal_cortex.o [1]
HAL_SYSTICK_IRQHandler   0x800'2a71     0x8  Code  Gb  stm32f4xx_hal_cortex.o [1]
HAL_TIMEx_BreakCallback
                         0x800'7dd9     0x2  Code  Wk  stm32f4xx_hal_tim_ex.o [1]
HAL_TIMEx_CommutationCallback
                         0x800'7ddd     0x2  Code  Wk  stm32f4xx_hal_tim_ex.o [1]
HAL_TIMEx_MasterConfigSynchronization
                         0x800'6d91    0x58  Code  Gb  stm32f4xx_hal_tim_ex.o [1]
HAL_TIM_Base_Init        0x800'2ec5    0x38  Code  Gb  stm32f4xx_hal_tim.o [1]
HAL_TIM_Base_Start       0x800'2efd    0x1c  Code  Gb  stm32f4xx_hal_tim.o [1]
HAL_TIM_Base_Start_IT    0x800'2f19    0x1c  Code  Gb  stm32f4xx_hal_tim.o [1]
HAL_TIM_ConfigClockSource
                         0x800'3159   0x118  Code  Gb  stm32f4xx_hal_tim.o [1]
HAL_TIM_IRQHandler       0x800'2f85   0x176  Code  Gb  stm32f4xx_hal_tim.o [1]
HAL_TIM_OC_ConfigChannel
                         0x800'30fb    0x5e  Code  Gb  stm32f4xx_hal_tim.o [1]
HAL_TIM_OC_DelayElapsedCallback
                         0x800'1735    0x24  Code  Gb  main.o [1]
HAL_TIM_OnePulse_Init    0x800'2f35    0x50  Code  Gb  stm32f4xx_hal_tim.o [1]
HAL_TIM_OnePulse_MspInit
                         0x800'2e83    0x34  Code  Gb  bsp_GeneralTIM.o [1]
HAL_TIM_PeriodElapsedCallback
                         0x800'15a1   0x190  Code  Gb  main.o [1]
HAL_UART_IRQHandler      0x800'740b   0x134  Code  Gb  stm32f4xx_hal_uart.o [1]
HAL_UART_Init            0x800'7259    0x76  Code  Gb  stm32f4xx_hal_uart.o [1]
HAL_UART_MspInit         0x800'2c09    0xd8  Code  Gb  bsp_debug_usart.o [1]
HAL_UART_Receive_IT      0x800'73ab    0x60  Code  Gb  stm32f4xx_hal_uart.o [1]
HAL_UART_RxCpltCallback
                         0x800'1eb9    0x68  Code  Gb  main.o [1]
HAL_UART_Transmit        0x800'72cf    0xdc  Code  Gb  stm32f4xx_hal_uart.o [1]
HardFault_Handler        0x800'edef     0x2  Code  Gb  stm32f4xx_it.o [1]
LSPEEDca                 0x800'a3e9    0x5e  Code  Gb  SPEED.o [1]
LSPPED                  0x2000'80e4     0x2  Data  Gb  udp_echoclient.o [1]
LWIP_Process             0x800'368b     0xe  Code  Gb  app_ethernet.o [1]
LoadInt                  0x800'7fa3    0x7a  Code  Lc  xprintffull.o [2]
MB_CRC16                 0x800'7a15    0x3e  Code  Gb  bsp_MB_host.o [1]
MB_ReadHoldingReg_03H    0x800'7a53    0x84  Code  Gb  bsp_MB_host.o [1]
MOTOR1                  0x2000'7e10    0x24  Data  Gb  main.o [1]
MOTOR2                  0x2000'7e34    0x24  Data  Gb  main.o [1]
MOTOR3                  0x2000'7e58    0x24  Data  Gb  main.o [1]
MOTOR4                  0x2000'7e7c    0x24  Data  Gb  main.o [1]
MOTOR5                  0x2000'7ea0    0x24  Data  Gb  main.o [1]
MOTOR6                  0x2000'7ec4    0x24  Data  Gb  main.o [1]
MOTOR7                  0x2000'7ee8    0x24  Data  Gb  main.o [1]
MOTOR8                  0x2000'7f0c    0x24  Data  Gb  main.o [1]
MX_CAN_Init              0x800'54a5    0x7c  Code  Gb  bsp_CAN.o [1]
MX_DEBUG_USART_Init      0x800'2ce1    0xc2  Code  Gb  bsp_debug_usart.o [1]
MemManage_Handler        0x800'edf1     0x2  Code  Gb  stm32f4xx_it.o [1]
NMI_Handler              0x800'eded     0x2  Code  Gb  stm32f4xx_it.o [1]
NVIC_EnableIRQ           0x800'2955    0x14  Code  Lc  stm32f4xx_hal_cortex.o [1]
NVIC_EncodePriority      0x800'298d    0x3c  Code  Lc  stm32f4xx_hal_cortex.o [1]
NVIC_GetPriorityGrouping
                         0x800'294b     0xa  Code  Lc  stm32f4xx_hal_cortex.o [1]
NVIC_SetPriority         0x800'2969    0x24  Code  Lc  stm32f4xx_hal_cortex.o [1]
NVIC_SetPriorityGrouping
                         0x800'2931    0x1a  Code  Lc  stm32f4xx_hal_cortex.o [1]
NVIC_SystemReset         0x800'36b5    0x1a  Code  Lc  udp_echoclient.o [1]
Netif_Config             0x800'09e1    0xa4  Code  Lc  main.o [1]
Patstateal2             0x2000'80ef     0x1  Data  Gb  main.o [1]
Patstateall             0x2000'80ee     0x1  Data  Gb  main.o [1]
PendSV_Handler           0x800'edfb     0x2  Code  Gb  stm32f4xx_it.o [1]
RCC_IRQHandler           0x800'ee09     0x2  Code  Gb  stm32f4xx_it.o [1]
RSPEEDca                 0x800'a389    0x60  Code  Gb  SPEED.o [1]
RSPPED                  0x2000'80e6     0x2  Data  Gb  udp_echoclient.o [1]
Region$$Table$$Base      0x800'f07c           --   Gb  - Linker created -
Region$$Table$$Limit     0x800'f09c           --   Gb  - Linker created -
RxCount                 0x2000'80c8     0x2  Data  Gb  bsp_debug_usart.o [1]
RxMessage               0x2000'7dec    0x24  Data  Lc  bsp_CAN.o [1]
Rx_Buf                  0x2000'7208   0x100  Data  Gb  bsp_debug_usart.o [1]
Rx_Buff                 0x2000'2aac  0x17d0  Data  Gb  ethernetif.o [1]
Rx_MSG                  0x2000'80ce     0x2  Data  Gb  main.o [1]
SVC_Handler              0x800'edf7     0x2  Code  Gb  stm32f4xx_it.o [1]
SysTick_Config           0x800'29c9    0x2e  Code  Lc  stm32f4xx_hal_cortex.o [1]
SysTick_Handler          0x800'edfd     0xc  Code  Gb  stm32f4xx_it.o [1]
SystemClock_Config       0x800'0189    0xac  Code  Gb  main.o [1]
SystemCoreClock         0x2000'001c     0x4  Data  Gb  system_stm32f4xx.o [1]
SystemInit               0x800'eea5    0x40  Code  Gb  system_stm32f4xx.o [1]
TIM2_IRQHandler          0x800'ee29     0xa  Code  Gb  stm32f4xx_it.o [1]
TIM3_IRQHandler          0x800'ee1f     0xa  Code  Gb  stm32f4xx_it.o [1]
TIM5_IRQHandler          0x800'ee33     0xa  Code  Gb  stm32f4xx_it.o [1]
TIM_Base_SetConfig       0x800'3271    0xe4  Code  Gb  stm32f4xx_hal_tim.o [1]
TIM_ETR_SetConfig        0x800'359f    0x18  Code  Lc  stm32f4xx_hal_tim.o [1]
TIM_ITRx_SetConfig       0x800'358b    0x14  Code  Lc  stm32f4xx_hal_tim.o [1]
TIM_OC1_SetConfig        0x800'33cb    0x6c  Code  Lc  stm32f4xx_hal_tim.o [1]
TIM_OC2_SetConfig        0x800'3355    0x76  Code  Gb  stm32f4xx_hal_tim.o [1]
TIM_OC3_SetConfig        0x800'3437    0x74  Code  Lc  stm32f4xx_hal_tim.o [1]
TIM_OC4_SetConfig        0x800'34ab    0x5e  Code  Lc  stm32f4xx_hal_tim.o [1]
TIM_TI1_ConfigInputStage
                         0x800'3539    0x28  Code  Lc  stm32f4xx_hal_tim.o [1]
TIM_TI2_ConfigInputStage
                         0x800'3561    0x2a  Code  Lc  stm32f4xx_hal_tim.o [1]
TOLLEN                  0x2000'80bc     0x4  Data  Gb  udp_echoclient.o [1]
TimHandle               0x2000'7cd4    0x3c  Data  Gb  main.o [1]
TimHandle2              0x2000'7d10    0x3c  Data  Gb  main.o [1]
TxMessage               0x2000'7f30    0x1c  Data  Lc  bsp_CAN.o [1]
Tx_Buf                  0x2000'7308   0x100  Data  Gb  bsp_debug_usart.o [1]
Tx_Buff                 0x2000'427c  0x17d0  Data  Gb  ethernetif.o [1]
UART_DMAAbortOnError     0x800'75cd    0x12  Code  Lc  stm32f4xx_hal_uart.o [1]
UART_EndRxTransfer       0x800'75ad    0x20  Code  Lc  stm32f4xx_hal_uart.o [1]
UART_EndTransmit_IT      0x800'764b    0x1c  Code  Lc  stm32f4xx_hal_uart.o [1]
UART_Receive_IT          0x800'7667    0x9c  Code  Lc  stm32f4xx_hal_uart.o [1]
UART_SetConfig           0x800'7703   0x304  Code  Lc  stm32f4xx_hal_uart.o [1]
UART_Transmit_IT         0x800'75e1    0x6a  Code  Lc  stm32f4xx_hal_uart.o [1]
UART_Tx                  0x800'2da3    0x32  Code  Gb  bsp_debug_usart.o [1]
UART_WaitOnFlagUntilTimeout
                         0x800'753f    0x6e  Code  Lc  stm32f4xx_hal_uart.o [1]
USART3_IRQHandler        0x800'ee3d     0xa  Code  Gb  stm32f4xx_it.o [1]
UsageFault_Handler       0x800'edf5     0x2  Code  Gb  stm32f4xx_it.o [1]
User_notification        0x800'35fd    0x30  Code  Gb  app_ethernet.o [1]
_Encoding_8859_1_Mbrlen
                         0x800'6e1d     0x2  Code  Gb  xencoding_8859_1.o [2]
_Encoding_8859_1_Wctomb
                         0x800'6e0b    0x12  Code  Gb  xencoding_8859_1.o [2]
_GenldFull               0x800'8a01   0x274  Code  Lc  xprintffull.o [2]
_LdtobFull               0x800'85fd   0x3d6  Code  Lc  xprintffull.o [2]
_LitobFull               0x800'84ad   0x10a  Code  Lc  xprintffull.o [2]
_Locale_lconv           0x2000'01cc    0x38  Data  Lc  xlocale_c.o [2]
_PrintfFull              0x800'7de1   0x1aa  Code  Gb  xprintffull.o [2]
_Prout                   0x800'f189    0x16  Code  Gb  xprout.o [2]
_PutcharsFull            0x800'8c75    0x2e  Code  Lc  xprintffull.o [2]
_PutfldFull              0x800'801d   0x2d4  Code  Lc  xprintffull.o [2]
_PutstrFull              0x800'83e7    0xc6  Code  Lc  xprintffull.o [2]
_PuttxtFull              0x800'82f1    0xf6  Code  Lc  xprintffull.o [2]
_Rand_idx               0x2000'79d4     0x4  Data  Lc  rand.o [2]
_Rand_rv                0x2000'7954    0x80  Data  Lc  rand.o [2]
_Randinit               0x2000'01c4     0x1  Data  Gb  rand.o [2]
_Randseed               0x2000'01c8     0x4  Data  Gb  rand.o [2]
_SProut                  0x800'6fcb     0xa  Code  Gb  xsprout.o [2]
__aeabi_cdcmple          0x800'b2b1          Code  Gb  DblCmpLe.o [3]
__aeabi_cdrcmple         0x800'b2e1          Code  Gb  DblCmpGe.o [3]
__aeabi_d2iz             0x800'721d          Code  Gb  DblToS32.o [3]
__aeabi_d2uiz            0x800'b531          Code  Gb  DblToU32.o [3]
__aeabi_ddiv             0x800'6fd5          Code  Gb  DblDiv.o [3]
__aeabi_dmul             0x800'6e29          Code  Gb  DblMul.o [3]
__aeabi_dsub             0x800'b44d          Code  Gb  DblSub.o [3]
__aeabi_i2d              0x800'6de9          Code  Gb  S32ToDbl.o [3]
__aeabi_ldiv0            0x800'e22d          Code  Gb  I64DivZer.o [4]
__aeabi_memcpy           0x800'add1          Code  Gb  ABImemcpy.o [4]
__aeabi_memcpy4          0x800'adf1          Code  Gb  ABImemcpy.o [4]
__aeabi_memcpy8          0x800'adf1          Code  Gb  ABImemcpy.o [4]
__aeabi_memset           0x800'a465          Code  Gb  ABImemset.o [4]
__aeabi_ui2d             0x800'b559          Code  Gb  U32ToDbl.o [3]
__aeabi_uldivmod         0x800'b011          Code  Gb  I64DivMod.o [4]
__cmain                  0x800'f09d          Code  Gb  cmain.o [4]
__exit                   0x800'ebd9    0x14  Code  Gb  exit.o [5]
__iar_Fail_s             0x800'af35    0x1c  Code  Gb  xfail_s.o [2]
__iar_Mbcurmax           0x800'b005     0xa  Code  Gb  xmbcurmax.o [2]
__iar_Memchr             0x800'afad          Code  Gb  memchr.o [4]
__iar_Memset             0x800'a465          Code  Gb  ABImemset.o [4]
__iar_Memset_word        0x800'a46d          Code  Gb  ABImemset.o [4]
__iar_Stdout            0x2000'024c    0x48  Data  Gb  xfiles.o [2]
__iar_Strchr             0x800'af1d          Code  Gb  strchr.o [4]
__iar_dadd               0x800'b45d          Code  Gb  DblSub.o [3]
__iar_data_init3         0x800'f00d    0x28  Code  Gb  data_init.o [4]
__iar_dsub               0x800'e231          Code  Gb  DblAdd.o [3]
__iar_dsubStart          0x800'e243          Code  Gb  DblAdd.o [3]
__iar_frexp              0x800'b24d          Code  Gb  frexp.o [3]
__iar_frexpl             0x800'b24d          Code  Gb  frexp.o [3]
__iar_globLocale        0x2000'0204    0x48  Data  Lc  xlocale_c.o [2]
__iar_global_Locale      0x800'aea5     0x4  Code  Gb  xlocale_c.o [2]
__iar_init_vfp           0x800'f059          Code  Gb  fpinit_M.o [3]
__iar_ldexp64            0x800'b311          Code  Gb  ldexp.o [3]
__iar_lz77_init_single3
                         0x800'2a7b    0x7a  Code  Gb  lz77_init_single.o [4]
__iar_program_start      0x800'f3f5          Code  Gb  cstartup_M.o [4]
__iar_scalbln64          0x800'b311          Code  Gb  ldexp.o [3]
__iar_scalbn64           0x800'b311          Code  Gb  ldexp.o [3]
__iar_softfp___iar_frexp64
                         0x800'b241          Code  Gb  frexp.o [3]
__iar_softfp_frexp       0x800'b241          Code  Gb  frexp.o [3]
__iar_softfp_frexpl      0x800'b241          Code  Gb  frexp.o [3]
__iar_zero_init3         0x800'680b    0x3a  Code  Gb  zero_init3.o [4]
__low_level_init         0x800'f0bb     0x4  Code  Gb  low_level_init.o [2]
__vector_table           0x800'0000          Data  Gb  startup_stm32f407xx.o [1]
_call_main               0x800'f0a9          Code  Gb  cmain.o [4]
_exit                    0x800'f0c5          Code  Gb  cexit.o [4]
_gLocale_mblen           0x800'af09     0x4  Code  Gb  xlocale_c.o [2]
_gLocale_mblenInt        0x800'aecd    0x2c  Code  Gb  xlocale_c.o [2]
_gLocale_wctomb          0x800'af0d     0x4  Code  Gb  xlocale_c.o [2]
_gLocale_wctombInt       0x800'af05     0x4  Code  Gb  xlocale_c.o [2]
_main                    0x800'f0b7          Code  Gb  cmain.o [4]
abort                    0x800'e225     0x6  Code  Gb  abort.o [2]
ackno                   0x2000'8068     0x4  Data  Lc  tcp_in.o [1]
actCurrentCheck         0x2000'008c     0x8  Data  Gb  udp_echoclient.o [1]
actSpeedCheck           0x2000'0084     0x8  Data  Gb  udp_echoclient.o [1]
alarmclear              0x2000'003c     0x8  Data  Gb  udp_echoclient.o [1]
arp_table               0x2000'7408    0xf0  Data  Lc  etharp.o [1]
auchCRCHi                0x800'ebec   0x100  Data  Lc  bsp_MB_host.o [1]
auchCRCLo                0x800'ecec   0x100  Data  Lc  bsp_MB_host.o [1]
bat_state               0x2000'7f84     0xc  Data  Gb  main.o [1]
battery_periodic        0x2000'7ffc     0x4  Data  Gb  main.o [1]
brake                   0x2000'8111     0x1  Data  Gb  udp_echoclient.o [1]
breakclear1             0x2000'80fb     0x1  Data  Gb  udp_echoclient.o [1]
breakclear2             0x2000'80fc     0x1  Data  Gb  udp_echoclient.o [1]
breakclear3             0x2000'80fd     0x1  Data  Gb  udp_echoclient.o [1]
breakclear4             0x2000'80fe     0x1  Data  Gb  udp_echoclient.o [1]
btorigin                0x2000'8088     0x4  Data  Gb  udp_echoclient.o [1]
btorigin1               0x2000'80ff     0x1  Data  Gb  udp_echoclient.o [1]
btorigin2               0x2000'8100     0x1  Data  Gb  udp_echoclient.o [1]
btorigin3               0x2000'8101     0x1  Data  Gb  udp_echoclient.o [1]
btorigin4               0x2000'8102     0x1  Data  Gb  udp_echoclient.o [1]
can_Cmd_Q               0x2000'7d84    0x34  Data  Gb  main.o [1]
can_Cmd_Q_Ctr           0x2000'7fd0     0x4  Data  Gb  main.o [1]
can_Cmd_Q_Pop           0x2000'7fcc     0x4  Data  Gb  main.o [1]
can_Cmd_Q_Push          0x2000'7fc8     0x4  Data  Gb  main.o [1]
can_Cmd_Q_Send           0x800'04f5   0x4ec  Code  Gb  main.o [1]
crc_array               0x2000'00c4   0x100  Data  Gb  udp_echoclient.o [1]
crc_check               0x2000'80d2     0x2  Data  Gb  main.o [1]
cyclic_timer             0x800'6191    0x16  Code  Lc  timeouts.o [1]
data                    0x2000'7ad8    0x64  Data  Gb  udp_echoclient.o [1]
databuffer              0x2000'77a8    0x98  Data  Gb  udp_echoclient.o [1]
dhcp_arp_reply           0x800'd9a9    0x20  Code  Gb  dhcp.o [1]
dhcp_bind                0x800'db2f   0x10a  Code  Lc  dhcp.o [1]
dhcp_check               0x800'd6d9    0x3c  Code  Lc  dhcp.o [1]
dhcp_coarse_tmr          0x800'd811    0x72  Code  Gb  dhcp.o [1]
dhcp_create_msg          0x800'e019   0x17e  Code  Lc  dhcp.o [1]
dhcp_create_msg::xid    0x2000'7f9c     0x4  Data  Lc  dhcp.o [1]
dhcp_decline             0x800'd9c9    0x94  Code  Lc  dhcp.o [1]
dhcp_delete_msg          0x800'e1a1    0x1e  Code  Lc  dhcp.o [1]
dhcp_discover            0x800'da5d    0xd2  Code  Lc  dhcp.o [1]
dhcp_discover_request_options
                        0x2000'0000     0x4  Data  Lc  dhcp.o [1]
dhcp_fine_tmr            0x800'd883    0x38  Code  Gb  dhcp.o [1]
dhcp_option              0x800'df63    0x26  Code  Lc  dhcp.o [1]
dhcp_option_byte         0x800'df89    0x12  Code  Lc  dhcp.o [1]
dhcp_option_long         0x800'dfc7    0x52  Code  Lc  dhcp.o [1]
dhcp_option_short        0x800'df9b    0x2c  Code  Lc  dhcp.o [1]
dhcp_option_trailer      0x800'e1bf    0x40  Code  Lc  dhcp.o [1]
dhcp_pcb                0x2000'7f98     0x4  Data  Lc  dhcp.o [1]
dhcp_rebind              0x800'dcf5    0xba  Code  Lc  dhcp.o [1]
dhcp_reboot              0x800'ddaf    0xd4  Code  Lc  dhcp.o [1]
dhcp_release             0x800'de83    0xb6  Code  Gb  dhcp.o [1]
dhcp_renew               0x800'dc39    0xbc  Code  Gb  dhcp.o [1]
dhcp_select              0x800'd715    0xfc  Code  Lc  dhcp.o [1]
dhcp_set_state           0x800'df4d    0x16  Code  Lc  dhcp.o [1]
dhcp_supplied_address    0x800'e1ff    0x26  Code  Gb  dhcp.o [1]
dhcp_t1_timeout          0x800'd92f    0x3a  Code  Lc  dhcp.o [1]
dhcp_t2_timeout          0x800'd969    0x40  Code  Lc  dhcp.o [1]
dhcp_timeout             0x800'd8bb    0x74  Code  Lc  dhcp.o [1]
digIOCheck              0x2000'00ac     0x8  Data  Gb  udp_echoclient.o [1]
dir1                    0x2000'7fb8     0x4  Data  Gb  main.o [1]
dir2                    0x2000'7fbc     0x4  Data  Gb  main.o [1]
dir3                    0x2000'7fc0     0x4  Data  Gb  main.o [1]
dir4                    0x2000'7fc4     0x4  Data  Gb  main.o [1]
do_memp_free_pool        0x800'662d     0xc  Code  Lc  memp.o [1]
do_memp_malloc_pool      0x800'65fb    0x16  Code  Lc  memp.o [1]
driverFlagCheck         0x2000'00a4     0x8  Data  Gb  udp_echoclient.o [1]
dropDis                 0x2000'80e0     0x2  Data  Gb  udp_echoclient.o [1]
emestopall              0x2000'80f6     0x1  Data  Gb  udp_echoclient.o [1]
enStateCheck            0x2000'0074     0x8  Data  Gb  udp_echoclient.o [1]
enable                  0x2000'0024     0x8  Data  Gb  udp_echoclient.o [1]
enstateall              0x2000'80f7     0x1  Data  Gb  udp_echoclient.o [1]
errorCheck              0x2000'0094     0x8  Data  Gb  udp_echoclient.o [1]
etharp_cached_entry     0x2000'80ed     0x1  Data  Lc  etharp.o [1]
etharp_cleanup_netif     0x800'a869    0x44  Code  Gb  etharp.o [1]
etharp_find_entry        0x800'a5dd   0x1b0  Code  Lc  etharp.o [1]
etharp_free_entry        0x800'a4cd    0x32  Code  Lc  etharp.o [1]
etharp_input             0x800'a8ad   0x106  Code  Gb  etharp.o [1]
etharp_output            0x800'aa67   0x10a  Code  Gb  etharp.o [1]
etharp_output_to_arp_index
                         0x800'a9b3    0xb4  Code  Lc  etharp.o [1]
etharp_query             0x800'ab71   0x172  Code  Gb  etharp.o [1]
etharp_raw               0x800'ace3    0xb4  Code  Lc  etharp.o [1]
etharp_request           0x800'adb7     0xa  Code  Gb  etharp.o [1]
etharp_request_dst       0x800'ad97    0x20  Code  Lc  etharp.o [1]
etharp_tmr               0x800'a4ff    0xde  Code  Gb  etharp.o [1]
etharp_update_arp_entry
                         0x800'a78d    0xdc  Code  Lc  etharp.o [1]
ethbroadcast             0x800'f408     0x8  Data  Gb  ethernet.o [1]
ethernet_input           0x800'd5b9    0xc6  Code  Gb  ethernet.o [1]
ethernet_output          0x800'd685    0x52  Code  Gb  ethernet.o [1]
ethernetif_init          0x800'6c6f    0x1e  Code  Gb  ethernetif.o [1]
ethernetif_input         0x800'6c47    0x28  Code  Gb  ethernetif.o [1]
ethernetif_notify_conn_changed
                         0x800'362d    0x5e  Code  Gb  app_ethernet.o [1]
ethernetif_update_config
                         0x800'6c95    0xb8  Code  Gb  ethernetif.o [1]
ethzero                  0x800'f410     0x8  Data  Gb  ethernet.o [1]
exit                     0x800'f0bf     0x4  Code  Gb  exit.o [2]
flagm                   0x2000'8004     0x4  Data  Gb  main.o [1]
flagr                   0x2000'8008     0x4  Data  Gb  main.o [1]
flags                   0x2000'80f4     0x1  Data  Lc  tcp_in.o [1]
fputc                    0x800'2dd5    0x14  Code  Gb  bsp_debug_usart.o [1]
givenSpeedCheck         0x2000'007c     0x8  Data  Gb  udp_echoclient.o [1]
gnetif                  0x2000'7d4c    0x38  Data  Gb  main.o [1]
hCAN                    0x2000'7bd4    0x44  Data  Gb  bsp_CAN.o [1]
htimx                   0x2000'7c98    0x3c  Data  Gb  bsp_GeneralTIM.o [1]
husart_debug            0x2000'7c18    0x40  Data  Gb  bsp_debug_usart.o [1]
husart_debug_485        0x2000'7c58    0x40  Data  Gb  bsp_debug_usart.o [1]
icmp_dest_unreach        0x800'b74d     0xe  Code  Gb  icmp.o [1]
icmp_input               0x800'b5a1   0x1a8  Code  Gb  icmp.o [1]
icmp_send_response       0x800'b769    0x74  Code  Lc  icmp.o [1]
icmp_time_exceeded       0x800'b75b     0xe  Code  Gb  icmp.o [1]
index                   0x2000'7fa4     0x4  Data  Gb  main.o [1]
inet_chksum_pbuf         0x800'e401    0x62  Code  Gb  inet_chksum.o [1]
inseg                   0x2000'7f74    0x10  Data  Lc  tcp_in.o [1]
iomotor1                0x2000'7fa8     0x4  Data  Gb  main.o [1]
iomotor2                0x2000'7fac     0x4  Data  Gb  main.o [1]
iomotor3                0x2000'7fb0     0x4  Data  Gb  main.o [1]
iomotor4                0x2000'7fb4     0x4  Data  Gb  main.o [1]
ip4_addr_isbroadcast_u32
                         0x800'9c69    0x4c  Code  Gb  ip4_addr.o [1]
ip4_frag                 0x800'e8fd   0x1c4  Code  Gb  ip4_frag.o [1]
ip4_input                0x800'b84f   0x226  Code  Gb  ip4.o [1]
ip4_output_if            0x800'ba75    0x30  Code  Gb  ip4.o [1]
ip4_output_if_src        0x800'baa5    0xb4  Code  Gb  ip4.o [1]
ip4_reass                0x800'e721   0x1ae  Code  Gb  ip4_frag.o [1]
ip4_route                0x800'b7dd    0x72  Code  Gb  ip4.o [1]
ip4addr_ntoa             0x800'9cb5     0xc  Code  Gb  ip4_addr.o [1]
ip4addr_ntoa::str       0x2000'7f64    0x10  Data  Lc  ip4_addr.o [1]
ip4addr_ntoa_r           0x800'9cc9    0x96  Code  Gb  ip4_addr.o [1]
ip_addr_any              0x800'f448     0x4  Data  Gb  ip4_addr.o [1]
ip_addr_broadcast        0x800'f44c     0x4  Data  Gb  ip4_addr.o [1]
ip_data                 0x2000'7f4c    0x18  Data  Gb  ip.o [1]
ip_frag_alloc_pbuf_custom_ref
                         0x800'e8cf     0xa  Code  Lc  ip4_frag.o [1]
ip_frag_free_pbuf_custom_ref
                         0x800'e8d9     0xc  Code  Lc  ip4_frag.o [1]
ip_id                   0x2000'80ca     0x2  Data  Lc  ip4.o [1]
ip_reass_chain_frag_into_datagram_and_validate
                         0x800'e607   0x11a  Code  Lc  ip4_frag.o [1]
ip_reass_dequeue_datagram
                         0x800'e5e7    0x20  Code  Lc  ip4_frag.o [1]
ip_reass_enqueue_new_datagram
                         0x800'e58d    0x5a  Code  Lc  ip4_frag.o [1]
ip_reass_free_complete_datagram
                         0x800'e493    0x78  Code  Lc  ip4_frag.o [1]
ip_reass_pbufcount      0x2000'80cc     0x2  Data  Lc  ip4_frag.o [1]
ip_reass_remove_oldest_datagram
                         0x800'e50b    0x82  Code  Lc  ip4_frag.o [1]
ip_reass_tmr             0x800'e465    0x2e  Code  Gb  ip4_frag.o [1]
ipfrag_free_pbuf_custom
                         0x800'e8e5    0x18  Code  Lc  ip4_frag.o [1]
l1ang                   0x2000'809c     0x4  Data  Gb  udp_echoclient.o [1]
l1angset                0x2000'80ac     0x4  Data  Gb  udp_echoclient.o [1]
l1speedset              0x2000'00b4     0x8  Data  Gb  udp_echoclient.o [1]
l2ang                   0x2000'80a0     0x4  Data  Gb  udp_echoclient.o [1]
l2angset                0x2000'80b4     0x4  Data  Gb  udp_echoclient.o [1]
laser_front             0x2000'7fe4     0x4  Data  Gb  main.o [1]
ldexp                    0x800'b311          Code  Gb  ldexp.o [3]
ldexpl                   0x800'b311          Code  Gb  ldexp.o [3]
lfree                   0x2000'8014     0x4  Data  Lc  mem.o [1]
localeconv               0x800'af11     0x4  Code  Gb  xlocale_c.o [2]
low_level_init           0x800'6983   0x10a  Code  Lc  ethernetif.o [1]
low_level_input          0x800'6b5f    0xe8  Code  Lc  ethernetif.o [1]
low_level_output         0x800'6a8d    0xd2  Code  Lc  ethernetif.o [1]
lwip_cyclic_timers       0x800'efe4    0x28  Data  Gb  timeouts.o [1]
lwip_htonl               0x800'b585    0x1c  Code  Gb  def.o [1]
lwip_htons               0x800'b575    0x10  Code  Gb  def.o [1]
lwip_init                0x800'35e1    0x1c  Code  Gb  init.o [1]
lwip_standard_chksum     0x800'e39b    0x66  Code  Gb  inet_chksum.o [1]
main                     0x800'0235   0x2bc  Code  Gb  main.o [1]
mem_free                 0x800'6395    0x2e  Code  Gb  mem.o [1]
mem_init                 0x800'6359    0x3c  Code  Gb  mem.o [1]
mem_malloc               0x800'64b9    0xe8  Code  Gb  mem.o [1]
mem_trim                 0x800'63c3    0xf6  Code  Gb  mem.o [1]
memchr                   0x800'afad          Code  Gb  memchr.o [4]
memcmp                   0x800'eacd          Code  Gb  memcmp.o [4]
memp_FRAG_PBUF           0x800'f3b8     0xc  Data  Gb  memp.o [1]
memp_PBUF                0x800'f3d0     0xc  Data  Gb  memp.o [1]
memp_PBUF_POOL           0x800'f3dc     0xc  Data  Gb  memp.o [1]
memp_REASSDATA           0x800'f3ac     0xc  Data  Gb  memp.o [1]
memp_SYS_TIMEOUT         0x800'f3c4     0xc  Data  Gb  memp.o [1]
memp_TCP_PCB             0x800'f388     0xc  Data  Gb  memp.o [1]
memp_TCP_PCB_LISTEN      0x800'f394     0xc  Data  Gb  memp.o [1]
memp_TCP_SEG             0x800'f3a0     0xc  Data  Gb  memp.o [1]
memp_UDP_PCB             0x800'f37c     0xc  Data  Gb  memp.o [1]
memp_free                0x800'6639    0x1c  Code  Gb  memp.o [1]
memp_init                0x800'65db    0x20  Code  Gb  memp.o [1]
memp_init_pool           0x800'65b1    0x2a  Code  Gb  memp.o [1]
memp_malloc              0x800'6611    0x1c  Code  Gb  memp.o [1]
memp_memory_FRAG_PBUF_base
                        0x2000'709c   0x16c  Data  Gb  memp.o [1]
memp_memory_PBUF_POOL_base
                        0x2000'5a4c  0x1084  Data  Gb  memp.o [1]
memp_memory_PBUF_base   0x2000'7704    0xa4  Data  Gb  memp.o [1]
memp_memory_REASSDATA_base
                        0x2000'75bc    0xa4  Data  Gb  memp.o [1]
memp_memory_SYS_TIMEOUT_base
                        0x2000'7660    0xa4  Data  Gb  memp.o [1]
memp_memory_TCP_PCB_LISTEN_base
                        0x2000'7840    0x90  Data  Gb  memp.o [1]
memp_memory_TCP_PCB_base
                        0x2000'6ad0   0x5cc  Data  Gb  memp.o [1]
memp_memory_TCP_SEG_base
                        0x2000'78d0    0x84  Data  Gb  memp.o [1]
memp_memory_UDP_PCB_base
                        0x2000'74f8    0xc4  Data  Gb  memp.o [1]
memp_pools               0x800'f034    0x24  Data  Gb  memp.o [1]
memp_tab_FRAG_PBUF      0x2000'802c     0x4  Data  Lc  memp.o [1]
memp_tab_PBUF           0x2000'8034     0x4  Data  Lc  memp.o [1]
memp_tab_PBUF_POOL      0x2000'8038     0x4  Data  Lc  memp.o [1]
memp_tab_REASSDATA      0x2000'8028     0x4  Data  Lc  memp.o [1]
memp_tab_SYS_TIMEOUT    0x2000'8030     0x4  Data  Lc  memp.o [1]
memp_tab_TCP_PCB        0x2000'801c     0x4  Data  Lc  memp.o [1]
memp_tab_TCP_PCB_LISTEN
                        0x2000'8020     0x4  Data  Lc  memp.o [1]
memp_tab_TCP_SEG        0x2000'8024     0x4  Data  Lc  memp.o [1]
memp_tab_UDP_PCB        0x2000'8018     0x4  Data  Lc  memp.o [1]
modbus_Cmd_Q            0x2000'7db8    0x34  Data  Gb  main.o [1]
modbus_Cmd_Q_Ctr        0x2000'7fdc     0x4  Data  Gb  main.o [1]
modbus_Cmd_Q_Pop        0x2000'7fd8     0x4  Data  Gb  main.o [1]
modbus_Cmd_Q_Push       0x2000'7fd4     0x4  Data  Gb  main.o [1]
modbus_Cmd_Q_Send        0x800'1f25    0x86  Code  Gb  main.o [1]
modbus_Cmd_Temp         0x2000'7fe0     0x4  Data  Gb  main.o [1]
modbus_Data_Process      0x800'2005   0x168  Code  Gb  main.o [1]
modbus_Periodic_Handler
                         0x800'1fab    0x34  Code  Gb  main.o [1]
modbus_crc_check        0x2000'80d0     0x2  Data  Gb  main.o [1]
motor1ang               0x2000'808c     0x4  Data  Gb  udp_echoclient.o [1]
motor2ang               0x2000'8090     0x4  Data  Gb  udp_echoclient.o [1]
motor3ang               0x2000'8094     0x4  Data  Gb  udp_echoclient.o [1]
motor4ang               0x2000'8098     0x4  Data  Gb  udp_echoclient.o [1]
moveflag2               0x2000'8110     0x1  Data  Gb  udp_echoclient.o [1]
netif_add                0x800'665f    0x7e  Code  Gb  netif.o [1]
netif_default           0x2000'8040     0x4  Data  Gb  netif.o [1]
netif_init               0x800'665d     0x2  Code  Gb  netif.o [1]
netif_issue_reports      0x800'67c3    0x1c  Code  Lc  netif.o [1]
netif_list              0x2000'803c     0x4  Data  Gb  netif.o [1]
netif_num               0x2000'80f0     0x1  Data  Lc  netif.o [1]
netif_set_addr           0x800'66dd    0x48  Code  Gb  netif.o [1]
netif_set_default        0x800'6785     0x6  Code  Gb  netif.o [1]
netif_set_down           0x800'67df    0x24  Code  Gb  netif.o [1]
netif_set_gw             0x800'6769     0xe  Code  Gb  netif.o [1]
netif_set_ipaddr         0x800'6725    0x44  Code  Gb  netif.o [1]
netif_set_link_callback
                         0x800'6803     0x8  Code  Gb  netif.o [1]
netif_set_netmask        0x800'6777     0xe  Code  Gb  netif.o [1]
netif_set_up             0x800'679d    0x26  Code  Gb  netif.o [1]
next_timeout            0x2000'8074     0x4  Data  Lc  timeouts.o [1]
obuf                    0x2000'7b3c    0x50  Data  Lc  xfiles.o [2]
origindone1             0x2000'810b     0x1  Data  Gb  udp_echoclient.o [1]
origindone2             0x2000'810c     0x1  Data  Gb  udp_echoclient.o [1]
origindone3             0x2000'810d     0x1  Data  Gb  udp_echoclient.o [1]
origindone4             0x2000'810e     0x1  Data  Gb  udp_echoclient.o [1]
originrec               0x2000'810f     0x1  Data  Gb  udp_echoclient.o [1]
originstate             0x2000'0296     0x1  Data  Gb  udp_echoclient.o [1]
pbuf_alloc               0x800'9da1   0x16a  Code  Gb  pbuf.o [1]
pbuf_alloced_custom      0x800'9f0b    0x7a  Code  Gb  pbuf.o [1]
pbuf_cat                 0x800'a15d    0x28  Code  Gb  pbuf.o [1]
pbuf_chain               0x800'a185    0x12  Code  Gb  pbuf.o [1]
pbuf_clen                0x800'a13f    0x12  Code  Gb  pbuf.o [1]
pbuf_copy                0x800'a197    0xd0  Code  Gb  pbuf.o [1]
pbuf_copy_partial        0x800'a267    0x98  Code  Gb  pbuf.o [1]
pbuf_free                0x800'a0cf    0x70  Code  Gb  pbuf.o [1]
pbuf_header              0x800'a0b7     0xc  Code  Gb  pbuf.o [1]
pbuf_header_force        0x800'a0c3     0xc  Code  Gb  pbuf.o [1]
pbuf_header_impl         0x800'9ff3    0xc4  Code  Lc  pbuf.o [1]
pbuf_realloc             0x800'9f85    0x6e  Code  Gb  pbuf.o [1]
pbuf_ref                 0x800'a151     0xc  Code  Gb  pbuf.o [1]
pbuf_take                0x800'a2ff    0x88  Code  Gb  pbuf.o [1]
plug_holes               0x800'62f5    0x64  Code  Lc  mem.o [1]
posModeAbs              0x2000'0064     0x8  Data  Gb  udp_echoclient.o [1]
posSet                  0x2000'005c     0x8  Data  Gb  udp_echoclient.o [1]
posSetNega              0x2000'0054     0x8  Data  Gb  udp_echoclient.o [1]
posSetPosi              0x2000'004c     0x8  Data  Gb  udp_echoclient.o [1]
posSetTest              0x2000'0004     0x8  Data  Gb  main.o [1]
posStart                0x2000'006c     0x8  Data  Gb  udp_echoclient.o [1]
posdone                 0x2000'80fa     0x1  Data  Gb  udp_echoclient.o [1]
positionCheck           0x2000'009c     0x8  Data  Gb  udp_echoclient.o [1]
postrans                 0x800'1a49    0xa8  Code  Gb  main.o [1]
printf                   0x800'35b9    0x28  Code  Gb  printf.o [2]
putchar                  0x800'f1a1     0xc  Code  Gb  putchar.o [2]
r1ang                   0x2000'80a4     0x4  Data  Gb  udp_echoclient.o [1]
r1angset                0x2000'80b0     0x4  Data  Gb  udp_echoclient.o [1]
r1speedset              0x2000'00bc     0x8  Data  Gb  udp_echoclient.o [1]
r2ang                   0x2000'80a8     0x4  Data  Gb  udp_echoclient.o [1]
r2angset                0x2000'80b8     0x4  Data  Gb  udp_echoclient.o [1]
ram                     0x2000'800c     0x4  Data  Lc  mem.o [1]
ram_end                 0x2000'8010     0x4  Data  Lc  mem.o [1]
ram_heap                0x2000'0298  0x2814  Data  Gb  mem.o [1]
rand                     0x800'eb35    0x94  Code  Gb  rand.o [2]
readymotor1             0x2000'8103     0x1  Data  Gb  udp_echoclient.o [1]
readymotor2             0x2000'8104     0x1  Data  Gb  udp_echoclient.o [1]
readymotor3             0x2000'8105     0x1  Data  Gb  udp_echoclient.o [1]
readymotor4             0x2000'8106     0x1  Data  Gb  udp_echoclient.o [1]
reassdatagrams          0x2000'7fa0     0x4  Data  Lc  ip4_frag.o [1]
recv_acked              0x2000'80da     0x2  Data  Lc  tcp_in.o [1]
recv_data               0x2000'806c     0x4  Data  Lc  tcp_in.o [1]
recv_flags              0x2000'80f5     0x1  Data  Lc  tcp_in.o [1]
resetEncoder            0x2000'0034     0x8  Data  Gb  udp_echoclient.o [1]
scalbln                  0x800'b311          Code  Gb  ldexp.o [3]
scalblnl                 0x800'b311          Code  Gb  ldexp.o [3]
scalbn                   0x800'b311          Code  Gb  ldexp.o [3]
scalbnl                  0x800'b311          Code  Gb  ldexp.o [3]
scale                    0x800'85b7    0x46  Code  Lc  xprintffull.o [2]
sec_hand                0x2000'80c4     0x4  Data  Lc  xfail_s.o [2]
seekoncedone1           0x2000'8107     0x1  Data  Gb  udp_echoclient.o [1]
seekoncedone2           0x2000'8108     0x1  Data  Gb  udp_echoclient.o [1]
seekoncedone3           0x2000'8109     0x1  Data  Gb  udp_echoclient.o [1]
seekoncedone4           0x2000'810a     0x1  Data  Gb  udp_echoclient.o [1]
selfspeedcontrol        0x2000'80f8     0x1  Data  Gb  udp_echoclient.o [1]
send_state_check         0x800'1769   0x2d6  Code  Gb  main.o [1]
seqno                   0x2000'8064     0x4  Data  Lc  tcp_in.o [1]
setSpeed                0x2000'0044     0x8  Data  Gb  udp_echoclient.o [1]
setSpeedTest            0x2000'000c     0x8  Data  Gb  main.o [1]
setSpeedTest2           0x2000'0014     0x8  Data  Gb  main.o [1]
sprintf                  0x800'9d61    0x40  Code  Gb  sprintf.o [2]
state_check_flag        0x2000'7ff8     0x4  Data  Gb  main.o [1]
stop                    0x2000'002c     0x8  Data  Gb  udp_echoclient.o [1]
strchr                   0x800'af1d          Code  Gb  strchr.o [4]
strlen                   0x800'af75          Code  Gb  strlen.o [4]
sys_check_timeouts       0x800'627b    0x58  Code  Gb  timeouts.o [1]
sys_now                  0x800'6c8d     0x8  Code  Gb  ethernetif.o [1]
sys_timeout              0x800'61cd    0xae  Code  Gb  timeouts.o [1]
sys_timeouts_init        0x800'61a7    0x26  Code  Gb  timeouts.o [1]
tcp_abandon              0x800'9367    0xce  Code  Gb  tcp.o [1]
tcp_abort                0x800'9435     0xa  Code  Gb  tcp.o [1]
tcp_active_pcbs         0x2000'8054     0x4  Data  Gb  tcp.o [1]
tcp_active_pcbs_changed
                        0x2000'80f1     0x1  Data  Gb  tcp.o [1]
tcp_alloc                0x800'9a09    0xbe  Code  Gb  tcp.o [1]
tcp_backoff              0x800'f304    0x10  Data  Lc  tcp.o [1]
tcp_bound_pcbs          0x2000'804c     0x4  Data  Gb  tcp.o [1]
tcp_close                0x800'934d    0x1a  Code  Gb  tcp.o [1]
tcp_close_shutdown       0x800'91a7   0x1a6  Code  Lc  tcp.o [1]
tcp_create_segment       0x800'bc2b    0xcc  Code  Lc  tcp_out.o [1]
tcp_eff_send_mss_impl    0x800'9b8f    0x38  Code  Gb  tcp.o [1]
tcp_enqueue_flags        0x800'bcf7    0xec  Code  Gb  tcp_out.o [1]
tcp_fasttmr              0x800'97eb    0x64  Code  Gb  tcp.o [1]
tcp_getoptbyte           0x800'd4ad    0x42  Code  Lc  tcp_in.o [1]
tcp_init                 0x800'9155     0x2  Code  Gb  tcp.o [1]
tcp_input                0x800'c41d   0x45c  Code  Gb  tcp_in.o [1]
tcp_input_pcb           0x2000'8070     0x4  Data  Gb  tcp_in.o [1]
tcp_keepalive            0x800'c2e7    0x58  Code  Gb  tcp_out.o [1]
tcp_kill_prio            0x800'9931    0x4c  Code  Lc  tcp.o [1]
tcp_kill_state           0x800'9981    0x40  Code  Lc  tcp.o [1]
tcp_kill_timewait        0x800'99c9    0x30  Code  Lc  tcp.o [1]
tcp_listen_closed        0x800'9187    0x20  Code  Lc  tcp.o [1]
tcp_listen_input         0x800'c879   0x11a  Code  Lc  tcp_in.o [1]
tcp_listen_pcbs         0x2000'8050     0x4  Data  Gb  tcp.o [1]
tcp_netif_ip_addr_changed
                         0x800'9be9    0x4a  Code  Gb  tcp.o [1]
tcp_netif_ip_addr_changed_pcblist
                         0x800'9bc7    0x22  Code  Lc  tcp.o [1]
tcp_next_iss             0x800'9b7f    0x10  Code  Gb  tcp.o [1]
tcp_next_iss::iss       0x2000'0020     0x4  Data  Lc  tcp.o [1]
tcp_optidx              0x2000'80d8     0x2  Data  Lc  tcp_in.o [1]
tcp_output               0x800'be63   0x226  Code  Gb  tcp_out.o [1]
tcp_output_alloc_header
                         0x800'bb6d    0x74  Code  Lc  tcp_out.o [1]
tcp_output_segment       0x800'c089    0xb8  Code  Lc  tcp_out.o [1]
tcp_parseopt             0x800'd4ef    0x8a  Code  Lc  tcp_in.o [1]
tcp_pcb_lists            0x800'f314    0x10  Data  Gb  tcp.o [1]
tcp_pcb_purge            0x800'9acd    0x4e  Code  Gb  tcp.o [1]
tcp_pcb_remove           0x800'9b1b    0x64  Code  Gb  tcp.o [1]
tcp_persist_backoff      0x800'f428     0x8  Data  Lc  tcp.o [1]
tcp_process              0x800'ca19   0x502  Code  Lc  tcp_in.o [1]
tcp_process_refused_data
                         0x800'984f    0x8c  Code  Gb  tcp.o [1]
tcp_receive              0x800'cf59   0x54e  Code  Lc  tcp_in.o [1]
tcp_recv_null            0x800'990b    0x26  Code  Gb  tcp.o [1]
tcp_recved               0x800'9489    0x58  Code  Gb  tcp.o [1]
tcp_remove_listener      0x800'9173    0x14  Code  Lc  tcp.o [1]
tcp_rexmit               0x800'c219    0x5a  Code  Gb  tcp_out.o [1]
tcp_rexmit_fast          0x800'c273    0x74  Code  Gb  tcp_out.o [1]
tcp_rexmit_rto           0x800'c1e5    0x34  Code  Gb  tcp_out.o [1]
tcp_rst                  0x800'c14d    0x98  Code  Gb  tcp_out.o [1]
tcp_seg_free             0x800'98ed    0x1e  Code  Gb  tcp.o [1]
tcp_segs_free            0x800'98db    0x12  Code  Gb  tcp.o [1]
tcp_send_empty_ack       0x800'bde3    0x80  Code  Gb  tcp_out.o [1]
tcp_send_fin             0x800'bbe1    0x4a  Code  Gb  tcp_out.o [1]
tcp_slowtmr              0x800'94e1   0x30a  Code  Gb  tcp.o [1]
tcp_ticks               0x2000'8048     0x4  Data  Gb  tcp.o [1]
tcp_timer               0x2000'80f2     0x1  Data  Lc  tcp.o [1]
tcp_timer_ctr           0x2000'80f3     0x1  Data  Lc  tcp.o [1]
tcp_timer_needed         0x800'6167    0x2a  Code  Gb  timeouts.o [1]
tcp_timewait_input       0x800'c993    0x86  Code  Lc  tcp_in.o [1]
tcp_tmr                  0x800'9157    0x1c  Code  Gb  tcp.o [1]
tcp_trigger_input_pcb_close
                         0x800'd579     0xc  Code  Gb  tcp_in.o [1]
tcp_tw_pcbs             0x2000'8058     0x4  Data  Gb  tcp.o [1]
tcp_update_rcv_ann_wnd   0x800'943f    0x4a  Code  Gb  tcp.o [1]
tcp_zero_window_probe    0x800'c33f    0xdc  Code  Gb  tcp_out.o [1]
tcphdr                  0x2000'805c     0x4  Data  Lc  tcp_in.o [1]
tcphdr_opt1len          0x2000'80d6     0x2  Data  Lc  tcp_in.o [1]
tcphdr_opt2             0x2000'8060     0x4  Data  Lc  tcp_in.o [1]
tcphdr_optlen           0x2000'80d4     0x2  Data  Lc  tcp_in.o [1]
tcpip_tcp_timer          0x800'613d    0x2a  Code  Lc  timeouts.o [1]
tcpip_tcp_timer_active  0x2000'807c     0x4  Data  Lc  timeouts.o [1]
tcplen                  0x2000'80dc     0x2  Data  Lc  tcp_in.o [1]
test_move_cmd_periodic  0x2000'8000     0x4  Data  Gb  main.o [1]
third                   0x2000'80e2     0x2  Data  Gb  udp_echoclient.o [1]
timeouts_last_time      0x2000'8078     0x4  Data  Lc  timeouts.o [1]
timfault                0x2000'8113     0x1  Data  Gb  udp_echoclient.o [1]
timloss                 0x2000'8112     0x1  Data  Gb  udp_echoclient.o [1]
tmp_Rx_Buf              0x2000'80ec     0x1  Data  Gb  bsp_debug_usart.o [1]
turn90                  0x2000'80f9     0x1  Data  Gb  udp_echoclient.o [1]
turn_back_to_origin      0x800'1b0d   0x3a2  Code  Gb  main.o [1]
udp_bind                 0x800'905d    0x8e  Code  Gb  udp.o [1]
udp_echoclient_connect   0x800'36cf    0x52  Code  Gb  udp_echoclient.o [1]
udp_init                 0x800'8d29     0x2  Code  Gb  udp.o [1]
udp_input                0x800'8dc5   0x146  Code  Gb  udp.o [1]
udp_input_local_match    0x800'8d77    0x4e  Code  Lc  udp.o [1]
udp_netif_ip_addr_changed
                         0x800'9113    0x32  Code  Gb  udp.o [1]
udp_new                  0x800'90f1    0x22  Code  Gb  udp.o [1]
udp_new_port             0x800'8d2b    0x4c  Code  Lc  udp.o [1]
udp_pcbs                0x2000'8080     0x4  Data  Gb  udp.o [1]
udp_port                0x2000'0294     0x2  Data  Lc  udp.o [1]
udp_receive_callback     0x800'3789   0xf24  Code  Gb  udp_echoclient.o [1]
udp_recv                 0x800'90eb     0x6  Code  Gb  udp.o [1]
udp_send_t2              0x800'3721    0x40  Code  Gb  udp_echoclient.o [1]
udp_sendto               0x800'8f0b    0x3a  Code  Gb  udp.o [1]
udp_sendto_if            0x800'8f45    0x46  Code  Gb  udp.o [1]
udp_sendto_if_src        0x800'8f8b    0xd2  Code  Gb  udp.o [1]
ultraDis                0x2000'80de     0x2  Data  Gb  udp_echoclient.o [1]
ultra_front             0x2000'7fe8     0x4  Data  Gb  main.o [1]
upcb                    0x2000'8084     0x4  Data  Gb  udp_echoclient.o [1]
uwTick                  0x2000'8044     0x4  Data  Gb  stm32f4xx_hal.o [1]
vhall                   0x2000'80e8     0x2  Data  Gb  udp_echoclient.o [1]
whall                   0x2000'80ea     0x2  Data  Gb  udp_echoclient.o [1]
zone1_obst              0x2000'7fec     0x4  Data  Gb  main.o [1]
zone2_obst              0x2000'7ff0     0x4  Data  Gb  main.o [1]
zone3_obst              0x2000'7ff4     0x4  Data  Gb  main.o [1]


[1] = G:\test\robotpatrol\µ×°å¿ØÖÆ20190401\EWARM\YS-F4Pro\Obj
[2] = dl7M_tlf.a
[3] = m7M_tls.a
[4] = rt7M_tl.a
[5] = shb_l.a

  61 140 bytes of readonly  code memory
   2 118 bytes of readonly  data memory
  34 067 bytes of readwrite data memory

Errors: none
Warnings: none
