###############################################################################
#
# IAR ELF Linker V8.32.1.169/W32 for ARM                  21/Mar/2019  16:59:02
# Copyright 2007-2018 IAR Systems AB.
#
#    Output file  =  
#        G:\test\µ×°å¿ØÖÆ20190317\EWARM\YS-F4Pro\Exe\YS-F4Pro.out
#    Map file     =  
#        G:\test\µ×°å¿ØÖÆ20190317\EWARM\YS-F4Pro\List\YS-F4Pro.map
#    Command line =  
#        -f C:\Users\micro\AppData\Local\Temp\EW2AC4.tmp
#        (G:\test\µ×°å¿ØÖÆ20190317\EWARM\YS-F4Pro\Obj\api_lib.o
#        G:\test\µ×°å¿ØÖÆ20190317\EWARM\YS-F4Pro\Obj\api_msg.o
#        G:\test\µ×°å¿ØÖÆ20190317\EWARM\YS-F4Pro\Obj\app_ethernet.o
#        G:\test\µ×°å¿ØÖÆ20190317\EWARM\YS-F4Pro\Obj\autoip.o
#        G:\test\µ×°å¿ØÖÆ20190317\EWARM\YS-F4Pro\Obj\bsp_CAN.o
#        G:\test\µ×°å¿ØÖÆ20190317\EWARM\YS-F4Pro\Obj\bsp_debug_usart.o
#        G:\test\µ×°å¿ØÖÆ20190317\EWARM\YS-F4Pro\Obj\bsp_GeneralTIM.o
#        G:\test\µ×°å¿ØÖÆ20190317\EWARM\YS-F4Pro\Obj\bsp_key.o
#        G:\test\µ×°å¿ØÖÆ20190317\EWARM\YS-F4Pro\Obj\bsp_MB_host.o
#        G:\test\µ×°å¿ØÖÆ20190317\EWARM\YS-F4Pro\Obj\def.o
#        G:\test\µ×°å¿ØÖÆ20190317\EWARM\YS-F4Pro\Obj\dhcp.o
#        G:\test\µ×°å¿ØÖÆ20190317\EWARM\YS-F4Pro\Obj\dns.o
#        G:\test\µ×°å¿ØÖÆ20190317\EWARM\YS-F4Pro\Obj\err.o
#        G:\test\µ×°å¿ØÖÆ20190317\EWARM\YS-F4Pro\Obj\etharp.o
#        G:\test\µ×°å¿ØÖÆ20190317\EWARM\YS-F4Pro\Obj\ethernet.o
#        G:\test\µ×°å¿ØÖÆ20190317\EWARM\YS-F4Pro\Obj\ethernetif.o
#        G:\test\µ×°å¿ØÖÆ20190317\EWARM\YS-F4Pro\Obj\icmp.o
#        G:\test\µ×°å¿ØÖÆ20190317\EWARM\YS-F4Pro\Obj\igmp.o
#        G:\test\µ×°å¿ØÖÆ20190317\EWARM\YS-F4Pro\Obj\inet_chksum.o
#        G:\test\µ×°å¿ØÖÆ20190317\EWARM\YS-F4Pro\Obj\init.o
#        G:\test\µ×°å¿ØÖÆ20190317\EWARM\YS-F4Pro\Obj\ip.o
#        G:\test\µ×°å¿ØÖÆ20190317\EWARM\YS-F4Pro\Obj\ip4.o
#        G:\test\µ×°å¿ØÖÆ20190317\EWARM\YS-F4Pro\Obj\ip4_addr.o
#        G:\test\µ×°å¿ØÖÆ20190317\EWARM\YS-F4Pro\Obj\ip4_frag.o
#        G:\test\µ×°å¿ØÖÆ20190317\EWARM\YS-F4Pro\Obj\main.o
#        G:\test\µ×°å¿ØÖÆ20190317\EWARM\YS-F4Pro\Obj\mem.o
#        G:\test\µ×°å¿ØÖÆ20190317\EWARM\YS-F4Pro\Obj\memp.o
#        G:\test\µ×°å¿ØÖÆ20190317\EWARM\YS-F4Pro\Obj\netbuf.o
#        G:\test\µ×°å¿ØÖÆ20190317\EWARM\YS-F4Pro\Obj\netdb.o
#        G:\test\µ×°å¿ØÖÆ20190317\EWARM\YS-F4Pro\Obj\netif.o
#        G:\test\µ×°å¿ØÖÆ20190317\EWARM\YS-F4Pro\Obj\netifapi.o
#        G:\test\µ×°å¿ØÖÆ20190317\EWARM\YS-F4Pro\Obj\pbuf.o
#        G:\test\µ×°å¿ØÖÆ20190317\EWARM\YS-F4Pro\Obj\raw.o
#        G:\test\µ×°å¿ØÖÆ20190317\EWARM\YS-F4Pro\Obj\sockets.o
#        G:\test\µ×°å¿ØÖÆ20190317\EWARM\YS-F4Pro\Obj\SPEED.o
#        G:\test\µ×°å¿ØÖÆ20190317\EWARM\YS-F4Pro\Obj\startup_stm32f407xx.o
#        G:\test\µ×°å¿ØÖÆ20190317\EWARM\YS-F4Pro\Obj\stats.o
#        G:\test\µ×°å¿ØÖÆ20190317\EWARM\YS-F4Pro\Obj\stm32f4xx_assert.o
#        G:\test\µ×°å¿ØÖÆ20190317\EWARM\YS-F4Pro\Obj\stm32f4xx_hal.o
#        G:\test\µ×°å¿ØÖÆ20190317\EWARM\YS-F4Pro\Obj\stm32f4xx_hal_adc.o
#        G:\test\µ×°å¿ØÖÆ20190317\EWARM\YS-F4Pro\Obj\stm32f4xx_hal_adc_ex.o
#        G:\test\µ×°å¿ØÖÆ20190317\EWARM\YS-F4Pro\Obj\stm32f4xx_hal_can.o
#        G:\test\µ×°å¿ØÖÆ20190317\EWARM\YS-F4Pro\Obj\stm32f4xx_hal_cec.o
#        G:\test\µ×°å¿ØÖÆ20190317\EWARM\YS-F4Pro\Obj\stm32f4xx_hal_cortex.o
#        G:\test\µ×°å¿ØÖÆ20190317\EWARM\YS-F4Pro\Obj\stm32f4xx_hal_crc.o
#        G:\test\µ×°å¿ØÖÆ20190317\EWARM\YS-F4Pro\Obj\stm32f4xx_hal_cryp.o
#        G:\test\µ×°å¿ØÖÆ20190317\EWARM\YS-F4Pro\Obj\stm32f4xx_hal_cryp_ex.o
#        G:\test\µ×°å¿ØÖÆ20190317\EWARM\YS-F4Pro\Obj\stm32f4xx_hal_dac.o
#        G:\test\µ×°å¿ØÖÆ20190317\EWARM\YS-F4Pro\Obj\stm32f4xx_hal_dac_ex.o
#        G:\test\µ×°å¿ØÖÆ20190317\EWARM\YS-F4Pro\Obj\stm32f4xx_hal_dcmi.o
#        G:\test\µ×°å¿ØÖÆ20190317\EWARM\YS-F4Pro\Obj\stm32f4xx_hal_dcmi_ex.o
#        G:\test\µ×°å¿ØÖÆ20190317\EWARM\YS-F4Pro\Obj\stm32f4xx_hal_dfsdm.o
#        G:\test\µ×°å¿ØÖÆ20190317\EWARM\YS-F4Pro\Obj\stm32f4xx_hal_dma.o
#        G:\test\µ×°å¿ØÖÆ20190317\EWARM\YS-F4Pro\Obj\stm32f4xx_hal_dma2d.o
#        G:\test\µ×°å¿ØÖÆ20190317\EWARM\YS-F4Pro\Obj\stm32f4xx_hal_dma_ex.o
#        G:\test\µ×°å¿ØÖÆ20190317\EWARM\YS-F4Pro\Obj\stm32f4xx_hal_dsi.o
#        G:\test\µ×°å¿ØÖÆ20190317\EWARM\YS-F4Pro\Obj\stm32f4xx_hal_eth.o
#        G:\test\µ×°å¿ØÖÆ20190317\EWARM\YS-F4Pro\Obj\stm32f4xx_hal_flash.o
#        G:\test\µ×°å¿ØÖÆ20190317\EWARM\YS-F4Pro\Obj\stm32f4xx_hal_flash_ex.o
#        G:\test\µ×°å¿ØÖÆ20190317\EWARM\YS-F4Pro\Obj\stm32f4xx_hal_flash_ramfunc.o
#        G:\test\µ×°å¿ØÖÆ20190317\EWARM\YS-F4Pro\Obj\stm32f4xx_hal_fmpi2c.o
#        G:\test\µ×°å¿ØÖÆ20190317\EWARM\YS-F4Pro\Obj\stm32f4xx_hal_fmpi2c_ex.o
#        G:\test\µ×°å¿ØÖÆ20190317\EWARM\YS-F4Pro\Obj\stm32f4xx_hal_gpio.o
#        G:\test\µ×°å¿ØÖÆ20190317\EWARM\YS-F4Pro\Obj\stm32f4xx_hal_hash.o
#        G:\test\µ×°å¿ØÖÆ20190317\EWARM\YS-F4Pro\Obj\stm32f4xx_hal_hash_ex.o
#        G:\test\µ×°å¿ØÖÆ20190317\EWARM\YS-F4Pro\Obj\stm32f4xx_hal_hcd.o
#        G:\test\µ×°å¿ØÖÆ20190317\EWARM\YS-F4Pro\Obj\stm32f4xx_hal_i2c.o
#        G:\test\µ×°å¿ØÖÆ20190317\EWARM\YS-F4Pro\Obj\stm32f4xx_hal_i2c_ex.o
#        G:\test\µ×°å¿ØÖÆ20190317\EWARM\YS-F4Pro\Obj\stm32f4xx_hal_i2s.o
#        G:\test\µ×°å¿ØÖÆ20190317\EWARM\YS-F4Pro\Obj\stm32f4xx_hal_i2s_ex.o
#        G:\test\µ×°å¿ØÖÆ20190317\EWARM\YS-F4Pro\Obj\stm32f4xx_hal_irda.o
#        G:\test\µ×°å¿ØÖÆ20190317\EWARM\YS-F4Pro\Obj\stm32f4xx_hal_iwdg.o
#        G:\test\µ×°å¿ØÖÆ20190317\EWARM\YS-F4Pro\Obj\stm32f4xx_hal_lptim.o
#        G:\test\µ×°å¿ØÖÆ20190317\EWARM\YS-F4Pro\Obj\stm32f4xx_hal_ltdc.o
#        G:\test\µ×°å¿ØÖÆ20190317\EWARM\YS-F4Pro\Obj\stm32f4xx_hal_ltdc_ex.o
#        G:\test\µ×°å¿ØÖÆ20190317\EWARM\YS-F4Pro\Obj\stm32f4xx_hal_mmc.o
#        G:\test\µ×°å¿ØÖÆ20190317\EWARM\YS-F4Pro\Obj\stm32f4xx_hal_msp.o
#        G:\test\µ×°å¿ØÖÆ20190317\EWARM\YS-F4Pro\Obj\stm32f4xx_hal_nand.o
#        G:\test\µ×°å¿ØÖÆ20190317\EWARM\YS-F4Pro\Obj\stm32f4xx_hal_nor.o
#        G:\test\µ×°å¿ØÖÆ20190317\EWARM\YS-F4Pro\Obj\stm32f4xx_hal_pccard.o
#        G:\test\µ×°å¿ØÖÆ20190317\EWARM\YS-F4Pro\Obj\stm32f4xx_hal_pcd.o
#        G:\test\µ×°å¿ØÖÆ20190317\EWARM\YS-F4Pro\Obj\stm32f4xx_hal_pcd_ex.o
#        G:\test\µ×°å¿ØÖÆ20190317\EWARM\YS-F4Pro\Obj\stm32f4xx_hal_pwr.o
#        G:\test\µ×°å¿ØÖÆ20190317\EWARM\YS-F4Pro\Obj\stm32f4xx_hal_pwr_ex.o
#        G:\test\µ×°å¿ØÖÆ20190317\EWARM\YS-F4Pro\Obj\stm32f4xx_hal_qspi.o
#        G:\test\µ×°å¿ØÖÆ20190317\EWARM\YS-F4Pro\Obj\stm32f4xx_hal_rcc.o
#        G:\test\µ×°å¿ØÖÆ20190317\EWARM\YS-F4Pro\Obj\stm32f4xx_hal_rcc_ex.o
#        G:\test\µ×°å¿ØÖÆ20190317\EWARM\YS-F4Pro\Obj\stm32f4xx_hal_rng.o
#        G:\test\µ×°å¿ØÖÆ20190317\EWARM\YS-F4Pro\Obj\stm32f4xx_hal_rtc.o
#        G:\test\µ×°å¿ØÖÆ20190317\EWARM\YS-F4Pro\Obj\stm32f4xx_hal_rtc_ex.o
#        G:\test\µ×°å¿ØÖÆ20190317\EWARM\YS-F4Pro\Obj\stm32f4xx_hal_sai.o
#        G:\test\µ×°å¿ØÖÆ20190317\EWARM\YS-F4Pro\Obj\stm32f4xx_hal_sai_ex.o
#        G:\test\µ×°å¿ØÖÆ20190317\EWARM\YS-F4Pro\Obj\stm32f4xx_hal_sd.o
#        G:\test\µ×°å¿ØÖÆ20190317\EWARM\YS-F4Pro\Obj\stm32f4xx_hal_sdram.o
#        G:\test\µ×°å¿ØÖÆ20190317\EWARM\YS-F4Pro\Obj\stm32f4xx_hal_smartcard.o
#        G:\test\µ×°å¿ØÖÆ20190317\EWARM\YS-F4Pro\Obj\stm32f4xx_hal_spdifrx.o
#        G:\test\µ×°å¿ØÖÆ20190317\EWARM\YS-F4Pro\Obj\stm32f4xx_hal_spi.o
#        G:\test\µ×°å¿ØÖÆ20190317\EWARM\YS-F4Pro\Obj\stm32f4xx_hal_sram.o
#        G:\test\µ×°å¿ØÖÆ20190317\EWARM\YS-F4Pro\Obj\stm32f4xx_hal_tim.o
#        G:\test\µ×°å¿ØÖÆ20190317\EWARM\YS-F4Pro\Obj\stm32f4xx_hal_tim_ex.o
#        G:\test\µ×°å¿ØÖÆ20190317\EWARM\YS-F4Pro\Obj\stm32f4xx_hal_uart.o
#        G:\test\µ×°å¿ØÖÆ20190317\EWARM\YS-F4Pro\Obj\stm32f4xx_hal_usart.o
#        G:\test\µ×°å¿ØÖÆ20190317\EWARM\YS-F4Pro\Obj\stm32f4xx_hal_wwdg.o
#        G:\test\µ×°å¿ØÖÆ20190317\EWARM\YS-F4Pro\Obj\stm32f4xx_it.o
#        G:\test\µ×°å¿ØÖÆ20190317\EWARM\YS-F4Pro\Obj\stm32f4xx_ll_adc.o
#        G:\test\µ×°å¿ØÖÆ20190317\EWARM\YS-F4Pro\Obj\stm32f4xx_ll_crc.o
#        G:\test\µ×°å¿ØÖÆ20190317\EWARM\YS-F4Pro\Obj\stm32f4xx_ll_dac.o
#        G:\test\µ×°å¿ØÖÆ20190317\EWARM\YS-F4Pro\Obj\stm32f4xx_ll_dma.o
#        G:\test\µ×°å¿ØÖÆ20190317\EWARM\YS-F4Pro\Obj\stm32f4xx_ll_dma2d.o
#        G:\test\µ×°å¿ØÖÆ20190317\EWARM\YS-F4Pro\Obj\stm32f4xx_ll_exti.o
#        G:\test\µ×°å¿ØÖÆ20190317\EWARM\YS-F4Pro\Obj\stm32f4xx_ll_fmc.o
#        G:\test\µ×°å¿ØÖÆ20190317\EWARM\YS-F4Pro\Obj\stm32f4xx_ll_fsmc.o
#        G:\test\µ×°å¿ØÖÆ20190317\EWARM\YS-F4Pro\Obj\stm32f4xx_ll_gpio.o
#        G:\test\µ×°å¿ØÖÆ20190317\EWARM\YS-F4Pro\Obj\stm32f4xx_ll_i2c.o
#        G:\test\µ×°å¿ØÖÆ20190317\EWARM\YS-F4Pro\Obj\stm32f4xx_ll_lptim.o
#        G:\test\µ×°å¿ØÖÆ20190317\EWARM\YS-F4Pro\Obj\stm32f4xx_ll_pwr.o
#        G:\test\µ×°å¿ØÖÆ20190317\EWARM\YS-F4Pro\Obj\stm32f4xx_ll_rcc.o
#        G:\test\µ×°å¿ØÖÆ20190317\EWARM\YS-F4Pro\Obj\stm32f4xx_ll_rng.o
#        G:\test\µ×°å¿ØÖÆ20190317\EWARM\YS-F4Pro\Obj\stm32f4xx_ll_rtc.o
#        G:\test\µ×°å¿ØÖÆ20190317\EWARM\YS-F4Pro\Obj\stm32f4xx_ll_sdmmc.o
#        G:\test\µ×°å¿ØÖÆ20190317\EWARM\YS-F4Pro\Obj\stm32f4xx_ll_spi.o
#        G:\test\µ×°å¿ØÖÆ20190317\EWARM\YS-F4Pro\Obj\stm32f4xx_ll_tim.o
#        G:\test\µ×°å¿ØÖÆ20190317\EWARM\YS-F4Pro\Obj\stm32f4xx_ll_usart.o
#        G:\test\µ×°å¿ØÖÆ20190317\EWARM\YS-F4Pro\Obj\stm32f4xx_ll_usb.o
#        G:\test\µ×°å¿ØÖÆ20190317\EWARM\YS-F4Pro\Obj\stm32f4xx_ll_utils.o
#        G:\test\µ×°å¿ØÖÆ20190317\EWARM\YS-F4Pro\Obj\sys.o
#        G:\test\µ×°å¿ØÖÆ20190317\EWARM\YS-F4Pro\Obj\system_stm32f4xx.o
#        G:\test\µ×°å¿ØÖÆ20190317\EWARM\YS-F4Pro\Obj\tcp.o
#        G:\test\µ×°å¿ØÖÆ20190317\EWARM\YS-F4Pro\Obj\tcp_in.o
#        G:\test\µ×°å¿ØÖÆ20190317\EWARM\YS-F4Pro\Obj\tcp_out.o
#        G:\test\µ×°å¿ØÖÆ20190317\EWARM\YS-F4Pro\Obj\tcpip.o
#        G:\test\µ×°å¿ØÖÆ20190317\EWARM\YS-F4Pro\Obj\timeouts.o
#        G:\test\µ×°å¿ØÖÆ20190317\EWARM\YS-F4Pro\Obj\udp.o
#        G:\test\µ×°å¿ØÖÆ20190317\EWARM\YS-F4Pro\Obj\udp_echoclient.o
#        --redirect _Printf=_PrintfFull --redirect _Scanf=_ScanfFull
#        --no_out_extension -o
#        G:\test\µ×°å¿ØÖÆ20190317\EWARM\YS-F4Pro\Exe\YS-F4Pro.out --map
#        G:\test\µ×°å¿ØÖÆ20190317\EWARM\YS-F4Pro\List\YS-F4Pro.map --config
#        G:\test\µ×°å¿ØÖÆ20190317\EWARM/stm32f407xx_flash.icf --semihosting
#        --entry __iar_program_start --vfe --text_out locale)
#
###############################################################################

*******************************************************************************
*** RUNTIME MODEL ATTRIBUTES
***

CppFlavor       = *
__SystemLibrary = DLib
__dlib_version  = 6


*******************************************************************************
*** HEAP SELECTION
***

The basic heap was selected because no calls to memory allocation
functions were found in the application outside of system library
functions, and there are calls to deallocation functions in the
application.


*******************************************************************************
*** PLACEMENT SUMMARY
***

"A0":  place at 0x800'0000 { ro section .intvec };
"P1":  place in [from 0x800'0000 to 0x80f'ffff] { ro };
define block CSTACK with size = 1K, alignment = 8 { };
define block HEAP with size = 512, alignment = 8 { };
"P2":  place in [from 0x2000'0000 to 0x2001'ffff] {
          rw, block CSTACK, block HEAP };
initialize by copy { rw };

  Section            Kind         Address    Size  Object
  -------            ----         -------    ----  ------
"A0":                                       0x188
  .intvec            ro code   0x800'0000   0x188  startup_stm32f407xx.o [1]
                             - 0x800'0188   0x188

"P1":                                      0xe368
  .text              ro code   0x800'0188  0x13dc  main.o [1]
  .text              ro code   0x800'1564   0x374  stm32f4xx_hal_rcc.o [1]
  .text              ro code   0x800'18d8   0x288  stm32f4xx_hal_rcc.o [1]
  .text              ro code   0x800'1b60   0x14a  stm32f4xx_hal_cortex.o [1]
  .text              ro code   0x800'1caa    0x7a  lz77_init_single.o [4]
  .text              ro code   0x800'1d24    0x34  stm32f4xx_hal.o [1]
  .text              ro code   0x800'1d58   0x130  bsp_debug_usart.o [1]
  .text              ro code   0x800'1e88    0x28  printf.o [2]
  .text              ro code   0x800'1eb0    0x1c  init.o [1]
  .text              ro code   0x800'1ecc   0x194  app_ethernet.o [1]
  .text              ro code   0x800'2060   0x170  bsp_CAN.o [1]
  .text              ro code   0x800'21d0   0xd00  stm32f4xx_hal_eth.o [1]
  .text              ro code   0x800'2ed0   0xb0a  stm32f4xx_hal_can.o [1]
  .text              ro code   0x800'39da    0x3a  zero_init3.o [4]
  .text              ro code   0x800'3a14   0x2de  stm32f4xx_hal_tim.o [1]
  .text              ro code   0x800'3cf2    0x1e  xencoding_8859_1.o [2]
  .text              ro code   0x800'3d10   0x1b8  timeouts.o [1]
  .text              ro code   0x800'3ec8    0x1e  stm32f4xx_hal.o [1]
  .text              ro code   0x800'3ee6     0xa  xsprout.o [2]
  .text              ro code   0x800'3ef0   0x2bc  mem.o [1]
  .text              ro code   0x800'41ac    0xac  memp.o [1]
  .text              ro code   0x800'4258   0x1ae  netif.o [1]
  .text              ro code   0x800'4408   0x54c  ethernetif.o [1]
  .text              ro code   0x800'4954    0x58  stm32f4xx_hal_tim_ex.o [1]
  .text              ro code   0x800'49ac     0xc  stm32f4xx_hal.o [1]
  .text              ro code   0x800'49b8    0x28  stm32f4xx_hal.o [1]
  .text              ro code   0x800'49e0    0x6e  stm32f4xx_hal_msp.o [1]
  .text              ro code   0x800'4a50   0x228  stm32f4xx_hal_gpio.o [1]
  .text              ro code   0x800'4c78   0x7bc  stm32f4xx_hal_uart.o [1]
  .text              ro code   0x800'5434   0xf46  xprintffull.o [2]
  .text              ro code   0x800'637c   0x4c8  udp.o [1]
  .text              ro code   0x800'6844   0xb14  tcp.o [1]
  .text              ro code   0x800'7358  0x11b4  dhcp.o [1]
  .text              ro code   0x800'850c    0xf6  ip4_addr.o [1]
  .text              ro code   0x800'8604    0x40  sprintf.o [2]
  .text              ro code   0x800'8644   0xfe4  udp_echoclient.o [1]
  .text              ro code   0x800'9628     0x2  stm32f4xx_hal_eth.o [1]
  .text              ro code   0x800'962a     0x2  stm32f4xx_hal_eth.o [1]
  .text              ro code   0x800'962c     0x2  stm32f4xx_hal_can.o [1]
  .text              ro code   0x800'962e     0x2  stm32f4xx_hal_can.o [1]
  .text              ro code   0x800'9630     0x2  stm32f4xx_hal_tim.o [1]
  .text              ro code   0x800'9632     0x2  stm32f4xx_hal_tim.o [1]
  .text              ro code   0x800'9634     0x2  stm32f4xx_hal_tim_ex.o [1]
  .text              ro code   0x800'9636     0x2  stm32f4xx_hal_tim.o [1]
  .text              ro code   0x800'9638     0x2  stm32f4xx_hal_tim_ex.o [1]
  .text              ro code   0x800'963c    0x66  ABImemset.o [4]
  .text              ro code   0x800'96a4   0x904  etharp.o [1]
  .text              ro code   0x800'9fa8    0xa6  ABImemcpy.o [4]
  .text              ro code   0x800'a04e   0x5e6  pbuf.o [1]
  .text              ro code   0x800'a634    0x26  stm32f4xx_hal_dma.o [1]
  .text              ro code   0x800'a65a     0x2  stm32f4xx_hal_uart.o [1]
  .text              ro code   0x800'a65c     0x2  stm32f4xx_hal_uart.o [1]
  .text              ro code   0x800'a660    0x78  xlocale_c.o [2]
  .text              ro code   0x800'a6d8    0x16  strchr.o [4]
  .text              ro code   0x800'a6f0    0x40  xfail_s.o [2]
  .text              ro code   0x800'a730    0x36  strlen.o [4]
  .text              ro code   0x800'a768    0x58  memchr.o [4]
  .text              ro code   0x800'a7c0     0xa  xmbcurmax.o [2]
  .text              ro code   0x800'a7cc   0x230  I64DivMod.o [4]
  .text              ro code   0x800'a9fc   0x1a2  DblMul.o [3]
  .text              ro code   0x800'aba0    0x70  frexp.o [3]
  .text              ro code   0x800'ac10    0x2e  DblCmpLe.o [3]
  .text              ro code   0x800'ac40    0x2e  DblCmpGe.o [3]
  .text              ro code   0x800'ac70   0x13a  ldexp.o [3]
  .text              ro code   0x800'adac    0x3a  DblToS32.o [3]
  .text              ro code   0x800'ade8    0x22  S32ToDbl.o [3]
  .text              ro code   0x800'ae0c    0xe2  DblSub.o [3]
  .text              ro code   0x800'aef0   0x246  DblDiv.o [3]
  .text              ro code   0x800'b138    0x28  DblToU32.o [3]
  .text              ro code   0x800'b160    0x1a  U32ToDbl.o [3]
  .text              ro code   0x800'b17c    0x2c  def.o [1]
  .text              ro code   0x800'b1a8   0x23c  icmp.o [1]
  .text              ro code   0x800'b3e4   0x390  ip4.o [1]
  .text              ro code   0x800'b774   0x8ae  tcp_out.o [1]
  .text              ro code   0x800'c024  0x119c  tcp_in.o [1]
  .text              ro code   0x800'd1c0    0xa4  rand.o [2]
  .text              ro code   0x800'd264    0xd4  SPEED.o [1]
  .text              ro code   0x800'd338   0x11e  ethernet.o [1]
  .text              ro code   0x800'd456     0x6  abort.o [2]
  .text              ro code   0x800'd45c     0x2  I64DivZer.o [4]
  .text              ro code   0x800'd460   0x16a  DblAdd.o [3]
  .text              ro code   0x800'd5ca    0xc8  inet_chksum.o [1]
  .text              ro code   0x800'd694   0x668  ip4_frag.o [1]
  .text              ro code   0x800'dcfc    0x68  memcmp.o [4]
  .text              ro code   0x800'dd64    0x14  exit.o [5]
  .text              ro code   0x800'dd78    0x7c  stm32f4xx_it.o [1]
  .text              ro code   0x800'ddf4    0x10  stm32f4xx_hal.o [1]
  .text              ro code   0x800'de04    0x60  system_stm32f4xx.o [1]
  .rodata            const     0x800'de64    0x2c  app_ethernet.o [1]
  .rodata            const     0x800'de90    0x28  app_ethernet.o [1]
  .rodata            const     0x800'deb8    0x28  app_ethernet.o [1]
  .rodata            const     0x800'dee0    0x28  app_ethernet.o [1]
  .rodata            const     0x800'df08    0x28  timeouts.o [1]
  .text              ro code   0x800'df30    0x28  data_init.o [4]
  .rodata            const     0x800'df58    0x24  memp.o [1]
  .text              ro code   0x800'df7c    0x22  fpinit_M.o [3]
  .iar.init_table    const     0x800'dfa0    0x20  - Linker created -
  .text              ro code   0x800'dfc0    0x1e  cmain.o [4]
  .text              ro code   0x800'dfde     0x4  low_level_init.o [2]
  .text              ro code   0x800'dfe2     0x4  exit.o [2]
  .text              ro code   0x800'dfe8     0xa  cexit.o [4]
  .rodata            const     0x800'dff4    0x1c  ethernetif.o [1]
  .rodata            const     0x800'e010    0x1c  main.o [1]
  .rodata            const     0x800'e02c    0x1c  main.o [1]
  .rodata            const     0x800'e048    0x18  app_ethernet.o [1]
  .text              ro code   0x800'e060    0x16  xprout.o [2]
  .text              ro code   0x800'e078     0xc  putchar.o [2]
  .rodata            const     0x800'e084    0x14  app_ethernet.o [1]
  .rodata            const     0x800'e098    0x14  app_ethernet.o [1]
  .rodata            const     0x800'e0ac    0x14  main.o [1]
  .rodata            const     0x800'e0c0    0x14  stm32f4xx_hal_eth.o [1]
  .rodata            const     0x800'e0d4    0x10  app_ethernet.o [1]
  .rodata            const     0x800'e0e4    0x10  ethernetif.o [1]
  .rodata            const     0x800'e0f4    0x10  ethernetif.o [1]
  .rodata            const     0x800'e104    0x10  main.o [1]
  .rodata            const     0x800'e114    0x10  system_stm32f4xx.o [1]
  .rodata            const     0x800'e124    0x10  tcp.o [1]
  .rodata            const     0x800'e134    0x10  tcp.o [1]
  .text              ro code   0x800'e144    0x10  startup_stm32f407xx.o [1]
  .rodata            const     0x800'e154     0xc  app_ethernet.o [1]
  .rodata            const     0x800'e160     0xc  memp.o [1]
  .rodata            const     0x800'e16c     0xc  memp.o [1]
  .rodata            const     0x800'e178     0xc  memp.o [1]
  .rodata            const     0x800'e184     0xc  memp.o [1]
  .rodata            const     0x800'e190     0xc  memp.o [1]
  .rodata            const     0x800'e19c     0xc  memp.o [1]
  .rodata            const     0x800'e1a8     0xc  memp.o [1]
  .rodata            const     0x800'e1b4     0xc  memp.o [1]
  .rodata            const     0x800'e1c0     0xc  memp.o [1]
  .rodata            const     0x800'e1cc     0xc  udp_echoclient.o [1]
  .text              ro code   0x800'e1d8     0xc  cstartup_M.o [4]
  .rodata            const     0x800'e1e4     0x8  ethernet.o [1]
  .rodata            const     0x800'e1ec     0x8  ethernet.o [1]
  .rodata            const     0x800'e1f4     0x8  ethernetif.o [1]
  .rodata            const     0x800'e1fc     0x8  system_stm32f4xx.o [1]
  .rodata            const     0x800'e204     0x8  tcp.o [1]
  .rodata            const     0x800'e20c     0x8  udp_echoclient.o [1]
  .rodata            const     0x800'e214     0x8  udp_echoclient.o [1]
  .rodata            const     0x800'e21c     0x6  xlocale_c.o [2]
  .rodata            const     0x800'e224     0x4  ip4_addr.o [1]
  .rodata            const     0x800'e228     0x4  ip4_addr.o [1]
  .text              ro code   0x800'e22c     0x4  startup_stm32f407xx.o [1]
  .text              ro code   0x800'e230     0x4  startup_stm32f407xx.o [1]
  .text              ro code   0x800'e234     0x4  startup_stm32f407xx.o [1]
  .text              ro code   0x800'e238     0x4  startup_stm32f407xx.o [1]
  .text              ro code   0x800'e23c     0x4  startup_stm32f407xx.o [1]
  .text              ro code   0x800'e240     0x4  startup_stm32f407xx.o [1]
  .text              ro code   0x800'e244     0x4  startup_stm32f407xx.o [1]
  .text              ro code   0x800'e248     0x4  startup_stm32f407xx.o [1]
  .text              ro code   0x800'e24c     0x4  startup_stm32f407xx.o [1]
  .text              ro code   0x800'e250     0x4  startup_stm32f407xx.o [1]
  .text              ro code   0x800'e254     0x4  startup_stm32f407xx.o [1]
  .text              ro code   0x800'e258     0x4  startup_stm32f407xx.o [1]
  .text              ro code   0x800'e25c     0x4  startup_stm32f407xx.o [1]
  .text              ro code   0x800'e260     0x4  startup_stm32f407xx.o [1]
  .text              ro code   0x800'e264     0x4  startup_stm32f407xx.o [1]
  .text              ro code   0x800'e268     0x4  startup_stm32f407xx.o [1]
  .text              ro code   0x800'e26c     0x4  startup_stm32f407xx.o [1]
  .text              ro code   0x800'e270     0x4  startup_stm32f407xx.o [1]
  .text              ro code   0x800'e274     0x4  startup_stm32f407xx.o [1]
  .text              ro code   0x800'e278     0x4  startup_stm32f407xx.o [1]
  .text              ro code   0x800'e27c     0x4  startup_stm32f407xx.o [1]
  .text              ro code   0x800'e280     0x4  startup_stm32f407xx.o [1]
  .text              ro code   0x800'e284     0x4  startup_stm32f407xx.o [1]
  .text              ro code   0x800'e288     0x4  startup_stm32f407xx.o [1]
  .text              ro code   0x800'e28c     0x4  startup_stm32f407xx.o [1]
  .text              ro code   0x800'e290     0x4  startup_stm32f407xx.o [1]
  .text              ro code   0x800'e294     0x4  startup_stm32f407xx.o [1]
  .text              ro code   0x800'e298     0x4  startup_stm32f407xx.o [1]
  .text              ro code   0x800'e29c     0x4  startup_stm32f407xx.o [1]
  .text              ro code   0x800'e2a0     0x4  startup_stm32f407xx.o [1]
  .text              ro code   0x800'e2a4     0x4  startup_stm32f407xx.o [1]
  .text              ro code   0x800'e2a8     0x4  startup_stm32f407xx.o [1]
  .text              ro code   0x800'e2ac     0x4  startup_stm32f407xx.o [1]
  .text              ro code   0x800'e2b0     0x4  startup_stm32f407xx.o [1]
  .text              ro code   0x800'e2b4     0x4  startup_stm32f407xx.o [1]
  .text              ro code   0x800'e2b8     0x4  startup_stm32f407xx.o [1]
  .text              ro code   0x800'e2bc     0x4  startup_stm32f407xx.o [1]
  .text              ro code   0x800'e2c0     0x4  startup_stm32f407xx.o [1]
  .text              ro code   0x800'e2c4     0x4  startup_stm32f407xx.o [1]
  .text              ro code   0x800'e2c8     0x4  startup_stm32f407xx.o [1]
  .text              ro code   0x800'e2cc     0x4  startup_stm32f407xx.o [1]
  .text              ro code   0x800'e2d0     0x4  startup_stm32f407xx.o [1]
  .text              ro code   0x800'e2d4     0x4  startup_stm32f407xx.o [1]
  .text              ro code   0x800'e2d8     0x4  startup_stm32f407xx.o [1]
  .text              ro code   0x800'e2dc     0x4  startup_stm32f407xx.o [1]
  .text              ro code   0x800'e2e0     0x4  startup_stm32f407xx.o [1]
  .text              ro code   0x800'e2e4     0x4  startup_stm32f407xx.o [1]
  .text              ro code   0x800'e2e8     0x4  startup_stm32f407xx.o [1]
  .text              ro code   0x800'e2ec     0x4  startup_stm32f407xx.o [1]
  .text              ro code   0x800'e2f0     0x4  startup_stm32f407xx.o [1]
  .text              ro code   0x800'e2f4     0x4  startup_stm32f407xx.o [1]
  .text              ro code   0x800'e2f8     0x4  startup_stm32f407xx.o [1]
  .text              ro code   0x800'e2fc     0x4  startup_stm32f407xx.o [1]
  .text              ro code   0x800'e300     0x4  startup_stm32f407xx.o [1]
  .text              ro code   0x800'e304     0x4  startup_stm32f407xx.o [1]
  .text              ro code   0x800'e308     0x4  startup_stm32f407xx.o [1]
  .text              ro code   0x800'e30c     0x4  startup_stm32f407xx.o [1]
  .text              ro code   0x800'e310     0x4  startup_stm32f407xx.o [1]
  .text              ro code   0x800'e314     0x4  startup_stm32f407xx.o [1]
  .text              ro code   0x800'e318     0x4  startup_stm32f407xx.o [1]
  .text              ro code   0x800'e31c     0x4  startup_stm32f407xx.o [1]
  .text              ro code   0x800'e320     0x4  startup_stm32f407xx.o [1]
  .text              ro code   0x800'e324     0x4  startup_stm32f407xx.o [1]
  .text              ro code   0x800'e328     0x4  startup_stm32f407xx.o [1]
  .text              ro code   0x800'e32c     0x4  startup_stm32f407xx.o [1]
  .text              ro code   0x800'e330     0x4  startup_stm32f407xx.o [1]
  .text              ro code   0x800'e334     0x4  startup_stm32f407xx.o [1]
  .text              ro code   0x800'e338     0x4  startup_stm32f407xx.o [1]
  .text              ro code   0x800'e33c     0x4  startup_stm32f407xx.o [1]
  .text              ro code   0x800'e340     0x4  startup_stm32f407xx.o [1]
  .text              ro code   0x800'e344     0x4  startup_stm32f407xx.o [1]
  .text              ro code   0x800'e348     0x4  startup_stm32f407xx.o [1]
  .text              ro code   0x800'e34c     0x4  startup_stm32f407xx.o [1]
  .text              ro code   0x800'e350     0x4  startup_stm32f407xx.o [1]
  .rodata            const     0x800'e354     0x0  zero_init3.o [4]
  .rodata            const     0x800'e354     0x0  lz77_init_single.o [4]
  Initializer bytes  const     0x800'e354   0x19c  <for P2-1>
                             - 0x800'e4f0  0xe368

"P2", part 1 of 3:                          0x267
  P2-1                        0x2000'0000   0x267  <Init block>
    .data            inited   0x2000'0000     0x4  dhcp.o [1]
    .data            inited   0x2000'0004     0x4  system_stm32f4xx.o [1]
    .data            inited   0x2000'0008     0x4  tcp.o [1]
    .data            inited   0x2000'000c     0x8  udp_echoclient.o [1]
    .data            inited   0x2000'0014     0x8  udp_echoclient.o [1]
    .data            inited   0x2000'001c     0x8  udp_echoclient.o [1]
    .data            inited   0x2000'0024     0x8  udp_echoclient.o [1]
    .data            inited   0x2000'002c     0x8  udp_echoclient.o [1]
    .data            inited   0x2000'0034     0x8  udp_echoclient.o [1]
    .data            inited   0x2000'003c     0x8  udp_echoclient.o [1]
    .data            inited   0x2000'0044     0x8  udp_echoclient.o [1]
    .data            inited   0x2000'004c     0x8  udp_echoclient.o [1]
    .data            inited   0x2000'0054     0x8  udp_echoclient.o [1]
    .data            inited   0x2000'005c     0x8  udp_echoclient.o [1]
    .data            inited   0x2000'0064     0x8  udp_echoclient.o [1]
    .data            inited   0x2000'006c     0x8  udp_echoclient.o [1]
    .data            inited   0x2000'0074     0x8  udp_echoclient.o [1]
    .data            inited   0x2000'007c     0x8  udp_echoclient.o [1]
    .data            inited   0x2000'0084     0x8  udp_echoclient.o [1]
    .data            inited   0x2000'008c     0x8  udp_echoclient.o [1]
    .data            inited   0x2000'0094   0x100  udp_echoclient.o [1]
    .data            inited   0x2000'0194     0x8  rand.o [2]
    .data            inited   0x2000'019c    0x38  xlocale_c.o [2]
    .data            inited   0x2000'01d4    0x48  xlocale_c.o [2]
    .data            inited   0x2000'021c    0x48  xfiles.o [2]
    .data            inited   0x2000'0264     0x2  udp.o [1]
    .data            inited   0x2000'0266     0x1  udp_echoclient.o [1]
                            - 0x2000'0267   0x267

"P2", part 2 of 3:                         0x7bec
  .bss               zero     0x2000'0268  0x2814  mem.o [1]
  .bss               zero     0x2000'2a7c  0x17d0  ethernetif.o [1]
  .bss               zero     0x2000'424c  0x17d0  ethernetif.o [1]
  .bss               zero     0x2000'5a1c  0x1084  memp.o [1]
  .bss               zero     0x2000'6aa0   0x5cc  memp.o [1]
  .bss               zero     0x2000'706c   0x16c  memp.o [1]
  .bss               zero     0x2000'71d8    0xf0  etharp.o [1]
  .bss               zero     0x2000'72c8    0xc4  memp.o [1]
  .bss               zero     0x2000'738c    0xa4  memp.o [1]
  .bss               zero     0x2000'7430    0xa4  memp.o [1]
  .bss               zero     0x2000'74d4    0xa4  memp.o [1]
  .bss               zero     0x2000'7578    0x98  udp_echoclient.o [1]
  .bss               zero     0x2000'7610    0x90  memp.o [1]
  .bss               zero     0x2000'76a0    0x84  memp.o [1]
  .bss               zero     0x2000'7724    0x84  rand.o [2]
  .bss               zero     0x2000'77a8    0x80  ethernetif.o [1]
  .bss               zero     0x2000'7828    0x80  ethernetif.o [1]
  .bss               zero     0x2000'78a8    0x64  main.o [1]
  .bss               zero     0x2000'790c    0x64  udp_echoclient.o [1]
  .bss               zero     0x2000'7970    0x50  xfiles.o [2]
  .bss               zero     0x2000'79c0    0x48  ethernetif.o [1]
  .bss               zero     0x2000'7a08    0x44  bsp_CAN.o [1]
  .bss               zero     0x2000'7a4c    0x40  bsp_debug_usart.o [1]
  .bss               zero     0x2000'7a8c    0x3c  bsp_GeneralTIM.o [1]
  .bss               zero     0x2000'7ac8    0x3c  main.o [1]
  .bss               zero     0x2000'7b04    0x3c  main.o [1]
  .bss               zero     0x2000'7b40    0x38  main.o [1]
  .bss               zero     0x2000'7b78    0x28  dhcp.o [1]
  .bss               zero     0x2000'7ba0    0x24  bsp_CAN.o [1]
  .bss               zero     0x2000'7bc4    0x24  main.o [1]
  .bss               zero     0x2000'7be8    0x24  main.o [1]
  .bss               zero     0x2000'7c0c    0x24  main.o [1]
  .bss               zero     0x2000'7c30    0x24  main.o [1]
  .bss               zero     0x2000'7c54    0x24  main.o [1]
  .bss               zero     0x2000'7c78    0x24  main.o [1]
  .bss               zero     0x2000'7c9c    0x24  main.o [1]
  .bss               zero     0x2000'7cc0    0x24  main.o [1]
  .bss               zero     0x2000'7ce4    0x1c  bsp_CAN.o [1]
  .bss               zero     0x2000'7d00    0x18  ip.o [1]
  .bss               zero     0x2000'7d18    0x10  ip4_addr.o [1]
  .bss               zero     0x2000'7d28    0x10  tcp_in.o [1]
  .bss               zero     0x2000'7d38     0xc  dhcp.o [1]
  .bss               zero     0x2000'7d44     0x8  main.o [1]
  .bss               zero     0x2000'7d4c     0x4  app_ethernet.o [1]
  .bss               zero     0x2000'7d50     0x4  dhcp.o [1]
  .bss               zero     0x2000'7d54     0x4  dhcp.o [1]
  .bss               zero     0x2000'7d58     0x4  ip4_frag.o [1]
  .bss               zero     0x2000'7d5c     0x4  main.o [1]
  .bss               zero     0x2000'7d60     0x4  main.o [1]
  .bss               zero     0x2000'7d64     0x4  main.o [1]
  .bss               zero     0x2000'7d68     0x4  main.o [1]
  .bss               zero     0x2000'7d6c     0x4  main.o [1]
  .bss               zero     0x2000'7d70     0x4  mem.o [1]
  .bss               zero     0x2000'7d74     0x4  mem.o [1]
  .bss               zero     0x2000'7d78     0x4  mem.o [1]
  .bss               zero     0x2000'7d7c     0x4  memp.o [1]
  .bss               zero     0x2000'7d80     0x4  memp.o [1]
  .bss               zero     0x2000'7d84     0x4  memp.o [1]
  .bss               zero     0x2000'7d88     0x4  memp.o [1]
  .bss               zero     0x2000'7d8c     0x4  memp.o [1]
  .bss               zero     0x2000'7d90     0x4  memp.o [1]
  .bss               zero     0x2000'7d94     0x4  memp.o [1]
  .bss               zero     0x2000'7d98     0x4  memp.o [1]
  .bss               zero     0x2000'7d9c     0x4  memp.o [1]
  .bss               zero     0x2000'7da0     0x4  netif.o [1]
  .bss               zero     0x2000'7da4     0x4  netif.o [1]
  .bss               zero     0x2000'7da8     0x4  stm32f4xx_hal.o [1]
  .bss               zero     0x2000'7dac     0x4  tcp.o [1]
  .bss               zero     0x2000'7db0     0x4  tcp.o [1]
  .bss               zero     0x2000'7db4     0x4  tcp.o [1]
  .bss               zero     0x2000'7db8     0x4  tcp.o [1]
  .bss               zero     0x2000'7dbc     0x4  tcp.o [1]
  .bss               zero     0x2000'7dc0     0x4  tcp_in.o [1]
  .bss               zero     0x2000'7dc4     0x4  tcp_in.o [1]
  .bss               zero     0x2000'7dc8     0x4  tcp_in.o [1]
  .bss               zero     0x2000'7dcc     0x4  tcp_in.o [1]
  .bss               zero     0x2000'7dd0     0x4  tcp_in.o [1]
  .bss               zero     0x2000'7dd4     0x4  tcp_in.o [1]
  .bss               zero     0x2000'7dd8     0x4  timeouts.o [1]
  .bss               zero     0x2000'7ddc     0x4  timeouts.o [1]
  .bss               zero     0x2000'7de0     0x4  timeouts.o [1]
  .bss               zero     0x2000'7de4     0x4  udp.o [1]
  .bss               zero     0x2000'7de8     0x4  udp_echoclient.o [1]
  .bss               zero     0x2000'7dec     0x4  udp_echoclient.o [1]
  .bss               zero     0x2000'7df0     0x4  udp_echoclient.o [1]
  .bss               zero     0x2000'7df4     0x4  udp_echoclient.o [1]
  .bss               zero     0x2000'7df8     0x4  udp_echoclient.o [1]
  .bss               zero     0x2000'7dfc     0x4  udp_echoclient.o [1]
  .bss               zero     0x2000'7e00     0x4  udp_echoclient.o [1]
  .bss               zero     0x2000'7e04     0x4  xfail_s.o [2]
  .bss               zero     0x2000'7e08     0x2  ip4.o [1]
  .bss               zero     0x2000'7e0a     0x2  ip4_frag.o [1]
  .bss               zero     0x2000'7e0c     0x2  main.o [1]
  .bss               zero     0x2000'7e0e     0x2  tcp_in.o [1]
  .bss               zero     0x2000'7e10     0x2  tcp_in.o [1]
  .bss               zero     0x2000'7e12     0x2  tcp_in.o [1]
  .bss               zero     0x2000'7e14     0x2  tcp_in.o [1]
  .bss               zero     0x2000'7e16     0x2  tcp_in.o [1]
  .bss               zero     0x2000'7e18     0x2  udp_echoclient.o [1]
  .bss               zero     0x2000'7e1a     0x2  udp_echoclient.o [1]
  .bss               zero     0x2000'7e1c     0x2  udp_echoclient.o [1]
  .bss               zero     0x2000'7e1e     0x2  udp_echoclient.o [1]
  .bss               zero     0x2000'7e20     0x2  udp_echoclient.o [1]
  .bss               zero     0x2000'7e22     0x2  udp_echoclient.o [1]
  .bss               zero     0x2000'7e24     0x2  udp_echoclient.o [1]
  .bss               zero     0x2000'7e26     0x1  app_ethernet.o [1]
  .bss               zero     0x2000'7e27     0x1  app_ethernet.o [1]
  .bss               zero     0x2000'7e28     0x1  bsp_debug_usart.o [1]
  .bss               zero     0x2000'7e29     0x1  dhcp.o [1]
  .bss               zero     0x2000'7e2a     0x1  etharp.o [1]
  .bss               zero     0x2000'7e2b     0x1  main.o [1]
  .bss               zero     0x2000'7e2c     0x1  main.o [1]
  .bss               zero     0x2000'7e2d     0x1  netif.o [1]
  .bss               zero     0x2000'7e2e     0x1  tcp.o [1]
  .bss               zero     0x2000'7e2f     0x1  tcp.o [1]
  .bss               zero     0x2000'7e30     0x1  tcp.o [1]
  .bss               zero     0x2000'7e31     0x1  tcp_in.o [1]
  .bss               zero     0x2000'7e32     0x1  tcp_in.o [1]
  .bss               zero     0x2000'7e33     0x1  udp_echoclient.o [1]
  .bss               zero     0x2000'7e34     0x1  udp_echoclient.o [1]
  .bss               zero     0x2000'7e35     0x1  udp_echoclient.o [1]
  .bss               zero     0x2000'7e36     0x1  udp_echoclient.o [1]
  .bss               zero     0x2000'7e37     0x1  udp_echoclient.o [1]
  .bss               zero     0x2000'7e38     0x1  udp_echoclient.o [1]
  .bss               zero     0x2000'7e39     0x1  udp_echoclient.o [1]
  .bss               zero     0x2000'7e3a     0x1  udp_echoclient.o [1]
  .bss               zero     0x2000'7e3b     0x1  udp_echoclient.o [1]
  .bss               zero     0x2000'7e3c     0x1  udp_echoclient.o [1]
  .bss               zero     0x2000'7e3d     0x1  udp_echoclient.o [1]
  .bss               zero     0x2000'7e3e     0x1  udp_echoclient.o [1]
  .bss               zero     0x2000'7e3f     0x1  udp_echoclient.o [1]
  .bss               zero     0x2000'7e40     0x1  udp_echoclient.o [1]
  .bss               zero     0x2000'7e41     0x1  udp_echoclient.o [1]
  .bss               zero     0x2000'7e42     0x1  udp_echoclient.o [1]
  .bss               zero     0x2000'7e43     0x1  udp_echoclient.o [1]
  .bss               zero     0x2000'7e44     0x1  udp_echoclient.o [1]
  .bss               zero     0x2000'7e45     0x1  udp_echoclient.o [1]
  .bss               zero     0x2000'7e46     0x1  udp_echoclient.o [1]
  .bss               zero     0x2000'7e47     0x1  udp_echoclient.o [1]
  .bss               zero     0x2000'7e48     0x1  udp_echoclient.o [1]
  .bss               zero     0x2000'7e49     0x1  udp_echoclient.o [1]
  .bss               zero     0x2000'7e4a     0x1  udp_echoclient.o [1]
  .bss               zero     0x2000'7e4b     0x1  udp_echoclient.o [1]
  .bss               zero     0x2000'7e4c     0x1  udp_echoclient.o [1]
  .bss               zero     0x2000'7e4d     0x1  udp_echoclient.o [1]
  .bss               zero     0x2000'7e4e     0x1  udp_echoclient.o [1]
  .bss               zero     0x2000'7e4f     0x1  udp_echoclient.o [1]
  .bss               zero     0x2000'7e50     0x1  udp_echoclient.o [1]
  .bss               zero     0x2000'7e51     0x1  udp_echoclient.o [1]
  .bss               zero     0x2000'7e52     0x1  udp_echoclient.o [1]
                            - 0x2000'7e53  0x7beb

"P2", part 3 of 3:                          0x400
  CSTACK                      0x2000'7e58   0x400  <Block>
    CSTACK           uninit   0x2000'7e58   0x400  <Block tail>
                            - 0x2000'8258   0x400

Unused ranges:

         From           To      Size
         ----           --      ----
   0x800'e4f0   0x80f'ffff  0xf'1b10
  0x2000'0267  0x2000'0267       0x1
  0x2000'7e54  0x2000'7e57       0x4
  0x2000'8258  0x2001'ffff  0x1'7da8


*******************************************************************************
*** INIT TABLE
***

          Address      Size
          -------      ----
Zero (__iar_zero_init3)
    1 destination range, total size 0x7beb:
          0x2000'0268  0x7beb

Copy/lz77 (__iar_lz77_init_single3)
    1 source range, total size 0x19c (66% of destination):
           0x800'e354   0x19c
    1 destination range, total size 0x267:
          0x2000'0000   0x267



*******************************************************************************
*** MODULE SUMMARY
***

    Module                  ro code  ro data  rw data
    ------                  -------  -------  -------
command line/config:
    -------------------------------------------------
    Total:

G:\test\µ×°å¿ØÖÆ20190317\EWARM\YS-F4Pro\Obj: [1]
    SPEED.o                     212
    app_ethernet.o              404      256        6
    bsp_CAN.o                   368               132
    bsp_GeneralTIM.o                               60
    bsp_debug_usart.o           304                65
    def.o                        44
    dhcp.o                    4 532        2       65
    etharp.o                  2 308               241
    ethernet.o                  286       16
    ethernetif.o              1 356       68   12 520
    icmp.o                      572
    inet_chksum.o               200
    init.o                       28
    ip.o                                           24
    ip4.o                       912                 2
    ip4_addr.o                  246        8       16
    ip4_frag.o                1 640                 6
    main.o                    5 084       92      596
    mem.o                       700            10 272
    memp.o                      172      144    7 076
    netif.o                     430                 9
    pbuf.o                    1 510
    startup_stm32f407xx.o       704
    stm32f4xx_hal.o             150                 4
    stm32f4xx_hal_can.o       2 830
    stm32f4xx_hal_cortex.o      330
    stm32f4xx_hal_dma.o          38
    stm32f4xx_hal_eth.o       3 332       20
    stm32f4xx_hal_gpio.o        552
    stm32f4xx_hal_msp.o         110
    stm32f4xx_hal_rcc.o       1 532
    stm32f4xx_hal_tim.o         740
    stm32f4xx_hal_tim_ex.o       92
    stm32f4xx_hal_uart.o      1 984
    stm32f4xx_it.o              124
    system_stm32f4xx.o           96       27        4
    tcp.o                     2 836       43       27
    tcp_in.o                  4 508                52
    tcp_out.o                 2 222
    timeouts.o                  440       40       12
    udp.o                     1 224        2        6
    udp_echoclient.o          4 068      291      719
    -------------------------------------------------
    Total:                   49 220    1 009   31 914

dl7M_tlf.a: [2]
    abort.o                       6
    exit.o                        4
    low_level_init.o              4
    printf.o                     40
    putchar.o                    12
    rand.o                      164        6      140
    sprintf.o                    64
    xencoding_8859_1.o           30
    xfail_s.o                    64                 4
    xfiles.o                              48      152
    xlocale_c.o                 120       91      128
    xmbcurmax.o                  10
    xprintffull.o             3 910
    xprout.o                     22
    xsprout.o                    10
    -------------------------------------------------
    Total:                    4 460      145      424

m7M_tls.a: [3]
    DblAdd.o                    362
    DblCmpGe.o                   46
    DblCmpLe.o                   46
    DblDiv.o                    582
    DblMul.o                    418
    DblSub.o                    226
    DblToS32.o                   58
    DblToU32.o                   40
    S32ToDbl.o                   34
    U32ToDbl.o                   26
    fpinit_M.o                   34
    frexp.o                     112
    ldexp.o                     314
    -------------------------------------------------
    Total:                    2 298

rt7M_tl.a: [4]
    ABImemcpy.o                 166
    ABImemset.o                 102
    I64DivMod.o                 560
    I64DivZer.o                   2
    cexit.o                      10
    cmain.o                      30
    cstartup_M.o                 12
    data_init.o                  40
    lz77_init_single.o          122
    memchr.o                     88
    memcmp.o                    104
    strchr.o                     22
    strlen.o                     54
    zero_init3.o                 58
    -------------------------------------------------
    Total:                    1 370

shb_l.a: [5]
    exit.o                       20
    -------------------------------------------------
    Total:                       20

    Gaps                         48        6
    Linker created                        32    1 024
-----------------------------------------------------
    Grand Total:             57 416    1 192   33 362


*******************************************************************************
*** ENTRY LIST
***

Entry                       Address    Size  Type      Object
-----                       -------    ----  ----      ------
.iar.init_table$$Base    0x800'dfa0           --   Gb  - Linker created -
.iar.init_table$$Limit   0x800'dfc0           --   Gb  - Linker created -
?main                    0x800'dfc1          Code  Gb  cmain.o [4]
AHBPrescTable            0x800'e114    0x10  Data  Gb  system_stm32f4xx.o [1]
APBPrescTable            0x800'e1fc     0x8  Data  Gb  system_stm32f4xx.o [1]
BASIC_TIM2_Init          0x800'1485    0x5c  Code  Gb  main.o [1]
BASIC_TIM3_Init          0x800'1111    0x62  Code  Gb  main.o [1]
BusFault_Handler         0x800'dd7f     0x2  Code  Gb  stm32f4xx_it.o [1]
CAN1_RX0_IRQHandler      0x800'dd97     0xa  Code  Gb  stm32f4xx_it.o [1]
CAN1_data               0x2000'7d44     0x8  Data  Gb  main.o [1]
CAN_Receive_IT           0x800'3803   0x1d8  Code  Lc  stm32f4xx_hal_can.o [1]
CAN_SendTxMsg            0x800'2173    0x3c  Code  Gb  bsp_CAN.o [1]
CAN_Transmit_IT          0x800'37a9    0x5a  Code  Lc  stm32f4xx_hal_can.o [1]
CSTACK$$Base            0x2000'7e58           --   Gb  - Linker created -
CSTACK$$Limit           0x2000'8258           --   Gb  - Linker created -
CacheMore                0x800'a665    0x24  Code  Lc  xlocale_c.o [2]
DHCP_Periodic_Handle     0x800'1ff3    0x2e  Code  Gb  app_ethernet.o [1]
DHCP_Process             0x800'1f21    0xd2  Code  Gb  app_ethernet.o [1]
DHCP_flag               0x2000'7e27     0x1  Data  Gb  app_ethernet.o [1]
DHCP_state              0x2000'7e26     0x1  Data  Gb  app_ethernet.o [1]
DHCPfineTimer           0x2000'7d4c     0x4  Data  Gb  app_ethernet.o [1]
DMARxDscrTab            0x2000'77a8    0x80  Data  Gb  ethernetif.o [1]
DMATxDscrTab            0x2000'7828    0x80  Data  Gb  ethernetif.o [1]
DebugMon_Handler         0x800'dd85     0x2  Code  Gb  stm32f4xx_it.o [1]
DestIPaddr              0x2000'7e00     0x4  Data  Gb  udp_echoclient.o [1]
ETH_DMAReceptionDisable
                         0x800'2e2d    0x12  Code  Lc  stm32f4xx_hal_eth.o [1]
ETH_DMAReceptionEnable   0x800'2e1b    0x12  Code  Lc  stm32f4xx_hal_eth.o [1]
ETH_DMATransmissionDisable
                         0x800'2e09    0x12  Code  Lc  stm32f4xx_hal_eth.o [1]
ETH_DMATransmissionEnable
                         0x800'2df7    0x12  Code  Lc  stm32f4xx_hal_eth.o [1]
ETH_Delay                0x800'2e6b    0x24  Code  Lc  stm32f4xx_hal_eth.o [1]
ETH_FlushTransmitFIFO    0x800'2e3f    0x2c  Code  Lc  stm32f4xx_hal_eth.o [1]
ETH_IRQHandler           0x800'dda1    0x10  Code  Gb  stm32f4xx_it.o [1]
ETH_MACAddressConfig     0x800'2d2d    0x2a  Code  Lc  stm32f4xx_hal_eth.o [1]
ETH_MACDMAConfig         0x800'2acb   0x262  Code  Lc  stm32f4xx_hal_eth.o [1]
ETH_MACReceptionDisable
                         0x800'2dcf    0x28  Code  Lc  stm32f4xx_hal_eth.o [1]
ETH_MACReceptionEnable   0x800'2da7    0x28  Code  Lc  stm32f4xx_hal_eth.o [1]
ETH_MACTransmissionDisable
                         0x800'2d7f    0x28  Code  Lc  stm32f4xx_hal_eth.o [1]
ETH_MACTransmissionEnable
                         0x800'2d57    0x28  Code  Lc  stm32f4xx_hal_eth.o [1]
EthHandle               0x2000'79c0    0x48  Data  Gb  ethernetif.o [1]
HAL_CAN_ConfigFilter     0x800'3077   0x106  Code  Gb  stm32f4xx_hal_can.o [1]
HAL_CAN_IRQHandler       0x800'34ff   0x292  Code  Gb  stm32f4xx_hal_can.o [1]
HAL_CAN_Init             0x800'2ed1   0x1a6  Code  Gb  stm32f4xx_hal_can.o [1]
HAL_CAN_MspInit          0x800'20dd    0x96  Code  Gb  bsp_CAN.o [1]
HAL_CAN_Receive_IT       0x800'33ed   0x112  Code  Gb  stm32f4xx_hal_can.o [1]
HAL_CAN_RxCpltCallback   0x800'0779   0x980  Code  Gb  main.o [1]
HAL_CAN_Transmit         0x800'317d   0x26a  Code  Gb  stm32f4xx_hal_can.o [1]
HAL_DMA_Abort_IT         0x800'a635    0x26  Code  Gb  stm32f4xx_hal_dma.o [1]
HAL_Delay                0x800'3ec9    0x1e  Code  Wk  stm32f4xx_hal.o [1]
HAL_ETH_ConfigMAC        0x800'2999   0x132  Code  Gb  stm32f4xx_hal_eth.o [1]
HAL_ETH_DMARxDescListInit
                         0x800'2497    0x7e  Code  Gb  stm32f4xx_hal_eth.o [1]
HAL_ETH_DMATxDescListInit
                         0x800'241b    0x7c  Code  Gb  stm32f4xx_hal_eth.o [1]
HAL_ETH_GetReceivedFrame
                         0x800'2643    0x9e  Code  Gb  stm32f4xx_hal_eth.o [1]
HAL_ETH_GetReceivedFrame_IT
                         0x800'26e1    0xaa  Code  Gb  stm32f4xx_hal_eth.o [1]
HAL_ETH_IRQHandler       0x800'278b    0x76  Code  Gb  stm32f4xx_hal_eth.o [1]
HAL_ETH_Init             0x800'21d1   0x24a  Code  Gb  stm32f4xx_hal_eth.o [1]
HAL_ETH_MspInit          0x800'4409   0x13e  Code  Gb  ethernetif.o [1]
HAL_ETH_ReadPHYRegister
                         0x800'2801    0x84  Code  Gb  stm32f4xx_hal_eth.o [1]
HAL_ETH_RxCpltCallback   0x800'10f9    0x12  Code  Gb  main.o [1]
HAL_ETH_Start            0x800'2905    0x4a  Code  Gb  stm32f4xx_hal_eth.o [1]
HAL_ETH_Stop             0x800'294f    0x4a  Code  Gb  stm32f4xx_hal_eth.o [1]
HAL_ETH_TransmitFrame    0x800'2515   0x12e  Code  Gb  stm32f4xx_hal_eth.o [1]
HAL_ETH_WritePHYRegister
                         0x800'2885    0x80  Code  Gb  stm32f4xx_hal_eth.o [1]
HAL_GPIO_Init            0x800'4a51   0x1dc  Code  Gb  stm32f4xx_hal_gpio.o [1]
HAL_GPIO_WritePin        0x800'4c2d    0x14  Code  Gb  stm32f4xx_hal_gpio.o [1]
HAL_GetTick              0x800'49ad     0xc  Code  Wk  stm32f4xx_hal.o [1]
HAL_IncTick              0x800'ddf5    0x10  Code  Wk  stm32f4xx_hal.o [1]
HAL_Init                 0x800'1d25    0x30  Code  Gb  stm32f4xx_hal.o [1]
HAL_InitTick             0x800'49b9    0x28  Code  Wk  stm32f4xx_hal.o [1]
HAL_MspInit              0x800'49e1    0x6e  Code  Gb  stm32f4xx_hal_msp.o [1]
HAL_NVIC_EnableIRQ       0x800'1c51     0xa  Code  Gb  stm32f4xx_hal_cortex.o [1]
HAL_NVIC_SetPriority     0x800'1c2f    0x22  Code  Gb  stm32f4xx_hal_cortex.o [1]
HAL_NVIC_SetPriorityGrouping
                         0x800'1c27     0x8  Code  Gb  stm32f4xx_hal_cortex.o [1]
HAL_RCC_ClockConfig      0x800'18d9   0x182  Code  Gb  stm32f4xx_hal_rcc.o [1]
HAL_RCC_EnableCSS        0x800'1a5b     0x8  Code  Gb  stm32f4xx_hal_rcc.o [1]
HAL_RCC_GetHCLKFreq      0x800'1a63     0x6  Code  Gb  stm32f4xx_hal_rcc.o [1]
HAL_RCC_GetPCLK1Freq     0x800'1a69    0x20  Code  Gb  stm32f4xx_hal_rcc.o [1]
HAL_RCC_GetPCLK2Freq     0x800'1a89    0x20  Code  Gb  stm32f4xx_hal_rcc.o [1]
HAL_RCC_OscConfig        0x800'1565   0x374  Code  Wk  stm32f4xx_hal_rcc.o [1]
HAL_SYSTICK_CLKSourceConfig
                         0x800'1c63    0x1c  Code  Gb  stm32f4xx_hal_cortex.o [1]
HAL_SYSTICK_Config       0x800'1c5b     0x8  Code  Gb  stm32f4xx_hal_cortex.o [1]
HAL_SYSTICK_IRQHandler   0x800'1ca1     0x8  Code  Gb  stm32f4xx_hal_cortex.o [1]
HAL_TIMEx_BreakCallback
                         0x800'9635     0x2  Code  Wk  stm32f4xx_hal_tim_ex.o [1]
HAL_TIMEx_CommutationCallback
                         0x800'9639     0x2  Code  Wk  stm32f4xx_hal_tim_ex.o [1]
HAL_TIMEx_MasterConfigSynchronization
                         0x800'4955    0x58  Code  Gb  stm32f4xx_hal_tim_ex.o [1]
HAL_TIM_Base_Init        0x800'3a15    0x38  Code  Gb  stm32f4xx_hal_tim.o [1]
HAL_TIM_Base_Start_IT    0x800'3a4d    0x1c  Code  Gb  stm32f4xx_hal_tim.o [1]
HAL_TIM_IRQHandler       0x800'3a69   0x176  Code  Gb  stm32f4xx_hal_tim.o [1]
HAL_TIM_OC_DelayElapsedCallback
                         0x800'14e3    0x1a  Code  Gb  main.o [1]
HAL_TIM_PeriodElapsedCallback
                         0x800'1173    0x2c  Code  Gb  main.o [1]
HAL_UART_IRQHandler      0x800'4e2b   0x134  Code  Gb  stm32f4xx_hal_uart.o [1]
HAL_UART_Init            0x800'4c79    0x76  Code  Gb  stm32f4xx_hal_uart.o [1]
HAL_UART_MspInit         0x800'1d59    0x9a  Code  Gb  bsp_debug_usart.o [1]
HAL_UART_Receive_IT      0x800'4dcb    0x60  Code  Gb  stm32f4xx_hal_uart.o [1]
HAL_UART_RxCpltCallback
                         0x800'14e1     0x2  Code  Gb  main.o [1]
HAL_UART_Transmit        0x800'4cef    0xdc  Code  Gb  stm32f4xx_hal_uart.o [1]
HardFault_Handler        0x800'dd7b     0x2  Code  Gb  stm32f4xx_it.o [1]
LSPEEDca                 0x800'd2c5    0x5e  Code  Gb  SPEED.o [1]
LSPPED                  0x2000'7e1e     0x2  Data  Gb  udp_echoclient.o [1]
LoadInt                  0x800'55f7    0x7a  Code  Lc  xprintffull.o [2]
MOTOR1                  0x2000'7bc4    0x24  Data  Gb  main.o [1]
MOTOR2                  0x2000'7be8    0x24  Data  Gb  main.o [1]
MOTOR3                  0x2000'7c0c    0x24  Data  Gb  main.o [1]
MOTOR4                  0x2000'7c30    0x24  Data  Gb  main.o [1]
MOTOR5                  0x2000'7c54    0x24  Data  Gb  main.o [1]
MOTOR6                  0x2000'7c78    0x24  Data  Gb  main.o [1]
MOTOR7                  0x2000'7c9c    0x24  Data  Gb  main.o [1]
MOTOR8                  0x2000'7cc0    0x24  Data  Gb  main.o [1]
MX_CAN_Init              0x800'2061    0x7c  Code  Gb  bsp_CAN.o [1]
MX_DEBUG_USART_Init      0x800'1df3    0x64  Code  Gb  bsp_debug_usart.o [1]
MemManage_Handler        0x800'dd7d     0x2  Code  Gb  stm32f4xx_it.o [1]
NMI_Handler              0x800'dd79     0x2  Code  Gb  stm32f4xx_it.o [1]
NVIC_EnableIRQ           0x800'1b85    0x14  Code  Lc  stm32f4xx_hal_cortex.o [1]
NVIC_EncodePriority      0x800'1bbd    0x3c  Code  Lc  stm32f4xx_hal_cortex.o [1]
NVIC_GetPriorityGrouping
                         0x800'1b7b     0xa  Code  Lc  stm32f4xx_hal_cortex.o [1]
NVIC_SetPriority         0x800'1b99    0x24  Code  Lc  stm32f4xx_hal_cortex.o [1]
NVIC_SetPriorityGrouping
                         0x800'1b61    0x1a  Code  Lc  stm32f4xx_hal_cortex.o [1]
NVIC_SystemReset         0x800'8645    0x1a  Code  Lc  udp_echoclient.o [1]
Netif_Config             0x800'06c7    0x68  Code  Lc  main.o [1]
Patstateal2             0x2000'7e2c     0x1  Data  Gb  main.o [1]
Patstateall             0x2000'7e2b     0x1  Data  Gb  main.o [1]
PendSV_Handler           0x800'dd87     0x2  Code  Gb  stm32f4xx_it.o [1]
RCC_IRQHandler           0x800'dd95     0x2  Code  Gb  stm32f4xx_it.o [1]
RSPEEDca                 0x800'd265    0x60  Code  Gb  SPEED.o [1]
RSPPED                  0x2000'7e20     0x2  Data  Gb  udp_echoclient.o [1]
Region$$Table$$Base      0x800'dfa0           --   Gb  - Linker created -
Region$$Table$$Limit     0x800'dfc0           --   Gb  - Linker created -
RxMessage               0x2000'7ba0    0x24  Data  Lc  bsp_CAN.o [1]
Rx_Buff                 0x2000'2a7c  0x17d0  Data  Gb  ethernetif.o [1]
Rx_MSG                  0x2000'7e0c     0x2  Data  Gb  main.o [1]
SVC_Handler              0x800'dd83     0x2  Code  Gb  stm32f4xx_it.o [1]
SysTick_Config           0x800'1bf9    0x2e  Code  Lc  stm32f4xx_hal_cortex.o [1]
SysTick_Handler          0x800'dd89     0xc  Code  Gb  stm32f4xx_it.o [1]
SystemClock_Config       0x800'0189    0xac  Code  Gb  main.o [1]
SystemCoreClock         0x2000'0004     0x4  Data  Gb  system_stm32f4xx.o [1]
SystemInit               0x800'de05    0x40  Code  Gb  system_stm32f4xx.o [1]
TIM2_IRQHandler          0x800'ddbb     0xa  Code  Gb  stm32f4xx_it.o [1]
TIM3_IRQHandler          0x800'ddb1     0xa  Code  Gb  stm32f4xx_it.o [1]
TIM5_IRQHandler          0x800'ddc5     0xa  Code  Gb  stm32f4xx_it.o [1]
TIM_Base_SetConfig       0x800'3bdf    0xe4  Code  Gb  stm32f4xx_hal_tim.o [1]
TOLLEN                  0x2000'7dfc     0x4  Data  Gb  udp_echoclient.o [1]
TimHandle               0x2000'7ac8    0x3c  Data  Gb  main.o [1]
TimHandle2              0x2000'7b04    0x3c  Data  Gb  main.o [1]
TxMessage               0x2000'7ce4    0x1c  Data  Lc  bsp_CAN.o [1]
Tx_Buff                 0x2000'424c  0x17d0  Data  Gb  ethernetif.o [1]
UART_DMAAbortOnError     0x800'4fed    0x12  Code  Lc  stm32f4xx_hal_uart.o [1]
UART_EndRxTransfer       0x800'4fcd    0x20  Code  Lc  stm32f4xx_hal_uart.o [1]
UART_EndTransmit_IT      0x800'506b    0x1c  Code  Lc  stm32f4xx_hal_uart.o [1]
UART_Receive_IT          0x800'5087    0x9c  Code  Lc  stm32f4xx_hal_uart.o [1]
UART_SetConfig           0x800'5123   0x304  Code  Lc  stm32f4xx_hal_uart.o [1]
UART_Transmit_IT         0x800'5001    0x6a  Code  Lc  stm32f4xx_hal_uart.o [1]
UART_WaitOnFlagUntilTimeout
                         0x800'4f5f    0x6e  Code  Lc  stm32f4xx_hal_uart.o [1]
USART3_IRQHandler        0x800'ddcf     0xa  Code  Gb  stm32f4xx_it.o [1]
UsageFault_Handler       0x800'dd81     0x2  Code  Gb  stm32f4xx_it.o [1]
User_notification        0x800'1ecd    0x20  Code  Gb  app_ethernet.o [1]
_Encoding_8859_1_Mbrlen
                         0x800'3d05     0x2  Code  Gb  xencoding_8859_1.o [2]
_Encoding_8859_1_Wctomb
                         0x800'3cf3    0x12  Code  Gb  xencoding_8859_1.o [2]
_GenldFull               0x800'6055   0x274  Code  Lc  xprintffull.o [2]
_LdtobFull               0x800'5c51   0x3d6  Code  Lc  xprintffull.o [2]
_LitobFull               0x800'5b01   0x10a  Code  Lc  xprintffull.o [2]
_Locale_lconv           0x2000'019c    0x38  Data  Lc  xlocale_c.o [2]
_PrintfFull              0x800'5435   0x1aa  Code  Gb  xprintffull.o [2]
_Prout                   0x800'e061    0x16  Code  Gb  xprout.o [2]
_PutcharsFull            0x800'62c9    0x2e  Code  Lc  xprintffull.o [2]
_PutfldFull              0x800'5671   0x2d4  Code  Lc  xprintffull.o [2]
_PutstrFull              0x800'5a3b    0xc6  Code  Lc  xprintffull.o [2]
_PuttxtFull              0x800'5945    0xf6  Code  Lc  xprintffull.o [2]
_Rand_idx               0x2000'77a4     0x4  Data  Lc  rand.o [2]
_Rand_rv                0x2000'7724    0x80  Data  Lc  rand.o [2]
_Randinit               0x2000'0194     0x1  Data  Gb  rand.o [2]
_Randseed               0x2000'0198     0x4  Data  Gb  rand.o [2]
_SProut                  0x800'3ee7     0xa  Code  Gb  xsprout.o [2]
__aeabi_cdcmple          0x800'ac11          Code  Gb  DblCmpLe.o [3]
__aeabi_cdrcmple         0x800'ac41          Code  Gb  DblCmpGe.o [3]
__aeabi_d2iz             0x800'adad          Code  Gb  DblToS32.o [3]
__aeabi_d2uiz            0x800'b139          Code  Gb  DblToU32.o [3]
__aeabi_ddiv             0x800'aef1          Code  Gb  DblDiv.o [3]
__aeabi_dmul             0x800'a9fd          Code  Gb  DblMul.o [3]
__aeabi_dsub             0x800'ae0d          Code  Gb  DblSub.o [3]
__aeabi_i2d              0x800'ade9          Code  Gb  S32ToDbl.o [3]
__aeabi_ldiv0            0x800'd45d          Code  Gb  I64DivZer.o [4]
__aeabi_memcpy           0x800'9fa9          Code  Gb  ABImemcpy.o [4]
__aeabi_memcpy4          0x800'9fc9          Code  Gb  ABImemcpy.o [4]
__aeabi_memcpy8          0x800'9fc9          Code  Gb  ABImemcpy.o [4]
__aeabi_memset           0x800'963d          Code  Gb  ABImemset.o [4]
__aeabi_ui2d             0x800'b161          Code  Gb  U32ToDbl.o [3]
__aeabi_uldivmod         0x800'a7cd          Code  Gb  I64DivMod.o [4]
__cmain                  0x800'dfc1          Code  Gb  cmain.o [4]
__exit                   0x800'dd65    0x14  Code  Gb  exit.o [5]
__iar_Fail_s             0x800'a6f1    0x1c  Code  Gb  xfail_s.o [2]
__iar_Mbcurmax           0x800'a7c1     0xa  Code  Gb  xmbcurmax.o [2]
__iar_Memchr             0x800'a769          Code  Gb  memchr.o [4]
__iar_Memset             0x800'963d          Code  Gb  ABImemset.o [4]
__iar_Memset_word        0x800'9645          Code  Gb  ABImemset.o [4]
__iar_Stdout            0x2000'021c    0x48  Data  Gb  xfiles.o [2]
__iar_Strchr             0x800'a6d9          Code  Gb  strchr.o [4]
__iar_dadd               0x800'ae1d          Code  Gb  DblSub.o [3]
__iar_data_init3         0x800'df31    0x28  Code  Gb  data_init.o [4]
__iar_dsub               0x800'd461          Code  Gb  DblAdd.o [3]
__iar_dsubStart          0x800'd473          Code  Gb  DblAdd.o [3]
__iar_frexp              0x800'abad          Code  Gb  frexp.o [3]
__iar_frexpl             0x800'abad          Code  Gb  frexp.o [3]
__iar_globLocale        0x2000'01d4    0x48  Data  Lc  xlocale_c.o [2]
__iar_global_Locale      0x800'a661     0x4  Code  Gb  xlocale_c.o [2]
__iar_init_vfp           0x800'df7d          Code  Gb  fpinit_M.o [3]
__iar_ldexp64            0x800'ac71          Code  Gb  ldexp.o [3]
__iar_lz77_init_single3
                         0x800'1cab    0x7a  Code  Gb  lz77_init_single.o [4]
__iar_program_start      0x800'e1d9          Code  Gb  cstartup_M.o [4]
__iar_scalbln64          0x800'ac71          Code  Gb  ldexp.o [3]
__iar_scalbn64           0x800'ac71          Code  Gb  ldexp.o [3]
__iar_softfp___iar_frexp64
                         0x800'aba1          Code  Gb  frexp.o [3]
__iar_softfp_frexp       0x800'aba1          Code  Gb  frexp.o [3]
__iar_softfp_frexpl      0x800'aba1          Code  Gb  frexp.o [3]
__iar_zero_init3         0x800'39db    0x3a  Code  Gb  zero_init3.o [4]
__low_level_init         0x800'dfdf     0x4  Code  Gb  low_level_init.o [2]
__vector_table           0x800'0000          Data  Gb  startup_stm32f407xx.o [1]
_call_main               0x800'dfcd          Code  Gb  cmain.o [4]
_exit                    0x800'dfe9          Code  Gb  cexit.o [4]
_gLocale_mblen           0x800'a6c5     0x4  Code  Gb  xlocale_c.o [2]
_gLocale_mblenInt        0x800'a689    0x2c  Code  Gb  xlocale_c.o [2]
_gLocale_wctomb          0x800'a6c9     0x4  Code  Gb  xlocale_c.o [2]
_gLocale_wctombInt       0x800'a6c1     0x4  Code  Gb  xlocale_c.o [2]
_main                    0x800'dfdb          Code  Gb  cmain.o [4]
abort                    0x800'd457     0x6  Code  Gb  abort.o [2]
ackno                   0x2000'7dcc     0x4  Data  Lc  tcp_in.o [1]
actCurrentCheck         0x2000'0064     0x8  Data  Gb  udp_echoclient.o [1]
actSpeedCheck           0x2000'005c     0x8  Data  Gb  udp_echoclient.o [1]
alarmclear              0x2000'0024     0x8  Data  Gb  udp_echoclient.o [1]
arp_table               0x2000'71d8    0xf0  Data  Lc  etharp.o [1]
brake                   0x2000'7e4c     0x1  Data  Gb  udp_echoclient.o [1]
breakclear1             0x2000'7e3a     0x1  Data  Gb  udp_echoclient.o [1]
breakclear2             0x2000'7e3b     0x1  Data  Gb  udp_echoclient.o [1]
breakclear3             0x2000'7e3c     0x1  Data  Gb  udp_echoclient.o [1]
breakclear4             0x2000'7e3d     0x1  Data  Gb  udp_echoclient.o [1]
btorigin1               0x2000'7e3e     0x1  Data  Gb  udp_echoclient.o [1]
btorigin2               0x2000'7e3f     0x1  Data  Gb  udp_echoclient.o [1]
btorigin3               0x2000'7e40     0x1  Data  Gb  udp_echoclient.o [1]
btorigin4               0x2000'7e41     0x1  Data  Gb  udp_echoclient.o [1]
can_Cmd_Q               0x2000'78a8    0x64  Data  Gb  main.o [1]
can_Cmd_Q_Ctr           0x2000'7d68     0x4  Data  Gb  main.o [1]
can_Cmd_Q_Pop           0x2000'7d64     0x4  Data  Gb  main.o [1]
can_Cmd_Q_Push          0x2000'7d60     0x4  Data  Gb  main.o [1]
can_Cmd_Q_Send           0x800'02b5   0x412  Code  Gb  main.o [1]
crc_array               0x2000'0094   0x100  Data  Gb  udp_echoclient.o [1]
cyclic_timer             0x800'3d65    0x16  Code  Lc  timeouts.o [1]
data                    0x2000'790c    0x64  Data  Gb  udp_echoclient.o [1]
databuffer              0x2000'7578    0x98  Data  Gb  udp_echoclient.o [1]
dhcp_arp_reply           0x800'7803    0x20  Code  Gb  dhcp.o [1]
dhcp_bind                0x800'7989   0x10a  Code  Lc  dhcp.o [1]
dhcp_check               0x800'73f9    0x3c  Code  Lc  dhcp.o [1]
dhcp_coarse_tmr          0x800'755b    0x72  Code  Gb  dhcp.o [1]
dhcp_create_msg          0x800'82f7   0x17e  Code  Lc  dhcp.o [1]
dhcp_create_msg::xid    0x2000'7d54     0x4  Data  Lc  dhcp.o [1]
dhcp_dec_pcb_refcount    0x800'73b5    0x22  Code  Lc  dhcp.o [1]
dhcp_decline             0x800'7823    0x94  Code  Lc  dhcp.o [1]
dhcp_delete_msg          0x800'8489    0x1e  Code  Lc  dhcp.o [1]
dhcp_discover            0x800'78b7    0xd2  Code  Lc  dhcp.o [1]
dhcp_discover_request_options
                        0x2000'0000     0x4  Data  Lc  dhcp.o [1]
dhcp_fine_tmr            0x800'75cd    0x38  Code  Gb  dhcp.o [1]
dhcp_handle_ack          0x800'76f3    0x84  Code  Lc  dhcp.o [1]
dhcp_handle_nak          0x800'73d7    0x22  Code  Lc  dhcp.o [1]
dhcp_handle_offer        0x800'7435    0x2a  Code  Lc  dhcp.o [1]
dhcp_inc_pcb_refcount    0x800'7359    0x5c  Code  Lc  dhcp.o [1]
dhcp_option              0x800'7def    0x26  Code  Lc  dhcp.o [1]
dhcp_option_byte         0x800'7e15    0x12  Code  Lc  dhcp.o [1]
dhcp_option_long         0x800'7e53    0x52  Code  Lc  dhcp.o [1]
dhcp_option_short        0x800'7e27    0x2c  Code  Lc  dhcp.o [1]
dhcp_option_trailer      0x800'84a7    0x40  Code  Lc  dhcp.o [1]
dhcp_parse_reply         0x800'7ea5   0x336  Code  Lc  dhcp.o [1]
dhcp_pcb                0x2000'7d50     0x4  Data  Lc  dhcp.o [1]
dhcp_pcb_refcount       0x2000'7e29     0x1  Data  Lc  dhcp.o [1]
dhcp_rebind              0x800'7b4f    0xba  Code  Lc  dhcp.o [1]
dhcp_reboot              0x800'7c09    0xd4  Code  Lc  dhcp.o [1]
dhcp_recv                0x800'81db   0x11c  Code  Lc  dhcp.o [1]
dhcp_release             0x800'7cdd    0xb6  Code  Gb  dhcp.o [1]
dhcp_renew               0x800'7a93    0xbc  Code  Gb  dhcp.o [1]
dhcp_rx_options_given   0x2000'7d38     0xc  Data  Gb  dhcp.o [1]
dhcp_rx_options_val     0x2000'7b78    0x28  Data  Gb  dhcp.o [1]
dhcp_select              0x800'745f    0xfc  Code  Lc  dhcp.o [1]
dhcp_set_state           0x800'7dd9    0x16  Code  Lc  dhcp.o [1]
dhcp_start               0x800'7777    0x8c  Code  Gb  dhcp.o [1]
dhcp_stop                0x800'7db5    0x24  Code  Gb  dhcp.o [1]
dhcp_supplied_address    0x800'84e7    0x26  Code  Gb  dhcp.o [1]
dhcp_t1_timeout          0x800'7679    0x3a  Code  Lc  dhcp.o [1]
dhcp_t2_timeout          0x800'76b3    0x40  Code  Lc  dhcp.o [1]
dhcp_timeout             0x800'7605    0x74  Code  Lc  dhcp.o [1]
do_memp_free_pool        0x800'4229     0xc  Code  Lc  memp.o [1]
do_memp_malloc_pool      0x800'41f7    0x16  Code  Lc  memp.o [1]
driverFlagCheck         0x2000'007c     0x8  Data  Gb  udp_echoclient.o [1]
dropDis                 0x2000'7e1a     0x2  Data  Gb  udp_echoclient.o [1]
emestopall              0x2000'7e35     0x1  Data  Gb  udp_echoclient.o [1]
enStateCheck            0x2000'004c     0x8  Data  Gb  udp_echoclient.o [1]
enable                  0x2000'000c     0x8  Data  Gb  udp_echoclient.o [1]
enstateall              0x2000'7e36     0x1  Data  Gb  udp_echoclient.o [1]
errorCheck              0x2000'006c     0x8  Data  Gb  udp_echoclient.o [1]
etharp_cached_entry     0x2000'7e2a     0x1  Data  Lc  etharp.o [1]
etharp_cleanup_netif     0x800'9a41    0x44  Code  Gb  etharp.o [1]
etharp_find_entry        0x800'97b5   0x1b0  Code  Lc  etharp.o [1]
etharp_free_entry        0x800'96a5    0x32  Code  Lc  etharp.o [1]
etharp_input             0x800'9a85   0x106  Code  Gb  etharp.o [1]
etharp_output            0x800'9c3f   0x10a  Code  Gb  etharp.o [1]
etharp_output_to_arp_index
                         0x800'9b8b    0xb4  Code  Lc  etharp.o [1]
etharp_query             0x800'9d49   0x172  Code  Gb  etharp.o [1]
etharp_raw               0x800'9ebb    0xb4  Code  Lc  etharp.o [1]
etharp_request           0x800'9f8f     0xa  Code  Gb  etharp.o [1]
etharp_request_dst       0x800'9f6f    0x20  Code  Lc  etharp.o [1]
etharp_tmr               0x800'96d7    0xde  Code  Gb  etharp.o [1]
etharp_update_arp_entry
                         0x800'9965    0xdc  Code  Lc  etharp.o [1]
ethbroadcast             0x800'e1e4     0x8  Data  Gb  ethernet.o [1]
ethernet_input           0x800'd339    0xc6  Code  Gb  ethernet.o [1]
ethernet_output          0x800'd405    0x52  Code  Gb  ethernet.o [1]
ethernetif_init          0x800'4833    0x1e  Code  Gb  ethernetif.o [1]
ethernetif_input         0x800'480b    0x28  Code  Gb  ethernetif.o [1]
ethernetif_notify_conn_changed
                         0x800'1eed    0x34  Code  Gb  app_ethernet.o [1]
ethernetif_update_config
                         0x800'4859    0xb8  Code  Gb  ethernetif.o [1]
ethzero                  0x800'e1ec     0x8  Data  Gb  ethernet.o [1]
exit                     0x800'dfe3     0x4  Code  Gb  exit.o [2]
flags                   0x2000'7e31     0x1  Data  Lc  tcp_in.o [1]
fputc                    0x800'1e57    0x14  Code  Gb  bsp_debug_usart.o [1]
givenSpeedCheck         0x2000'0054     0x8  Data  Gb  udp_echoclient.o [1]
gnetif                  0x2000'7b40    0x38  Data  Gb  main.o [1]
hCAN                    0x2000'7a08    0x44  Data  Gb  bsp_CAN.o [1]
htimx                   0x2000'7a8c    0x3c  Data  Gb  bsp_GeneralTIM.o [1]
husart_debug            0x2000'7a4c    0x40  Data  Gb  bsp_debug_usart.o [1]
icmp_dest_unreach        0x800'b355     0xe  Code  Gb  icmp.o [1]
icmp_input               0x800'b1a9   0x1a8  Code  Gb  icmp.o [1]
icmp_send_response       0x800'b371    0x74  Code  Lc  icmp.o [1]
icmp_time_exceeded       0x800'b363     0xe  Code  Gb  icmp.o [1]
index                   0x2000'7d5c     0x4  Data  Gb  main.o [1]
inet_chksum_pbuf         0x800'd631    0x62  Code  Gb  inet_chksum.o [1]
inseg                   0x2000'7d28    0x10  Data  Lc  tcp_in.o [1]
ip4_addr_isbroadcast_u32
                         0x800'850d    0x4c  Code  Gb  ip4_addr.o [1]
ip4_frag                 0x800'db2d   0x1c4  Code  Gb  ip4_frag.o [1]
ip4_input                0x800'b457   0x226  Code  Gb  ip4.o [1]
ip4_output_if            0x800'b67d    0x30  Code  Gb  ip4.o [1]
ip4_output_if_src        0x800'b6ad    0xb4  Code  Gb  ip4.o [1]
ip4_reass                0x800'd951   0x1ae  Code  Gb  ip4_frag.o [1]
ip4_route                0x800'b3e5    0x72  Code  Gb  ip4.o [1]
ip4addr_ntoa             0x800'8559     0xc  Code  Gb  ip4_addr.o [1]
ip4addr_ntoa::str       0x2000'7d18    0x10  Data  Lc  ip4_addr.o [1]
ip4addr_ntoa_r           0x800'856d    0x96  Code  Gb  ip4_addr.o [1]
ip_addr_any              0x800'e224     0x4  Data  Gb  ip4_addr.o [1]
ip_addr_broadcast        0x800'e228     0x4  Data  Gb  ip4_addr.o [1]
ip_data                 0x2000'7d00    0x18  Data  Gb  ip.o [1]
ip_frag_alloc_pbuf_custom_ref
                         0x800'daff     0xa  Code  Lc  ip4_frag.o [1]
ip_frag_free_pbuf_custom_ref
                         0x800'db09     0xc  Code  Lc  ip4_frag.o [1]
ip_id                   0x2000'7e08     0x2  Data  Lc  ip4.o [1]
ip_reass_chain_frag_into_datagram_and_validate
                         0x800'd837   0x11a  Code  Lc  ip4_frag.o [1]
ip_reass_dequeue_datagram
                         0x800'd817    0x20  Code  Lc  ip4_frag.o [1]
ip_reass_enqueue_new_datagram
                         0x800'd7bd    0x5a  Code  Lc  ip4_frag.o [1]
ip_reass_free_complete_datagram
                         0x800'd6c3    0x78  Code  Lc  ip4_frag.o [1]
ip_reass_pbufcount      0x2000'7e0a     0x2  Data  Lc  ip4_frag.o [1]
ip_reass_remove_oldest_datagram
                         0x800'd73b    0x82  Code  Lc  ip4_frag.o [1]
ip_reass_tmr             0x800'd695    0x2e  Code  Gb  ip4_frag.o [1]
ipfrag_free_pbuf_custom
                         0x800'db15    0x18  Code  Lc  ip4_frag.o [1]
l1angset                0x2000'7dec     0x4  Data  Gb  udp_echoclient.o [1]
l1speedset              0x2000'0084     0x8  Data  Gb  udp_echoclient.o [1]
l2angset                0x2000'7df4     0x4  Data  Gb  udp_echoclient.o [1]
ldexp                    0x800'ac71          Code  Gb  ldexp.o [3]
ldexpl                   0x800'ac71          Code  Gb  ldexp.o [3]
lfree                   0x2000'7d78     0x4  Data  Lc  mem.o [1]
localeconv               0x800'a6cd     0x4  Code  Gb  xlocale_c.o [2]
low_level_init           0x800'4547   0x10a  Code  Lc  ethernetif.o [1]
low_level_input          0x800'4723    0xe8  Code  Lc  ethernetif.o [1]
low_level_output         0x800'4651    0xd2  Code  Lc  ethernetif.o [1]
lwip_cyclic_timers       0x800'df08    0x28  Data  Gb  timeouts.o [1]
lwip_htonl               0x800'b18d    0x1c  Code  Gb  def.o [1]
lwip_htons               0x800'b17d    0x10  Code  Gb  def.o [1]
lwip_init                0x800'1eb1    0x1c  Code  Gb  init.o [1]
lwip_standard_chksum     0x800'd5cb    0x66  Code  Gb  inet_chksum.o [1]
main                     0x800'0235    0x80  Code  Gb  main.o [1]
mem_free                 0x800'3f91    0x2e  Code  Gb  mem.o [1]
mem_init                 0x800'3f55    0x3c  Code  Gb  mem.o [1]
mem_malloc               0x800'40b5    0xe8  Code  Gb  mem.o [1]
mem_trim                 0x800'3fbf    0xf6  Code  Gb  mem.o [1]
memchr                   0x800'a769          Code  Gb  memchr.o [4]
memcmp                   0x800'dcfd          Code  Gb  memcmp.o [4]
memp_FRAG_PBUF           0x800'e19c     0xc  Data  Gb  memp.o [1]
memp_PBUF                0x800'e1b4     0xc  Data  Gb  memp.o [1]
memp_PBUF_POOL           0x800'e1c0     0xc  Data  Gb  memp.o [1]
memp_REASSDATA           0x800'e190     0xc  Data  Gb  memp.o [1]
memp_SYS_TIMEOUT         0x800'e1a8     0xc  Data  Gb  memp.o [1]
memp_TCP_PCB             0x800'e16c     0xc  Data  Gb  memp.o [1]
memp_TCP_PCB_LISTEN      0x800'e178     0xc  Data  Gb  memp.o [1]
memp_TCP_SEG             0x800'e184     0xc  Data  Gb  memp.o [1]
memp_UDP_PCB             0x800'e160     0xc  Data  Gb  memp.o [1]
memp_free                0x800'4235    0x1c  Code  Gb  memp.o [1]
memp_init                0x800'41d7    0x20  Code  Gb  memp.o [1]
memp_init_pool           0x800'41ad    0x2a  Code  Gb  memp.o [1]
memp_malloc              0x800'420d    0x1c  Code  Gb  memp.o [1]
memp_memory_FRAG_PBUF_base
                        0x2000'706c   0x16c  Data  Gb  memp.o [1]
memp_memory_PBUF_POOL_base
                        0x2000'5a1c  0x1084  Data  Gb  memp.o [1]
memp_memory_PBUF_base   0x2000'74d4    0xa4  Data  Gb  memp.o [1]
memp_memory_REASSDATA_base
                        0x2000'738c    0xa4  Data  Gb  memp.o [1]
memp_memory_SYS_TIMEOUT_base
                        0x2000'7430    0xa4  Data  Gb  memp.o [1]
memp_memory_TCP_PCB_LISTEN_base
                        0x2000'7610    0x90  Data  Gb  memp.o [1]
memp_memory_TCP_PCB_base
                        0x2000'6aa0   0x5cc  Data  Gb  memp.o [1]
memp_memory_TCP_SEG_base
                        0x2000'76a0    0x84  Data  Gb  memp.o [1]
memp_memory_UDP_PCB_base
                        0x2000'72c8    0xc4  Data  Gb  memp.o [1]
memp_pools               0x800'df58    0x24  Data  Gb  memp.o [1]
memp_tab_FRAG_PBUF      0x2000'7d90     0x4  Data  Lc  memp.o [1]
memp_tab_PBUF           0x2000'7d98     0x4  Data  Lc  memp.o [1]
memp_tab_PBUF_POOL      0x2000'7d9c     0x4  Data  Lc  memp.o [1]
memp_tab_REASSDATA      0x2000'7d8c     0x4  Data  Lc  memp.o [1]
memp_tab_SYS_TIMEOUT    0x2000'7d94     0x4  Data  Lc  memp.o [1]
memp_tab_TCP_PCB        0x2000'7d80     0x4  Data  Lc  memp.o [1]
memp_tab_TCP_PCB_LISTEN
                        0x2000'7d84     0x4  Data  Lc  memp.o [1]
memp_tab_TCP_SEG        0x2000'7d88     0x4  Data  Lc  memp.o [1]
memp_tab_UDP_PCB        0x2000'7d7c     0x4  Data  Lc  memp.o [1]
moveflag2               0x2000'7e4b     0x1  Data  Gb  udp_echoclient.o [1]
netif_add                0x800'425b    0x7e  Code  Gb  netif.o [1]
netif_default           0x2000'7da4     0x4  Data  Gb  netif.o [1]
netif_init               0x800'4259     0x2  Code  Gb  netif.o [1]
netif_issue_reports      0x800'43bf    0x1c  Code  Lc  netif.o [1]
netif_list              0x2000'7da0     0x4  Data  Gb  netif.o [1]
netif_num               0x2000'7e2d     0x1  Data  Lc  netif.o [1]
netif_set_addr           0x800'42d9    0x48  Code  Gb  netif.o [1]
netif_set_default        0x800'4381     0x6  Code  Gb  netif.o [1]
netif_set_down           0x800'43db    0x24  Code  Gb  netif.o [1]
netif_set_gw             0x800'4365     0xe  Code  Gb  netif.o [1]
netif_set_ipaddr         0x800'4321    0x44  Code  Gb  netif.o [1]
netif_set_link_callback
                         0x800'43ff     0x8  Code  Gb  netif.o [1]
netif_set_netmask        0x800'4373     0xe  Code  Gb  netif.o [1]
netif_set_up             0x800'4399    0x26  Code  Gb  netif.o [1]
next_timeout            0x2000'7dd8     0x4  Data  Lc  timeouts.o [1]
obuf                    0x2000'7970    0x50  Data  Lc  xfiles.o [2]
origindone1             0x2000'7e4d     0x1  Data  Gb  udp_echoclient.o [1]
origindone2             0x2000'7e4e     0x1  Data  Gb  udp_echoclient.o [1]
origindone3             0x2000'7e4f     0x1  Data  Gb  udp_echoclient.o [1]
origindone4             0x2000'7e50     0x1  Data  Gb  udp_echoclient.o [1]
originrec               0x2000'7e4a     0x1  Data  Gb  udp_echoclient.o [1]
originstate             0x2000'0266     0x1  Data  Gb  udp_echoclient.o [1]
pbuf_alloc               0x800'a04f   0x16a  Code  Gb  pbuf.o [1]
pbuf_alloced_custom      0x800'a1b9    0x7a  Code  Gb  pbuf.o [1]
pbuf_cat                 0x800'a40b    0x28  Code  Gb  pbuf.o [1]
pbuf_chain               0x800'a433    0x12  Code  Gb  pbuf.o [1]
pbuf_clen                0x800'a3ed    0x12  Code  Gb  pbuf.o [1]
pbuf_copy                0x800'a445    0xd0  Code  Gb  pbuf.o [1]
pbuf_copy_partial        0x800'a515    0x98  Code  Gb  pbuf.o [1]
pbuf_free                0x800'a37d    0x70  Code  Gb  pbuf.o [1]
pbuf_header              0x800'a365     0xc  Code  Gb  pbuf.o [1]
pbuf_header_force        0x800'a371     0xc  Code  Gb  pbuf.o [1]
pbuf_header_impl         0x800'a2a1    0xc4  Code  Lc  pbuf.o [1]
pbuf_realloc             0x800'a233    0x6e  Code  Gb  pbuf.o [1]
pbuf_ref                 0x800'a3ff     0xc  Code  Gb  pbuf.o [1]
pbuf_take                0x800'a5ad    0x88  Code  Gb  pbuf.o [1]
plug_holes               0x800'3ef1    0x64  Code  Lc  mem.o [1]
posModeAbs              0x2000'003c     0x8  Data  Gb  udp_echoclient.o [1]
posSet                  0x2000'0034     0x8  Data  Gb  udp_echoclient.o [1]
posStart                0x2000'0044     0x8  Data  Gb  udp_echoclient.o [1]
posdone                 0x2000'7e39     0x1  Data  Gb  udp_echoclient.o [1]
positionCheck           0x2000'0074     0x8  Data  Gb  udp_echoclient.o [1]
printf                   0x800'1e89    0x28  Code  Gb  printf.o [2]
putchar                  0x800'e079     0xc  Code  Gb  putchar.o [2]
r1angset                0x2000'7df0     0x4  Data  Gb  udp_echoclient.o [1]
r1speedset              0x2000'008c     0x8  Data  Gb  udp_echoclient.o [1]
r2angset                0x2000'7df8     0x4  Data  Gb  udp_echoclient.o [1]
ram                     0x2000'7d70     0x4  Data  Lc  mem.o [1]
ram_end                 0x2000'7d74     0x4  Data  Lc  mem.o [1]
ram_heap                0x2000'0268  0x2814  Data  Gb  mem.o [1]
rand                     0x800'd1c1    0x94  Code  Gb  rand.o [2]
readymotor1             0x2000'7e42     0x1  Data  Gb  udp_echoclient.o [1]
readymotor2             0x2000'7e43     0x1  Data  Gb  udp_echoclient.o [1]
readymotor3             0x2000'7e44     0x1  Data  Gb  udp_echoclient.o [1]
readymotor4             0x2000'7e45     0x1  Data  Gb  udp_echoclient.o [1]
reassdatagrams          0x2000'7d58     0x4  Data  Lc  ip4_frag.o [1]
recv_acked              0x2000'7e14     0x2  Data  Lc  tcp_in.o [1]
recv_data               0x2000'7dd0     0x4  Data  Lc  tcp_in.o [1]
recv_flags              0x2000'7e32     0x1  Data  Lc  tcp_in.o [1]
resetEncoder            0x2000'001c     0x8  Data  Gb  udp_echoclient.o [1]
scalbln                  0x800'ac71          Code  Gb  ldexp.o [3]
scalblnl                 0x800'ac71          Code  Gb  ldexp.o [3]
scalbn                   0x800'ac71          Code  Gb  ldexp.o [3]
scalbnl                  0x800'ac71          Code  Gb  ldexp.o [3]
scale                    0x800'5c0b    0x46  Code  Lc  xprintffull.o [2]
sec_hand                0x2000'7e04     0x4  Data  Lc  xfail_s.o [2]
seekoncedone1           0x2000'7e46     0x1  Data  Gb  udp_echoclient.o [1]
seekoncedone2           0x2000'7e47     0x1  Data  Gb  udp_echoclient.o [1]
seekoncedone3           0x2000'7e48     0x1  Data  Gb  udp_echoclient.o [1]
seekoncedone4           0x2000'7e49     0x1  Data  Gb  udp_echoclient.o [1]
selfspeedcontrol        0x2000'7e37     0x1  Data  Gb  udp_echoclient.o [1]
send_state_check         0x800'11c9   0x2b4  Code  Gb  main.o [1]
seqno                   0x2000'7dc8     0x4  Data  Lc  tcp_in.o [1]
setSpeed                0x2000'002c     0x8  Data  Gb  udp_echoclient.o [1]
sprintf                  0x800'8605    0x40  Code  Gb  sprintf.o [2]
state_check_flag        0x2000'7d6c     0x4  Data  Gb  main.o [1]
stop                    0x2000'0014     0x8  Data  Gb  udp_echoclient.o [1]
strchr                   0x800'a6d9          Code  Gb  strchr.o [4]
strlen                   0x800'a731          Code  Gb  strlen.o [4]
sys_check_timeouts       0x800'3e4f    0x58  Code  Gb  timeouts.o [1]
sys_now                  0x800'4851     0x8  Code  Gb  ethernetif.o [1]
sys_timeout              0x800'3da1    0xae  Code  Gb  timeouts.o [1]
sys_timeouts_init        0x800'3d7b    0x26  Code  Gb  timeouts.o [1]
tcp_abandon              0x800'6a57    0xce  Code  Gb  tcp.o [1]
tcp_abort                0x800'6b25     0xa  Code  Gb  tcp.o [1]
tcp_active_pcbs         0x2000'7db8     0x4  Data  Gb  tcp.o [1]
tcp_active_pcbs_changed
                        0x2000'7e2e     0x1  Data  Gb  tcp.o [1]
tcp_alloc                0x800'70f9    0xbe  Code  Gb  tcp.o [1]
tcp_backoff              0x800'e124    0x10  Data  Lc  tcp.o [1]
tcp_bound_pcbs          0x2000'7db0     0x4  Data  Gb  tcp.o [1]
tcp_close                0x800'6a3d    0x1a  Code  Gb  tcp.o [1]
tcp_close_shutdown       0x800'6897   0x1a6  Code  Lc  tcp.o [1]
tcp_create_segment       0x800'b833    0xcc  Code  Lc  tcp_out.o [1]
tcp_eff_send_mss_impl    0x800'727f    0x38  Code  Gb  tcp.o [1]
tcp_enqueue_flags        0x800'b8ff    0xec  Code  Gb  tcp_out.o [1]
tcp_fasttmr              0x800'6edb    0x64  Code  Gb  tcp.o [1]
tcp_getoptbyte           0x800'd0b5    0x42  Code  Lc  tcp_in.o [1]
tcp_init                 0x800'6845     0x2  Code  Gb  tcp.o [1]
tcp_input                0x800'c025   0x45c  Code  Gb  tcp_in.o [1]
tcp_input_pcb           0x2000'7dd4     0x4  Data  Gb  tcp_in.o [1]
tcp_keepalive            0x800'beef    0x58  Code  Gb  tcp_out.o [1]
tcp_kill_prio            0x800'7021    0x4c  Code  Lc  tcp.o [1]
tcp_kill_state           0x800'7071    0x40  Code  Lc  tcp.o [1]
tcp_kill_timewait        0x800'70b9    0x30  Code  Lc  tcp.o [1]
tcp_listen_closed        0x800'6877    0x20  Code  Lc  tcp.o [1]
tcp_listen_input         0x800'c481   0x11a  Code  Lc  tcp_in.o [1]
tcp_listen_pcbs         0x2000'7db4     0x4  Data  Gb  tcp.o [1]
tcp_netif_ip_addr_changed
                         0x800'72d9    0x4a  Code  Gb  tcp.o [1]
tcp_netif_ip_addr_changed_pcblist
                         0x800'72b7    0x22  Code  Lc  tcp.o [1]
tcp_next_iss             0x800'726f    0x10  Code  Gb  tcp.o [1]
tcp_next_iss::iss       0x2000'0008     0x4  Data  Lc  tcp.o [1]
tcp_optidx              0x2000'7e12     0x2  Data  Lc  tcp_in.o [1]
tcp_output               0x800'ba6b   0x226  Code  Gb  tcp_out.o [1]
tcp_output_alloc_header
                         0x800'b775    0x74  Code  Lc  tcp_out.o [1]
tcp_output_segment       0x800'bc91    0xb8  Code  Lc  tcp_out.o [1]
tcp_parseopt             0x800'd0f7    0x8a  Code  Lc  tcp_in.o [1]
tcp_pcb_lists            0x800'e134    0x10  Data  Gb  tcp.o [1]
tcp_pcb_purge            0x800'71bd    0x4e  Code  Gb  tcp.o [1]
tcp_pcb_remove           0x800'720b    0x64  Code  Gb  tcp.o [1]
tcp_persist_backoff      0x800'e204     0x8  Data  Lc  tcp.o [1]
tcp_process              0x800'c621   0x502  Code  Lc  tcp_in.o [1]
tcp_process_refused_data
                         0x800'6f3f    0x8c  Code  Gb  tcp.o [1]
tcp_receive              0x800'cb61   0x54e  Code  Lc  tcp_in.o [1]
tcp_recv_null            0x800'6ffb    0x26  Code  Gb  tcp.o [1]
tcp_recved               0x800'6b79    0x58  Code  Gb  tcp.o [1]
tcp_remove_listener      0x800'6863    0x14  Code  Lc  tcp.o [1]
tcp_rexmit               0x800'be21    0x5a  Code  Gb  tcp_out.o [1]
tcp_rexmit_fast          0x800'be7b    0x74  Code  Gb  tcp_out.o [1]
tcp_rexmit_rto           0x800'bded    0x34  Code  Gb  tcp_out.o [1]
tcp_rst                  0x800'bd55    0x98  Code  Gb  tcp_out.o [1]
tcp_seg_free             0x800'6fdd    0x1e  Code  Gb  tcp.o [1]
tcp_segs_free            0x800'6fcb    0x12  Code  Gb  tcp.o [1]
tcp_send_empty_ack       0x800'b9eb    0x80  Code  Gb  tcp_out.o [1]
tcp_send_fin             0x800'b7e9    0x4a  Code  Gb  tcp_out.o [1]
tcp_slowtmr              0x800'6bd1   0x30a  Code  Gb  tcp.o [1]
tcp_ticks               0x2000'7dac     0x4  Data  Gb  tcp.o [1]
tcp_timer               0x2000'7e2f     0x1  Data  Lc  tcp.o [1]
tcp_timer_ctr           0x2000'7e30     0x1  Data  Lc  tcp.o [1]
tcp_timer_needed         0x800'3d3b    0x2a  Code  Gb  timeouts.o [1]
tcp_timewait_input       0x800'c59b    0x86  Code  Lc  tcp_in.o [1]
tcp_tmr                  0x800'6847    0x1c  Code  Gb  tcp.o [1]
tcp_trigger_input_pcb_close
                         0x800'd181     0xc  Code  Gb  tcp_in.o [1]
tcp_tw_pcbs             0x2000'7dbc     0x4  Data  Gb  tcp.o [1]
tcp_update_rcv_ann_wnd   0x800'6b2f    0x4a  Code  Gb  tcp.o [1]
tcp_zero_window_probe    0x800'bf47    0xdc  Code  Gb  tcp_out.o [1]
tcphdr                  0x2000'7dc0     0x4  Data  Lc  tcp_in.o [1]
tcphdr_opt1len          0x2000'7e10     0x2  Data  Lc  tcp_in.o [1]
tcphdr_opt2             0x2000'7dc4     0x4  Data  Lc  tcp_in.o [1]
tcphdr_optlen           0x2000'7e0e     0x2  Data  Lc  tcp_in.o [1]
tcpip_tcp_timer          0x800'3d11    0x2a  Code  Lc  timeouts.o [1]
tcpip_tcp_timer_active  0x2000'7de0     0x4  Data  Lc  timeouts.o [1]
tcplen                  0x2000'7e16     0x2  Data  Lc  tcp_in.o [1]
third                   0x2000'7e1c     0x2  Data  Gb  udp_echoclient.o [1]
timeouts_last_time      0x2000'7ddc     0x4  Data  Lc  timeouts.o [1]
timfault                0x2000'7e52     0x1  Data  Gb  udp_echoclient.o [1]
timloss                 0x2000'7e51     0x1  Data  Gb  udp_echoclient.o [1]
tmp_Rx_Buf              0x2000'7e28     0x1  Data  Gb  bsp_debug_usart.o [1]
turn90                  0x2000'7e38     0x1  Data  Gb  udp_echoclient.o [1]
udp_bind                 0x800'66b1    0x8e  Code  Gb  udp.o [1]
udp_connect              0x800'673f    0x66  Code  Gb  udp.o [1]
udp_echoclient_connect   0x800'865f    0x52  Code  Gb  udp_echoclient.o [1]
udp_init                 0x800'637d     0x2  Code  Gb  udp.o [1]
udp_input                0x800'6419   0x146  Code  Gb  udp.o [1]
udp_input_local_match    0x800'63cb    0x4e  Code  Lc  udp.o [1]
udp_netif_ip_addr_changed
                         0x800'6803    0x32  Code  Gb  udp.o [1]
udp_new                  0x800'67e1    0x22  Code  Gb  udp.o [1]
udp_new_port             0x800'637f    0x4c  Code  Lc  udp.o [1]
udp_pcbs                0x2000'7de4     0x4  Data  Gb  udp.o [1]
udp_port                0x2000'0264     0x2  Data  Lc  udp.o [1]
udp_receive_callback     0x800'8719   0xe40  Code  Gb  udp_echoclient.o [1]
udp_recv                 0x800'67a5     0x6  Code  Gb  udp.o [1]
udp_remove               0x800'67ab    0x36  Code  Gb  udp.o [1]
udp_send_t2              0x800'86b1    0x40  Code  Gb  udp_echoclient.o [1]
udp_sendto               0x800'655f    0x3a  Code  Gb  udp.o [1]
udp_sendto_if            0x800'6599    0x46  Code  Gb  udp.o [1]
udp_sendto_if_src        0x800'65df    0xd2  Code  Gb  udp.o [1]
ultraDis                0x2000'7e18     0x2  Data  Gb  udp_echoclient.o [1]
ultraDown               0x2000'7e34     0x1  Data  Gb  udp_echoclient.o [1]
ultraUp                 0x2000'7e33     0x1  Data  Gb  udp_echoclient.o [1]
upcb                    0x2000'7de8     0x4  Data  Gb  udp_echoclient.o [1]
uwTick                  0x2000'7da8     0x4  Data  Gb  stm32f4xx_hal.o [1]
vhall                   0x2000'7e22     0x2  Data  Gb  udp_echoclient.o [1]
whall                   0x2000'7e24     0x2  Data  Gb  udp_echoclient.o [1]


[1] = G:\test\µ×°å¿ØÖÆ20190317\EWARM\YS-F4Pro\Obj
[2] = dl7M_tlf.a
[3] = m7M_tls.a
[4] = rt7M_tl.a
[5] = shb_l.a

  57 416 bytes of readonly  code memory
   1 192 bytes of readonly  data memory
  33 362 bytes of readwrite data memory

Errors: none
Warnings: none
